Archive member included to satisfy reference by file (symbol)

c:/cseapp/codelite/tools/gcc-arm/bin/../lib/gcc/arm-none-eabi/7.2.1/../../../../arm-none-eabi/lib/thumb/v7e-m/fpv4-sp/hard\libc_nano.a(lib_a-atoi.o)
                              ./Debug/application.c.o (atoi)
c:/cseapp/codelite/tools/gcc-arm/bin/../lib/gcc/arm-none-eabi/7.2.1/../../../../arm-none-eabi/lib/thumb/v7e-m/fpv4-sp/hard\libc_nano.a(lib_a-itoa.o)
                              ./Debug/application.c.o (itoa)
c:/cseapp/codelite/tools/gcc-arm/bin/../lib/gcc/arm-none-eabi/7.2.1/../../../../arm-none-eabi/lib/thumb/v7e-m/fpv4-sp/hard\libc_nano.a(lib_a-snprintf.o)
                              ./Debug/application.c.o (snprintf)
c:/cseapp/codelite/tools/gcc-arm/bin/../lib/gcc/arm-none-eabi/7.2.1/../../../../arm-none-eabi/lib/thumb/v7e-m/fpv4-sp/hard\libc_nano.a(lib_a-strlen.o)
                              ./Debug/application.c.o (strlen)
c:/cseapp/codelite/tools/gcc-arm/bin/../lib/gcc/arm-none-eabi/7.2.1/../../../../arm-none-eabi/lib/thumb/v7e-m/fpv4-sp/hard\libc_nano.a(lib_a-strtol.o)
                              c:/cseapp/codelite/tools/gcc-arm/bin/../lib/gcc/arm-none-eabi/7.2.1/../../../../arm-none-eabi/lib/thumb/v7e-m/fpv4-sp/hard\libc_nano.a(lib_a-atoi.o) (_strtol_r)
c:/cseapp/codelite/tools/gcc-arm/bin/../lib/gcc/arm-none-eabi/7.2.1/../../../../arm-none-eabi/lib/thumb/v7e-m/fpv4-sp/hard\libc_nano.a(lib_a-utoa.o)
                              c:/cseapp/codelite/tools/gcc-arm/bin/../lib/gcc/arm-none-eabi/7.2.1/../../../../arm-none-eabi/lib/thumb/v7e-m/fpv4-sp/hard\libc_nano.a(lib_a-itoa.o) (__utoa)
c:/cseapp/codelite/tools/gcc-arm/bin/../lib/gcc/arm-none-eabi/7.2.1/../../../../arm-none-eabi/lib/thumb/v7e-m/fpv4-sp/hard\libc_nano.a(lib_a-impure.o)
                              c:/cseapp/codelite/tools/gcc-arm/bin/../lib/gcc/arm-none-eabi/7.2.1/../../../../arm-none-eabi/lib/thumb/v7e-m/fpv4-sp/hard\libc_nano.a(lib_a-snprintf.o) (_impure_ptr)
c:/cseapp/codelite/tools/gcc-arm/bin/../lib/gcc/arm-none-eabi/7.2.1/../../../../arm-none-eabi/lib/thumb/v7e-m/fpv4-sp/hard\libc_nano.a(lib_a-locale.o)
                              c:/cseapp/codelite/tools/gcc-arm/bin/../lib/gcc/arm-none-eabi/7.2.1/../../../../arm-none-eabi/lib/thumb/v7e-m/fpv4-sp/hard\libc_nano.a(lib_a-strtol.o) (__locale_ctype_ptr_l)
c:/cseapp/codelite/tools/gcc-arm/bin/../lib/gcc/arm-none-eabi/7.2.1/../../../../arm-none-eabi/lib/thumb/v7e-m/fpv4-sp/hard\libc_nano.a(lib_a-mbtowc_r.o)
                              c:/cseapp/codelite/tools/gcc-arm/bin/../lib/gcc/arm-none-eabi/7.2.1/../../../../arm-none-eabi/lib/thumb/v7e-m/fpv4-sp/hard\libc_nano.a(lib_a-locale.o) (__ascii_mbtowc)
c:/cseapp/codelite/tools/gcc-arm/bin/../lib/gcc/arm-none-eabi/7.2.1/../../../../arm-none-eabi/lib/thumb/v7e-m/fpv4-sp/hard\libc_nano.a(lib_a-nano-svfprintf.o)
                              c:/cseapp/codelite/tools/gcc-arm/bin/../lib/gcc/arm-none-eabi/7.2.1/../../../../arm-none-eabi/lib/thumb/v7e-m/fpv4-sp/hard\libc_nano.a(lib_a-snprintf.o) (_svfprintf_r)
c:/cseapp/codelite/tools/gcc-arm/bin/../lib/gcc/arm-none-eabi/7.2.1/../../../../arm-none-eabi/lib/thumb/v7e-m/fpv4-sp/hard\libc_nano.a(lib_a-nano-vfprintf_i.o)
                              c:/cseapp/codelite/tools/gcc-arm/bin/../lib/gcc/arm-none-eabi/7.2.1/../../../../arm-none-eabi/lib/thumb/v7e-m/fpv4-sp/hard\libc_nano.a(lib_a-nano-svfprintf.o) (_printf_i)
c:/cseapp/codelite/tools/gcc-arm/bin/../lib/gcc/arm-none-eabi/7.2.1/../../../../arm-none-eabi/lib/thumb/v7e-m/fpv4-sp/hard\libc_nano.a(lib_a-strcmp.o)
                              c:/cseapp/codelite/tools/gcc-arm/bin/../lib/gcc/arm-none-eabi/7.2.1/../../../../arm-none-eabi/lib/thumb/v7e-m/fpv4-sp/hard\libc_nano.a(lib_a-locale.o) (strcmp)
c:/cseapp/codelite/tools/gcc-arm/bin/../lib/gcc/arm-none-eabi/7.2.1/../../../../arm-none-eabi/lib/thumb/v7e-m/fpv4-sp/hard\libc_nano.a(lib_a-wctomb_r.o)
                              c:/cseapp/codelite/tools/gcc-arm/bin/../lib/gcc/arm-none-eabi/7.2.1/../../../../arm-none-eabi/lib/thumb/v7e-m/fpv4-sp/hard\libc_nano.a(lib_a-locale.o) (__ascii_wctomb)
c:/cseapp/codelite/tools/gcc-arm/bin/../lib/gcc/arm-none-eabi/7.2.1/../../../../arm-none-eabi/lib/thumb/v7e-m/fpv4-sp/hard\libc_nano.a(lib_a-ctype_.o)
                              c:/cseapp/codelite/tools/gcc-arm/bin/../lib/gcc/arm-none-eabi/7.2.1/../../../../arm-none-eabi/lib/thumb/v7e-m/fpv4-sp/hard\libc_nano.a(lib_a-locale.o) (_ctype_)
c:/cseapp/codelite/tools/gcc-arm/bin/../lib/gcc/arm-none-eabi/7.2.1/../../../../arm-none-eabi/lib/thumb/v7e-m/fpv4-sp/hard\libc_nano.a(lib_a-memchr.o)
                              c:/cseapp/codelite/tools/gcc-arm/bin/../lib/gcc/arm-none-eabi/7.2.1/../../../../arm-none-eabi/lib/thumb/v7e-m/fpv4-sp/hard\libc_nano.a(lib_a-nano-svfprintf.o) (memchr)
c:/cseapp/codelite/tools/gcc-arm/bin/../lib/gcc/arm-none-eabi/7.2.1/../../../../arm-none-eabi/lib/thumb/v7e-m/fpv4-sp/hard\libc_nano.a(lib_a-memcpy-stub.o)
[...]
Memory Configuration

Name             Origin             Length             Attributes
RAM              0x20000000         0x0001c000         xrw
*default*        0x00000000         0xffffffff

Linker script and memory map

LOAD ./Debug/driver_src_stm32f4xx_exti.c.o
LOAD ./Debug/driver_src_stm32f4xx_can.c.o
LOAD ./Debug/driver_src_stm32f4xx_usart.c.o
LOAD ./Debug/driver_src_stm32f4xx_tim.c.o
LOAD ./Debug/driver_src_stm32f4xx_dac.c.o
LOAD ./Debug/driver_src_stm32f4xx_syscfg.c.o
LOAD ./Debug/driver_src_stm32f4xx_gpio.c.o
LOAD ./Debug/player.c.o
LOAD ./Debug/sciTinyTimber.c.o
LOAD ./Debug/application.c.o
LOAD ./Debug/sioTinyTimber.c.o
LOAD ./Debug/driver_src_stm32f4xx_rcc.c.o
LOAD ./Debug/TinyTimber.c.o
LOAD ./Debug/startup.c.o
LOAD ./Debug/dispatch.s.o
LOAD ./Debug/canTinyTimber.c.o
LOAD c:/cseapp/codelite/tools/gcc-arm/bin/../lib/gcc/arm-none-eabi/7.2.1/../../../../arm-none-eabi/lib/thumb/v7e-m/fpv4-sp/hard\libstdc++_nano.a
LOAD c:/cseapp/codelite/tools/gcc-arm/bin/../lib/gcc/arm-none-eabi/7.2.1/../../../../arm-none-eabi/lib/thumb/v7e-m/fpv4-sp/hard\libm.a
START GROUP
LOAD c:/cseapp/codelite/tools/gcc-arm/bin/../lib/gcc/arm-none-eabi/7.2.1/thumb/v7e-m/fpv4-sp/hard\libgcc.a
LOAD c:/cseapp/codelite/tools/gcc-arm/bin/../lib/gcc/arm-none-eabi/7.2.1/../../../../arm-none-eabi/lib/thumb/v7e-m/fpv4-sp/hard\libc_nano.a
END GROUP
START GROUP
LOAD c:/cseapp/codelite/tools/gcc-arm/bin/../lib/gcc/arm-none-eabi/7.2.1/thumb/v7e-m/fpv4-sp/hard\libgcc.a
LOAD c:/cseapp/codelite/tools/gcc-arm/bin/../lib/gcc/arm-none-eabi/7.2.1/../../../../arm-none-eabi/lib/thumb/v7e-m/fpv4-sp/hard\libc_nano.a
END GROUP

.text           0x20000000     0x8594
                0x20000000                . = ALIGN (0x4)
 *(.start_section)
 .start_section
                0x20000000       0x1c ./Debug/startup.c.o
                0x20000000                startup
 *(.text)
 .text          0x2000001c      0x210 ./Debug/driver_src_stm32f4xx_exti.c.o
                0x2000001c                EXTI_DeInit
                0x20000050                EXTI_Init
                0x20000134                EXTI_StructInit
                0x20000160                EXTI_GenerateSWInterrupt
                0x20000184                EXTI_GetFlagStatus
                0x200001b8                EXTI_ClearFlag
                0x200001d8                EXTI_GetITStatus
                0x2000020c                EXTI_ClearITPendingBit
 .text          0x2000022c      0xfd8 ./Debug/driver_src_stm32f4xx_can.c.o
                0x2000022c                CAN_DeInit
                0x20000274                CAN_Init
                0x20000416                CAN_FilterInit
                0x2000059c                CAN_StructInit
                0x200005f2                CAN_SlaveStartBank
                0x20000654                CAN_DBGFreeze
                0x2000068c                CAN_TTComModeCmd
                0x20000724                CAN_Transmit
                0x200008c6                CAN_TransmitStatus
                0x2000099c                CAN_CancelTransmit
                0x200009ee                CAN_Receive
                0x20000b6a                CAN_FIFORelease
                0x20000ba2                CAN_MessagePending
                0x20000bec                CAN_OperatingModeRequest
                0x20000ce8                CAN_Sleep
                0x20000d22                CAN_WakeUp
                0x20000d78                CAN_GetLastErrorCode
                0x20000d9e                CAN_GetReceiveErrorCounter
                0x20000dc0                CAN_GetLSBTransmitErrorCounter
                0x20000de2                CAN_ITConfig
                0x20000e1e                CAN_GetFlagStatus
                0x20000eec                CAN_ClearFlag
                0x20000f60                CAN_GetITStatus
                0x200010f4                CAN_ClearITPendingBit
 .text          0x20001204      0x970 ./Debug/driver_src_stm32f4xx_usart.c.o
                0x20001204                USART_DeInit
                0x2000131c                USART_Init
                0x20001490                USART_StructInit
                0x200014ca                USART_ClockInit
                0x20001520                USART_ClockStructInit
                0x2000154c                USART_Cmd
                0x2000158c                USART_SetPrescaler
                0x200015c6                USART_OverSampling8Cmd
                0x2000160a                USART_OneBitMethodCmd
                0x2000164a                USART_SendData
                0x2000166e                USART_ReceiveData
                0x2000168e                USART_SetAddress
                0x200016c8                USART_ReceiverWakeUpCmd
                0x20001708                USART_WakeUpConfig
                0x20001740                USART_LINBreakDetectLengthConfig
                0x20001778                USART_LINCmd
                0x200017b8                USART_SendBreak
                0x200017dc                USART_HalfDuplexCmd
                0x2000181c                USART_SetGuardTime
                0x20001858                USART_SmartCardCmd
                0x20001898                USART_SmartCardNACKCmd
                0x200018d8                USART_IrDAConfig
                0x20001910                USART_IrDACmd
                0x20001950                USART_DMACmd
                0x20001998                USART_ITConfig
                0x20001a28                USART_GetFlagStatus
                0x20001a60                USART_ClearFlag
                0x20001a82                USART_GetITStatus
                0x20001b38                USART_ClearITPendingBit
 .text          0x20001b74     0x1c18 ./Debug/driver_src_stm32f4xx_tim.c.o
                0x20001b74                TIM_DeInit
                0x20001d34                TIM_TimeBaseInit
                0x20001e0c                TIM_TimeBaseStructInit
                0x20001e40                TIM_PrescalerConfig
                0x20001e68                TIM_CounterModeConfig
                0x20001ea0                TIM_SetCounter
                0x20001ebc                TIM_SetAutoreload
                0x20001ed8                TIM_GetCounter
                0x20001ef0                TIM_GetPrescaler
                0x20001f0a                TIM_UpdateDisableConfig
                0x20001f4a                TIM_UpdateRequestConfig
                0x20001f8a                TIM_ARRPreloadConfig
                0x20001fca                TIM_SelectOnePulseMode
                0x20002002                TIM_SetClockDivision
                0x2000203a                TIM_Cmd
                0x2000207a                TIM_OC1Init
                0x20002170                TIM_OC2Init
                0x20002280                TIM_OC3Init
                0x2000238c                TIM_OC4Init
                0x2000245c                TIM_OCStructInit
                0x200024a0                TIM_SelectOCxM
                0x20002554                TIM_SetCompare1
                0x20002570                TIM_SetCompare2
                0x2000258c                TIM_SetCompare3
                0x200025a8                TIM_SetCompare4
                0x200025c4                TIM_ForcedOC1Config
                0x200025fc                TIM_ForcedOC2Config
                0x20002638                TIM_ForcedOC3Config
                0x20002670                TIM_ForcedOC4Config
                0x200026ac                TIM_OC1PreloadConfig
                0x200026e4                TIM_OC2PreloadConfig
                0x20002720                TIM_OC3PreloadConfig
                0x20002758                TIM_OC4PreloadConfig
                0x20002794                TIM_OC1FastConfig
                0x200027cc                TIM_OC2FastConfig
                0x20002808                TIM_OC3FastConfig
                0x20002840                TIM_OC4FastConfig
                0x2000287c                TIM_ClearOC1Ref
                0x200028b4                TIM_ClearOC2Ref
                0x200028f0                TIM_ClearOC3Ref
                0x20002928                TIM_ClearOC4Ref
                0x20002964                TIM_OC1PolarityConfig
                0x2000299c                TIM_OC1NPolarityConfig
                0x200029d4                TIM_OC2PolarityConfig
                0x20002a10                TIM_OC2NPolarityConfig
                0x20002a4c                TIM_OC3PolarityConfig
                0x20002a88                TIM_OC3NPolarityConfig
                0x20002ac4                TIM_OC4PolarityConfig
                0x20002b00                TIM_CCxCmd
                0x20002b56                TIM_CCxNCmd
                0x20002bac                TIM_ICInit
                0x20002c54                TIM_ICStructInit
                0x20002c86                TIM_PWMIConfig
                0x20002d3e                TIM_GetCapture1
                0x20002d56                TIM_GetCapture2
                0x20002d6e                TIM_GetCapture3
                0x20002d86                TIM_GetCapture4
                0x20002d9e                TIM_SetIC1Prescaler
                0x20002dd6                TIM_SetIC2Prescaler
                0x20002e12                TIM_SetIC3Prescaler
                0x20002e4a                TIM_SetIC4Prescaler
                0x20002e86                TIM_BDTRConfig
                0x20002ed6                TIM_BDTRStructInit
                0x20002f14                TIM_CtrlPWMOutputs
                0x20002f60                TIM_SelectCOM
                0x20002fa0                TIM_CCPreloadControl
                0x20002fe0                TIM_ITConfig
                0x20003028                TIM_GenerateEvent
                0x20003046                TIM_GetFlagStatus
                0x2000307e                TIM_ClearFlag
                0x200030a0                TIM_GetITStatus
                0x200030f4                TIM_ClearITPendingBit
                0x20003116                TIM_DMAConfig
                0x20003140                TIM_DMACmd
                0x20003188                TIM_SelectCCDMA
                0x200031c8                TIM_InternalClockConfig
                0x200031ec                TIM_ITRxExternalClockConfig
                0x2000321a                TIM_TIxExternalClockConfig
                0x20003276                TIM_ETRClockMode1Config
                0x200032d4                TIM_ETRClockMode2Config
                0x20003312                TIM_SelectInputTrigger
                0x2000334a                TIM_SelectOutputTrigger
                0x20003382                TIM_SelectSlaveMode
                0x200033ba                TIM_SelectMasterSlaveMode
                0x200033f2                TIM_ETRConfig
                0x20003446                TIM_EncoderInterfaceConfig
                0x200034de                TIM_SelectHallSensor
                0x2000351e                TIM_RemapConfig
 .text          0x2000378c      0x450 ./Debug/driver_src_stm32f4xx_dac.c.o
                0x2000378c                DAC_DeInit
                0x200037a8                DAC_Init
                0x20003810                DAC_StructInit
                0x2000383c                DAC_Cmd
                0x20003888                DAC_SoftwareTriggerCmd
                0x200038d8                DAC_DualSoftwareTriggerCmd
                0x20003914                DAC_WaveGenerationCmd
                0x20003960                DAC_SetChannel1Data
                0x20003998                DAC_SetChannel2Data
                0x200039d0                DAC_SetDualChannelData
                0x20003a28                DAC_GetDataOutputValue
                0x20003a5c                DAC_DMACmd
                0x20003aac                DAC_ITConfig
                0x20003af8                DAC_GetFlagStatus
                0x20003b34                DAC_ClearFlag
                0x20003b5c                DAC_GetITStatus
                0x20003bb4                DAC_ClearITPendingBit
 .text          0x20003bdc      0x154 ./Debug/driver_src_stm32f4xx_syscfg.c.o
                0x20003bdc                SYSCFG_DeInit
                0x20003bf8                SYSCFG_MemoryRemapConfig
                0x20003c18                SYSCFG_MemorySwappingBank
                0x20003c38                SYSCFG_EXTILineConfig
                0x20003cbc                SYSCFG_ETH_MediaInterfaceConfig
                0x20003cdc                SYSCFG_CompensationCellCmd
                0x20003cfc                SYSCFG_GetCompensationCellStatus
 .text          0x20003d30      0x4d4 ./Debug/driver_src_stm32f4xx_gpio.c.o
                0x20003d30                GPIO_DeInit
                0x20003e94                GPIO_Init
                0x20003fb0                GPIO_StructInit
                0x20003fe4                GPIO_PinLockConfig
                0x20004028                GPIO_ReadInputDataBit
                0x2000405c                GPIO_ReadInputData
                0x20004076                GPIO_ReadOutputDataBit
                0x200040aa                GPIO_ReadOutputData
                0x200040c4                GPIO_SetBits
                0x200040e2                GPIO_ResetBits
                0x20004100                GPIO_WriteBit
                0x20004130                GPIO_Write
                0x2000414e                GPIO_ToggleBits
                0x20004172                GPIO_PinAFConfig
 .text          0x20004204      0x48c ./Debug/player.c.o
                0x20004204                startToneTask
                0x2000423c                runToneTask
                0x20004294                killToneTask
                0x200042b0                setPeriod
                0x200042dc                setDeadline
                0x20004308                setToneVolume
                0x20004340                startPlayer
                0x200043fc                runPlayer
                0x200044cc                setToneTask
                0x200044e8                setKey
                0x20004524                incKey
                0x20004542                decKey
                0x20004560                setTempo
                0x20004598                incTempo
                0x200045b6                decTempo
                0x200045d4                setVolume
                0x200045fc                incVolume
                0x2000461c                decVolume
                0x2000463c                mute
                0x20004658                unmute
                0x20004674                isMuted
 .text          0x20004690      0x294 ./Debug/sciTinyTimber.c.o
                0x20004718                sci_init
                0x200047be                sci_write
                0x20004812                sci_writechar
                0x20004848                sci_interrupt
 .text          0x20004924      0x568 ./Debug/application.c.o
                0x20004924                canBufferInit
                0x2000494c                runCANBufferTask
                0x200049d0                setPlayer
                0x200049ec                printCANMsg
                0x20004a50                receiver
                0x20004b50                reader
                0x20004c7c                buttonPressed
                0x20004d84                startApp
                0x20004e20                main
 .text          0x20004e8c      0x174 ./Debug/sioTinyTimber.c.o
                0x20004f14                sio_init
                0x20004f44                sio_read
                0x20004f64                sio_write
                0x20004f86                sio_toggle
                0x20004fa4                sio_interrupt
 .text          0x20005000      0xca4 ./Debug/driver_src_stm32f4xx_rcc.c.o
                0x20005000                RCC_DeInit
                0x20005070                RCC_HSEConfig
                0x20005098                RCC_WaitForHSEStartUp
                0x200050e8                RCC_AdjustHSICalibrationValue
                0x20005124                RCC_HSICmd
                0x20005144                RCC_LSEConfig
                0x20005188                RCC_LSICmd
                0x200051a8                RCC_PLLConfig
                0x200051e8                RCC_PLLCmd
                0x20005208                RCC_PLLI2SConfig
                0x20005234                RCC_PLLI2SCmd
                0x20005254                RCC_PLLSAIConfig
                0x20005288                RCC_PLLSAICmd
                0x200052a8                RCC_ClockSecuritySystemCmd
                0x200052c8                RCC_MCO1Config
                0x20005308                RCC_MCO2Config
                0x20005348                RCC_SYSCLKConfig
                0x20005380                RCC_GetSYSCLKSource
                0x200053a0                RCC_HCLKConfig
                0x200053d8                RCC_PCLK1Config
                0x20005410                RCC_PCLK2Config
                0x2000544c                RCC_GetClocksFreq
                0x2000559c                RCC_RTCCLKConfig
                0x200055f8                RCC_RTCCLKCmd
                0x20005618                RCC_BackupResetCmd
                0x20005638                RCC_I2SCLKConfig
                0x20005658                RCC_SAIPLLI2SClkDivConfig
                0x20005698                RCC_SAIPLLSAIClkDivConfig
                0x200056d8                RCC_SAIBlockACLKConfig
                0x20005714                RCC_SAIBlockBCLKConfig
                0x20005750                RCC_LTDCCLKDivConfig
                0x2000578c                RCC_TIMCLKPresConfig
                0x200057ac                RCC_AHB1PeriphClockCmd
                0x200057ec                RCC_AHB2PeriphClockCmd
                0x2000582c                RCC_AHB3PeriphClockCmd
                0x2000586c                RCC_APB1PeriphClockCmd
                0x200058ac                RCC_APB2PeriphClockCmd
                0x200058ec                RCC_AHB1PeriphResetCmd
                0x2000592c                RCC_AHB2PeriphResetCmd
                0x2000596c                RCC_AHB3PeriphResetCmd
                0x200059ac                RCC_APB1PeriphResetCmd
                0x200059ec                RCC_APB2PeriphResetCmd
                0x20005a2c                RCC_AHB1PeriphClockLPModeCmd
                0x20005a6c                RCC_AHB2PeriphClockLPModeCmd
                0x20005aac                RCC_AHB3PeriphClockLPModeCmd
                0x20005aec                RCC_APB1PeriphClockLPModeCmd
                0x20005b2c                RCC_APB2PeriphClockLPModeCmd
                0x20005b6c                RCC_ITConfig
                0x20005bb8                RCC_GetFlagStatus
                0x20005c2c                RCC_ClearFlag
                0x20005c4c                RCC_GetITStatus
                0x20005c84                RCC_ClearITPendingBit
 .text          0x20005ca4      0xf48 ./Debug/TinyTimber.c.o
                0x20005d2c                DUMP
                0x20005d64                DUMPH
                0x20005dc0                DUMPD
                0x20005e64                sei
                0x20005e80                cli
                0x20005e9c                _sbrk
                0x20005ee0                SETSTACK
                0x20005f48                SETPC
                0x20005f6c                TIMER_INIT
                0x20006004                DUMPC
                0x20006038                vect_USART1
                0x200060a0                vect_CAN1
                0x20006108                vect_EXTI9_5
                0x20006170                enqueueByDeadline
                0x200061c8                enqueueByBaseline
                0x20006220                dequeue
                0x20006270                dequeue_pool
                0x200062c0                insert
                0x200062e4                push
                0x20006308                pop
                0x2000638a                vect_TIM5
                0x2000641c                __svc_dispatch
                0x2000642c                __pendSV_dispatch
                0x2000659c                async
                0x200066d8                sync
                0x200067e4                ABORT
                0x20006898                T_RESET
                0x200068d4                T_SAMPLE
                0x20006914                CURRENT_OFFSET
                0x20006ac0                install
                0x20006b88                tinytimber
 .text          0x20006bec      0x32c ./Debug/startup.c.o
 .text          0x20006f18       0xf4 ./Debug/dispatch.s.o
                0x20006f18                vect_SVCall
                0x20006f1c                vect_PendSV
 .text          0x2000700c      0x434 ./Debug/canTinyTimber.c.o
                0x20007094                can_init
                0x2000714c                can_interrupt
                0x200072d4                can_receive
                0x2000739e                can_send
 .text          0x20007440        0x0 c:/cseapp/codelite/tools/gcc-arm/bin/../lib/gcc/arm-none-eabi/7.2.1/../../../../arm-none-eabi/lib/thumb/v7e-m/fpv4-sp/hard\libc_nano.a(lib_a-atoi.o)
 .text          0x20007440        0x0 c:/cseapp/codelite/tools/gcc-arm/bin/../lib/gcc/arm-none-eabi/7.2.1/../../../../arm-none-eabi/lib/thumb/v7e-m/fpv4-sp/hard\libc_nano.a(lib_a-itoa.o)
 .text          0x20007440        0x0 c:/cseapp/codelite/tools/gcc-arm/bin/../lib/gcc/arm-none-eabi/7.2.1/../../../../arm-none-eabi/lib/thumb/v7e-m/fpv4-sp/hard\libc_nano.a(lib_a-snprintf.o)
 .text          0x20007440       0x10 c:/cseapp/codelite/tools/gcc-arm/bin/../lib/gcc/arm-none-eabi/7.2.1/../../../../arm-none-eabi/lib/thumb/v7e-m/fpv4-sp/hard\libc_nano.a(lib_a-strlen.o)
                0x20007440                strlen
 .text          0x20007450        0x0 c:/cseapp/codelite/tools/gcc-arm/bin/../lib/gcc/arm-none-eabi/7.2.1/../../../../arm-none-eabi/lib/thumb/v7e-m/fpv4-sp/hard\libc_nano.a(lib_a-strtol.o)
 .text          0x20007450        0x0 c:/cseapp/codelite/tools/gcc-arm/bin/../lib/gcc/arm-none-eabi/7.2.1/../../../../arm-none-eabi/lib/thumb/v7e-m/fpv4-sp/hard\libc_nano.a(lib_a-utoa.o)
 .text          0x20007450        0x0 c:/cseapp/codelite/tools/gcc-arm/bin/../lib/gcc/arm-none-eabi/7.2.1/../../../../arm-none-eabi/lib/thumb/v7e-m/fpv4-sp/hard\libc_nano.a(lib_a-impure.o)
 .text          0x20007450        0x0 c:/cseapp/codelite/tools/gcc-arm/bin/../lib/gcc/arm-none-eabi/7.2.1/../../../../arm-none-eabi/lib/thumb/v7e-m/fpv4-sp/hard\libc_nano.a(lib_a-locale.o)
 .text          0x20007450        0x0 c:/cseapp/codelite/tools/gcc-arm/bin/../lib/gcc/arm-none-eabi/7.2.1/../../../../arm-none-eabi/lib/thumb/v7e-m/fpv4-sp/hard\libc_nano.a(lib_a-mbtowc_r.o)
 .text          0x20007450        0x0 c:/cseapp/codelite/tools/gcc-arm/bin/../lib/gcc/arm-none-eabi/7.2.1/../../../../arm-none-eabi/lib/thumb/v7e-m/fpv4-sp/hard\libc_nano.a(lib_a-nano-svfprintf.o)
 .text          0x20007450        0x0 c:/cseapp/codelite/tools/gcc-arm/bin/../lib/gcc/arm-none-eabi/7.2.1/../../../../arm-none-eabi/lib/thumb/v7e-m/fpv4-sp/hard\libc_nano.a(lib_a-nano-vfprintf_i.o)
 .text          0x20007450       0x14 c:/cseapp/codelite/tools/gcc-arm/bin/../lib/gcc/arm-none-eabi/7.2.1/../../../../arm-none-eabi/lib/thumb/v7e-m/fpv4-sp/hard\libc_nano.a(lib_a-strcmp.o)
                0x20007450                strcmp
 .text          0x20007464        0x0 c:/cseapp/codelite/tools/gcc-arm/bin/../lib/gcc/arm-none-eabi/7.2.1/../../../../arm-none-eabi/lib/thumb/v7e-m/fpv4-sp/hard\libc_nano.a(lib_a-wctomb_r.o)
 .text          0x20007464        0x0 c:/cseapp/codelite/tools/gcc-arm/bin/../lib/gcc/arm-none-eabi/7.2.1/../../../../arm-none-eabi/lib/thumb/v7e-m/fpv4-sp/hard\libc_nano.a(lib_a-ctype_.o)
 *fill*         0x20007464        0xc 
 .text          0x20007470       0xa0 c:/cseapp/codelite/tools/gcc-arm/bin/../lib/gcc/arm-none-eabi/7.2.1/../../../../arm-none-eabi/lib/thumb/v7e-m/fpv4-sp/hard\libc_nano.a(lib_a-memchr.o)
                0x20007470                memchr
 .text          0x20007510        0x0 c:/cseapp/codelite/tools/gcc-arm/bin/../lib/gcc/arm-none-eabi/7.2.1/../../../../arm-none-eabi/lib/thumb/v7e-m/fpv4-sp/hard\libc_nano.a(lib_a-memcpy-stub.o)
 .text          0x20007510        0x0 c:/cseapp/codelite/tools/gcc-arm/bin/../lib/gcc/arm-none-eabi/7.2.1/../../../../arm-none-eabi/lib/thumb/v7e-m/fpv4-sp/hard\libc_nano.a(lib_a-memmove.o)
 .text          0x20007510        0x0 c:/cseapp/codelite/tools/gcc-arm/bin/../lib/gcc/arm-none-eabi/7.2.1/../../../../arm-none-eabi/lib/thumb/v7e-m/fpv4-sp/hard\libc_nano.a(lib_a-nano-freer.o)
 .text          0x20007510        0x0 c:/cseapp/codelite/tools/gcc-arm/bin/../lib/gcc/arm-none-eabi/7.2.1/../../../../arm-none-eabi/lib/thumb/v7e-m/fpv4-sp/hard\libc_nano.a(lib_a-nano-mallocr.o)
 .text          0x20007510        0x0 c:/cseapp/codelite/tools/gcc-arm/bin/../lib/gcc/arm-none-eabi/7.2.1/../../../../arm-none-eabi/lib/thumb/v7e-m/fpv4-sp/hard\libc_nano.a(lib_a-nano-reallocr.o)
 .text          0x20007510        0x0 c:/cseapp/codelite/tools/gcc-arm/bin/../lib/gcc/arm-none-eabi/7.2.1/../../../../arm-none-eabi/lib/thumb/v7e-m/fpv4-sp/hard\libc_nano.a(lib_a-sbrkr.o)
 .text          0x20007510        0x0 c:/cseapp/codelite/tools/gcc-arm/bin/../lib/gcc/arm-none-eabi/7.2.1/../../../../arm-none-eabi/lib/thumb/v7e-m/fpv4-sp/hard\libc_nano.a(lib_a-mlock.o)
 .text          0x20007510        0x0 c:/cseapp/codelite/tools/gcc-arm/bin/../lib/gcc/arm-none-eabi/7.2.1/../../../../arm-none-eabi/lib/thumb/v7e-m/fpv4-sp/hard\libc_nano.a(lib_a-nano-msizer.o)
 .text          0x20007510        0x0 c:/cseapp/codelite/tools/gcc-arm/bin/../lib/gcc/arm-none-eabi/7.2.1/../../../../arm-none-eabi/lib/thumb/v7e-m/fpv4-sp/hard\libc_nano.a(lib_a-reent.o)
 *(.text.*)
 .text.atoi     0x20007510        0x8 c:/cseapp/codelite/tools/gcc-arm/bin/../lib/gcc/arm-none-eabi/7.2.1/../../../../arm-none-eabi/lib/thumb/v7e-m/fpv4-sp/hard\libc_nano.a(lib_a-atoi.o)
                0x20007510                atoi
 .text._atoi_r  0x20007518        0x8 c:/cseapp/codelite/tools/gcc-arm/bin/../lib/gcc/arm-none-eabi/7.2.1/../../../../arm-none-eabi/lib/thumb/v7e-m/fpv4-sp/hard\libc_nano.a(lib_a-atoi.o)
                0x20007518                _atoi_r
 .text.__itoa   0x20007520       0x30 c:/cseapp/codelite/tools/gcc-arm/bin/../lib/gcc/arm-none-eabi/7.2.1/../../../../arm-none-eabi/lib/thumb/v7e-m/fpv4-sp/hard\libc_nano.a(lib_a-itoa.o)
                0x20007520                __itoa
 .text.itoa     0x20007550        0x4 c:/cseapp/codelite/tools/gcc-arm/bin/../lib/gcc/arm-none-eabi/7.2.1/../../../../arm-none-eabi/lib/thumb/v7e-m/fpv4-sp/hard\libc_nano.a(lib_a-itoa.o)
                0x20007550                itoa
 .text._snprintf_r
                0x20007554       0x5e c:/cseapp/codelite/tools/gcc-arm/bin/../lib/gcc/arm-none-eabi/7.2.1/../../../../arm-none-eabi/lib/thumb/v7e-m/fpv4-sp/hard\libc_nano.a(lib_a-snprintf.o)
                0x20007554                _snprintf_r
                0x20007554                _sniprintf_r
 *fill*         0x200075b2        0x2 
 .text.snprintf
                0x200075b4       0x68 c:/cseapp/codelite/tools/gcc-arm/bin/../lib/gcc/arm-none-eabi/7.2.1/../../../../arm-none-eabi/lib/thumb/v7e-m/fpv4-sp/hard\libc_nano.a(lib_a-snprintf.o)
                0x200075b4                sniprintf
                0x200075b4                snprintf
 .text._strtol_l.isra.0
                0x2000761c       0xf6 c:/cseapp/codelite/tools/gcc-arm/bin/../lib/gcc/arm-none-eabi/7.2.1/../../../../arm-none-eabi/lib/thumb/v7e-m/fpv4-sp/hard\libc_nano.a(lib_a-strtol.o)
 *fill*         0x20007712        0x2 
 .text._strtol_r
                0x20007714       0x24 c:/cseapp/codelite/tools/gcc-arm/bin/../lib/gcc/arm-none-eabi/7.2.1/../../../../arm-none-eabi/lib/thumb/v7e-m/fpv4-sp/hard\libc_nano.a(lib_a-strtol.o)
                0x20007714                _strtol_r
 .text.strtol_l
                0x20007738       0x1c c:/cseapp/codelite/tools/gcc-arm/bin/../lib/gcc/arm-none-eabi/7.2.1/../../../../arm-none-eabi/lib/thumb/v7e-m/fpv4-sp/hard\libc_nano.a(lib_a-strtol.o)
                0x20007738                strtol_l
 .text.strtol   0x20007754       0x2c c:/cseapp/codelite/tools/gcc-arm/bin/../lib/gcc/arm-none-eabi/7.2.1/../../../../arm-none-eabi/lib/thumb/v7e-m/fpv4-sp/hard\libc_nano.a(lib_a-strtol.o)
                0x20007754                strtol
 .text.__utoa   0x20007780       0x7c c:/cseapp/codelite/tools/gcc-arm/bin/../lib/gcc/arm-none-eabi/7.2.1/../../../../arm-none-eabi/lib/thumb/v7e-m/fpv4-sp/hard\libc_nano.a(lib_a-utoa.o)
                0x20007780                __utoa
 .text.utoa     0x200077fc        0x4 c:/cseapp/codelite/tools/gcc-arm/bin/../lib/gcc/arm-none-eabi/7.2.1/../../../../arm-none-eabi/lib/thumb/v7e-m/fpv4-sp/hard\libc_nano.a(lib_a-utoa.o)
                0x200077fc                utoa
 .text._setlocale_r
                0x20007800       0x38 c:/cseapp/codelite/tools/gcc-arm/bin/../lib/gcc/arm-none-eabi/7.2.1/../../../../arm-none-eabi/lib/thumb/v7e-m/fpv4-sp/hard\libc_nano.a(lib_a-locale.o)
                0x20007800                _setlocale_r
 .text.__locale_mb_cur_max
                0x20007838       0x1c c:/cseapp/codelite/tools/gcc-arm/bin/../lib/gcc/arm-none-eabi/7.2.1/../../../../arm-none-eabi/lib/thumb/v7e-m/fpv4-sp/hard\libc_nano.a(lib_a-locale.o)
                0x20007838                __locale_mb_cur_max
 .text.__locale_ctype_ptr_l
                0x20007854        0x6 c:/cseapp/codelite/tools/gcc-arm/bin/../lib/gcc/arm-none-eabi/7.2.1/../../../../arm-none-eabi/lib/thumb/v7e-m/fpv4-sp/hard\libc_nano.a(lib_a-locale.o)
                0x20007854                __locale_ctype_ptr_l
 *fill*         0x2000785a        0x2 
 .text.__locale_ctype_ptr
                0x2000785c       0x1c c:/cseapp/codelite/tools/gcc-arm/bin/../lib/gcc/arm-none-eabi/7.2.1/../../../../arm-none-eabi/lib/thumb/v7e-m/fpv4-sp/hard\libc_nano.a(lib_a-locale.o)
                0x2000785c                __locale_ctype_ptr
 .text.setlocale
                0x20007878       0x10 c:/cseapp/codelite/tools/gcc-arm/bin/../lib/gcc/arm-none-eabi/7.2.1/../../../../arm-none-eabi/lib/thumb/v7e-m/fpv4-sp/hard\libc_nano.a(lib_a-locale.o)
                0x20007878                setlocale
 .text._mbtowc_r
                0x20007888       0x24 c:/cseapp/codelite/tools/gcc-arm/bin/../lib/gcc/arm-none-eabi/7.2.1/../../../../arm-none-eabi/lib/thumb/v7e-m/fpv4-sp/hard\libc_nano.a(lib_a-mbtowc_r.o)
                0x20007888                _mbtowc_r
 .text.__ascii_mbtowc
                0x200078ac       0x24 c:/cseapp/codelite/tools/gcc-arm/bin/../lib/gcc/arm-none-eabi/7.2.1/../../../../arm-none-eabi/lib/thumb/v7e-m/fpv4-sp/hard\libc_nano.a(lib_a-mbtowc_r.o)
                0x200078ac                __ascii_mbtowc
 .text.__ssputs_r
                0x200078d0       0xb4 c:/cseapp/codelite/tools/gcc-arm/bin/../lib/gcc/arm-none-eabi/7.2.1/../../../../arm-none-eabi/lib/thumb/v7e-m/fpv4-sp/hard\libc_nano.a(lib_a-nano-svfprintf.o)
                0x200078d0                __ssputs_r
 .text.__ssprint_r
                0x20007984       0xf0 c:/cseapp/codelite/tools/gcc-arm/bin/../lib/gcc/arm-none-eabi/7.2.1/../../../../arm-none-eabi/lib/thumb/v7e-m/fpv4-sp/hard\libc_nano.a(lib_a-nano-svfprintf.o)
                0x20007984                __ssprint_r
 .text._svfprintf_r
                0x20007a74      0x1ec c:/cseapp/codelite/tools/gcc-arm/bin/../lib/gcc/arm-none-eabi/7.2.1/../../../../arm-none-eabi/lib/thumb/v7e-m/fpv4-sp/hard\libc_nano.a(lib_a-nano-svfprintf.o)
                0x20007a74                _svfiprintf_r
                0x20007a74                _svfprintf_r
 .text._printf_common
                0x20007c60       0xea c:/cseapp/codelite/tools/gcc-arm/bin/../lib/gcc/arm-none-eabi/7.2.1/../../../../arm-none-eabi/lib/thumb/v7e-m/fpv4-sp/hard\libc_nano.a(lib_a-nano-vfprintf_i.o)
                0x20007c60                _printf_common
 *fill*         0x20007d4a        0x2 
 .text._printf_i
                0x20007d4c      0x224 c:/cseapp/codelite/tools/gcc-arm/bin/../lib/gcc/arm-none-eabi/7.2.1/../../../../arm-none-eabi/lib/thumb/v7e-m/fpv4-sp/hard\libc_nano.a(lib_a-nano-vfprintf_i.o)
                0x20007d4c                _printf_i
 .text._wctomb_r
                0x20007f70       0x24 c:/cseapp/codelite/tools/gcc-arm/bin/../lib/gcc/arm-none-eabi/7.2.1/../../../../arm-none-eabi/lib/thumb/v7e-m/fpv4-sp/hard\libc_nano.a(lib_a-wctomb_r.o)
                0x20007f70                _wctomb_r
 .text.__ascii_wctomb
                0x20007f94       0x1a c:/cseapp/codelite/tools/gcc-arm/bin/../lib/gcc/arm-none-eabi/7.2.1/../../../../arm-none-eabi/lib/thumb/v7e-m/fpv4-sp/hard\libc_nano.a(lib_a-wctomb_r.o)
                0x20007f94                __ascii_wctomb
 .text.memcpy   0x20007fae       0x16 c:/cseapp/codelite/tools/gcc-arm/bin/../lib/gcc/arm-none-eabi/7.2.1/../../../../arm-none-eabi/lib/thumb/v7e-m/fpv4-sp/hard\libc_nano.a(lib_a-memcpy-stub.o)
                0x20007fae                memcpy
 .text.memmove  0x20007fc4       0x32 c:/cseapp/codelite/tools/gcc-arm/bin/../lib/gcc/arm-none-eabi/7.2.1/../../../../arm-none-eabi/lib/thumb/v7e-m/fpv4-sp/hard\libc_nano.a(lib_a-memmove.o)
                0x20007fc4                memmove
 *fill*         0x20007ff6        0x2 
 .text._free_r  0x20007ff8       0x9c c:/cseapp/codelite/tools/gcc-arm/bin/../lib/gcc/arm-none-eabi/7.2.1/../../../../arm-none-eabi/lib/thumb/v7e-m/fpv4-sp/hard\libc_nano.a(lib_a-nano-freer.o)
                0x20007ff8                _free_r
 .text._malloc_r
                0x20008094       0xb4 c:/cseapp/codelite/tools/gcc-arm/bin/../lib/gcc/arm-none-eabi/7.2.1/../../../../arm-none-eabi/lib/thumb/v7e-m/fpv4-sp/hard\libc_nano.a(lib_a-nano-mallocr.o)
                0x20008094                _malloc_r
 .text._realloc_r
                0x20008148       0x4c c:/cseapp/codelite/tools/gcc-arm/bin/../lib/gcc/arm-none-eabi/7.2.1/../../../../arm-none-eabi/lib/thumb/v7e-m/fpv4-sp/hard\libc_nano.a(lib_a-nano-reallocr.o)
                0x20008148                _realloc_r
 .text._sbrk_r  0x20008194       0x20 c:/cseapp/codelite/tools/gcc-arm/bin/../lib/gcc/arm-none-eabi/7.2.1/../../../../arm-none-eabi/lib/thumb/v7e-m/fpv4-sp/hard\libc_nano.a(lib_a-sbrkr.o)
                0x20008194                _sbrk_r
 .text.__malloc_lock
                0x200081b4        0x2 c:/cseapp/codelite/tools/gcc-arm/bin/../lib/gcc/arm-none-eabi/7.2.1/../../../../arm-none-eabi/lib/thumb/v7e-m/fpv4-sp/hard\libc_nano.a(lib_a-mlock.o)
                0x200081b4                __malloc_lock
 .text.__malloc_unlock
                0x200081b6        0x2 c:/cseapp/codelite/tools/gcc-arm/bin/../lib/gcc/arm-none-eabi/7.2.1/../../../../arm-none-eabi/lib/thumb/v7e-m/fpv4-sp/hard\libc_nano.a(lib_a-mlock.o)
                0x200081b6                __malloc_unlock
 .text._malloc_usable_size_r
                0x200081b8       0x10 c:/cseapp/codelite/tools/gcc-arm/bin/../lib/gcc/arm-none-eabi/7.2.1/../../../../arm-none-eabi/lib/thumb/v7e-m/fpv4-sp/hard\libc_nano.a(lib_a-nano-msizer.o)
                0x200081b8                _malloc_usable_size_r
 .text.cleanup_glue
                0x200081c8       0x1a c:/cseapp/codelite/tools/gcc-arm/bin/../lib/gcc/arm-none-eabi/7.2.1/../../../../arm-none-eabi/lib/thumb/v7e-m/fpv4-sp/hard\libc_nano.a(lib_a-reent.o)
                0x200081c8                cleanup_glue
 *fill*         0x200081e2        0x2 
 .text._reclaim_reent
                0x200081e4       0xb8 c:/cseapp/codelite/tools/gcc-arm/bin/../lib/gcc/arm-none-eabi/7.2.1/../../../../arm-none-eabi/lib/thumb/v7e-m/fpv4-sp/hard\libc_nano.a(lib_a-reent.o)
                0x200081e4                _reclaim_reent
 *(.rodata)
 .rodata        0x2000829c       0x5d ./Debug/application.c.o
 *fill*         0x200082f9        0x3 
 .rodata        0x200082fc       0x23 ./Debug/sioTinyTimber.c.o
 *fill*         0x2000831f        0x1 
 .rodata        0x20008320       0x7d ./Debug/TinyTimber.c.o
 *fill*         0x2000839d        0x3 
 .rodata        0x200083a0       0x8a ./Debug/canTinyTimber.c.o
 *(.rodata*)
 .rodata.__utoa.str1.1
                0x2000842a       0x25 c:/cseapp/codelite/tools/gcc-arm/bin/../lib/gcc/arm-none-eabi/7.2.1/../../../../arm-none-eabi/lib/thumb/v7e-m/fpv4-sp/hard\libc_nano.a(lib_a-utoa.o)
 *fill*         0x2000844f        0x1 
 .rodata._global_impure_ptr
                0x20008450        0x4 c:/cseapp/codelite/tools/gcc-arm/bin/../lib/gcc/arm-none-eabi/7.2.1/../../../../arm-none-eabi/lib/thumb/v7e-m/fpv4-sp/hard\libc_nano.a(lib_a-impure.o)
                0x20008450                _global_impure_ptr
 .rodata._setlocale_r.str1.1
                0x20008454        0x8 c:/cseapp/codelite/tools/gcc-arm/bin/../lib/gcc/arm-none-eabi/7.2.1/../../../../arm-none-eabi/lib/thumb/v7e-m/fpv4-sp/hard\libc_nano.a(lib_a-locale.o)
                                  0x9 (size before relaxing)
 .rodata.str1.1
                0x2000845c        0x2 c:/cseapp/codelite/tools/gcc-arm/bin/../lib/gcc/arm-none-eabi/7.2.1/../../../../arm-none-eabi/lib/thumb/v7e-m/fpv4-sp/hard\libc_nano.a(lib_a-locale.o)
 .rodata._svfprintf_r.str1.1
                0x2000845e       0x11 c:/cseapp/codelite/tools/gcc-arm/bin/../lib/gcc/arm-none-eabi/7.2.1/../../../../arm-none-eabi/lib/thumb/v7e-m/fpv4-sp/hard\libc_nano.a(lib_a-nano-svfprintf.o)
 .rodata._printf_i.str1.1
                0x2000846f       0x22 c:/cseapp/codelite/tools/gcc-arm/bin/../lib/gcc/arm-none-eabi/7.2.1/../../../../arm-none-eabi/lib/thumb/v7e-m/fpv4-sp/hard\libc_nano.a(lib_a-nano-vfprintf_i.o)
 .rodata._ctype_
                0x20008491      0x101 c:/cseapp/codelite/tools/gcc-arm/bin/../lib/gcc/arm-none-eabi/7.2.1/../../../../arm-none-eabi/lib/thumb/v7e-m/fpv4-sp/hard\libc_nano.a(lib_a-ctype_.o)
                0x20008491                _ctype_
 *(.glue_7)
 .glue_7        0x20008592        0x0 linker stubs
 *(.glue_7t)
 .glue_7t       0x20008592        0x0 linker stubs
                0x20008594                . = ALIGN (0x4)
 *fill*         0x20008592        0x2 

.vfp11_veneer   0x20008594        0x0
 .vfp11_veneer  0x20008594        0x0 linker stubs

.v4_bx          0x20008594        0x0
 .v4_bx         0x20008594        0x0 linker stubs

.iplt           0x20008594        0x0
 .iplt          0x20008594        0x0 ./Debug/driver_src_stm32f4xx_exti.c.o

.rel.dyn        0x20008594        0x0
 .rel.iplt      0x20008594        0x0 ./Debug/driver_src_stm32f4xx_exti.c.o

.data           0x20008594      0x918
                0x20008594                . = ALIGN (0x4)
 *(.data)
 .data          0x20008594        0x0 ./Debug/driver_src_stm32f4xx_exti.c.o
 .data          0x20008594        0x0 ./Debug/driver_src_stm32f4xx_can.c.o
 .data          0x20008594        0x0 ./Debug/driver_src_stm32f4xx_usart.c.o
 .data          0x20008594        0x0 ./Debug/driver_src_stm32f4xx_tim.c.o
 .data          0x20008594        0x0 ./Debug/driver_src_stm32f4xx_dac.c.o
 .data          0x20008594        0x0 ./Debug/driver_src_stm32f4xx_syscfg.c.o
 .data          0x20008594        0x0 ./Debug/driver_src_stm32f4xx_gpio.c.o
 .data          0x20008594        0x0 ./Debug/player.c.o
 .data          0x20008594        0x0 ./Debug/sciTinyTimber.c.o
 .data          0x20008594      0x690 ./Debug/application.c.o
                0x20008594                app
                0x200085d0                player
                0x2000875c                toneTask
                0x20008778                sci0
                0x20008b98                can0
                0x20008c10                sysIO0
 .data          0x20008c24        0x0 ./Debug/sioTinyTimber.c.o
 .data          0x20008c24       0x10 ./Debug/driver_src_stm32f4xx_rcc.c.o
 .data          0x20008c34       0x24 ./Debug/TinyTimber.c.o
                0x20008c34                hex
                0x20008c48                msgPool
                0x20008c4c                threadPool
                0x20008c50                activeStack
                0x20008c54                current
 .data          0x20008c58        0x0 ./Debug/startup.c.o
 .data          0x20008c58       0x84 ./Debug/dispatch.s.o
 .data          0x20008cdc        0x0 ./Debug/canTinyTimber.c.o
 .data          0x20008cdc        0x0 c:/cseapp/codelite/tools/gcc-arm/bin/../lib/gcc/arm-none-eabi/7.2.1/../../../../arm-none-eabi/lib/thumb/v7e-m/fpv4-sp/hard\libc_nano.a(lib_a-atoi.o)
 .data          0x20008cdc        0x0 c:/cseapp/codelite/tools/gcc-arm/bin/../lib/gcc/arm-none-eabi/7.2.1/../../../../arm-none-eabi/lib/thumb/v7e-m/fpv4-sp/hard\libc_nano.a(lib_a-itoa.o)
 .data          0x20008cdc        0x0 c:/cseapp/codelite/tools/gcc-arm/bin/../lib/gcc/arm-none-eabi/7.2.1/../../../../arm-none-eabi/lib/thumb/v7e-m/fpv4-sp/hard\libc_nano.a(lib_a-snprintf.o)
 .data          0x20008cdc        0x0 c:/cseapp/codelite/tools/gcc-arm/bin/../lib/gcc/arm-none-eabi/7.2.1/../../../../arm-none-eabi/lib/thumb/v7e-m/fpv4-sp/hard\libc_nano.a(lib_a-strlen.o)
 .data          0x20008cdc        0x0 c:/cseapp/codelite/tools/gcc-arm/bin/../lib/gcc/arm-none-eabi/7.2.1/../../../../arm-none-eabi/lib/thumb/v7e-m/fpv4-sp/hard\libc_nano.a(lib_a-strtol.o)
 .data          0x20008cdc        0x0 c:/cseapp/codelite/tools/gcc-arm/bin/../lib/gcc/arm-none-eabi/7.2.1/../../../../arm-none-eabi/lib/thumb/v7e-m/fpv4-sp/hard\libc_nano.a(lib_a-utoa.o)
 .data          0x20008cdc        0x0 c:/cseapp/codelite/tools/gcc-arm/bin/../lib/gcc/arm-none-eabi/7.2.1/../../../../arm-none-eabi/lib/thumb/v7e-m/fpv4-sp/hard\libc_nano.a(lib_a-impure.o)
 .data          0x20008cdc        0x0 c:/cseapp/codelite/tools/gcc-arm/bin/../lib/gcc/arm-none-eabi/7.2.1/../../../../arm-none-eabi/lib/thumb/v7e-m/fpv4-sp/hard\libc_nano.a(lib_a-locale.o)
 .data          0x20008cdc        0x0 c:/cseapp/codelite/tools/gcc-arm/bin/../lib/gcc/arm-none-eabi/7.2.1/../../../../arm-none-eabi/lib/thumb/v7e-m/fpv4-sp/hard\libc_nano.a(lib_a-mbtowc_r.o)
 .data          0x20008cdc        0x0 c:/cseapp/codelite/tools/gcc-arm/bin/../lib/gcc/arm-none-eabi/7.2.1/../../../../arm-none-eabi/lib/thumb/v7e-m/fpv4-sp/hard\libc_nano.a(lib_a-nano-svfprintf.o)
 .data          0x20008cdc        0x0 c:/cseapp/codelite/tools/gcc-arm/bin/../lib/gcc/arm-none-eabi/7.2.1/../../../../arm-none-eabi/lib/thumb/v7e-m/fpv4-sp/hard\libc_nano.a(lib_a-nano-vfprintf_i.o)
 .data          0x20008cdc        0x0 c:/cseapp/codelite/tools/gcc-arm/bin/../lib/gcc/arm-none-eabi/7.2.1/../../../../arm-none-eabi/lib/thumb/v7e-m/fpv4-sp/hard\libc_nano.a(lib_a-strcmp.o)
 .data          0x20008cdc        0x0 c:/cseapp/codelite/tools/gcc-arm/bin/../lib/gcc/arm-none-eabi/7.2.1/../../../../arm-none-eabi/lib/thumb/v7e-m/fpv4-sp/hard\libc_nano.a(lib_a-wctomb_r.o)
 .data          0x20008cdc        0x0 c:/cseapp/codelite/tools/gcc-arm/bin/../lib/gcc/arm-none-eabi/7.2.1/../../../../arm-none-eabi/lib/thumb/v7e-m/fpv4-sp/hard\libc_nano.a(lib_a-ctype_.o)
 .data          0x20008cdc        0x0 c:/cseapp/codelite/tools/gcc-arm/bin/../lib/gcc/arm-none-eabi/7.2.1/../../../../arm-none-eabi/lib/thumb/v7e-m/fpv4-sp/hard\libc_nano.a(lib_a-memchr.o)
 .data          0x20008cdc        0x0 c:/cseapp/codelite/tools/gcc-arm/bin/../lib/gcc/arm-none-eabi/7.2.1/../../../../arm-none-eabi/lib/thumb/v7e-m/fpv4-sp/hard\libc_nano.a(lib_a-memcpy-stub.o)
 .data          0x20008cdc        0x0 c:/cseapp/codelite/tools/gcc-arm/bin/../lib/gcc/arm-none-eabi/7.2.1/../../../../arm-none-eabi/lib/thumb/v7e-m/fpv4-sp/hard\libc_nano.a(lib_a-memmove.o)
 .data          0x20008cdc        0x0 c:/cseapp/codelite/tools/gcc-arm/bin/../lib/gcc/arm-none-eabi/7.2.1/../../../../arm-none-eabi/lib/thumb/v7e-m/fpv4-sp/hard\libc_nano.a(lib_a-nano-freer.o)
 .data          0x20008cdc        0x0 c:/cseapp/codelite/tools/gcc-arm/bin/../lib/gcc/arm-none-eabi/7.2.1/../../../../arm-none-eabi/lib/thumb/v7e-m/fpv4-sp/hard\libc_nano.a(lib_a-nano-mallocr.o)
 .data          0x20008cdc        0x0 c:/cseapp/codelite/tools/gcc-arm/bin/../lib/gcc/arm-none-eabi/7.2.1/../../../../arm-none-eabi/lib/thumb/v7e-m/fpv4-sp/hard\libc_nano.a(lib_a-nano-reallocr.o)
 .data          0x20008cdc        0x0 c:/cseapp/codelite/tools/gcc-arm/bin/../lib/gcc/arm-none-eabi/7.2.1/../../../../arm-none-eabi/lib/thumb/v7e-m/fpv4-sp/hard\libc_nano.a(lib_a-sbrkr.o)
 .data          0x20008cdc        0x0 c:/cseapp/codelite/tools/gcc-arm/bin/../lib/gcc/arm-none-eabi/7.2.1/../../../../arm-none-eabi/lib/thumb/v7e-m/fpv4-sp/hard\libc_nano.a(lib_a-mlock.o)
 .data          0x20008cdc        0x0 c:/cseapp/codelite/tools/gcc-arm/bin/../lib/gcc/arm-none-eabi/7.2.1/../../../../arm-none-eabi/lib/thumb/v7e-m/fpv4-sp/hard\libc_nano.a(lib_a-nano-msizer.o)
 .data          0x20008cdc        0x0 c:/cseapp/codelite/tools/gcc-arm/bin/../lib/gcc/arm-none-eabi/7.2.1/../../../../arm-none-eabi/lib/thumb/v7e-m/fpv4-sp/hard\libc_nano.a(lib_a-reent.o)
 *(.data.*)
 .data._impure_ptr
                0x20008cdc        0x4 c:/cseapp/codelite/tools/gcc-arm/bin/../lib/gcc/arm-none-eabi/7.2.1/../../../../arm-none-eabi/lib/thumb/v7e-m/fpv4-sp/hard\libc_nano.a(lib_a-impure.o)
                0x20008cdc                _impure_ptr
 .data.impure_data
                0x20008ce0       0x60 c:/cseapp/codelite/tools/gcc-arm/bin/../lib/gcc/arm-none-eabi/7.2.1/../../../../arm-none-eabi/lib/thumb/v7e-m/fpv4-sp/hard\libc_nano.a(lib_a-impure.o)
 .data.__global_locale
                0x20008d40      0x16c c:/cseapp/codelite/tools/gcc-arm/bin/../lib/gcc/arm-none-eabi/7.2.1/../../../../arm-none-eabi/lib/thumb/v7e-m/fpv4-sp/hard\libc_nano.a(lib_a-locale.o)
                0x20008d40                __global_locale
                0x20008eac                . = ALIGN (0x4)

.igot.plt       0x20008eac        0x0
 .igot.plt      0x20008eac        0x0 ./Debug/driver_src_stm32f4xx_exti.c.o

.bss            0x20008eb0     0x840c
                0x20008eb0                . = ALIGN (0x4)
                0x20008eb0                _sbss = .
 *(.bss)
 .bss           0x20008eb0        0x0 ./Debug/driver_src_stm32f4xx_exti.c.o
 .bss           0x20008eb0        0x0 ./Debug/driver_src_stm32f4xx_can.c.o
 .bss           0x20008eb0        0x0 ./Debug/driver_src_stm32f4xx_usart.c.o
 .bss           0x20008eb0        0x0 ./Debug/driver_src_stm32f4xx_tim.c.o
 .bss           0x20008eb0        0x0 ./Debug/driver_src_stm32f4xx_dac.c.o
 .bss           0x20008eb0        0x0 ./Debug/driver_src_stm32f4xx_syscfg.c.o
 .bss           0x20008eb0        0x0 ./Debug/driver_src_stm32f4xx_gpio.c.o
 .bss           0x20008eb0        0x0 ./Debug/player.c.o
 .bss           0x20008eb0        0x0 ./Debug/sciTinyTimber.c.o
 .bss           0x20008eb0        0x8 ./Debug/application.c.o
                0x20008eb0                tim0
                0x20008eb4                tim1
 .bss           0x20008eb8        0x0 ./Debug/sioTinyTimber.c.o
 .bss           0x20008eb8        0x0 ./Debug/driver_src_stm32f4xx_rcc.c.o
 .bss           0x20008eb8       0x18 ./Debug/TinyTimber.c.o
                0x20008eb8                doIRQSchedule
                0x20008ebc                msgQ
                0x20008ec0                timerQ
                0x20008ec4                runAsHardware
                0x20008ec8                timestamp
                0x20008ecc                overflows
 .bss           0x20008ed0        0x0 ./Debug/startup.c.o
 .bss           0x20008ed0        0x0 ./Debug/dispatch.s.o
 .bss           0x20008ed0        0x0 ./Debug/canTinyTimber.c.o
 .bss           0x20008ed0        0x0 c:/cseapp/codelite/tools/gcc-arm/bin/../lib/gcc/arm-none-eabi/7.2.1/../../../../arm-none-eabi/lib/thumb/v7e-m/fpv4-sp/hard\libc_nano.a(lib_a-atoi.o)
 .bss           0x20008ed0        0x0 c:/cseapp/codelite/tools/gcc-arm/bin/../lib/gcc/arm-none-eabi/7.2.1/../../../../arm-none-eabi/lib/thumb/v7e-m/fpv4-sp/hard\libc_nano.a(lib_a-itoa.o)
 .bss           0x20008ed0        0x0 c:/cseapp/codelite/tools/gcc-arm/bin/../lib/gcc/arm-none-eabi/7.2.1/../../../../arm-none-eabi/lib/thumb/v7e-m/fpv4-sp/hard\libc_nano.a(lib_a-snprintf.o)
 .bss           0x20008ed0        0x0 c:/cseapp/codelite/tools/gcc-arm/bin/../lib/gcc/arm-none-eabi/7.2.1/../../../../arm-none-eabi/lib/thumb/v7e-m/fpv4-sp/hard\libc_nano.a(lib_a-strlen.o)
 .bss           0x20008ed0        0x0 c:/cseapp/codelite/tools/gcc-arm/bin/../lib/gcc/arm-none-eabi/7.2.1/../../../../arm-none-eabi/lib/thumb/v7e-m/fpv4-sp/hard\libc_nano.a(lib_a-strtol.o)
 .bss           0x20008ed0        0x0 c:/cseapp/codelite/tools/gcc-arm/bin/../lib/gcc/arm-none-eabi/7.2.1/../../../../arm-none-eabi/lib/thumb/v7e-m/fpv4-sp/hard\libc_nano.a(lib_a-utoa.o)
 .bss           0x20008ed0        0x0 c:/cseapp/codelite/tools/gcc-arm/bin/../lib/gcc/arm-none-eabi/7.2.1/../../../../arm-none-eabi/lib/thumb/v7e-m/fpv4-sp/hard\libc_nano.a(lib_a-impure.o)
 .bss           0x20008ed0        0x0 c:/cseapp/codelite/tools/gcc-arm/bin/../lib/gcc/arm-none-eabi/7.2.1/../../../../arm-none-eabi/lib/thumb/v7e-m/fpv4-sp/hard\libc_nano.a(lib_a-locale.o)
 .bss           0x20008ed0        0x0 c:/cseapp/codelite/tools/gcc-arm/bin/../lib/gcc/arm-none-eabi/7.2.1/../../../../arm-none-eabi/lib/thumb/v7e-m/fpv4-sp/hard\libc_nano.a(lib_a-mbtowc_r.o)
 .bss           0x20008ed0        0x0 c:/cseapp/codelite/tools/gcc-arm/bin/../lib/gcc/arm-none-eabi/7.2.1/../../../../arm-none-eabi/lib/thumb/v7e-m/fpv4-sp/hard\libc_nano.a(lib_a-nano-svfprintf.o)
 .bss           0x20008ed0        0x0 c:/cseapp/codelite/tools/gcc-arm/bin/../lib/gcc/arm-none-eabi/7.2.1/../../../../arm-none-eabi/lib/thumb/v7e-m/fpv4-sp/hard\libc_nano.a(lib_a-nano-vfprintf_i.o)
 .bss           0x20008ed0        0x0 c:/cseapp/codelite/tools/gcc-arm/bin/../lib/gcc/arm-none-eabi/7.2.1/../../../../arm-none-eabi/lib/thumb/v7e-m/fpv4-sp/hard\libc_nano.a(lib_a-strcmp.o)
 .bss           0x20008ed0        0x0 c:/cseapp/codelite/tools/gcc-arm/bin/../lib/gcc/arm-none-eabi/7.2.1/../../../../arm-none-eabi/lib/thumb/v7e-m/fpv4-sp/hard\libc_nano.a(lib_a-wctomb_r.o)
 .bss           0x20008ed0        0x0 c:/cseapp/codelite/tools/gcc-arm/bin/../lib/gcc/arm-none-eabi/7.2.1/../../../../arm-none-eabi/lib/thumb/v7e-m/fpv4-sp/hard\libc_nano.a(lib_a-ctype_.o)
 .bss           0x20008ed0        0x0 c:/cseapp/codelite/tools/gcc-arm/bin/../lib/gcc/arm-none-eabi/7.2.1/../../../../arm-none-eabi/lib/thumb/v7e-m/fpv4-sp/hard\libc_nano.a(lib_a-memchr.o)
 .bss           0x20008ed0        0x0 c:/cseapp/codelite/tools/gcc-arm/bin/../lib/gcc/arm-none-eabi/7.2.1/../../../../arm-none-eabi/lib/thumb/v7e-m/fpv4-sp/hard\libc_nano.a(lib_a-memcpy-stub.o)
 .bss           0x20008ed0        0x0 c:/cseapp/codelite/tools/gcc-arm/bin/../lib/gcc/arm-none-eabi/7.2.1/../../../../arm-none-eabi/lib/thumb/v7e-m/fpv4-sp/hard\libc_nano.a(lib_a-memmove.o)
 .bss           0x20008ed0        0x0 c:/cseapp/codelite/tools/gcc-arm/bin/../lib/gcc/arm-none-eabi/7.2.1/../../../../arm-none-eabi/lib/thumb/v7e-m/fpv4-sp/hard\libc_nano.a(lib_a-nano-freer.o)
 .bss           0x20008ed0        0x0 c:/cseapp/codelite/tools/gcc-arm/bin/../lib/gcc/arm-none-eabi/7.2.1/../../../../arm-none-eabi/lib/thumb/v7e-m/fpv4-sp/hard\libc_nano.a(lib_a-nano-mallocr.o)
 .bss           0x20008ed0        0x0 c:/cseapp/codelite/tools/gcc-arm/bin/../lib/gcc/arm-none-eabi/7.2.1/../../../../arm-none-eabi/lib/thumb/v7e-m/fpv4-sp/hard\libc_nano.a(lib_a-nano-reallocr.o)
 .bss           0x20008ed0        0x0 c:/cseapp/codelite/tools/gcc-arm/bin/../lib/gcc/arm-none-eabi/7.2.1/../../../../arm-none-eabi/lib/thumb/v7e-m/fpv4-sp/hard\libc_nano.a(lib_a-sbrkr.o)
 .bss           0x20008ed0        0x0 c:/cseapp/codelite/tools/gcc-arm/bin/../lib/gcc/arm-none-eabi/7.2.1/../../../../arm-none-eabi/lib/thumb/v7e-m/fpv4-sp/hard\libc_nano.a(lib_a-mlock.o)
 .bss           0x20008ed0        0x0 c:/cseapp/codelite/tools/gcc-arm/bin/../lib/gcc/arm-none-eabi/7.2.1/../../../../arm-none-eabi/lib/thumb/v7e-m/fpv4-sp/hard\libc_nano.a(lib_a-nano-msizer.o)
 .bss           0x20008ed0        0x0 c:/cseapp/codelite/tools/gcc-arm/bin/../lib/gcc/arm-none-eabi/7.2.1/../../../../arm-none-eabi/lib/thumb/v7e-m/fpv4-sp/hard\libc_nano.a(lib_a-reent.o)
 *(.bss.*)
 .bss._PathLocale
                0x20008ed0        0x4 c:/cseapp/codelite/tools/gcc-arm/bin/../lib/gcc/arm-none-eabi/7.2.1/../../../../arm-none-eabi/lib/thumb/v7e-m/fpv4-sp/hard\libc_nano.a(lib_a-locale.o)
                0x20008ed0                _PathLocale
 .bss.__malloc_free_list
                0x20008ed4        0x4 c:/cseapp/codelite/tools/gcc-arm/bin/../lib/gcc/arm-none-eabi/7.2.1/../../../../arm-none-eabi/lib/thumb/v7e-m/fpv4-sp/hard\libc_nano.a(lib_a-nano-mallocr.o)
                0x20008ed4                __malloc_free_list
 .bss.__malloc_sbrk_start
                0x20008ed8        0x4 c:/cseapp/codelite/tools/gcc-arm/bin/../lib/gcc/arm-none-eabi/7.2.1/../../../../arm-none-eabi/lib/thumb/v7e-m/fpv4-sp/hard\libc_nano.a(lib_a-nano-mallocr.o)
                0x20008ed8                __malloc_sbrk_start
 *(COMMON)
 COMMON         0x20008edc        0x0 ./Debug/player.c.o
 COMMON         0x20008edc       0x84 ./Debug/application.c.o
                0x20008edc                canBuf
 COMMON         0x20008f60     0x8358 ./Debug/TinyTimber.c.o
                0x20008f60                otable
                0x20008f6c                upcoming
                0x20008f70                threads
                0x20008fc0                mtable
                0x20008fcc                thread0
                0x20008fe0                messages
                0x200092b0                __heap_end
                0x200092b8                stacks
 COMMON         0x200112b8        0x4 c:/cseapp/codelite/tools/gcc-arm/bin/../lib/gcc/arm-none-eabi/7.2.1/../../../../arm-none-eabi/lib/thumb/v7e-m/fpv4-sp/hard\libc_nano.a(lib_a-reent.o)
                0x200112b8                errno
                0x200112bc                . = ALIGN (0x4)
                0x200112bc                _ebss = .
                0x200112bc                PROVIDE (end, _ebss)
                [!provide]                PROVIDE (_end, _ebss)
OUTPUT(./Debug/RTS-Lab.elf elf32-littlearm)

.debug_info     0x00000000     0xadb0
 .debug_info    0x00000000      0x354 ./Debug/driver_src_stm32f4xx_exti.c.o
 .debug_info    0x00000354      0xbaa ./Debug/driver_src_stm32f4xx_can.c.o
 .debug_info    0x00000efe      0x9d0 ./Debug/driver_src_stm32f4xx_usart.c.o
 .debug_info    0x000018ce     0x1c6f ./Debug/driver_src_stm32f4xx_tim.c.o
 .debug_info    0x0000353d      0x64f ./Debug/driver_src_stm32f4xx_dac.c.o
 .debug_info    0x00003b8c      0x2a2 ./Debug/driver_src_stm32f4xx_syscfg.c.o
 .debug_info    0x00003e2e      0x627 ./Debug/driver_src_stm32f4xx_gpio.c.o
 .debug_info    0x00004455      0x618 ./Debug/player.c.o
 .debug_info    0x00004a6d      0x96d ./Debug/sciTinyTimber.c.o
 .debug_info    0x000053da     0x141a ./Debug/application.c.o
 .debug_info    0x000067f4      0x8ff ./Debug/sioTinyTimber.c.o
 .debug_info    0x000070f3      0xe23 ./Debug/driver_src_stm32f4xx_rcc.c.o
 .debug_info    0x00007f16     0x1745 ./Debug/TinyTimber.c.o
 .debug_info    0x0000965b      0xa47 ./Debug/startup.c.o
 .debug_info    0x0000a0a2      0xd0e ./Debug/canTinyTimber.c.o

.debug_abbrev   0x00000000     0x1f3c
 .debug_abbrev  0x00000000      0x1c0 ./Debug/driver_src_stm32f4xx_exti.c.o
 .debug_abbrev  0x000001c0      0x208 ./Debug/driver_src_stm32f4xx_can.c.o
 .debug_abbrev  0x000003c8      0x184 ./Debug/driver_src_stm32f4xx_usart.c.o
 .debug_abbrev  0x0000054c      0x19c ./Debug/driver_src_stm32f4xx_tim.c.o
 .debug_abbrev  0x000006e8      0x193 ./Debug/driver_src_stm32f4xx_dac.c.o
 .debug_abbrev  0x0000087b      0x148 ./Debug/driver_src_stm32f4xx_syscfg.c.o
 .debug_abbrev  0x000009c3      0x1bc ./Debug/driver_src_stm32f4xx_gpio.c.o
 .debug_abbrev  0x00000b7f      0x183 ./Debug/player.c.o
 .debug_abbrev  0x00000d02      0x252 ./Debug/sciTinyTimber.c.o
 .debug_abbrev  0x00000f54      0x2cb ./Debug/application.c.o
 .debug_abbrev  0x0000121f      0x226 ./Debug/sioTinyTimber.c.o
 .debug_abbrev  0x00001445      0x1d1 ./Debug/driver_src_stm32f4xx_rcc.c.o
 .debug_abbrev  0x00001616      0x47b ./Debug/TinyTimber.c.o
 .debug_abbrev  0x00001a91      0x255 ./Debug/startup.c.o
 .debug_abbrev  0x00001ce6      0x256 ./Debug/canTinyTimber.c.o

.debug_aranges  0x00000000      0x1e8
 .debug_aranges
                0x00000000       0x20 ./Debug/driver_src_stm32f4xx_exti.c.o
 .debug_aranges
                0x00000020       0x20 ./Debug/driver_src_stm32f4xx_can.c.o
 .debug_aranges
                0x00000040       0x20 ./Debug/driver_src_stm32f4xx_usart.c.o
 .debug_aranges
                0x00000060       0x20 ./Debug/driver_src_stm32f4xx_tim.c.o
 .debug_aranges
                0x00000080       0x20 ./Debug/driver_src_stm32f4xx_dac.c.o
 .debug_aranges
                0x000000a0       0x20 ./Debug/driver_src_stm32f4xx_syscfg.c.o
 .debug_aranges
                0x000000c0       0x20 ./Debug/driver_src_stm32f4xx_gpio.c.o
 .debug_aranges
                0x000000e0       0x20 ./Debug/player.c.o
 .debug_aranges
                0x00000100       0x20 ./Debug/sciTinyTimber.c.o
 .debug_aranges
                0x00000120       0x20 ./Debug/application.c.o
 .debug_aranges
                0x00000140       0x20 ./Debug/sioTinyTimber.c.o
 .debug_aranges
                0x00000160       0x20 ./Debug/driver_src_stm32f4xx_rcc.c.o
 .debug_aranges
                0x00000180       0x20 ./Debug/TinyTimber.c.o
 .debug_aranges
                0x000001a0       0x28 ./Debug/startup.c.o
 .debug_aranges
                0x000001c8       0x20 ./Debug/canTinyTimber.c.o

.debug_line     0x00000000     0x37e3
 .debug_line    0x00000000      0x2e0 ./Debug/driver_src_stm32f4xx_exti.c.o
 .debug_line    0x000002e0      0x4cc ./Debug/driver_src_stm32f4xx_can.c.o
 .debug_line    0x000007ac      0x404 ./Debug/driver_src_stm32f4xx_usart.c.o
 .debug_line    0x00000bb0      0x6bf ./Debug/driver_src_stm32f4xx_tim.c.o
 .debug_line    0x0000126f      0x325 ./Debug/driver_src_stm32f4xx_dac.c.o
 .debug_line    0x00001594      0x22f ./Debug/driver_src_stm32f4xx_syscfg.c.o
 .debug_line    0x000017c3      0x36a ./Debug/driver_src_stm32f4xx_gpio.c.o
 .debug_line    0x00001b2d      0x267 ./Debug/player.c.o
 .debug_line    0x00001d94      0x257 ./Debug/sciTinyTimber.c.o
 .debug_line    0x00001feb      0x37f ./Debug/application.c.o
 .debug_line    0x0000236a      0x2d2 ./Debug/sioTinyTimber.c.o
 .debug_line    0x0000263c      0x459 ./Debug/driver_src_stm32f4xx_rcc.c.o
 .debug_line    0x00002a95      0x6a0 ./Debug/TinyTimber.c.o
 .debug_line    0x00003135      0x372 ./Debug/startup.c.o
 .debug_line    0x000034a7      0x33c ./Debug/canTinyTimber.c.o

.debug_str      0x00000000     0x3d37
 .debug_str     0x00000000      0x3ab ./Debug/driver_src_stm32f4xx_exti.c.o
                                0x414 (size before relaxing)
 .debug_str     0x000003ab      0x5c0 ./Debug/driver_src_stm32f4xx_can.c.o
                                0x806 (size before relaxing)
 .debug_str     0x0000096b      0x4dc ./Debug/driver_src_stm32f4xx_usart.c.o
                                0x757 (size before relaxing)
 .debug_str     0x00000e47      0xbcb ./Debug/driver_src_stm32f4xx_tim.c.o
                                0xe98 (size before relaxing)
 .debug_str     0x00001a12      0x2dd ./Debug/driver_src_stm32f4xx_dac.c.o
                                0x51b (size before relaxing)
 .debug_str     0x00001cef      0x1bf ./Debug/driver_src_stm32f4xx_syscfg.c.o
                                0x3d6 (size before relaxing)
 .debug_str     0x00001eae      0x364 ./Debug/driver_src_stm32f4xx_gpio.c.o
                                0x56b (size before relaxing)
 .debug_str     0x00002212      0x1d9 ./Debug/player.c.o
                                0x3c2 (size before relaxing)
 .debug_str     0x000023eb      0x67f ./Debug/sciTinyTimber.c.o
                                0x93b (size before relaxing)
 .debug_str     0x00002a6a      0x58d ./Debug/application.c.o
                                0x9d0 (size before relaxing)
 .debug_str     0x00002ff7       0xac ./Debug/sioTinyTimber.c.o
                                0x945 (size before relaxing)
 .debug_str     0x000030a3      0x76a ./Debug/driver_src_stm32f4xx_rcc.c.o
                                0xa5d (size before relaxing)
 .debug_str     0x0000380d      0x2f9 ./Debug/TinyTimber.c.o
                                0xd1b (size before relaxing)
 .debug_str     0x00003b06      0x174 ./Debug/startup.c.o
                                0x85e (size before relaxing)
 .debug_str     0x00003c7a       0xbd ./Debug/canTinyTimber.c.o
                                0xadc (size before relaxing)

.comment        0x00000000       0x7e
 .comment       0x00000000       0x7e ./Debug/driver_src_stm32f4xx_exti.c.o
                                 0x7f (size before relaxing)
 .comment       0x0000007e       0x7f ./Debug/driver_src_stm32f4xx_can.c.o
 .comment       0x0000007e       0x7f ./Debug/driver_src_stm32f4xx_usart.c.o
 .comment       0x0000007e       0x7f ./Debug/driver_src_stm32f4xx_tim.c.o
 .comment       0x0000007e       0x7f ./Debug/driver_src_stm32f4xx_dac.c.o
 .comment       0x0000007e       0x7f ./Debug/driver_src_stm32f4xx_syscfg.c.o
 .comment       0x0000007e       0x7f ./Debug/driver_src_stm32f4xx_gpio.c.o
 .comment       0x0000007e       0x7f ./Debug/player.c.o
 .comment       0x0000007e       0x7f ./Debug/sciTinyTimber.c.o
 .comment       0x0000007e       0x7f ./Debug/application.c.o
 .comment       0x0000007e       0x7f ./Debug/sioTinyTimber.c.o
 .comment       0x0000007e       0x7f ./Debug/driver_src_stm32f4xx_rcc.c.o
 .comment       0x0000007e       0x7f ./Debug/TinyTimber.c.o
 .comment       0x0000007e       0x7f ./Debug/startup.c.o
 .comment       0x0000007e       0x7f ./Debug/canTinyTimber.c.o

.ARM.attributes
                0x00000000       0x37
 .ARM.attributes
                0x00000000       0x39 ./Debug/driver_src_stm32f4xx_exti.c.o
 .ARM.attributes
                0x00000039       0x39 ./Debug/driver_src_stm32f4xx_can.c.o
 .ARM.attributes
                0x00000072       0x39 ./Debug/driver_src_stm32f4xx_usart.c.o
 .ARM.attributes
                0x000000ab       0x39 ./Debug/driver_src_stm32f4xx_tim.c.o
 .ARM.attributes
                0x000000e4       0x39 ./Debug/driver_src_stm32f4xx_dac.c.o
 .ARM.attributes
                0x0000011d       0x39 ./Debug/driver_src_stm32f4xx_syscfg.c.o
 .ARM.attributes
                0x00000156       0x39 ./Debug/driver_src_stm32f4xx_gpio.c.o
 .ARM.attributes
                0x0000018f       0x39 ./Debug/player.c.o
 .ARM.attributes
                0x000001c8       0x39 ./Debug/sciTinyTimber.c.o
 .ARM.attributes
                0x00000201       0x39 ./Debug/application.c.o
 .ARM.attributes
                0x0000023a       0x39 ./Debug/sioTinyTimber.c.o
 .ARM.attributes
                0x00000273       0x39 ./Debug/driver_src_stm32f4xx_rcc.c.o
 .ARM.attributes
                0x000002ac       0x39 ./Debug/TinyTimber.c.o
 .ARM.attributes
                0x000002e5       0x39 ./Debug/startup.c.o
 .ARM.attributes
                0x0000031e       0x25 ./Debug/dispatch.s.o
 .ARM.attributes
                0x00000343       0x39 ./Debug/canTinyTimber.c.o
 .ARM.attributes
                0x0000037c       0x34 c:/cseapp/codelite/tools/gcc-arm/bin/../lib/gcc/arm-none-eabi/7.2.1/../../../../arm-none-eabi/lib/thumb/v7e-m/fpv4-sp/hard\libc_nano.a(lib_a-atoi.o)
 .ARM.attributes
                0x000003b0       0x34 c:/cseapp/codelite/tools/gcc-arm/bin/../lib/gcc/arm-none-eabi/7.2.1/../../../../arm-none-eabi/lib/thumb/v7e-m/fpv4-sp/hard\libc_nano.a(lib_a-itoa.o)
 .ARM.attributes
                0x000003e4       0x34 c:/cseapp/codelite/tools/gcc-arm/bin/../lib/gcc/arm-none-eabi/7.2.1/../../../../arm-none-eabi/lib/thumb/v7e-m/fpv4-sp/hard\libc_nano.a(lib_a-snprintf.o)
 .ARM.attributes
                0x00000418       0x1b c:/cseapp/codelite/tools/gcc-arm/bin/../lib/gcc/arm-none-eabi/7.2.1/../../../../arm-none-eabi/lib/thumb/v7e-m/fpv4-sp/hard\libc_nano.a(lib_a-strlen.o)
 .ARM.attributes
                0x00000433       0x34 c:/cseapp/codelite/tools/gcc-arm/bin/../lib/gcc/arm-none-eabi/7.2.1/../../../../arm-none-eabi/lib/thumb/v7e-m/fpv4-sp/hard\libc_nano.a(lib_a-strtol.o)
 .ARM.attributes
                0x00000467       0x34 c:/cseapp/codelite/tools/gcc-arm/bin/../lib/gcc/arm-none-eabi/7.2.1/../../../../arm-none-eabi/lib/thumb/v7e-m/fpv4-sp/hard\libc_nano.a(lib_a-utoa.o)
 .ARM.attributes
                0x0000049b       0x34 c:/cseapp/codelite/tools/gcc-arm/bin/../lib/gcc/arm-none-eabi/7.2.1/../../../../arm-none-eabi/lib/thumb/v7e-m/fpv4-sp/hard\libc_nano.a(lib_a-impure.o)
 .ARM.attributes
                0x000004cf       0x34 c:/cseapp/codelite/tools/gcc-arm/bin/../lib/gcc/arm-none-eabi/7.2.1/../../../../arm-none-eabi/lib/thumb/v7e-m/fpv4-sp/hard\libc_nano.a(lib_a-locale.o)
 .ARM.attributes
                0x00000503       0x34 c:/cseapp/codelite/tools/gcc-arm/bin/../lib/gcc/arm-none-eabi/7.2.1/../../../../arm-none-eabi/lib/thumb/v7e-m/fpv4-sp/hard\libc_nano.a(lib_a-mbtowc_r.o)
 .ARM.attributes
                0x00000537       0x34 c:/cseapp/codelite/tools/gcc-arm/bin/../lib/gcc/arm-none-eabi/7.2.1/../../../../arm-none-eabi/lib/thumb/v7e-m/fpv4-sp/hard\libc_nano.a(lib_a-nano-svfprintf.o)
 .ARM.attributes
                0x0000056b       0x34 c:/cseapp/codelite/tools/gcc-arm/bin/../lib/gcc/arm-none-eabi/7.2.1/../../../../arm-none-eabi/lib/thumb/v7e-m/fpv4-sp/hard\libc_nano.a(lib_a-nano-vfprintf_i.o)
 .ARM.attributes
                0x0000059f       0x20 c:/cseapp/codelite/tools/gcc-arm/bin/../lib/gcc/arm-none-eabi/7.2.1/../../../../arm-none-eabi/lib/thumb/v7e-m/fpv4-sp/hard\libc_nano.a(lib_a-strcmp.o)
 .ARM.attributes
                0x000005bf       0x34 c:/cseapp/codelite/tools/gcc-arm/bin/../lib/gcc/arm-none-eabi/7.2.1/../../../../arm-none-eabi/lib/thumb/v7e-m/fpv4-sp/hard\libc_nano.a(lib_a-wctomb_r.o)
 .ARM.attributes
                0x000005f3       0x34 c:/cseapp/codelite/tools/gcc-arm/bin/../lib/gcc/arm-none-eabi/7.2.1/../../../../arm-none-eabi/lib/thumb/v7e-m/fpv4-sp/hard\libc_nano.a(lib_a-ctype_.o)
 .ARM.attributes
                0x00000627       0x20 c:/cseapp/codelite/tools/gcc-arm/bin/../lib/gcc/arm-none-eabi/7.2.1/../../../../arm-none-eabi/lib/thumb/v7e-m/fpv4-sp/hard\libc_nano.a(lib_a-memchr.o)
 .ARM.attributes
                0x00000647       0x34 c:/cseapp/codelite/tools/gcc-arm/bin/../lib/gcc/arm-none-eabi/7.2.1/../../../../arm-none-eabi/lib/thumb/v7e-m/fpv4-sp/hard\libc_nano.a(lib_a-memcpy-stub.o)
 .ARM.attributes
                0x0000067b       0x34 c:/cseapp/codelite/tools/gcc-arm/bin/../lib/gcc/arm-none-eabi/7.2.1/../../../../arm-none-eabi/lib/thumb/v7e-m/fpv4-sp/hard\libc_nano.a(lib_a-memmove.o)
 .ARM.attributes
                0x000006af       0x34 c:/cseapp/codelite/tools/gcc-arm/bin/../lib/gcc/arm-none-eabi/7.2.1/../../../../arm-none-eabi/lib/thumb/v7e-m/fpv4-sp/hard\libc_nano.a(lib_a-nano-freer.o)
 .ARM.attributes
                0x000006e3       0x34 c:/cseapp/codelite/tools/gcc-arm/bin/../lib/gcc/arm-none-eabi/7.2.1/../../../../arm-none-eabi/lib/thumb/v7e-m/fpv4-sp/hard\libc_nano.a(lib_a-nano-mallocr.o)
 .ARM.attributes
                0x00000717       0x34 c:/cseapp/codelite/tools/gcc-arm/bin/../lib/gcc/arm-none-eabi/7.2.1/../../../../arm-none-eabi/lib/thumb/v7e-m/fpv4-sp/hard\libc_nano.a(lib_a-nano-reallocr.o)
 .ARM.attributes
                0x0000074b       0x34 c:/cseapp/codelite/tools/gcc-arm/bin/../lib/gcc/arm-none-eabi/7.2.1/../../../../arm-none-eabi/lib/thumb/v7e-m/fpv4-sp/hard\libc_nano.a(lib_a-sbrkr.o)
 .ARM.attributes
                0x0000077f       0x34 c:/cseapp/codelite/tools/gcc-arm/bin/../lib/gcc/arm-none-eabi/7.2.1/../../../../arm-none-eabi/lib/thumb/v7e-m/fpv4-sp/hard\libc_nano.a(lib_a-mlock.o)
 .ARM.attributes
                0x000007b3       0x34 c:/cseapp/codelite/tools/gcc-arm/bin/../lib/gcc/arm-none-eabi/7.2.1/../../../../arm-none-eabi/lib/thumb/v7e-m/fpv4-sp/hard\libc_nano.a(lib_a-nano-msizer.o)
 .ARM.attributes
                0x000007e7       0x34 c:/cseapp/codelite/tools/gcc-arm/bin/../lib/gcc/arm-none-eabi/7.2.1/../../../../arm-none-eabi/lib/thumb/v7e-m/fpv4-sp/hard\libc_nano.a(lib_a-reent.o)

.debug_frame    0x00000000     0x3a30
 .debug_frame   0x00000000      0x148 ./Debug/driver_src_stm32f4xx_exti.c.o
 .debug_frame   0x00000148      0x3f4 ./Debug/driver_src_stm32f4xx_can.c.o
 .debug_frame   0x0000053c      0x490 ./Debug/driver_src_stm32f4xx_usart.c.o
 .debug_frame   0x000009cc      0xe54 ./Debug/driver_src_stm32f4xx_tim.c.o
 .debug_frame   0x00001820      0x2ac ./Debug/driver_src_stm32f4xx_dac.c.o
 .debug_frame   0x00001acc      0x11c ./Debug/driver_src_stm32f4xx_syscfg.c.o
 .debug_frame   0x00001be8      0x23c ./Debug/driver_src_stm32f4xx_gpio.c.o
 .debug_frame   0x00001e24      0x334 ./Debug/player.c.o
 .debug_frame   0x00002158      0x11c ./Debug/sciTinyTimber.c.o
 .debug_frame   0x00002274      0x158 ./Debug/application.c.o
 .debug_frame   0x000023cc      0x114 ./Debug/sioTinyTimber.c.o
 .debug_frame   0x000024e0      0x814 ./Debug/driver_src_stm32f4xx_rcc.c.o
 .debug_frame   0x00002cf4      0x57c ./Debug/TinyTimber.c.o
 .debug_frame   0x00003270      0x14c ./Debug/startup.c.o
 .debug_frame   0x000033bc      0x100 ./Debug/canTinyTimber.c.o
 .debug_frame   0x000034bc       0x30 c:/cseapp/codelite/tools/gcc-arm/bin/../lib/gcc/arm-none-eabi/7.2.1/../../../../arm-none-eabi/lib/thumb/v7e-m/fpv4-sp/hard\libc_nano.a(lib_a-atoi.o)
 .debug_frame   0x000034ec       0x38 c:/cseapp/codelite/tools/gcc-arm/bin/../lib/gcc/arm-none-eabi/7.2.1/../../../../arm-none-eabi/lib/thumb/v7e-m/fpv4-sp/hard\libc_nano.a(lib_a-itoa.o)
 .debug_frame   0x00003524       0x7c c:/cseapp/codelite/tools/gcc-arm/bin/../lib/gcc/arm-none-eabi/7.2.1/../../../../arm-none-eabi/lib/thumb/v7e-m/fpv4-sp/hard\libc_nano.a(lib_a-snprintf.o)
 .debug_frame   0x000035a0       0x84 c:/cseapp/codelite/tools/gcc-arm/bin/../lib/gcc/arm-none-eabi/7.2.1/../../../../arm-none-eabi/lib/thumb/v7e-m/fpv4-sp/hard\libc_nano.a(lib_a-strtol.o)
 .debug_frame   0x00003624       0x48 c:/cseapp/codelite/tools/gcc-arm/bin/../lib/gcc/arm-none-eabi/7.2.1/../../../../arm-none-eabi/lib/thumb/v7e-m/fpv4-sp/hard\libc_nano.a(lib_a-utoa.o)
 .debug_frame   0x0000366c       0x68 c:/cseapp/codelite/tools/gcc-arm/bin/../lib/gcc/arm-none-eabi/7.2.1/../../../../arm-none-eabi/lib/thumb/v7e-m/fpv4-sp/hard\libc_nano.a(lib_a-locale.o)
 .debug_frame   0x000036d4       0x48 c:/cseapp/codelite/tools/gcc-arm/bin/../lib/gcc/arm-none-eabi/7.2.1/../../../../arm-none-eabi/lib/thumb/v7e-m/fpv4-sp/hard\libc_nano.a(lib_a-mbtowc_r.o)
 .debug_frame   0x0000371c       0x90 c:/cseapp/codelite/tools/gcc-arm/bin/../lib/gcc/arm-none-eabi/7.2.1/../../../../arm-none-eabi/lib/thumb/v7e-m/fpv4-sp/hard\libc_nano.a(lib_a-nano-svfprintf.o)
 .debug_frame   0x000037ac       0x60 c:/cseapp/codelite/tools/gcc-arm/bin/../lib/gcc/arm-none-eabi/7.2.1/../../../../arm-none-eabi/lib/thumb/v7e-m/fpv4-sp/hard\libc_nano.a(lib_a-nano-vfprintf_i.o)
 .debug_frame   0x0000380c       0x20 c:/cseapp/codelite/tools/gcc-arm/bin/../lib/gcc/arm-none-eabi/7.2.1/../../../../arm-none-eabi/lib/thumb/v7e-m/fpv4-sp/hard\libc_nano.a(lib_a-strcmp.o)
 .debug_frame   0x0000382c       0x3c c:/cseapp/codelite/tools/gcc-arm/bin/../lib/gcc/arm-none-eabi/7.2.1/../../../../arm-none-eabi/lib/thumb/v7e-m/fpv4-sp/hard\libc_nano.a(lib_a-wctomb_r.o)
 .debug_frame   0x00003868       0x28 c:/cseapp/codelite/tools/gcc-arm/bin/../lib/gcc/arm-none-eabi/7.2.1/../../../../arm-none-eabi/lib/thumb/v7e-m/fpv4-sp/hard\libc_nano.a(lib_a-memcpy-stub.o)
 .debug_frame   0x00003890       0x28 c:/cseapp/codelite/tools/gcc-arm/bin/../lib/gcc/arm-none-eabi/7.2.1/../../../../arm-none-eabi/lib/thumb/v7e-m/fpv4-sp/hard\libc_nano.a(lib_a-memmove.o)
 .debug_frame   0x000038b8       0x38 c:/cseapp/codelite/tools/gcc-arm/bin/../lib/gcc/arm-none-eabi/7.2.1/../../../../arm-none-eabi/lib/thumb/v7e-m/fpv4-sp/hard\libc_nano.a(lib_a-nano-freer.o)
 .debug_frame   0x000038f0       0x2c c:/cseapp/codelite/tools/gcc-arm/bin/../lib/gcc/arm-none-eabi/7.2.1/../../../../arm-none-eabi/lib/thumb/v7e-m/fpv4-sp/hard\libc_nano.a(lib_a-nano-mallocr.o)
 .debug_frame   0x0000391c       0x3c c:/cseapp/codelite/tools/gcc-arm/bin/../lib/gcc/arm-none-eabi/7.2.1/../../../../arm-none-eabi/lib/thumb/v7e-m/fpv4-sp/hard\libc_nano.a(lib_a-nano-reallocr.o)
 .debug_frame   0x00003958       0x2c c:/cseapp/codelite/tools/gcc-arm/bin/../lib/gcc/arm-none-eabi/7.2.1/../../../../arm-none-eabi/lib/thumb/v7e-m/fpv4-sp/hard\libc_nano.a(lib_a-sbrkr.o)
 .debug_frame   0x00003984       0x30 c:/cseapp/codelite/tools/gcc-arm/bin/../lib/gcc/arm-none-eabi/7.2.1/../../../../arm-none-eabi/lib/thumb/v7e-m/fpv4-sp/hard\libc_nano.a(lib_a-mlock.o)
 .debug_frame   0x000039b4       0x20 c:/cseapp/codelite/tools/gcc-arm/bin/../lib/gcc/arm-none-eabi/7.2.1/../../../../arm-none-eabi/lib/thumb/v7e-m/fpv4-sp/hard\libc_nano.a(lib_a-nano-msizer.o)
 .debug_frame   0x000039d4       0x5c c:/cseapp/codelite/tools/gcc-arm/bin/../lib/gcc/arm-none-eabi/7.2.1/../../../../arm-none-eabi/lib/thumb/v7e-m/fpv4-sp/hard\libc_nano.a(lib_a-reent.o)

.debug_ranges   0x00000000       0x18
 .debug_ranges  0x00000000       0x18 ./Debug/startup.c.o

Cross Reference Table

Symbol                                            File
ABORT                                             ./Debug/TinyTimber.c.o
CAN_CancelTransmit                                ./Debug/driver_src_stm32f4xx_can.c.o
CAN_ClearFlag                                     ./Debug/driver_src_stm32f4xx_can.c.o
CAN_ClearITPendingBit                             ./Debug/driver_src_stm32f4xx_can.c.o
CAN_DBGFreeze                                     ./Debug/driver_src_stm32f4xx_can.c.o
CAN_DeInit                                        ./Debug/driver_src_stm32f4xx_can.c.o
                                                  ./Debug/startup.c.o
CAN_FIFORelease                                   ./Debug/driver_src_stm32f4xx_can.c.o
CAN_FilterInit                                    ./Debug/driver_src_stm32f4xx_can.c.o
                                                  ./Debug/startup.c.o
CAN_GetFlagStatus                                 ./Debug/driver_src_stm32f4xx_can.c.o
                                                  ./Debug/canTinyTimber.c.o
CAN_GetITStatus                                   ./Debug/driver_src_stm32f4xx_can.c.o
CAN_GetLSBTransmitErrorCounter                    ./Debug/driver_src_stm32f4xx_can.c.o
CAN_GetLastErrorCode                              ./Debug/driver_src_stm32f4xx_can.c.o
CAN_GetReceiveErrorCounter                        ./Debug/driver_src_stm32f4xx_can.c.o
CAN_ITConfig                                      ./Debug/driver_src_stm32f4xx_can.c.o
                                                  ./Debug/canTinyTimber.c.o
CAN_Init                                          ./Debug/driver_src_stm32f4xx_can.c.o
                                                  ./Debug/canTinyTimber.c.o
CAN_MessagePending                                ./Debug/driver_src_stm32f4xx_can.c.o
CAN_OperatingModeRequest                          ./Debug/driver_src_stm32f4xx_can.c.o
CAN_Receive                                       ./Debug/driver_src_stm32f4xx_can.c.o
                                                  ./Debug/canTinyTimber.c.o
CAN_SlaveStartBank                                ./Debug/driver_src_stm32f4xx_can.c.o
CAN_Sleep                                         ./Debug/driver_src_stm32f4xx_can.c.o
CAN_StructInit                                    ./Debug/driver_src_stm32f4xx_can.c.o
                                                  ./Debug/canTinyTimber.c.o
CAN_TTComModeCmd                                  ./Debug/driver_src_stm32f4xx_can.c.o
CAN_Transmit                                      ./Debug/driver_src_stm32f4xx_can.c.o
                                                  ./Debug/canTinyTimber.c.o
CAN_TransmitStatus                                ./Debug/driver_src_stm32f4xx_can.c.o
CAN_WakeUp                                        ./Debug/driver_src_stm32f4xx_can.c.o
CURRENT_OFFSET                                    ./Debug/TinyTimber.c.o
DAC_ClearFlag                                     ./Debug/driver_src_stm32f4xx_dac.c.o
DAC_ClearITPendingBit                             ./Debug/driver_src_stm32f4xx_dac.c.o
DAC_Cmd                                           ./Debug/driver_src_stm32f4xx_dac.c.o
                                                  ./Debug/startup.c.o
DAC_DMACmd                                        ./Debug/driver_src_stm32f4xx_dac.c.o
DAC_DeInit                                        ./Debug/driver_src_stm32f4xx_dac.c.o
                                                  ./Debug/startup.c.o
DAC_DualSoftwareTriggerCmd                        ./Debug/driver_src_stm32f4xx_dac.c.o
DAC_GetDataOutputValue                            ./Debug/driver_src_stm32f4xx_dac.c.o
DAC_GetFlagStatus                                 ./Debug/driver_src_stm32f4xx_dac.c.o
DAC_GetITStatus                                   ./Debug/driver_src_stm32f4xx_dac.c.o
DAC_ITConfig                                      ./Debug/driver_src_stm32f4xx_dac.c.o
DAC_Init                                          ./Debug/driver_src_stm32f4xx_dac.c.o
                                                  ./Debug/startup.c.o
DAC_SetChannel1Data                               ./Debug/driver_src_stm32f4xx_dac.c.o
DAC_SetChannel2Data                               ./Debug/driver_src_stm32f4xx_dac.c.o
                                                  ./Debug/startup.c.o
DAC_SetDualChannelData                            ./Debug/driver_src_stm32f4xx_dac.c.o
DAC_SoftwareTriggerCmd                            ./Debug/driver_src_stm32f4xx_dac.c.o
DAC_StructInit                                    ./Debug/driver_src_stm32f4xx_dac.c.o
                                                  ./Debug/startup.c.o
DAC_WaveGenerationCmd                             ./Debug/driver_src_stm32f4xx_dac.c.o
DUMP                                              ./Debug/TinyTimber.c.o
                                                  ./Debug/canTinyTimber.c.o
                                                  ./Debug/dispatch.s.o
                                                  ./Debug/sioTinyTimber.c.o
DUMPC                                             ./Debug/TinyTimber.c.o
DUMPD                                             ./Debug/TinyTimber.c.o
                                                  ./Debug/dispatch.s.o
DUMPH                                             ./Debug/TinyTimber.c.o
                                                  ./Debug/dispatch.s.o
EXTI_ClearFlag                                    ./Debug/driver_src_stm32f4xx_exti.c.o
EXTI_ClearITPendingBit                            ./Debug/driver_src_stm32f4xx_exti.c.o
                                                  ./Debug/sioTinyTimber.c.o
EXTI_DeInit                                       ./Debug/driver_src_stm32f4xx_exti.c.o
                                                  ./Debug/startup.c.o
EXTI_GenerateSWInterrupt                          ./Debug/driver_src_stm32f4xx_exti.c.o
EXTI_GetFlagStatus                                ./Debug/driver_src_stm32f4xx_exti.c.o
EXTI_GetITStatus                                  ./Debug/driver_src_stm32f4xx_exti.c.o
                                                  ./Debug/sioTinyTimber.c.o
EXTI_Init                                         ./Debug/driver_src_stm32f4xx_exti.c.o
                                                  ./Debug/startup.c.o
EXTI_StructInit                                   ./Debug/driver_src_stm32f4xx_exti.c.o
                                                  ./Debug/startup.c.o
GPIO_DeInit                                       ./Debug/driver_src_stm32f4xx_gpio.c.o
                                                  ./Debug/startup.c.o
GPIO_Init                                         ./Debug/driver_src_stm32f4xx_gpio.c.o
                                                  ./Debug/startup.c.o
GPIO_PinAFConfig                                  ./Debug/driver_src_stm32f4xx_gpio.c.o
                                                  ./Debug/startup.c.o
GPIO_PinLockConfig                                ./Debug/driver_src_stm32f4xx_gpio.c.o
GPIO_ReadInputData                                ./Debug/driver_src_stm32f4xx_gpio.c.o
GPIO_ReadInputDataBit                             ./Debug/driver_src_stm32f4xx_gpio.c.o
                                                  ./Debug/sioTinyTimber.c.o
GPIO_ReadOutputData                               ./Debug/driver_src_stm32f4xx_gpio.c.o
GPIO_ReadOutputDataBit                            ./Debug/driver_src_stm32f4xx_gpio.c.o
GPIO_ResetBits                                    ./Debug/driver_src_stm32f4xx_gpio.c.o
GPIO_SetBits                                      ./Debug/driver_src_stm32f4xx_gpio.c.o
GPIO_StructInit                                   ./Debug/driver_src_stm32f4xx_gpio.c.o
                                                  ./Debug/startup.c.o
GPIO_ToggleBits                                   ./Debug/driver_src_stm32f4xx_gpio.c.o
                                                  ./Debug/sioTinyTimber.c.o
GPIO_Write                                        ./Debug/driver_src_stm32f4xx_gpio.c.o
GPIO_WriteBit                                     ./Debug/driver_src_stm32f4xx_gpio.c.o
                                                  ./Debug/startup.c.o
                                                  ./Debug/TinyTimber.c.o
                                                  ./Debug/sioTinyTimber.c.o
RCC_AHB1PeriphClockCmd                            ./Debug/driver_src_stm32f4xx_rcc.c.o
                                                  ./Debug/startup.c.o
RCC_AHB1PeriphClockLPModeCmd                      ./Debug/driver_src_stm32f4xx_rcc.c.o
RCC_AHB1PeriphResetCmd                            ./Debug/driver_src_stm32f4xx_rcc.c.o
                                                  ./Debug/driver_src_stm32f4xx_gpio.c.o
RCC_AHB2PeriphClockCmd                            ./Debug/driver_src_stm32f4xx_rcc.c.o
RCC_AHB2PeriphClockLPModeCmd                      ./Debug/driver_src_stm32f4xx_rcc.c.o
RCC_AHB2PeriphResetCmd                            ./Debug/driver_src_stm32f4xx_rcc.c.o
RCC_AHB3PeriphClockCmd                            ./Debug/driver_src_stm32f4xx_rcc.c.o
RCC_AHB3PeriphClockLPModeCmd                      ./Debug/driver_src_stm32f4xx_rcc.c.o
RCC_AHB3PeriphResetCmd                            ./Debug/driver_src_stm32f4xx_rcc.c.o
RCC_APB1PeriphClockCmd                            ./Debug/driver_src_stm32f4xx_rcc.c.o
                                                  ./Debug/startup.c.o
RCC_APB1PeriphClockLPModeCmd                      ./Debug/driver_src_stm32f4xx_rcc.c.o
                                                  ./Debug/startup.c.o
RCC_APB1PeriphResetCmd                            ./Debug/driver_src_stm32f4xx_rcc.c.o
                                                  ./Debug/driver_src_stm32f4xx_dac.c.o
                                                  ./Debug/driver_src_stm32f4xx_tim.c.o
                                                  ./Debug/driver_src_stm32f4xx_usart.c.o
                                                  ./Debug/driver_src_stm32f4xx_can.c.o
RCC_APB2PeriphClockCmd                            ./Debug/driver_src_stm32f4xx_rcc.c.o
                                                  ./Debug/startup.c.o
RCC_APB2PeriphClockLPModeCmd                      ./Debug/driver_src_stm32f4xx_rcc.c.o
RCC_APB2PeriphResetCmd                            ./Debug/driver_src_stm32f4xx_rcc.c.o
                                                  ./Debug/driver_src_stm32f4xx_syscfg.c.o
                                                  ./Debug/driver_src_stm32f4xx_tim.c.o
                                                  ./Debug/driver_src_stm32f4xx_usart.c.o
RCC_AdjustHSICalibrationValue                     ./Debug/driver_src_stm32f4xx_rcc.c.o
RCC_BackupResetCmd                                ./Debug/driver_src_stm32f4xx_rcc.c.o
RCC_ClearFlag                                     ./Debug/driver_src_stm32f4xx_rcc.c.o
RCC_ClearITPendingBit                             ./Debug/driver_src_stm32f4xx_rcc.c.o
RCC_ClockSecuritySystemCmd                        ./Debug/driver_src_stm32f4xx_rcc.c.o
RCC_DeInit                                        ./Debug/driver_src_stm32f4xx_rcc.c.o
RCC_GetClocksFreq                                 ./Debug/driver_src_stm32f4xx_rcc.c.o
                                                  ./Debug/driver_src_stm32f4xx_usart.c.o
RCC_GetFlagStatus                                 ./Debug/driver_src_stm32f4xx_rcc.c.o
RCC_GetITStatus                                   ./Debug/driver_src_stm32f4xx_rcc.c.o
RCC_GetSYSCLKSource                               ./Debug/driver_src_stm32f4xx_rcc.c.o
RCC_HCLKConfig                                    ./Debug/driver_src_stm32f4xx_rcc.c.o
RCC_HSEConfig                                     ./Debug/driver_src_stm32f4xx_rcc.c.o
RCC_HSICmd                                        ./Debug/driver_src_stm32f4xx_rcc.c.o
RCC_I2SCLKConfig                                  ./Debug/driver_src_stm32f4xx_rcc.c.o
RCC_ITConfig                                      ./Debug/driver_src_stm32f4xx_rcc.c.o
RCC_LSEConfig                                     ./Debug/driver_src_stm32f4xx_rcc.c.o
RCC_LSICmd                                        ./Debug/driver_src_stm32f4xx_rcc.c.o
RCC_LTDCCLKDivConfig                              ./Debug/driver_src_stm32f4xx_rcc.c.o
RCC_MCO1Config                                    ./Debug/driver_src_stm32f4xx_rcc.c.o
RCC_MCO2Config                                    ./Debug/driver_src_stm32f4xx_rcc.c.o
RCC_PCLK1Config                                   ./Debug/driver_src_stm32f4xx_rcc.c.o
RCC_PCLK2Config                                   ./Debug/driver_src_stm32f4xx_rcc.c.o
RCC_PLLCmd                                        ./Debug/driver_src_stm32f4xx_rcc.c.o
RCC_PLLConfig                                     ./Debug/driver_src_stm32f4xx_rcc.c.o
RCC_PLLI2SCmd                                     ./Debug/driver_src_stm32f4xx_rcc.c.o
RCC_PLLI2SConfig                                  ./Debug/driver_src_stm32f4xx_rcc.c.o
RCC_PLLSAICmd                                     ./Debug/driver_src_stm32f4xx_rcc.c.o
RCC_PLLSAIConfig                                  ./Debug/driver_src_stm32f4xx_rcc.c.o
RCC_RTCCLKCmd                                     ./Debug/driver_src_stm32f4xx_rcc.c.o
RCC_RTCCLKConfig                                  ./Debug/driver_src_stm32f4xx_rcc.c.o
RCC_SAIBlockACLKConfig                            ./Debug/driver_src_stm32f4xx_rcc.c.o
RCC_SAIBlockBCLKConfig                            ./Debug/driver_src_stm32f4xx_rcc.c.o
RCC_SAIPLLI2SClkDivConfig                         ./Debug/driver_src_stm32f4xx_rcc.c.o
RCC_SAIPLLSAIClkDivConfig                         ./Debug/driver_src_stm32f4xx_rcc.c.o
RCC_SYSCLKConfig                                  ./Debug/driver_src_stm32f4xx_rcc.c.o
RCC_TIMCLKPresConfig                              ./Debug/driver_src_stm32f4xx_rcc.c.o
RCC_WaitForHSEStartUp                             ./Debug/driver_src_stm32f4xx_rcc.c.o
SETPC                                             ./Debug/TinyTimber.c.o
SETSTACK                                          ./Debug/TinyTimber.c.o
SYSCFG_CompensationCellCmd                        ./Debug/driver_src_stm32f4xx_syscfg.c.o
SYSCFG_DeInit                                     ./Debug/driver_src_stm32f4xx_syscfg.c.o
SYSCFG_ETH_MediaInterfaceConfig                   ./Debug/driver_src_stm32f4xx_syscfg.c.o
SYSCFG_EXTILineConfig                             ./Debug/driver_src_stm32f4xx_syscfg.c.o
                                                  ./Debug/startup.c.o
SYSCFG_GetCompensationCellStatus                  ./Debug/driver_src_stm32f4xx_syscfg.c.o
SYSCFG_MemoryRemapConfig                          ./Debug/driver_src_stm32f4xx_syscfg.c.o
SYSCFG_MemorySwappingBank                         ./Debug/driver_src_stm32f4xx_syscfg.c.o
TIMER_INIT                                        ./Debug/TinyTimber.c.o
TIM_ARRPreloadConfig                              ./Debug/driver_src_stm32f4xx_tim.c.o
TIM_BDTRConfig                                    ./Debug/driver_src_stm32f4xx_tim.c.o
TIM_BDTRStructInit                                ./Debug/driver_src_stm32f4xx_tim.c.o
TIM_CCPreloadControl                              ./Debug/driver_src_stm32f4xx_tim.c.o
TIM_CCxCmd                                        ./Debug/driver_src_stm32f4xx_tim.c.o
TIM_CCxNCmd                                       ./Debug/driver_src_stm32f4xx_tim.c.o
TIM_ClearFlag                                     ./Debug/driver_src_stm32f4xx_tim.c.o
TIM_ClearITPendingBit                             ./Debug/driver_src_stm32f4xx_tim.c.o
                                                  ./Debug/TinyTimber.c.o
TIM_ClearOC1Ref                                   ./Debug/driver_src_stm32f4xx_tim.c.o
TIM_ClearOC2Ref                                   ./Debug/driver_src_stm32f4xx_tim.c.o
TIM_ClearOC3Ref                                   ./Debug/driver_src_stm32f4xx_tim.c.o
TIM_ClearOC4Ref                                   ./Debug/driver_src_stm32f4xx_tim.c.o
TIM_Cmd                                           ./Debug/driver_src_stm32f4xx_tim.c.o
                                                  ./Debug/TinyTimber.c.o
TIM_CounterModeConfig                             ./Debug/driver_src_stm32f4xx_tim.c.o
TIM_CtrlPWMOutputs                                ./Debug/driver_src_stm32f4xx_tim.c.o
TIM_DMACmd                                        ./Debug/driver_src_stm32f4xx_tim.c.o
TIM_DMAConfig                                     ./Debug/driver_src_stm32f4xx_tim.c.o
TIM_DeInit                                        ./Debug/driver_src_stm32f4xx_tim.c.o
                                                  ./Debug/TinyTimber.c.o
TIM_ETRClockMode1Config                           ./Debug/driver_src_stm32f4xx_tim.c.o
TIM_ETRClockMode2Config                           ./Debug/driver_src_stm32f4xx_tim.c.o
TIM_ETRConfig                                     ./Debug/driver_src_stm32f4xx_tim.c.o
TIM_EncoderInterfaceConfig                        ./Debug/driver_src_stm32f4xx_tim.c.o
TIM_ForcedOC1Config                               ./Debug/driver_src_stm32f4xx_tim.c.o
TIM_ForcedOC2Config                               ./Debug/driver_src_stm32f4xx_tim.c.o
TIM_ForcedOC3Config                               ./Debug/driver_src_stm32f4xx_tim.c.o
TIM_ForcedOC4Config                               ./Debug/driver_src_stm32f4xx_tim.c.o
TIM_GenerateEvent                                 ./Debug/driver_src_stm32f4xx_tim.c.o
TIM_GetCapture1                                   ./Debug/driver_src_stm32f4xx_tim.c.o
TIM_GetCapture2                                   ./Debug/driver_src_stm32f4xx_tim.c.o
TIM_GetCapture3                                   ./Debug/driver_src_stm32f4xx_tim.c.o
TIM_GetCapture4                                   ./Debug/driver_src_stm32f4xx_tim.c.o
TIM_GetCounter                                    ./Debug/driver_src_stm32f4xx_tim.c.o
                                                  ./Debug/TinyTimber.c.o
TIM_GetFlagStatus                                 ./Debug/driver_src_stm32f4xx_tim.c.o
TIM_GetITStatus                                   ./Debug/driver_src_stm32f4xx_tim.c.o
TIM_GetPrescaler                                  ./Debug/driver_src_stm32f4xx_tim.c.o
TIM_ICInit                                        ./Debug/driver_src_stm32f4xx_tim.c.o
TIM_ICStructInit                                  ./Debug/driver_src_stm32f4xx_tim.c.o
TIM_ITConfig                                      ./Debug/driver_src_stm32f4xx_tim.c.o
                                                  ./Debug/TinyTimber.c.o
TIM_ITRxExternalClockConfig                       ./Debug/driver_src_stm32f4xx_tim.c.o
TIM_InternalClockConfig                           ./Debug/driver_src_stm32f4xx_tim.c.o
TIM_OC1FastConfig                                 ./Debug/driver_src_stm32f4xx_tim.c.o
TIM_OC1Init                                       ./Debug/driver_src_stm32f4xx_tim.c.o
TIM_OC1NPolarityConfig                            ./Debug/driver_src_stm32f4xx_tim.c.o
TIM_OC1PolarityConfig                             ./Debug/driver_src_stm32f4xx_tim.c.o
TIM_OC1PreloadConfig                              ./Debug/driver_src_stm32f4xx_tim.c.o
TIM_OC2FastConfig                                 ./Debug/driver_src_stm32f4xx_tim.c.o
TIM_OC2Init                                       ./Debug/driver_src_stm32f4xx_tim.c.o
TIM_OC2NPolarityConfig                            ./Debug/driver_src_stm32f4xx_tim.c.o
TIM_OC2PolarityConfig                             ./Debug/driver_src_stm32f4xx_tim.c.o
TIM_OC2PreloadConfig                              ./Debug/driver_src_stm32f4xx_tim.c.o
TIM_OC3FastConfig                                 ./Debug/driver_src_stm32f4xx_tim.c.o
TIM_OC3Init                                       ./Debug/driver_src_stm32f4xx_tim.c.o
TIM_OC3NPolarityConfig                            ./Debug/driver_src_stm32f4xx_tim.c.o
TIM_OC3PolarityConfig                             ./Debug/driver_src_stm32f4xx_tim.c.o
TIM_OC3PreloadConfig                              ./Debug/driver_src_stm32f4xx_tim.c.o
TIM_OC4FastConfig                                 ./Debug/driver_src_stm32f4xx_tim.c.o
TIM_OC4Init                                       ./Debug/driver_src_stm32f4xx_tim.c.o
TIM_OC4PolarityConfig                             ./Debug/driver_src_stm32f4xx_tim.c.o
TIM_OC4PreloadConfig                              ./Debug/driver_src_stm32f4xx_tim.c.o
TIM_OCStructInit                                  ./Debug/driver_src_stm32f4xx_tim.c.o