Archive member included to satisfy reference by file (symbol)

/home/hanna/Documents/gcc-arm-none-eabi-8-2018-q4-major-linux/gcc-arm-none-eabi-8-2018-q4-major/bin/../lib/gcc/arm-none-eabi/8.2.1/../../../../arm-none-eabi/lib/thumb/v7e-m+fp/hard/libc_nano.a(lib_a-atoi.o)
                              ./Debug/application.c.o (atoi)
/home/hanna/Documents/gcc-arm-none-eabi-8-2018-q4-major-linux/gcc-arm-none-eabi-8-2018-q4-major/bin/../lib/gcc/arm-none-eabi/8.2.1/../../../../arm-none-eabi/lib/thumb/v7e-m+fp/hard/libc_nano.a(lib_a-snprintf.o)
                              ./Debug/application.c.o (snprintf)
/home/hanna/Documents/gcc-arm-none-eabi-8-2018-q4-major-linux/gcc-arm-none-eabi-8-2018-q4-major/bin/../lib/gcc/arm-none-eabi/8.2.1/../../../../arm-none-eabi/lib/thumb/v7e-m+fp/hard/libc_nano.a(lib_a-strlen.o)
                              ./Debug/application.c.o (strlen)
/home/hanna/Documents/gcc-arm-none-eabi-8-2018-q4-major-linux/gcc-arm-none-eabi-8-2018-q4-major/bin/../lib/gcc/arm-none-eabi/8.2.1/../../../../arm-none-eabi/lib/thumb/v7e-m+fp/hard/libc_nano.a(lib_a-strtol.o)
                              /home/hanna/Documents/gcc-arm-none-eabi-8-2018-q4-major-linux/gcc-arm-none-eabi-8-2018-q4-major/bin/../lib/gcc/arm-none-eabi/8.2.1/../../../../arm-none-eabi/lib/thumb/v7e-m+fp/hard/libc_nano.a(lib_a-atoi.o) (_strtol_r)
/home/hanna/Documents/gcc-arm-none-eabi-8-2018-q4-major-linux/gcc-arm-none-eabi-8-2018-q4-major/bin/../lib/gcc/arm-none-eabi/8.2.1/../../../../arm-none-eabi/lib/thumb/v7e-m+fp/hard/libc_nano.a(lib_a-ctype_.o)
                              /home/hanna/Documents/gcc-arm-none-eabi-8-2018-q4-major-linux/gcc-arm-none-eabi-8-2018-q4-major/bin/../lib/gcc/arm-none-eabi/8.2.1/../../../../arm-none-eabi/lib/thumb/v7e-m+fp/hard/libc_nano.a(lib_a-strtol.o) (_ctype_)
/home/hanna/Documents/gcc-arm-none-eabi-8-2018-q4-major-linux/gcc-arm-none-eabi-8-2018-q4-major/bin/../lib/gcc/arm-none-eabi/8.2.1/../../../../arm-none-eabi/lib/thumb/v7e-m+fp/hard/libc_nano.a(lib_a-impure.o)
                              /home/hanna/Documents/gcc-arm-none-eabi-8-2018-q4-major-linux/gcc-arm-none-eabi-8-2018-q4-major/bin/../lib/gcc/arm-none-eabi/8.2.1/../../../../arm-none-eabi/lib/thumb/v7e-m+fp/hard/libc_nano.a(lib_a-snprintf.o) (_impure_ptr)
/home/hanna/Documents/gcc-arm-none-eabi-8-2018-q4-major-linux/gcc-arm-none-eabi-8-2018-q4-major/bin/../lib/gcc/arm-none-eabi/8.2.1/../../../../arm-none-eabi/lib/thumb/v7e-m+fp/hard/libc_nano.a(lib_a-nano-svfprintf.o)
                              /home/hanna/Documents/gcc-arm-none-eabi-8-2018-q4-major-linux/gcc-arm-none-eabi-8-2018-q4-major/bin/../lib/gcc/arm-none-eabi/8.2.1/../../../../arm-none-eabi/lib/thumb/v7e-m+fp/hard/libc_nano.a(lib_a-snprintf.o) (_svfprintf_r)
/home/hanna/Documents/gcc-arm-none-eabi-8-2018-q4-major-linux/gcc-arm-none-eabi-8-2018-q4-major/bin/../lib/gcc/arm-none-eabi/8.2.1/../../../../arm-none-eabi/lib/thumb/v7e-m+fp/hard/libc_nano.a(lib_a-nano-vfprintf_i.o)
                              /home/hanna/Documents/gcc-arm-none-eabi-8-2018-q4-major-linux/gcc-arm-none-eabi-8-2018-q4-major/bin/../lib/gcc/arm-none-eabi/8.2.1/../../../../arm-none-eabi/lib/thumb/v7e-m+fp/hard/libc_nano.a(lib_a-nano-svfprintf.o) (_printf_i)
/home/hanna/Documents/gcc-arm-none-eabi-8-2018-q4-major-linux/gcc-arm-none-eabi-8-2018-q4-major/bin/../lib/gcc/arm-none-eabi/8.2.1/../../../../arm-none-eabi/lib/thumb/v7e-m+fp/hard/libc_nano.a(lib_a-memchr.o)
                              /home/hanna/Documents/gcc-arm-none-eabi-8-2018-q4-major-linux/gcc-arm-none-eabi-8-2018-q4-major/bin/../lib/gcc/arm-none-eabi/8.2.1/../../../../arm-none-eabi/lib/thumb/v7e-m+fp/hard/libc_nano.a(lib_a-nano-svfprintf.o) (memchr)
/home/hanna/Documents/gcc-arm-none-eabi-8-2018-q4-major-linux/gcc-arm-none-eabi-8-2018-q4-major/bin/../lib/gcc/arm-none-eabi/8.2.1/../../../../arm-none-eabi/lib/thumb/v7e-m+fp/hard/libc_nano.a(lib_a-memcpy-stub.o)
                              /home/hanna/Documents/gcc-arm-none-eabi-8-2018-q4-major-linux/gcc-arm-none-eabi-8-2018-q4-major/bin/../lib/gcc/arm-none-eabi/8.2.1/../../../../arm-none-eabi/lib/thumb/v7e-m+fp/hard/libc_nano.a(lib_a-nano-svfprintf.o) (memcpy)
/home/hanna/Documents/gcc-arm-none-eabi-8-2018-q4-major-linux/gcc-arm-none-eabi-8-2018-q4-major/bin/../lib/gcc/arm-none-eabi/8.2.1/../../../../arm-none-eabi/lib/thumb/v7e-m+fp/hard/libc_nano.a(lib_a-memmove.o)
                              /home/hanna/Documents/gcc-arm-none-eabi-8-2018-q4-major-linux/gcc-arm-none-eabi-8-2018-q4-major/bin/../lib/gcc/arm-none-eabi/8.2.1/../../../../arm-none-eabi/lib/thumb/v7e-m+fp/hard/libc_nano.a(lib_a-nano-svfprintf.o) (memmove)
/home/hanna/Documents/gcc-arm-none-eabi-8-2018-q4-major-linux/gcc-arm-none-eabi-8-2018-q4-major/bin/../lib/gcc/arm-none-eabi/8.2.1/../../../../arm-none-eabi/lib/thumb/v7e-m+fp/hard/libc_nano.a(lib_a-nano-freer.o)
[...]
Memory Configuration

Name             Origin             Length             Attributes
RAM              0x0000000020000000 0x000000000001c000 xrw
*default*        0x0000000000000000 0xffffffffffffffff

Linker script and memory map

LOAD ./Debug/driver_src_stm32f4xx_syscfg.c.o
LOAD ./Debug/driver_src_stm32f4xx_usart.c.o
LOAD ./Debug/driver_src_stm32f4xx_tim.c.o
LOAD ./Debug/driver_src_stm32f4xx_gpio.c.o
LOAD ./Debug/driver_src_stm32f4xx_dac.c.o
LOAD ./Debug/player.c.o
LOAD ./Debug/driver_src_stm32f4xx_can.c.o
LOAD ./Debug/TinyTimber.c.o
LOAD ./Debug/driver_src_stm32f4xx_exti.c.o
LOAD ./Debug/sioTinyTimber.c.o
LOAD ./Debug/dispatch.s.o
LOAD ./Debug/startup.c.o
LOAD ./Debug/application.c.o
LOAD ./Debug/sciTinyTimber.c.o
LOAD ./Debug/canTinyTimber.c.o
LOAD ./Debug/driver_src_stm32f4xx_rcc.c.o
LOAD /home/hanna/Documents/gcc-arm-none-eabi-8-2018-q4-major-linux/gcc-arm-none-eabi-8-2018-q4-major/bin/../lib/gcc/arm-none-eabi/8.2.1/../../../../arm-none-eabi/lib/thumb/v7e-m+fp/hard/libstdc++_nano.a
LOAD /home/hanna/Documents/gcc-arm-none-eabi-8-2018-q4-major-linux/gcc-arm-none-eabi-8-2018-q4-major/bin/../lib/gcc/arm-none-eabi/8.2.1/../../../../arm-none-eabi/lib/thumb/v7e-m+fp/hard/libm.a
START GROUP
LOAD /home/hanna/Documents/gcc-arm-none-eabi-8-2018-q4-major-linux/gcc-arm-none-eabi-8-2018-q4-major/bin/../lib/gcc/arm-none-eabi/8.2.1/thumb/v7e-m+fp/hard/libgcc.a
LOAD /home/hanna/Documents/gcc-arm-none-eabi-8-2018-q4-major-linux/gcc-arm-none-eabi-8-2018-q4-major/bin/../lib/gcc/arm-none-eabi/8.2.1/../../../../arm-none-eabi/lib/thumb/v7e-m+fp/hard/libc_nano.a
END GROUP
START GROUP
LOAD /home/hanna/Documents/gcc-arm-none-eabi-8-2018-q4-major-linux/gcc-arm-none-eabi-8-2018-q4-major/bin/../lib/gcc/arm-none-eabi/8.2.1/thumb/v7e-m+fp/hard/libgcc.a
LOAD /home/hanna/Documents/gcc-arm-none-eabi-8-2018-q4-major-linux/gcc-arm-none-eabi-8-2018-q4-major/bin/../lib/gcc/arm-none-eabi/8.2.1/../../../../arm-none-eabi/lib/thumb/v7e-m+fp/hard/libc_nano.a
END GROUP

.text           0x0000000020000000     0x84ec
                0x0000000020000000                . = ALIGN (0x4)
 *(.start_section)
 .start_section
                0x0000000020000000       0x1c ./Debug/startup.c.o
                0x0000000020000000                startup
 *(.text)
 .text          0x000000002000001c      0x154 ./Debug/driver_src_stm32f4xx_syscfg.c.o
                0x000000002000001c                SYSCFG_DeInit
                0x0000000020000038                SYSCFG_MemoryRemapConfig
                0x0000000020000058                SYSCFG_MemorySwappingBank
                0x0000000020000078                SYSCFG_EXTILineConfig
                0x00000000200000fc                SYSCFG_ETH_MediaInterfaceConfig
                0x000000002000011c                SYSCFG_CompensationCellCmd
                0x000000002000013c                SYSCFG_GetCompensationCellStatus
 .text          0x0000000020000170      0x970 ./Debug/driver_src_stm32f4xx_usart.c.o
                0x0000000020000170                USART_DeInit
                0x0000000020000288                USART_Init
                0x00000000200003fc                USART_StructInit
                0x0000000020000436                USART_ClockInit
                0x000000002000048c                USART_ClockStructInit
                0x00000000200004b8                USART_Cmd
                0x00000000200004f8                USART_SetPrescaler
                0x0000000020000532                USART_OverSampling8Cmd
                0x0000000020000576                USART_OneBitMethodCmd
                0x00000000200005b6                USART_SendData
                0x00000000200005da                USART_ReceiveData
                0x00000000200005fa                USART_SetAddress
                0x0000000020000634                USART_ReceiverWakeUpCmd
                0x0000000020000674                USART_WakeUpConfig
                0x00000000200006ac                USART_LINBreakDetectLengthConfig
                0x00000000200006e4                USART_LINCmd
                0x0000000020000724                USART_SendBreak
                0x0000000020000748                USART_HalfDuplexCmd
                0x0000000020000788                USART_SetGuardTime
                0x00000000200007c4                USART_SmartCardCmd
                0x0000000020000804                USART_SmartCardNACKCmd
                0x0000000020000844                USART_IrDAConfig
                0x000000002000087c                USART_IrDACmd
                0x00000000200008bc                USART_DMACmd
                0x0000000020000904                USART_ITConfig
                0x0000000020000994                USART_GetFlagStatus
                0x00000000200009cc                USART_ClearFlag
                0x00000000200009ee                USART_GetITStatus
                0x0000000020000aa4                USART_ClearITPendingBit
 .text          0x0000000020000ae0     0x1c18 ./Debug/driver_src_stm32f4xx_tim.c.o
                0x0000000020000ae0                TIM_DeInit
                0x0000000020000ca0                TIM_TimeBaseInit
                0x0000000020000d78                TIM_TimeBaseStructInit
                0x0000000020000dac                TIM_PrescalerConfig
                0x0000000020000dd4                TIM_CounterModeConfig
                0x0000000020000e0c                TIM_SetCounter
                0x0000000020000e28                TIM_SetAutoreload
                0x0000000020000e44                TIM_GetCounter
                0x0000000020000e5c                TIM_GetPrescaler
                0x0000000020000e76                TIM_UpdateDisableConfig
                0x0000000020000eb6                TIM_UpdateRequestConfig
                0x0000000020000ef6                TIM_ARRPreloadConfig
                0x0000000020000f36                TIM_SelectOnePulseMode
                0x0000000020000f6e                TIM_SetClockDivision
                0x0000000020000fa6                TIM_Cmd
                0x0000000020000fe6                TIM_OC1Init
                0x00000000200010dc                TIM_OC2Init
                0x00000000200011ec                TIM_OC3Init
                0x00000000200012f8                TIM_OC4Init
                0x00000000200013c8                TIM_OCStructInit
                0x000000002000140c                TIM_SelectOCxM
                0x00000000200014c0                TIM_SetCompare1
                0x00000000200014dc                TIM_SetCompare2
                0x00000000200014f8                TIM_SetCompare3
                0x0000000020001514                TIM_SetCompare4
                0x0000000020001530                TIM_ForcedOC1Config
                0x0000000020001568                TIM_ForcedOC2Config
                0x00000000200015a4                TIM_ForcedOC3Config
                0x00000000200015dc                TIM_ForcedOC4Config
                0x0000000020001618                TIM_OC1PreloadConfig
                0x0000000020001650                TIM_OC2PreloadConfig
                0x000000002000168c                TIM_OC3PreloadConfig
                0x00000000200016c4                TIM_OC4PreloadConfig
                0x0000000020001700                TIM_OC1FastConfig
                0x0000000020001738                TIM_OC2FastConfig
                0x0000000020001774                TIM_OC3FastConfig
                0x00000000200017ac                TIM_OC4FastConfig
                0x00000000200017e8                TIM_ClearOC1Ref
                0x0000000020001820                TIM_ClearOC2Ref
                0x000000002000185c                TIM_ClearOC3Ref
                0x0000000020001894                TIM_ClearOC4Ref
                0x00000000200018d0                TIM_OC1PolarityConfig
                0x0000000020001908                TIM_OC1NPolarityConfig
                0x0000000020001940                TIM_OC2PolarityConfig
                0x000000002000197c                TIM_OC2NPolarityConfig
                0x00000000200019b8                TIM_OC3PolarityConfig
                0x00000000200019f4                TIM_OC3NPolarityConfig
                0x0000000020001a30                TIM_OC4PolarityConfig
                0x0000000020001a6c                TIM_CCxCmd
                0x0000000020001ac2                TIM_CCxNCmd
                0x0000000020001b18                TIM_ICInit
                0x0000000020001bc0                TIM_ICStructInit
                0x0000000020001bf2                TIM_PWMIConfig
                0x0000000020001caa                TIM_GetCapture1
                0x0000000020001cc2                TIM_GetCapture2
                0x0000000020001cda                TIM_GetCapture3
                0x0000000020001cf2                TIM_GetCapture4
                0x0000000020001d0a                TIM_SetIC1Prescaler
                0x0000000020001d42                TIM_SetIC2Prescaler
                0x0000000020001d7e                TIM_SetIC3Prescaler
                0x0000000020001db6                TIM_SetIC4Prescaler
                0x0000000020001df2                TIM_BDTRConfig
                0x0000000020001e42                TIM_BDTRStructInit
                0x0000000020001e80                TIM_CtrlPWMOutputs
                0x0000000020001ecc                TIM_SelectCOM
                0x0000000020001f0c                TIM_CCPreloadControl
                0x0000000020001f4c                TIM_ITConfig
                0x0000000020001f94                TIM_GenerateEvent
                0x0000000020001fb2                TIM_GetFlagStatus
                0x0000000020001fea                TIM_ClearFlag
                0x000000002000200c                TIM_GetITStatus
                0x0000000020002060                TIM_ClearITPendingBit
                0x0000000020002082                TIM_DMAConfig
                0x00000000200020ac                TIM_DMACmd
                0x00000000200020f4                TIM_SelectCCDMA
                0x0000000020002134                TIM_InternalClockConfig
                0x0000000020002158                TIM_ITRxExternalClockConfig
                0x0000000020002186                TIM_TIxExternalClockConfig
                0x00000000200021e2                TIM_ETRClockMode1Config
                0x0000000020002240                TIM_ETRClockMode2Config
                0x000000002000227e                TIM_SelectInputTrigger
                0x00000000200022b6                TIM_SelectOutputTrigger
                0x00000000200022ee                TIM_SelectSlaveMode
                0x0000000020002326                TIM_SelectMasterSlaveMode
                0x000000002000235e                TIM_ETRConfig
                0x00000000200023b2                TIM_EncoderInterfaceConfig
                0x000000002000244a                TIM_SelectHallSensor
                0x000000002000248a                TIM_RemapConfig
 .text          0x00000000200026f8      0x4d4 ./Debug/driver_src_stm32f4xx_gpio.c.o
                0x00000000200026f8                GPIO_DeInit
                0x000000002000285c                GPIO_Init
                0x0000000020002978                GPIO_StructInit
                0x00000000200029ac                GPIO_PinLockConfig
                0x00000000200029f0                GPIO_ReadInputDataBit
                0x0000000020002a24                GPIO_ReadInputData
                0x0000000020002a3e                GPIO_ReadOutputDataBit
                0x0000000020002a72                GPIO_ReadOutputData
                0x0000000020002a8c                GPIO_SetBits
                0x0000000020002aaa                GPIO_ResetBits
                0x0000000020002ac8                GPIO_WriteBit
                0x0000000020002af8                GPIO_Write
                0x0000000020002b16                GPIO_ToggleBits
                0x0000000020002b3a                GPIO_PinAFConfig
 .text          0x0000000020002bcc      0x450 ./Debug/driver_src_stm32f4xx_dac.c.o
                0x0000000020002bcc                DAC_DeInit
                0x0000000020002be8                DAC_Init
                0x0000000020002c50                DAC_StructInit
                0x0000000020002c7c                DAC_Cmd
                0x0000000020002cc8                DAC_SoftwareTriggerCmd
                0x0000000020002d18                DAC_DualSoftwareTriggerCmd
                0x0000000020002d54                DAC_WaveGenerationCmd
                0x0000000020002da0                DAC_SetChannel1Data
                0x0000000020002dd8                DAC_SetChannel2Data
                0x0000000020002e10                DAC_SetDualChannelData
                0x0000000020002e68                DAC_GetDataOutputValue
                0x0000000020002e9c                DAC_DMACmd
                0x0000000020002eec                DAC_ITConfig
                0x0000000020002f38                DAC_GetFlagStatus
                0x0000000020002f74                DAC_ClearFlag
                0x0000000020002f9c                DAC_GetITStatus
                0x0000000020002ff4                DAC_ClearITPendingBit
 .text          0x000000002000301c      0x48c ./Debug/player.c.o
                0x000000002000301c                startToneTask
                0x0000000020003054                runToneTask
                0x00000000200030ac                killToneTask
                0x00000000200030c8                setPeriod
                0x00000000200030f4                setDeadline
                0x0000000020003120                setToneVolume
                0x0000000020003158                startPlayer
                0x0000000020003214                runPlayer
                0x00000000200032e4                setToneTask
                0x0000000020003300                setKey
                0x000000002000333c                incKey
                0x000000002000335a                decKey
                0x0000000020003378                setTempo
                0x00000000200033b0                incTempo
                0x00000000200033ce                decTempo
                0x00000000200033ec                setVolume
                0x0000000020003414                incVolume
                0x0000000020003434                decVolume
                0x0000000020003454                mute
                0x0000000020003470                unmute
                0x000000002000348c                isMuted
 .text          0x00000000200034a8     0x1020 ./Debug/driver_src_stm32f4xx_can.c.o
                0x00000000200034a8                CAN_DeInit
                0x00000000200034f0                CAN_Init
                0x0000000020003692                CAN_FilterInit
                0x0000000020003818                CAN_StructInit
                0x000000002000386e                CAN_SlaveStartBank
                0x00000000200038d0                CAN_DBGFreeze
                0x0000000020003908                CAN_TTComModeCmd
                0x00000000200039a0                CAN_Transmit
                0x0000000020003b42                CAN_TransmitStatus
                0x0000000020003c24                CAN_CancelTransmit
                0x0000000020003c76                CAN_Receive
                0x0000000020003df2                CAN_FIFORelease
                0x0000000020003e2a                CAN_MessagePending
                0x0000000020003e74                CAN_OperatingModeRequest
                0x0000000020003f70                CAN_Sleep
                0x0000000020003faa                CAN_WakeUp
                0x0000000020004000                CAN_GetLastErrorCode
                0x0000000020004026                CAN_GetReceiveErrorCounter
                0x0000000020004048                CAN_GetLSBTransmitErrorCounter
                0x000000002000406a                CAN_ITConfig
                0x00000000200040a6                CAN_GetFlagStatus
                0x0000000020004174                CAN_ClearFlag
                0x00000000200041e8                CAN_GetITStatus
                0x000000002000439c                CAN_ClearITPendingBit
 .text          0x00000000200044c8      0xf48 ./Debug/TinyTimber.c.o
                0x0000000020004550                DUMP
                0x0000000020004588                DUMPH
                0x00000000200045e4                DUMPD
                0x0000000020004688                sei
                0x00000000200046a4                cli
                0x00000000200046c0                _sbrk
                0x0000000020004704                SETSTACK
                0x000000002000476c                SETPC
                0x0000000020004790                TIMER_INIT
                0x0000000020004828                DUMPC
                0x000000002000485c                vect_USART1
                0x00000000200048c4                vect_CAN1
                0x000000002000492c                vect_EXTI9_5
                0x0000000020004994                enqueueByDeadline
                0x00000000200049ec                enqueueByBaseline
                0x0000000020004a44                dequeue
                0x0000000020004a94                dequeue_pool
                0x0000000020004ae4                insert
                0x0000000020004b08                push
                0x0000000020004b2c                pop
                0x0000000020004bae                vect_TIM5
                0x0000000020004c40                __svc_dispatch
                0x0000000020004c50                __pendSV_dispatch
                0x0000000020004dc0                async
                0x0000000020004efc                sync
                0x0000000020005008                ABORT
                0x00000000200050bc                T_RESET
                0x00000000200050f8                T_SAMPLE
                0x0000000020005138                CURRENT_OFFSET
                0x00000000200052e4                install
                0x00000000200053ac                tinytimber
 .text          0x0000000020005410      0x210 ./Debug/driver_src_stm32f4xx_exti.c.o
                0x0000000020005410                EXTI_DeInit
                0x0000000020005444                EXTI_Init
                0x0000000020005528                EXTI_StructInit
                0x0000000020005554                EXTI_GenerateSWInterrupt
                0x0000000020005578                EXTI_GetFlagStatus
                0x00000000200055ac                EXTI_ClearFlag
                0x00000000200055cc                EXTI_GetITStatus
                0x0000000020005600                EXTI_ClearITPendingBit
 .text          0x0000000020005620      0x174 ./Debug/sioTinyTimber.c.o
                0x00000000200056a8                sio_init
                0x00000000200056d8                sio_read
                0x00000000200056f8                sio_write
                0x000000002000571a                sio_toggle
                0x0000000020005738                sio_interrupt
 .text          0x0000000020005794       0xf4 ./Debug/dispatch.s.o
                0x0000000020005794                vect_SVCall
                0x0000000020005798                vect_PendSV
 .text          0x0000000020005888      0x32c ./Debug/startup.c.o
 .text          0x0000000020005bb4      0x638 ./Debug/application.c.o
                0x0000000020005bb4                canBufferInit
                0x0000000020005be0                runCANBufferTask
                0x0000000020005c5c                setPlayer
                0x0000000020005c78                printCANMsg
                0x0000000020005cdc                receiver
                0x0000000020005dd8                reader
                0x0000000020005f04                buttonPressed
                0x0000000020006118                startApp
                0x0000000020006180                main
 .text          0x00000000200061ec      0x294 ./Debug/sciTinyTimber.c.o
                0x0000000020006274                sci_init
                0x000000002000631a                sci_write
                0x000000002000636e                sci_writechar
                0x00000000200063a4                sci_interrupt
 .text          0x0000000020006480      0x430 ./Debug/canTinyTimber.c.o
                0x0000000020006508                can_init
                0x00000000200065c8                can_interrupt
                0x0000000020006744                can_receive
                0x0000000020006806                can_send
 .text          0x00000000200068b0      0xca8 ./Debug/driver_src_stm32f4xx_rcc.c.o
                0x00000000200068b0                RCC_DeInit
                0x0000000020006920                RCC_HSEConfig
                0x0000000020006948                RCC_WaitForHSEStartUp
                0x0000000020006998                RCC_AdjustHSICalibrationValue
                0x00000000200069d4                RCC_HSICmd
                0x00000000200069f4                RCC_LSEConfig
                0x0000000020006a38                RCC_LSICmd
                0x0000000020006a58                RCC_PLLConfig
                0x0000000020006a98                RCC_PLLCmd
                0x0000000020006ab8                RCC_PLLI2SConfig
                0x0000000020006ae4                RCC_PLLI2SCmd
                0x0000000020006b04                RCC_PLLSAIConfig
                0x0000000020006b38                RCC_PLLSAICmd
                0x0000000020006b58                RCC_ClockSecuritySystemCmd
                0x0000000020006b78                RCC_MCO1Config
                0x0000000020006bb8                RCC_MCO2Config
                0x0000000020006bf8                RCC_SYSCLKConfig
                0x0000000020006c30                RCC_GetSYSCLKSource
                0x0000000020006c50                RCC_HCLKConfig
                0x0000000020006c88                RCC_PCLK1Config
                0x0000000020006cc0                RCC_PCLK2Config
                0x0000000020006cfc                RCC_GetClocksFreq
                0x0000000020006e50                RCC_RTCCLKConfig
                0x0000000020006eac                RCC_RTCCLKCmd
                0x0000000020006ecc                RCC_BackupResetCmd
                0x0000000020006eec                RCC_I2SCLKConfig
                0x0000000020006f0c                RCC_SAIPLLI2SClkDivConfig
                0x0000000020006f4c                RCC_SAIPLLSAIClkDivConfig
                0x0000000020006f8c                RCC_SAIBlockACLKConfig
                0x0000000020006fc8                RCC_SAIBlockBCLKConfig
                0x0000000020007004                RCC_LTDCCLKDivConfig
                0x0000000020007040                RCC_TIMCLKPresConfig
                0x0000000020007060                RCC_AHB1PeriphClockCmd
                0x00000000200070a0                RCC_AHB2PeriphClockCmd
                0x00000000200070e0                RCC_AHB3PeriphClockCmd
                0x0000000020007120                RCC_APB1PeriphClockCmd
                0x0000000020007160                RCC_APB2PeriphClockCmd
                0x00000000200071a0                RCC_AHB1PeriphResetCmd
                0x00000000200071e0                RCC_AHB2PeriphResetCmd
                0x0000000020007220                RCC_AHB3PeriphResetCmd
                0x0000000020007260                RCC_APB1PeriphResetCmd
                0x00000000200072a0                RCC_APB2PeriphResetCmd
                0x00000000200072e0                RCC_AHB1PeriphClockLPModeCmd
                0x0000000020007320                RCC_AHB2PeriphClockLPModeCmd
                0x0000000020007360                RCC_AHB3PeriphClockLPModeCmd
                0x00000000200073a0                RCC_APB1PeriphClockLPModeCmd
                0x00000000200073e0                RCC_APB2PeriphClockLPModeCmd
                0x0000000020007420                RCC_ITConfig
                0x000000002000746c                RCC_GetFlagStatus
                0x00000000200074e0                RCC_ClearFlag
                0x0000000020007500                RCC_GetITStatus
                0x0000000020007538                RCC_ClearITPendingBit
 .text          0x0000000020007558        0x0 /home/hanna/Documents/gcc-arm-none-eabi-8-2018-q4-major-linux/gcc-arm-none-eabi-8-2018-q4-major/bin/../lib/gcc/arm-none-eabi/8.2.1/../../../../arm-none-eabi/lib/thumb/v7e-m+fp/hard/libc_nano.a(lib_a-atoi.o)
 .text          0x0000000020007558        0x0 /home/hanna/Documents/gcc-arm-none-eabi-8-2018-q4-major-linux/gcc-arm-none-eabi-8-2018-q4-major/bin/../lib/gcc/arm-none-eabi/8.2.1/../../../../arm-none-eabi/lib/thumb/v7e-m+fp/hard/libc_nano.a(lib_a-snprintf.o)
 .text          0x0000000020007558       0x10 /home/hanna/Documents/gcc-arm-none-eabi-8-2018-q4-major-linux/gcc-arm-none-eabi-8-2018-q4-major/bin/../lib/gcc/arm-none-eabi/8.2.1/../../../../arm-none-eabi/lib/thumb/v7e-m+fp/hard/libc_nano.a(lib_a-strlen.o)
                0x0000000020007558                strlen
 .text          0x0000000020007568        0x0 /home/hanna/Documents/gcc-arm-none-eabi-8-2018-q4-major-linux/gcc-arm-none-eabi-8-2018-q4-major/bin/../lib/gcc/arm-none-eabi/8.2.1/../../../../arm-none-eabi/lib/thumb/v7e-m+fp/hard/libc_nano.a(lib_a-strtol.o)
 .text          0x0000000020007568        0x0 /home/hanna/Documents/gcc-arm-none-eabi-8-2018-q4-major-linux/gcc-arm-none-eabi-8-2018-q4-major/bin/../lib/gcc/arm-none-eabi/8.2.1/../../../../arm-none-eabi/lib/thumb/v7e-m+fp/hard/libc_nano.a(lib_a-ctype_.o)
 .text          0x0000000020007568        0x0 /home/hanna/Documents/gcc-arm-none-eabi-8-2018-q4-major-linux/gcc-arm-none-eabi-8-2018-q4-major/bin/../lib/gcc/arm-none-eabi/8.2.1/../../../../arm-none-eabi/lib/thumb/v7e-m+fp/hard/libc_nano.a(lib_a-impure.o)
 .text          0x0000000020007568        0x0 /home/hanna/Documents/gcc-arm-none-eabi-8-2018-q4-major-linux/gcc-arm-none-eabi-8-2018-q4-major/bin/../lib/gcc/arm-none-eabi/8.2.1/../../../../arm-none-eabi/lib/thumb/v7e-m+fp/hard/libc_nano.a(lib_a-nano-svfprintf.o)
 .text          0x0000000020007568        0x0 /home/hanna/Documents/gcc-arm-none-eabi-8-2018-q4-major-linux/gcc-arm-none-eabi-8-2018-q4-major/bin/../lib/gcc/arm-none-eabi/8.2.1/../../../../arm-none-eabi/lib/thumb/v7e-m+fp/hard/libc_nano.a(lib_a-nano-vfprintf_i.o)
 *fill*         0x0000000020007568        0x8 
 .text          0x0000000020007570       0xa0 /home/hanna/Documents/gcc-arm-none-eabi-8-2018-q4-major-linux/gcc-arm-none-eabi-8-2018-q4-major/bin/../lib/gcc/arm-none-eabi/8.2.1/../../../../arm-none-eabi/lib/thumb/v7e-m+fp/hard/libc_nano.a(lib_a-memchr.o)
                0x0000000020007570                memchr
 .text          0x0000000020007610        0x0 /home/hanna/Documents/gcc-arm-none-eabi-8-2018-q4-major-linux/gcc-arm-none-eabi-8-2018-q4-major/bin/../lib/gcc/arm-none-eabi/8.2.1/../../../../arm-none-eabi/lib/thumb/v7e-m+fp/hard/libc_nano.a(lib_a-memcpy-stub.o)
 .text          0x0000000020007610        0x0 /home/hanna/Documents/gcc-arm-none-eabi-8-2018-q4-major-linux/gcc-arm-none-eabi-8-2018-q4-major/bin/../lib/gcc/arm-none-eabi/8.2.1/../../../../arm-none-eabi/lib/thumb/v7e-m+fp/hard/libc_nano.a(lib_a-memmove.o)
 .text          0x0000000020007610        0x0 /home/hanna/Documents/gcc-arm-none-eabi-8-2018-q4-major-linux/gcc-arm-none-eabi-8-2018-q4-major/bin/../lib/gcc/arm-none-eabi/8.2.1/../../../../arm-none-eabi/lib/thumb/v7e-m+fp/hard/libc_nano.a(lib_a-nano-freer.o)
 .text          0x0000000020007610        0x0 /home/hanna/Documents/gcc-arm-none-eabi-8-2018-q4-major-linux/gcc-arm-none-eabi-8-2018-q4-major/bin/../lib/gcc/arm-none-eabi/8.2.1/../../../../arm-none-eabi/lib/thumb/v7e-m+fp/hard/libc_nano.a(lib_a-nano-mallocr.o)
 .text          0x0000000020007610        0x0 /home/hanna/Documents/gcc-arm-none-eabi-8-2018-q4-major-linux/gcc-arm-none-eabi-8-2018-q4-major/bin/../lib/gcc/arm-none-eabi/8.2.1/../../../../arm-none-eabi/lib/thumb/v7e-m+fp/hard/libc_nano.a(lib_a-nano-reallocr.o)
 .text          0x0000000020007610        0x0 /home/hanna/Documents/gcc-arm-none-eabi-8-2018-q4-major-linux/gcc-arm-none-eabi-8-2018-q4-major/bin/../lib/gcc/arm-none-eabi/8.2.1/../../../../arm-none-eabi/lib/thumb/v7e-m+fp/hard/libc_nano.a(lib_a-sbrkr.o)
 .text          0x0000000020007610        0x0 /home/hanna/Documents/gcc-arm-none-eabi-8-2018-q4-major-linux/gcc-arm-none-eabi-8-2018-q4-major/bin/../lib/gcc/arm-none-eabi/8.2.1/../../../../arm-none-eabi/lib/thumb/v7e-m+fp/hard/libc_nano.a(lib_a-mlock.o)
 .text          0x0000000020007610        0x0 /home/hanna/Documents/gcc-arm-none-eabi-8-2018-q4-major-linux/gcc-arm-none-eabi-8-2018-q4-major/bin/../lib/gcc/arm-none-eabi/8.2.1/../../../../arm-none-eabi/lib/thumb/v7e-m+fp/hard/libc_nano.a(lib_a-nano-msizer.o)
 .text          0x0000000020007610        0x0 /home/hanna/Documents/gcc-arm-none-eabi-8-2018-q4-major-linux/gcc-arm-none-eabi-8-2018-q4-major/bin/../lib/gcc/arm-none-eabi/8.2.1/../../../../arm-none-eabi/lib/thumb/v7e-m+fp/hard/libc_nano.a(lib_a-reent.o)
 .text          0x0000000020007610        0x0 /home/hanna/Documents/gcc-arm-none-eabi-8-2018-q4-major-linux/gcc-arm-none-eabi-8-2018-q4-major/bin/../lib/gcc/arm-none-eabi/8.2.1/../../../../arm-none-eabi/lib/thumb/v7e-m+fp/hard/libc_nano.a(lib_a-lock.o)
 *(.text.*)
 .text.atoi     0x0000000020007610        0x8 /home/hanna/Documents/gcc-arm-none-eabi-8-2018-q4-major-linux/gcc-arm-none-eabi-8-2018-q4-major/bin/../lib/gcc/arm-none-eabi/8.2.1/../../../../arm-none-eabi/lib/thumb/v7e-m+fp/hard/libc_nano.a(lib_a-atoi.o)
                0x0000000020007610                atoi
 .text._atoi_r  0x0000000020007618        0x8 /home/hanna/Documents/gcc-arm-none-eabi-8-2018-q4-major-linux/gcc-arm-none-eabi-8-2018-q4-major/bin/../lib/gcc/arm-none-eabi/8.2.1/../../../../arm-none-eabi/lib/thumb/v7e-m+fp/hard/libc_nano.a(lib_a-atoi.o)
                0x0000000020007618                _atoi_r
 .text._snprintf_r
                0x0000000020007620       0x5e /home/hanna/Documents/gcc-arm-none-eabi-8-2018-q4-major-linux/gcc-arm-none-eabi-8-2018-q4-major/bin/../lib/gcc/arm-none-eabi/8.2.1/../../../../arm-none-eabi/lib/thumb/v7e-m+fp/hard/libc_nano.a(lib_a-snprintf.o)
                0x0000000020007620                _sniprintf_r
                0x0000000020007620                _snprintf_r
 *fill*         0x000000002000767e        0x2 
 .text.snprintf
                0x0000000020007680       0x68 /home/hanna/Documents/gcc-arm-none-eabi-8-2018-q4-major-linux/gcc-arm-none-eabi-8-2018-q4-major/bin/../lib/gcc/arm-none-eabi/8.2.1/../../../../arm-none-eabi/lib/thumb/v7e-m+fp/hard/libc_nano.a(lib_a-snprintf.o)
                0x0000000020007680                snprintf
                0x0000000020007680                sniprintf
 .text._strtol_l.isra.0
                0x00000000200076e8       0xf0 /home/hanna/Documents/gcc-arm-none-eabi-8-2018-q4-major-linux/gcc-arm-none-eabi-8-2018-q4-major/bin/../lib/gcc/arm-none-eabi/8.2.1/../../../../arm-none-eabi/lib/thumb/v7e-m+fp/hard/libc_nano.a(lib_a-strtol.o)
 .text._strtol_r
                0x00000000200077d8        0x4 /home/hanna/Documents/gcc-arm-none-eabi-8-2018-q4-major-linux/gcc-arm-none-eabi-8-2018-q4-major/bin/../lib/gcc/arm-none-eabi/8.2.1/../../../../arm-none-eabi/lib/thumb/v7e-m+fp/hard/libc_nano.a(lib_a-strtol.o)
                0x00000000200077d8                _strtol_r
 .text.strtol_l
                0x00000000200077dc       0x14 /home/hanna/Documents/gcc-arm-none-eabi-8-2018-q4-major-linux/gcc-arm-none-eabi-8-2018-q4-major/bin/../lib/gcc/arm-none-eabi/8.2.1/../../../../arm-none-eabi/lib/thumb/v7e-m+fp/hard/libc_nano.a(lib_a-strtol.o)
                0x00000000200077dc                strtol_l
 .text.strtol   0x00000000200077f0       0x14 /home/hanna/Documents/gcc-arm-none-eabi-8-2018-q4-major-linux/gcc-arm-none-eabi-8-2018-q4-major/bin/../lib/gcc/arm-none-eabi/8.2.1/../../../../arm-none-eabi/lib/thumb/v7e-m+fp/hard/libc_nano.a(lib_a-strtol.o)
                0x00000000200077f0                strtol
 .text.__ssputs_r
                0x0000000020007804       0xb6 /home/hanna/Documents/gcc-arm-none-eabi-8-2018-q4-major-linux/gcc-arm-none-eabi-8-2018-q4-major/bin/../lib/gcc/arm-none-eabi/8.2.1/../../../../arm-none-eabi/lib/thumb/v7e-m+fp/hard/libc_nano.a(lib_a-nano-svfprintf.o)
                0x0000000020007804                __ssputs_r
 .text.__ssprint_r
                0x00000000200078ba       0xf0 /home/hanna/Documents/gcc-arm-none-eabi-8-2018-q4-major-linux/gcc-arm-none-eabi-8-2018-q4-major/bin/../lib/gcc/arm-none-eabi/8.2.1/../../../../arm-none-eabi/lib/thumb/v7e-m+fp/hard/libc_nano.a(lib_a-nano-svfprintf.o)
                0x00000000200078ba                __ssprint_r
 *fill*         0x00000000200079aa        0x2 
 .text._svfprintf_r
                0x00000000200079ac      0x1f0 /home/hanna/Documents/gcc-arm-none-eabi-8-2018-q4-major-linux/gcc-arm-none-eabi-8-2018-q4-major/bin/../lib/gcc/arm-none-eabi/8.2.1/../../../../arm-none-eabi/lib/thumb/v7e-m+fp/hard/libc_nano.a(lib_a-nano-svfprintf.o)
                0x00000000200079ac                _svfprintf_r
                0x00000000200079ac                _svfiprintf_r
 .text._printf_common
                0x0000000020007b9c       0xea /home/hanna/Documents/gcc-arm-none-eabi-8-2018-q4-major-linux/gcc-arm-none-eabi-8-2018-q4-major/bin/../lib/gcc/arm-none-eabi/8.2.1/../../../../arm-none-eabi/lib/thumb/v7e-m+fp/hard/libc_nano.a(lib_a-nano-vfprintf_i.o)
                0x0000000020007b9c                _printf_common
 *fill*         0x0000000020007c86        0x2 
 .text._printf_i
                0x0000000020007c88      0x228 /home/hanna/Documents/gcc-arm-none-eabi-8-2018-q4-major-linux/gcc-arm-none-eabi-8-2018-q4-major/bin/../lib/gcc/arm-none-eabi/8.2.1/../../../../arm-none-eabi/lib/thumb/v7e-m+fp/hard/libc_nano.a(lib_a-nano-vfprintf_i.o)
                0x0000000020007c88                _printf_i
 .text.memcpy   0x0000000020007eb0       0x1c /home/hanna/Documents/gcc-arm-none-eabi-8-2018-q4-major-linux/gcc-arm-none-eabi-8-2018-q4-major/bin/../lib/gcc/arm-none-eabi/8.2.1/../../../../arm-none-eabi/lib/thumb/v7e-m+fp/hard/libc_nano.a(lib_a-memcpy-stub.o)
                0x0000000020007eb0                memcpy
 .text.memmove  0x0000000020007ecc       0x34 /home/hanna/Documents/gcc-arm-none-eabi-8-2018-q4-major-linux/gcc-arm-none-eabi-8-2018-q4-major/bin/../lib/gcc/arm-none-eabi/8.2.1/../../../../arm-none-eabi/lib/thumb/v7e-m+fp/hard/libc_nano.a(lib_a-memmove.o)
                0x0000000020007ecc                memmove
 .text._free_r  0x0000000020007f00       0x9c /home/hanna/Documents/gcc-arm-none-eabi-8-2018-q4-major-linux/gcc-arm-none-eabi-8-2018-q4-major/bin/../lib/gcc/arm-none-eabi/8.2.1/../../../../arm-none-eabi/lib/thumb/v7e-m+fp/hard/libc_nano.a(lib_a-nano-freer.o)
                0x0000000020007f00                _free_r
 .text._malloc_r
                0x0000000020007f9c       0xb4 /home/hanna/Documents/gcc-arm-none-eabi-8-2018-q4-major-linux/gcc-arm-none-eabi-8-2018-q4-major/bin/../lib/gcc/arm-none-eabi/8.2.1/../../../../arm-none-eabi/lib/thumb/v7e-m+fp/hard/libc_nano.a(lib_a-nano-mallocr.o)
                0x0000000020007f9c                _malloc_r
 .text._realloc_r
                0x0000000020008050       0x4c /home/hanna/Documents/gcc-arm-none-eabi-8-2018-q4-major-linux/gcc-arm-none-eabi-8-2018-q4-major/bin/../lib/gcc/arm-none-eabi/8.2.1/../../../../arm-none-eabi/lib/thumb/v7e-m+fp/hard/libc_nano.a(lib_a-nano-reallocr.o)
                0x0000000020008050                _realloc_r
 .text._sbrk_r  0x000000002000809c       0x20 /home/hanna/Documents/gcc-arm-none-eabi-8-2018-q4-major-linux/gcc-arm-none-eabi-8-2018-q4-major/bin/../lib/gcc/arm-none-eabi/8.2.1/../../../../arm-none-eabi/lib/thumb/v7e-m+fp/hard/libc_nano.a(lib_a-sbrkr.o)
                0x000000002000809c                _sbrk_r
 .text.__malloc_lock
                0x00000000200080bc        0xc /home/hanna/Documents/gcc-arm-none-eabi-8-2018-q4-major-linux/gcc-arm-none-eabi-8-2018-q4-major/bin/../lib/gcc/arm-none-eabi/8.2.1/../../../../arm-none-eabi/lib/thumb/v7e-m+fp/hard/libc_nano.a(lib_a-mlock.o)
                0x00000000200080bc                __malloc_lock
 .text.__malloc_unlock
                0x00000000200080c8        0xc /home/hanna/Documents/gcc-arm-none-eabi-8-2018-q4-major-linux/gcc-arm-none-eabi-8-2018-q4-major/bin/../lib/gcc/arm-none-eabi/8.2.1/../../../../arm-none-eabi/lib/thumb/v7e-m+fp/hard/libc_nano.a(lib_a-mlock.o)
                0x00000000200080c8                __malloc_unlock
 .text._malloc_usable_size_r
                0x00000000200080d4       0x10 /home/hanna/Documents/gcc-arm-none-eabi-8-2018-q4-major-linux/gcc-arm-none-eabi-8-2018-q4-major/bin/../lib/gcc/arm-none-eabi/8.2.1/../../../../arm-none-eabi/lib/thumb/v7e-m+fp/hard/libc_nano.a(lib_a-nano-msizer.o)
                0x00000000200080d4                _malloc_usable_size_r
 .text.cleanup_glue
                0x00000000200080e4       0x1a /home/hanna/Documents/gcc-arm-none-eabi-8-2018-q4-major-linux/gcc-arm-none-eabi-8-2018-q4-major/bin/../lib/gcc/arm-none-eabi/8.2.1/../../../../arm-none-eabi/lib/thumb/v7e-m+fp/hard/libc_nano.a(lib_a-reent.o)
                0x00000000200080e4                cleanup_glue
 *fill*         0x00000000200080fe        0x2 
 .text._reclaim_reent
                0x0000000020008100       0xb8 /home/hanna/Documents/gcc-arm-none-eabi-8-2018-q4-major-linux/gcc-arm-none-eabi-8-2018-q4-major/bin/../lib/gcc/arm-none-eabi/8.2.1/../../../../arm-none-eabi/lib/thumb/v7e-m+fp/hard/libc_nano.a(lib_a-reent.o)
                0x0000000020008100                _reclaim_reent
 .text.__retarget_lock_init
                0x00000000200081b8        0x2 /home/hanna/Documents/gcc-arm-none-eabi-8-2018-q4-major-linux/gcc-arm-none-eabi-8-2018-q4-major/bin/../lib/gcc/arm-none-eabi/8.2.1/../../../../arm-none-eabi/lib/thumb/v7e-m+fp/hard/libc_nano.a(lib_a-lock.o)
                0x00000000200081b8                __retarget_lock_init
 .text.__retarget_lock_init_recursive
                0x00000000200081ba        0x2 /home/hanna/Documents/gcc-arm-none-eabi-8-2018-q4-major-linux/gcc-arm-none-eabi-8-2018-q4-major/bin/../lib/gcc/arm-none-eabi/8.2.1/../../../../arm-none-eabi/lib/thumb/v7e-m+fp/hard/libc_nano.a(lib_a-lock.o)
                0x00000000200081ba                __retarget_lock_init_recursive
 .text.__retarget_lock_close
                0x00000000200081bc        0x2 /home/hanna/Documents/gcc-arm-none-eabi-8-2018-q4-major-linux/gcc-arm-none-eabi-8-2018-q4-major/bin/../lib/gcc/arm-none-eabi/8.2.1/../../../../arm-none-eabi/lib/thumb/v7e-m+fp/hard/libc_nano.a(lib_a-lock.o)
                0x00000000200081bc                __retarget_lock_close
 .text.__retarget_lock_close_recursive
                0x00000000200081be        0x2 /home/hanna/Documents/gcc-arm-none-eabi-8-2018-q4-major-linux/gcc-arm-none-eabi-8-2018-q4-major/bin/../lib/gcc/arm-none-eabi/8.2.1/../../../../arm-none-eabi/lib/thumb/v7e-m+fp/hard/libc_nano.a(lib_a-lock.o)
                0x00000000200081be                __retarget_lock_close_recursive
 .text.__retarget_lock_acquire
                0x00000000200081c0        0x2 /home/hanna/Documents/gcc-arm-none-eabi-8-2018-q4-major-linux/gcc-arm-none-eabi-8-2018-q4-major/bin/../lib/gcc/arm-none-eabi/8.2.1/../../../../arm-none-eabi/lib/thumb/v7e-m+fp/hard/libc_nano.a(lib_a-lock.o)
                0x00000000200081c0                __retarget_lock_acquire
 .text.__retarget_lock_acquire_recursive
                0x00000000200081c2        0x2 /home/hanna/Documents/gcc-arm-none-eabi-8-2018-q4-major-linux/gcc-arm-none-eabi-8-2018-q4-major/bin/../lib/gcc/arm-none-eabi/8.2.1/../../../../arm-none-eabi/lib/thumb/v7e-m+fp/hard/libc_nano.a(lib_a-lock.o)
                0x00000000200081c2                __retarget_lock_acquire_recursive
 .text.__retarget_lock_try_acquire
                0x00000000200081c4        0x4 /home/hanna/Documents/gcc-arm-none-eabi-8-2018-q4-major-linux/gcc-arm-none-eabi-8-2018-q4-major/bin/../lib/gcc/arm-none-eabi/8.2.1/../../../../arm-none-eabi/lib/thumb/v7e-m+fp/hard/libc_nano.a(lib_a-lock.o)
                0x00000000200081c4                __retarget_lock_try_acquire
 .text.__retarget_lock_try_acquire_recursive
                0x00000000200081c8        0x4 /home/hanna/Documents/gcc-arm-none-eabi-8-2018-q4-major-linux/gcc-arm-none-eabi-8-2018-q4-major/bin/../lib/gcc/arm-none-eabi/8.2.1/../../../../arm-none-eabi/lib/thumb/v7e-m+fp/hard/libc_nano.a(lib_a-lock.o)
                0x00000000200081c8                __retarget_lock_try_acquire_recursive
 .text.__retarget_lock_release
                0x00000000200081cc        0x2 /home/hanna/Documents/gcc-arm-none-eabi-8-2018-q4-major-linux/gcc-arm-none-eabi-8-2018-q4-major/bin/../lib/gcc/arm-none-eabi/8.2.1/../../../../arm-none-eabi/lib/thumb/v7e-m+fp/hard/libc_nano.a(lib_a-lock.o)
                0x00000000200081cc                __retarget_lock_release
 .text.__retarget_lock_release_recursive
                0x00000000200081ce        0x2 /home/hanna/Documents/gcc-arm-none-eabi-8-2018-q4-major-linux/gcc-arm-none-eabi-8-2018-q4-major/bin/../lib/gcc/arm-none-eabi/8.2.1/../../../../arm-none-eabi/lib/thumb/v7e-m+fp/hard/libc_nano.a(lib_a-lock.o)
                0x00000000200081ce                __retarget_lock_release_recursive
 *(.rodata)
 .rodata        0x00000000200081d0       0x7d ./Debug/TinyTimber.c.o
 *fill*         0x000000002000824d        0x3 
 .rodata        0x0000000020008250       0x23 ./Debug/sioTinyTimber.c.o
 *fill*         0x0000000020008273        0x1 
 .rodata        0x0000000020008274       0x89 ./Debug/application.c.o
 *fill*         0x00000000200082fd        0x3 
 .rodata        0x0000000020008300       0xb2 ./Debug/canTinyTimber.c.o
 *(.rodata*)
 .rodata._ctype_
                0x00000000200083b2      0x101 /home/hanna/Documents/gcc-arm-none-eabi-8-2018-q4-major-linux/gcc-arm-none-eabi-8-2018-q4-major/bin/../lib/gcc/arm-none-eabi/8.2.1/../../../../arm-none-eabi/lib/thumb/v7e-m+fp/hard/libc_nano.a(lib_a-ctype_.o)
                0x00000000200083b2                _ctype_
 *fill*         0x00000000200084b3        0x1 
 .rodata._global_impure_ptr
                0x00000000200084b4        0x4 /home/hanna/Documents/gcc-arm-none-eabi-8-2018-q4-major-linux/gcc-arm-none-eabi-8-2018-q4-major/bin/../lib/gcc/arm-none-eabi/8.2.1/../../../../arm-none-eabi/lib/thumb/v7e-m+fp/hard/libc_nano.a(lib_a-impure.o)
                0x00000000200084b4                _global_impure_ptr
 .rodata._svfprintf_r.str1.1
                0x00000000200084b8       0x11 /home/hanna/Documents/gcc-arm-none-eabi-8-2018-q4-major-linux/gcc-arm-none-eabi-8-2018-q4-major/bin/../lib/gcc/arm-none-eabi/8.2.1/../../../../arm-none-eabi/lib/thumb/v7e-m+fp/hard/libc_nano.a(lib_a-nano-svfprintf.o)
 .rodata._printf_i.str1.1
                0x00000000200084c9       0x22 /home/hanna/Documents/gcc-arm-none-eabi-8-2018-q4-major-linux/gcc-arm-none-eabi-8-2018-q4-major/bin/../lib/gcc/arm-none-eabi/8.2.1/../../../../arm-none-eabi/lib/thumb/v7e-m+fp/hard/libc_nano.a(lib_a-nano-vfprintf_i.o)
 *(.glue_7)
 .glue_7        0x00000000200084eb        0x0 linker stubs
 *(.glue_7t)
 .glue_7t       0x00000000200084eb        0x0 linker stubs
                0x00000000200084ec                . = ALIGN (0x4)
 *fill*         0x00000000200084eb        0x1 

.vfp11_veneer   0x00000000200084ec        0x0
 .vfp11_veneer  0x00000000200084ec        0x0 linker stubs

.v4_bx          0x00000000200084ec        0x0
 .v4_bx         0x00000000200084ec        0x0 linker stubs

.iplt           0x00000000200084ec        0x0
 .iplt          0x00000000200084ec        0x0 ./Debug/driver_src_stm32f4xx_syscfg.c.o

.rel.dyn        0x00000000200084ec        0x0
 .rel.iplt      0x00000000200084ec        0x0 ./Debug/driver_src_stm32f4xx_syscfg.c.o

.data           0x00000000200084ec      0x7c4
                0x00000000200084ec                . = ALIGN (0x4)
 *(.data)
 .data          0x00000000200084ec        0x0 ./Debug/driver_src_stm32f4xx_syscfg.c.o
 .data          0x00000000200084ec        0x0 ./Debug/driver_src_stm32f4xx_usart.c.o
 .data          0x00000000200084ec        0x0 ./Debug/driver_src_stm32f4xx_tim.c.o
 .data          0x00000000200084ec        0x0 ./Debug/driver_src_stm32f4xx_gpio.c.o
 .data          0x00000000200084ec        0x0 ./Debug/driver_src_stm32f4xx_dac.c.o
 .data          0x00000000200084ec        0x0 ./Debug/player.c.o
 .data          0x00000000200084ec        0x0 ./Debug/driver_src_stm32f4xx_can.c.o
 .data          0x00000000200084ec       0x24 ./Debug/TinyTimber.c.o
                0x00000000200084ec                hex
                0x0000000020008500                msgPool
                0x0000000020008504                threadPool
                0x0000000020008508                activeStack
                0x000000002000850c                current
 .data          0x0000000020008510        0x0 ./Debug/driver_src_stm32f4xx_exti.c.o
 .data          0x0000000020008510        0x0 ./Debug/sioTinyTimber.c.o
 .data          0x0000000020008510       0x84 ./Debug/dispatch.s.o
 .data          0x0000000020008594        0x0 ./Debug/startup.c.o
 .data          0x0000000020008594      0x6a8 ./Debug/application.c.o
                0x0000000020008594                app
                0x00000000200085e0                player
                0x000000002000876c                toneTask
                0x0000000020008788                sci0
                0x0000000020008ba8                can0
                0x0000000020008c28                sysIO0
 .data          0x0000000020008c3c        0x0 ./Debug/sciTinyTimber.c.o
 .data          0x0000000020008c3c        0x0 ./Debug/canTinyTimber.c.o
 .data          0x0000000020008c3c       0x10 ./Debug/driver_src_stm32f4xx_rcc.c.o
 .data          0x0000000020008c4c        0x0 /home/hanna/Documents/gcc-arm-none-eabi-8-2018-q4-major-linux/gcc-arm-none-eabi-8-2018-q4-major/bin/../lib/gcc/arm-none-eabi/8.2.1/../../../../arm-none-eabi/lib/thumb/v7e-m+fp/hard/libc_nano.a(lib_a-atoi.o)
 .data          0x0000000020008c4c        0x0 /home/hanna/Documents/gcc-arm-none-eabi-8-2018-q4-major-linux/gcc-arm-none-eabi-8-2018-q4-major/bin/../lib/gcc/arm-none-eabi/8.2.1/../../../../arm-none-eabi/lib/thumb/v7e-m+fp/hard/libc_nano.a(lib_a-snprintf.o)
 .data          0x0000000020008c4c        0x0 /home/hanna/Documents/gcc-arm-none-eabi-8-2018-q4-major-linux/gcc-arm-none-eabi-8-2018-q4-major/bin/../lib/gcc/arm-none-eabi/8.2.1/../../../../arm-none-eabi/lib/thumb/v7e-m+fp/hard/libc_nano.a(lib_a-strlen.o)
 .data          0x0000000020008c4c        0x0 /home/hanna/Documents/gcc-arm-none-eabi-8-2018-q4-major-linux/gcc-arm-none-eabi-8-2018-q4-major/bin/../lib/gcc/arm-none-eabi/8.2.1/../../../../arm-none-eabi/lib/thumb/v7e-m+fp/hard/libc_nano.a(lib_a-strtol.o)
 .data          0x0000000020008c4c        0x0 /home/hanna/Documents/gcc-arm-none-eabi-8-2018-q4-major-linux/gcc-arm-none-eabi-8-2018-q4-major/bin/../lib/gcc/arm-none-eabi/8.2.1/../../../../arm-none-eabi/lib/thumb/v7e-m+fp/hard/libc_nano.a(lib_a-ctype_.o)
 .data          0x0000000020008c4c        0x0 /home/hanna/Documents/gcc-arm-none-eabi-8-2018-q4-major-linux/gcc-arm-none-eabi-8-2018-q4-major/bin/../lib/gcc/arm-none-eabi/8.2.1/../../../../arm-none-eabi/lib/thumb/v7e-m+fp/hard/libc_nano.a(lib_a-impure.o)
 .data          0x0000000020008c4c        0x0 /home/hanna/Documents/gcc-arm-none-eabi-8-2018-q4-major-linux/gcc-arm-none-eabi-8-2018-q4-major/bin/../lib/gcc/arm-none-eabi/8.2.1/../../../../arm-none-eabi/lib/thumb/v7e-m+fp/hard/libc_nano.a(lib_a-nano-svfprintf.o)
 .data          0x0000000020008c4c        0x0 /home/hanna/Documents/gcc-arm-none-eabi-8-2018-q4-major-linux/gcc-arm-none-eabi-8-2018-q4-major/bin/../lib/gcc/arm-none-eabi/8.2.1/../../../../arm-none-eabi/lib/thumb/v7e-m+fp/hard/libc_nano.a(lib_a-nano-vfprintf_i.o)
 .data          0x0000000020008c4c        0x0 /home/hanna/Documents/gcc-arm-none-eabi-8-2018-q4-major-linux/gcc-arm-none-eabi-8-2018-q4-major/bin/../lib/gcc/arm-none-eabi/8.2.1/../../../../arm-none-eabi/lib/thumb/v7e-m+fp/hard/libc_nano.a(lib_a-memchr.o)
 .data          0x0000000020008c4c        0x0 /home/hanna/Documents/gcc-arm-none-eabi-8-2018-q4-major-linux/gcc-arm-none-eabi-8-2018-q4-major/bin/../lib/gcc/arm-none-eabi/8.2.1/../../../../arm-none-eabi/lib/thumb/v7e-m+fp/hard/libc_nano.a(lib_a-memcpy-stub.o)
 .data          0x0000000020008c4c        0x0 /home/hanna/Documents/gcc-arm-none-eabi-8-2018-q4-major-linux/gcc-arm-none-eabi-8-2018-q4-major/bin/../lib/gcc/arm-none-eabi/8.2.1/../../../../arm-none-eabi/lib/thumb/v7e-m+fp/hard/libc_nano.a(lib_a-memmove.o)
 .data          0x0000000020008c4c        0x0 /home/hanna/Documents/gcc-arm-none-eabi-8-2018-q4-major-linux/gcc-arm-none-eabi-8-2018-q4-major/bin/../lib/gcc/arm-none-eabi/8.2.1/../../../../arm-none-eabi/lib/thumb/v7e-m+fp/hard/libc_nano.a(lib_a-nano-freer.o)
 .data          0x0000000020008c4c        0x0 /home/hanna/Documents/gcc-arm-none-eabi-8-2018-q4-major-linux/gcc-arm-none-eabi-8-2018-q4-major/bin/../lib/gcc/arm-none-eabi/8.2.1/../../../../arm-none-eabi/lib/thumb/v7e-m+fp/hard/libc_nano.a(lib_a-nano-mallocr.o)
 .data          0x0000000020008c4c        0x0 /home/hanna/Documents/gcc-arm-none-eabi-8-2018-q4-major-linux/gcc-arm-none-eabi-8-2018-q4-major/bin/../lib/gcc/arm-none-eabi/8.2.1/../../../../arm-none-eabi/lib/thumb/v7e-m+fp/hard/libc_nano.a(lib_a-nano-reallocr.o)
 .data          0x0000000020008c4c        0x0 /home/hanna/Documents/gcc-arm-none-eabi-8-2018-q4-major-linux/gcc-arm-none-eabi-8-2018-q4-major/bin/../lib/gcc/arm-none-eabi/8.2.1/../../../../arm-none-eabi/lib/thumb/v7e-m+fp/hard/libc_nano.a(lib_a-sbrkr.o)
 .data          0x0000000020008c4c        0x0 /home/hanna/Documents/gcc-arm-none-eabi-8-2018-q4-major-linux/gcc-arm-none-eabi-8-2018-q4-major/bin/../lib/gcc/arm-none-eabi/8.2.1/../../../../arm-none-eabi/lib/thumb/v7e-m+fp/hard/libc_nano.a(lib_a-mlock.o)
 .data          0x0000000020008c4c        0x0 /home/hanna/Documents/gcc-arm-none-eabi-8-2018-q4-major-linux/gcc-arm-none-eabi-8-2018-q4-major/bin/../lib/gcc/arm-none-eabi/8.2.1/../../../../arm-none-eabi/lib/thumb/v7e-m+fp/hard/libc_nano.a(lib_a-nano-msizer.o)
 .data          0x0000000020008c4c        0x0 /home/hanna/Documents/gcc-arm-none-eabi-8-2018-q4-major-linux/gcc-arm-none-eabi-8-2018-q4-major/bin/../lib/gcc/arm-none-eabi/8.2.1/../../../../arm-none-eabi/lib/thumb/v7e-m+fp/hard/libc_nano.a(lib_a-reent.o)
 .data          0x0000000020008c4c        0x0 /home/hanna/Documents/gcc-arm-none-eabi-8-2018-q4-major-linux/gcc-arm-none-eabi-8-2018-q4-major/bin/../lib/gcc/arm-none-eabi/8.2.1/../../../../arm-none-eabi/lib/thumb/v7e-m+fp/hard/libc_nano.a(lib_a-lock.o)
 *(.data.*)
 .data._impure_ptr
                0x0000000020008c4c        0x4 /home/hanna/Documents/gcc-arm-none-eabi-8-2018-q4-major-linux/gcc-arm-none-eabi-8-2018-q4-major/bin/../lib/gcc/arm-none-eabi/8.2.1/../../../../arm-none-eabi/lib/thumb/v7e-m+fp/hard/libc_nano.a(lib_a-impure.o)
                0x0000000020008c4c                _impure_ptr
 .data.impure_data
                0x0000000020008c50       0x60 /home/hanna/Documents/gcc-arm-none-eabi-8-2018-q4-major-linux/gcc-arm-none-eabi-8-2018-q4-major/bin/../lib/gcc/arm-none-eabi/8.2.1/../../../../arm-none-eabi/lib/thumb/v7e-m+fp/hard/libc_nano.a(lib_a-impure.o)
                0x0000000020008cb0                . = ALIGN (0x4)

.igot.plt       0x0000000020008cb0        0x0
 .igot.plt      0x0000000020008cb0        0x0 ./Debug/driver_src_stm32f4xx_syscfg.c.o

.bss            0x0000000020008cb0     0x841c
                0x0000000020008cb0                . = ALIGN (0x4)
                0x0000000020008cb0                _sbss = .
 *(.bss)
 .bss           0x0000000020008cb0        0x0 ./Debug/driver_src_stm32f4xx_syscfg.c.o
 .bss           0x0000000020008cb0        0x0 ./Debug/driver_src_stm32f4xx_usart.c.o
 .bss           0x0000000020008cb0        0x0 ./Debug/driver_src_stm32f4xx_tim.c.o
 .bss           0x0000000020008cb0        0x0 ./Debug/driver_src_stm32f4xx_gpio.c.o
 .bss           0x0000000020008cb0        0x0 ./Debug/driver_src_stm32f4xx_dac.c.o
 .bss           0x0000000020008cb0        0x0 ./Debug/player.c.o
 .bss           0x0000000020008cb0        0x0 ./Debug/driver_src_stm32f4xx_can.c.o
 .bss           0x0000000020008cb0       0x18 ./Debug/TinyTimber.c.o
                0x0000000020008cb0                doIRQSchedule
                0x0000000020008cb4                msgQ
                0x0000000020008cb8                timerQ
                0x0000000020008cbc                runAsHardware
                0x0000000020008cc0                timestamp
                0x0000000020008cc4                overflows
 .bss           0x0000000020008cc8        0x0 ./Debug/driver_src_stm32f4xx_exti.c.o
 .bss           0x0000000020008cc8        0x0 ./Debug/sioTinyTimber.c.o
 .bss           0x0000000020008cc8        0x0 ./Debug/dispatch.s.o
 .bss           0x0000000020008cc8        0x0 ./Debug/startup.c.o
 .bss           0x0000000020008cc8        0x8 ./Debug/application.c.o
                0x0000000020008cc8                tim0
                0x0000000020008ccc                tim1
 .bss           0x0000000020008cd0        0x0 ./Debug/sciTinyTimber.c.o
 .bss           0x0000000020008cd0        0x0 ./Debug/canTinyTimber.c.o
 .bss           0x0000000020008cd0        0x0 ./Debug/driver_src_stm32f4xx_rcc.c.o
 .bss           0x0000000020008cd0        0x0 /home/hanna/Documents/gcc-arm-none-eabi-8-2018-q4-major-linux/gcc-arm-none-eabi-8-2018-q4-major/bin/../lib/gcc/arm-none-eabi/8.2.1/../../../../arm-none-eabi/lib/thumb/v7e-m+fp/hard/libc_nano.a(lib_a-atoi.o)
 .bss           0x0000000020008cd0        0x0 /home/hanna/Documents/gcc-arm-none-eabi-8-2018-q4-major-linux/gcc-arm-none-eabi-8-2018-q4-major/bin/../lib/gcc/arm-none-eabi/8.2.1/../../../../arm-none-eabi/lib/thumb/v7e-m+fp/hard/libc_nano.a(lib_a-snprintf.o)
 .bss           0x0000000020008cd0        0x0 /home/hanna/Documents/gcc-arm-none-eabi-8-2018-q4-major-linux/gcc-arm-none-eabi-8-2018-q4-major/bin/../lib/gcc/arm-none-eabi/8.2.1/../../../../arm-none-eabi/lib/thumb/v7e-m+fp/hard/libc_nano.a(lib_a-strlen.o)
 .bss           0x0000000020008cd0        0x0 /home/hanna/Documents/gcc-arm-none-eabi-8-2018-q4-major-linux/gcc-arm-none-eabi-8-2018-q4-major/bin/../lib/gcc/arm-none-eabi/8.2.1/../../../../arm-none-eabi/lib/thumb/v7e-m+fp/hard/libc_nano.a(lib_a-strtol.o)
 .bss           0x0000000020008cd0        0x0 /home/hanna/Documents/gcc-arm-none-eabi-8-2018-q4-major-linux/gcc-arm-none-eabi-8-2018-q4-major/bin/../lib/gcc/arm-none-eabi/8.2.1/../../../../arm-none-eabi/lib/thumb/v7e-m+fp/hard/libc_nano.a(lib_a-ctype_.o)
 .bss           0x0000000020008cd0        0x0 /home/hanna/Documents/gcc-arm-none-eabi-8-2018-q4-major-linux/gcc-arm-none-eabi-8-2018-q4-major/bin/../lib/gcc/arm-none-eabi/8.2.1/../../../../arm-none-eabi/lib/thumb/v7e-m+fp/hard/libc_nano.a(lib_a-impure.o)
 .bss           0x0000000020008cd0        0x0 /home/hanna/Documents/gcc-arm-none-eabi-8-2018-q4-major-linux/gcc-arm-none-eabi-8-2018-q4-major/bin/../lib/gcc/arm-none-eabi/8.2.1/../../../../arm-none-eabi/lib/thumb/v7e-m+fp/hard/libc_nano.a(lib_a-nano-svfprintf.o)
 .bss           0x0000000020008cd0        0x0 /home/hanna/Documents/gcc-arm-none-eabi-8-2018-q4-major-linux/gcc-arm-none-eabi-8-2018-q4-major/bin/../lib/gcc/arm-none-eabi/8.2.1/../../../../arm-none-eabi/lib/thumb/v7e-m+fp/hard/libc_nano.a(lib_a-nano-vfprintf_i.o)
 .bss           0x0000000020008cd0        0x0 /home/hanna/Documents/gcc-arm-none-eabi-8-2018-q4-major-linux/gcc-arm-none-eabi-8-2018-q4-major/bin/../lib/gcc/arm-none-eabi/8.2.1/../../../../arm-none-eabi/lib/thumb/v7e-m+fp/hard/libc_nano.a(lib_a-memchr.o)
 .bss           0x0000000020008cd0        0x0 /home/hanna/Documents/gcc-arm-none-eabi-8-2018-q4-major-linux/gcc-arm-none-eabi-8-2018-q4-major/bin/../lib/gcc/arm-none-eabi/8.2.1/../../../../arm-none-eabi/lib/thumb/v7e-m+fp/hard/libc_nano.a(lib_a-memcpy-stub.o)
 .bss           0x0000000020008cd0        0x0 /home/hanna/Documents/gcc-arm-none-eabi-8-2018-q4-major-linux/gcc-arm-none-eabi-8-2018-q4-major/bin/../lib/gcc/arm-none-eabi/8.2.1/../../../../arm-none-eabi/lib/thumb/v7e-m+fp/hard/libc_nano.a(lib_a-memmove.o)
 .bss           0x0000000020008cd0        0x0 /home/hanna/Documents/gcc-arm-none-eabi-8-2018-q4-major-linux/gcc-arm-none-eabi-8-2018-q4-major/bin/../lib/gcc/arm-none-eabi/8.2.1/../../../../arm-none-eabi/lib/thumb/v7e-m+fp/hard/libc_nano.a(lib_a-nano-freer.o)
 .bss           0x0000000020008cd0        0x0 /home/hanna/Documents/gcc-arm-none-eabi-8-2018-q4-major-linux/gcc-arm-none-eabi-8-2018-q4-major/bin/../lib/gcc/arm-none-eabi/8.2.1/../../../../arm-none-eabi/lib/thumb/v7e-m+fp/hard/libc_nano.a(lib_a-nano-mallocr.o)
 .bss           0x0000000020008cd0        0x0 /home/hanna/Documents/gcc-arm-none-eabi-8-2018-q4-major-linux/gcc-arm-none-eabi-8-2018-q4-major/bin/../lib/gcc/arm-none-eabi/8.2.1/../../../../arm-none-eabi/lib/thumb/v7e-m+fp/hard/libc_nano.a(lib_a-nano-reallocr.o)
 .bss           0x0000000020008cd0        0x0 /home/hanna/Documents/gcc-arm-none-eabi-8-2018-q4-major-linux/gcc-arm-none-eabi-8-2018-q4-major/bin/../lib/gcc/arm-none-eabi/8.2.1/../../../../arm-none-eabi/lib/thumb/v7e-m+fp/hard/libc_nano.a(lib_a-sbrkr.o)
 .bss           0x0000000020008cd0        0x0 /home/hanna/Documents/gcc-arm-none-eabi-8-2018-q4-major-linux/gcc-arm-none-eabi-8-2018-q4-major/bin/../lib/gcc/arm-none-eabi/8.2.1/../../../../arm-none-eabi/lib/thumb/v7e-m+fp/hard/libc_nano.a(lib_a-mlock.o)
 .bss           0x0000000020008cd0        0x0 /home/hanna/Documents/gcc-arm-none-eabi-8-2018-q4-major-linux/gcc-arm-none-eabi-8-2018-q4-major/bin/../lib/gcc/arm-none-eabi/8.2.1/../../../../arm-none-eabi/lib/thumb/v7e-m+fp/hard/libc_nano.a(lib_a-nano-msizer.o)
 .bss           0x0000000020008cd0        0x0 /home/hanna/Documents/gcc-arm-none-eabi-8-2018-q4-major-linux/gcc-arm-none-eabi-8-2018-q4-major/bin/../lib/gcc/arm-none-eabi/8.2.1/../../../../arm-none-eabi/lib/thumb/v7e-m+fp/hard/libc_nano.a(lib_a-reent.o)
 .bss           0x0000000020008cd0        0x0 /home/hanna/Documents/gcc-arm-none-eabi-8-2018-q4-major-linux/gcc-arm-none-eabi-8-2018-q4-major/bin/../lib/gcc/arm-none-eabi/8.2.1/../../../../arm-none-eabi/lib/thumb/v7e-m+fp/hard/libc_nano.a(lib_a-lock.o)
 *(.bss.*)
 .bss.__malloc_free_list
                0x0000000020008cd0        0x4 /home/hanna/Documents/gcc-arm-none-eabi-8-2018-q4-major-linux/gcc-arm-none-eabi-8-2018-q4-major/bin/../lib/gcc/arm-none-eabi/8.2.1/../../../../arm-none-eabi/lib/thumb/v7e-m+fp/hard/libc_nano.a(lib_a-nano-mallocr.o)
                0x0000000020008cd0                __malloc_free_list
 .bss.__malloc_sbrk_start
                0x0000000020008cd4        0x4 /home/hanna/Documents/gcc-arm-none-eabi-8-2018-q4-major-linux/gcc-arm-none-eabi-8-2018-q4-major/bin/../lib/gcc/arm-none-eabi/8.2.1/../../../../arm-none-eabi/lib/thumb/v7e-m+fp/hard/libc_nano.a(lib_a-nano-mallocr.o)
                0x0000000020008cd4                __malloc_sbrk_start
 *(COMMON)
 COMMON         0x0000000020008cd8        0x0 ./Debug/player.c.o
 COMMON         0x0000000020008cd8     0x8358 ./Debug/TinyTimber.c.o
                0x0000000020008cd8                otable
                0x0000000020008ce4                upcoming
                0x0000000020008ce8                threads
                0x0000000020008d38                mtable
                0x0000000020008d44                thread0
                0x0000000020008d58                messages
                0x0000000020009028                __heap_end
                0x0000000020009030                stacks
 COMMON         0x0000000020011030       0x8c ./Debug/application.c.o
                0x0000000020011030                canBuf
 COMMON         0x00000000200110bc        0x4 /home/hanna/Documents/gcc-arm-none-eabi-8-2018-q4-major-linux/gcc-arm-none-eabi-8-2018-q4-major/bin/../lib/gcc/arm-none-eabi/8.2.1/../../../../arm-none-eabi/lib/thumb/v7e-m+fp/hard/libc_nano.a(lib_a-reent.o)
                0x00000000200110bc                errno
 COMMON         0x00000000200110c0        0x9 /home/hanna/Documents/gcc-arm-none-eabi-8-2018-q4-major-linux/gcc-arm-none-eabi-8-2018-q4-major/bin/../lib/gcc/arm-none-eabi/8.2.1/../../../../arm-none-eabi/lib/thumb/v7e-m+fp/hard/libc_nano.a(lib_a-lock.o)
                0x00000000200110c0                __lock___atexit_recursive_mutex
                0x00000000200110c1                __lock___arc4random_mutex
                0x00000000200110c2                __lock___env_recursive_mutex
                0x00000000200110c3                __lock___sinit_recursive_mutex
                0x00000000200110c4                __lock___malloc_recursive_mutex
                0x00000000200110c5                __lock___at_quick_exit_mutex
                0x00000000200110c6                __lock___dd_hash_mutex
                0x00000000200110c7                __lock___tz_mutex
                0x00000000200110c8                __lock___sfp_recursive_mutex
                0x00000000200110cc                . = ALIGN (0x4)
 *fill*         0x00000000200110c9        0x3 
                0x00000000200110cc                _ebss = .
                0x00000000200110cc                PROVIDE (end = _ebss)
                [!provide]                        PROVIDE (_end = _ebss)
OUTPUT(./Debug/RTS-Lab.elf elf32-littlearm)

.debug_info     0x0000000000000000     0xb7be
 .debug_info    0x0000000000000000      0x2c4 ./Debug/driver_src_stm32f4xx_syscfg.c.o
 .debug_info    0x00000000000002c4      0xa68 ./Debug/driver_src_stm32f4xx_usart.c.o
 .debug_info    0x0000000000000d2c     0x1e26 ./Debug/driver_src_stm32f4xx_tim.c.o
 .debug_info    0x0000000000002b52      0x67f ./Debug/driver_src_stm32f4xx_gpio.c.o
 .debug_info    0x00000000000031d1      0x6af ./Debug/driver_src_stm32f4xx_dac.c.o
 .debug_info    0x0000000000003880      0x673 ./Debug/player.c.o
 .debug_info    0x0000000000003ef3      0xc60 ./Debug/driver_src_stm32f4xx_can.c.o
 .debug_info    0x0000000000004b53     0x1879 ./Debug/TinyTimber.c.o
 .debug_info    0x00000000000063cc      0x383 ./Debug/driver_src_stm32f4xx_exti.c.o
 .debug_info    0x000000000000674f      0x961 ./Debug/sioTinyTimber.c.o
 .debug_info    0x00000000000070b0      0xae8 ./Debug/startup.c.o
 .debug_info    0x0000000000007b98     0x15a1 ./Debug/application.c.o
 .debug_info    0x0000000000009139      0x9d7 ./Debug/sciTinyTimber.c.o
 .debug_info    0x0000000000009b10      0xdba ./Debug/canTinyTimber.c.o
 .debug_info    0x000000000000a8ca      0xef4 ./Debug/driver_src_stm32f4xx_rcc.c.o

.debug_abbrev   0x0000000000000000     0x2214
 .debug_abbrev  0x0000000000000000      0x164 ./Debug/driver_src_stm32f4xx_syscfg.c.o
 .debug_abbrev  0x0000000000000164      0x1a8 ./Debug/driver_src_stm32f4xx_usart.c.o
 .debug_abbrev  0x000000000000030c      0x1c2 ./Debug/driver_src_stm32f4xx_tim.c.o
 .debug_abbrev  0x00000000000004ce      0x1e6 ./Debug/driver_src_stm32f4xx_gpio.c.o
 .debug_abbrev  0x00000000000006b4      0x1b9 ./Debug/driver_src_stm32f4xx_dac.c.o
 .debug_abbrev  0x000000000000086d      0x1a3 ./Debug/player.c.o
 .debug_abbrev  0x0000000000000a10      0x238 ./Debug/driver_src_stm32f4xx_can.c.o
 .debug_abbrev  0x0000000000000c48      0x4e3 ./Debug/TinyTimber.c.o
 .debug_abbrev  0x000000000000112b      0x1ea ./Debug/driver_src_stm32f4xx_exti.c.o
 .debug_abbrev  0x0000000000001315      0x256 ./Debug/sioTinyTimber.c.o
 .debug_abbrev  0x000000000000156b      0x28f ./Debug/startup.c.o
 .debug_abbrev  0x00000000000017fa      0x311 ./Debug/application.c.o
 .debug_abbrev  0x0000000000001b0b      0x286 ./Debug/sciTinyTimber.c.o
 .debug_abbrev  0x0000000000001d91      0x28a ./Debug/canTinyTimber.c.o
 .debug_abbrev  0x000000000000201b      0x1f9 ./Debug/driver_src_stm32f4xx_rcc.c.o

.debug_aranges  0x0000000000000000      0x1e8
 .debug_aranges
                0x0000000000000000       0x20 ./Debug/driver_src_stm32f4xx_syscfg.c.o
 .debug_aranges
                0x0000000000000020       0x20 ./Debug/driver_src_stm32f4xx_usart.c.o
 .debug_aranges
                0x0000000000000040       0x20 ./Debug/driver_src_stm32f4xx_tim.c.o
 .debug_aranges
                0x0000000000000060       0x20 ./Debug/driver_src_stm32f4xx_gpio.c.o
 .debug_aranges
                0x0000000000000080       0x20 ./Debug/driver_src_stm32f4xx_dac.c.o
 .debug_aranges
                0x00000000000000a0       0x20 ./Debug/player.c.o
 .debug_aranges
                0x00000000000000c0       0x20 ./Debug/driver_src_stm32f4xx_can.c.o
 .debug_aranges
                0x00000000000000e0       0x20 ./Debug/TinyTimber.c.o
 .debug_aranges
                0x0000000000000100       0x20 ./Debug/driver_src_stm32f4xx_exti.c.o
 .debug_aranges
                0x0000000000000120       0x20 ./Debug/sioTinyTimber.c.o
 .debug_aranges
                0x0000000000000140       0x28 ./Debug/startup.c.o
 .debug_aranges
                0x0000000000000168       0x20 ./Debug/application.c.o
 .debug_aranges
                0x0000000000000188       0x20 ./Debug/sciTinyTimber.c.o
 .debug_aranges
                0x00000000000001a8       0x20 ./Debug/canTinyTimber.c.o
 .debug_aranges
                0x00000000000001c8       0x20 ./Debug/driver_src_stm32f4xx_rcc.c.o

.debug_line     0x0000000000000000     0x5583
 .debug_line    0x0000000000000000      0x28c ./Debug/driver_src_stm32f4xx_syscfg.c.o
 .debug_line    0x000000000000028c      0x608 ./Debug/driver_src_stm32f4xx_usart.c.o
 .debug_line    0x0000000000000894      0xc1b ./Debug/driver_src_stm32f4xx_tim.c.o
 .debug_line    0x00000000000014af      0x4a6 ./Debug/driver_src_stm32f4xx_gpio.c.o
 .debug_line    0x0000000000001955      0x44b ./Debug/driver_src_stm32f4xx_dac.c.o
 .debug_line    0x0000000000001da0      0x3a3 ./Debug/player.c.o
 .debug_line    0x0000000000002143      0x95f ./Debug/driver_src_stm32f4xx_can.c.o
 .debug_line    0x0000000000002aa2      0xb0d ./Debug/TinyTimber.c.o
 .debug_line    0x00000000000035af      0x375 ./Debug/driver_src_stm32f4xx_exti.c.o
 .debug_line    0x0000000000003924      0x306 ./Debug/sioTinyTimber.c.o
 .debug_line    0x0000000000003c2a      0x3fe ./Debug/startup.c.o
 .debug_line    0x0000000000004028      0x57a ./Debug/application.c.o
 .debug_line    0x00000000000045a2      0x33b ./Debug/sciTinyTimber.c.o
 .debug_line    0x00000000000048dd      0x4a8 ./Debug/canTinyTimber.c.o
 .debug_line    0x0000000000004d85      0x7fe ./Debug/driver_src_stm32f4xx_rcc.c.o

.debug_str      0x0000000000000000     0x3981
 .debug_str     0x0000000000000000      0x300 ./Debug/driver_src_stm32f4xx_syscfg.c.o
                                        0x368 (size before relaxing)
 .debug_str     0x0000000000000300      0x4e7 ./Debug/driver_src_stm32f4xx_usart.c.o
                                        0x6e9 (size before relaxing)
 .debug_str     0x00000000000007e7      0xb8f ./Debug/driver_src_stm32f4xx_tim.c.o
                                        0xe2a (size before relaxing)
 .debug_str     0x0000000000001376      0x328 ./Debug/driver_src_stm32f4xx_gpio.c.o
                                        0x4fd (size before relaxing)
 .debug_str     0x000000000000169e      0x2a1 ./Debug/driver_src_stm32f4xx_dac.c.o
                                        0x4ad (size before relaxing)
 .debug_str     0x000000000000193f      0x19d ./Debug/player.c.o
                                        0x354 (size before relaxing)
 .debug_str     0x0000000000001adc      0x52a ./Debug/driver_src_stm32f4xx_can.c.o
                                        0x798 (size before relaxing)
 .debug_str     0x0000000000002006      0x8b4 ./Debug/TinyTimber.c.o
                                        0xcad (size before relaxing)
 .debug_str     0x00000000000028ba      0x1d3 ./Debug/driver_src_stm32f4xx_exti.c.o
                                        0x3a6 (size before relaxing)
 .debug_str     0x0000000000002a8d       0x76 ./Debug/sioTinyTimber.c.o
                                        0x8d7 (size before relaxing)
 .debug_str     0x0000000000002b03      0x138 ./Debug/startup.c.o
                                        0x7f0 (size before relaxing)
 .debug_str     0x0000000000002c3b      0x51f ./Debug/application.c.o
                                        0x96a (size before relaxing)
 .debug_str     0x000000000000315a       0x78 ./Debug/sciTinyTimber.c.o
                                        0x8cd (size before relaxing)
 .debug_str     0x00000000000031d2       0x81 ./Debug/canTinyTimber.c.o
                                        0xa6e (size before relaxing)
 .debug_str     0x0000000000003253      0x72e ./Debug/driver_src_stm32f4xx_rcc.c.o
                                        0x9ef (size before relaxing)

.comment        0x0000000000000000       0x75
 .comment       0x0000000000000000       0x75 ./Debug/driver_src_stm32f4xx_syscfg.c.o
                                         0x76 (size before relaxing)
 .comment       0x0000000000000075       0x76 ./Debug/driver_src_stm32f4xx_usart.c.o
 .comment       0x0000000000000075       0x76 ./Debug/driver_src_stm32f4xx_tim.c.o
 .comment       0x0000000000000075       0x76 ./Debug/driver_src_stm32f4xx_gpio.c.o
 .comment       0x0000000000000075       0x76 ./Debug/driver_src_stm32f4xx_dac.c.o
 .comment       0x0000000000000075       0x76 ./Debug/player.c.o
 .comment       0x0000000000000075       0x76 ./Debug/driver_src_stm32f4xx_can.c.o
 .comment       0x0000000000000075       0x76 ./Debug/TinyTimber.c.o
 .comment       0x0000000000000075       0x76 ./Debug/driver_src_stm32f4xx_exti.c.o
 .comment       0x0000000000000075       0x76 ./Debug/sioTinyTimber.c.o
 .comment       0x0000000000000075       0x76 ./Debug/startup.c.o
 .comment       0x0000000000000075       0x76 ./Debug/application.c.o
 .comment       0x0000000000000075       0x76 ./Debug/sciTinyTimber.c.o
 .comment       0x0000000000000075       0x76 ./Debug/canTinyTimber.c.o
 .comment       0x0000000000000075       0x76 ./Debug/driver_src_stm32f4xx_rcc.c.o

.ARM.attributes
                0x0000000000000000       0x32
 .ARM.attributes
                0x0000000000000000       0x34 ./Debug/driver_src_stm32f4xx_syscfg.c.o
 .ARM.attributes
                0x0000000000000034       0x34 ./Debug/driver_src_stm32f4xx_usart.c.o
 .ARM.attributes
                0x0000000000000068       0x34 ./Debug/driver_src_stm32f4xx_tim.c.o
 .ARM.attributes
                0x000000000000009c       0x34 ./Debug/driver_src_stm32f4xx_gpio.c.o
 .ARM.attributes
                0x00000000000000d0       0x34 ./Debug/driver_src_stm32f4xx_dac.c.o
 .ARM.attributes
                0x0000000000000104       0x34 ./Debug/player.c.o
 .ARM.attributes
                0x0000000000000138       0x34 ./Debug/driver_src_stm32f4xx_can.c.o
 .ARM.attributes
                0x000000000000016c       0x34 ./Debug/TinyTimber.c.o
 .ARM.attributes
                0x00000000000001a0       0x34 ./Debug/driver_src_stm32f4xx_exti.c.o
 .ARM.attributes
                0x00000000000001d4       0x34 ./Debug/sioTinyTimber.c.o
 .ARM.attributes
                0x0000000000000208       0x25 ./Debug/dispatch.s.o
 .ARM.attributes
                0x000000000000022d       0x34 ./Debug/startup.c.o
 .ARM.attributes
                0x0000000000000261       0x34 ./Debug/application.c.o
 .ARM.attributes
                0x0000000000000295       0x34 ./Debug/sciTinyTimber.c.o
 .ARM.attributes
                0x00000000000002c9       0x34 ./Debug/canTinyTimber.c.o
 .ARM.attributes
                0x00000000000002fd       0x34 ./Debug/driver_src_stm32f4xx_rcc.c.o
 .ARM.attributes
                0x0000000000000331       0x34 /home/hanna/Documents/gcc-arm-none-eabi-8-2018-q4-major-linux/gcc-arm-none-eabi-8-2018-q4-major/bin/../lib/gcc/arm-none-eabi/8.2.1/../../../../arm-none-eabi/lib/thumb/v7e-m+fp/hard/libc_nano.a(lib_a-atoi.o)
 .ARM.attributes
                0x0000000000000365       0x34 /home/hanna/Documents/gcc-arm-none-eabi-8-2018-q4-major-linux/gcc-arm-none-eabi-8-2018-q4-major/bin/../lib/gcc/arm-none-eabi/8.2.1/../../../../arm-none-eabi/lib/thumb/v7e-m+fp/hard/libc_nano.a(lib_a-snprintf.o)
 .ARM.attributes
                0x0000000000000399       0x17 /home/hanna/Documents/gcc-arm-none-eabi-8-2018-q4-major-linux/gcc-arm-none-eabi-8-2018-q4-major/bin/../lib/gcc/arm-none-eabi/8.2.1/../../../../arm-none-eabi/lib/thumb/v7e-m+fp/hard/libc_nano.a(lib_a-strlen.o)
 .ARM.attributes
                0x00000000000003b0       0x34 /home/hanna/Documents/gcc-arm-none-eabi-8-2018-q4-major-linux/gcc-arm-none-eabi-8-2018-q4-major/bin/../lib/gcc/arm-none-eabi/8.2.1/../../../../arm-none-eabi/lib/thumb/v7e-m+fp/hard/libc_nano.a(lib_a-strtol.o)
 .ARM.attributes
                0x00000000000003e4       0x32 /home/hanna/Documents/gcc-arm-none-eabi-8-2018-q4-major-linux/gcc-arm-none-eabi-8-2018-q4-major/bin/../lib/gcc/arm-none-eabi/8.2.1/../../../../arm-none-eabi/lib/thumb/v7e-m+fp/hard/libc_nano.a(lib_a-ctype_.o)
 .ARM.attributes
                0x0000000000000416       0x32 /home/hanna/Documents/gcc-arm-none-eabi-8-2018-q4-major-linux/gcc-arm-none-eabi-8-2018-q4-major/bin/../lib/gcc/arm-none-eabi/8.2.1/../../../../arm-none-eabi/lib/thumb/v7e-m+fp/hard/libc_nano.a(lib_a-impure.o)
 .ARM.attributes
                0x0000000000000448       0x34 /home/hanna/Documents/gcc-arm-none-eabi-8-2018-q4-major-linux/gcc-arm-none-eabi-8-2018-q4-major/bin/../lib/gcc/arm-none-eabi/8.2.1/../../../../arm-none-eabi/lib/thumb/v7e-m+fp/hard/libc_nano.a(lib_a-nano-svfprintf.o)
 .ARM.attributes
                0x000000000000047c       0x34 /home/hanna/Documents/gcc-arm-none-eabi-8-2018-q4-major-linux/gcc-arm-none-eabi-8-2018-q4-major/bin/../lib/gcc/arm-none-eabi/8.2.1/../../../../arm-none-eabi/lib/thumb/v7e-m+fp/hard/libc_nano.a(lib_a-nano-vfprintf_i.o)
 .ARM.attributes
                0x00000000000004b0       0x1c /home/hanna/Documents/gcc-arm-none-eabi-8-2018-q4-major-linux/gcc-arm-none-eabi-8-2018-q4-major/bin/../lib/gcc/arm-none-eabi/8.2.1/../../../../arm-none-eabi/lib/thumb/v7e-m+fp/hard/libc_nano.a(lib_a-memchr.o)
 .ARM.attributes
                0x00000000000004cc       0x34 /home/hanna/Documents/gcc-arm-none-eabi-8-2018-q4-major-linux/gcc-arm-none-eabi-8-2018-q4-major/bin/../lib/gcc/arm-none-eabi/8.2.1/../../../../arm-none-eabi/lib/thumb/v7e-m+fp/hard/libc_nano.a(lib_a-memcpy-stub.o)
 .ARM.attributes
                0x0000000000000500       0x34 /home/hanna/Documents/gcc-arm-none-eabi-8-2018-q4-major-linux/gcc-arm-none-eabi-8-2018-q4-major/bin/../lib/gcc/arm-none-eabi/8.2.1/../../../../arm-none-eabi/lib/thumb/v7e-m+fp/hard/libc_nano.a(lib_a-memmove.o)
 .ARM.attributes
                0x0000000000000534       0x34 /home/hanna/Documents/gcc-arm-none-eabi-8-2018-q4-major-linux/gcc-arm-none-eabi-8-2018-q4-major/bin/../lib/gcc/arm-none-eabi/8.2.1/../../../../arm-none-eabi/lib/thumb/v7e-m+fp/hard/libc_nano.a(lib_a-nano-freer.o)
 .ARM.attributes
                0x0000000000000568       0x34 /home/hanna/Documents/gcc-arm-none-eabi-8-2018-q4-major-linux/gcc-arm-none-eabi-8-2018-q4-major/bin/../lib/gcc/arm-none-eabi/8.2.1/../../../../arm-none-eabi/lib/thumb/v7e-m+fp/hard/libc_nano.a(lib_a-nano-mallocr.o)
 .ARM.attributes
                0x000000000000059c       0x34 /home/hanna/Documents/gcc-arm-none-eabi-8-2018-q4-major-linux/gcc-arm-none-eabi-8-2018-q4-major/bin/../lib/gcc/arm-none-eabi/8.2.1/../../../../arm-none-eabi/lib/thumb/v7e-m+fp/hard/libc_nano.a(lib_a-nano-reallocr.o)
 .ARM.attributes
                0x00000000000005d0       0x34 /home/hanna/Documents/gcc-arm-none-eabi-8-2018-q4-major-linux/gcc-arm-none-eabi-8-2018-q4-major/bin/../lib/gcc/arm-none-eabi/8.2.1/../../../../arm-none-eabi/lib/thumb/v7e-m+fp/hard/libc_nano.a(lib_a-sbrkr.o)
 .ARM.attributes
                0x0000000000000604       0x34 /home/hanna/Documents/gcc-arm-none-eabi-8-2018-q4-major-linux/gcc-arm-none-eabi-8-2018-q4-major/bin/../lib/gcc/arm-none-eabi/8.2.1/../../../../arm-none-eabi/lib/thumb/v7e-m+fp/hard/libc_nano.a(lib_a-mlock.o)
 .ARM.attributes
                0x0000000000000638       0x34 /home/hanna/Documents/gcc-arm-none-eabi-8-2018-q4-major-linux/gcc-arm-none-eabi-8-2018-q4-major/bin/../lib/gcc/arm-none-eabi/8.2.1/../../../../arm-none-eabi/lib/thumb/v7e-m+fp/hard/libc_nano.a(lib_a-nano-msizer.o)
 .ARM.attributes
                0x000000000000066c       0x34 /home/hanna/Documents/gcc-arm-none-eabi-8-2018-q4-major-linux/gcc-arm-none-eabi-8-2018-q4-major/bin/../lib/gcc/arm-none-eabi/8.2.1/../../../../arm-none-eabi/lib/thumb/v7e-m+fp/hard/libc_nano.a(lib_a-reent.o)
 .ARM.attributes
                0x00000000000006a0       0x34 /home/hanna/Documents/gcc-arm-none-eabi-8-2018-q4-major-linux/gcc-arm-none-eabi-8-2018-q4-major/bin/../lib/gcc/arm-none-eabi/8.2.1/../../../../arm-none-eabi/lib/thumb/v7e-m+fp/hard/libc_nano.a(lib_a-lock.o)

.debug_frame    0x0000000000000000     0x3938
 .debug_frame   0x0000000000000000      0x11c ./Debug/driver_src_stm32f4xx_syscfg.c.o
 .debug_frame   0x000000000000011c      0x490 ./Debug/driver_src_stm32f4xx_usart.c.o
 .debug_frame   0x00000000000005ac      0xe54 ./Debug/driver_src_stm32f4xx_tim.c.o
 .debug_frame   0x0000000000001400      0x23c ./Debug/driver_src_stm32f4xx_gpio.c.o
 .debug_frame   0x000000000000163c      0x2ac ./Debug/driver_src_stm32f4xx_dac.c.o
 .debug_frame   0x00000000000018e8      0x334 ./Debug/player.c.o
 .debug_frame   0x0000000000001c1c      0x3f4 ./Debug/driver_src_stm32f4xx_can.c.o
 .debug_frame   0x0000000000002010      0x57c ./Debug/TinyTimber.c.o
 .debug_frame   0x000000000000258c      0x148 ./Debug/driver_src_stm32f4xx_exti.c.o
 .debug_frame   0x00000000000026d4      0x114 ./Debug/sioTinyTimber.c.o
 .debug_frame   0x00000000000027e8      0x14c ./Debug/startup.c.o
 .debug_frame   0x0000000000002934      0x158 ./Debug/application.c.o
 .debug_frame   0x0000000000002a8c      0x11c ./Debug/sciTinyTimber.c.o
 .debug_frame   0x0000000000002ba8      0x100 ./Debug/canTinyTimber.c.o
 .debug_frame   0x0000000000002ca8      0x814 ./Debug/driver_src_stm32f4xx_rcc.c.o
 .debug_frame   0x00000000000034bc       0x30 /home/hanna/Documents/gcc-arm-none-eabi-8-2018-q4-major-linux/gcc-arm-none-eabi-8-2018-q4-major/bin/../lib/gcc/arm-none-eabi/8.2.1/../../../../arm-none-eabi/lib/thumb/v7e-m+fp/hard/libc_nano.a(lib_a-atoi.o)
 .debug_frame   0x00000000000034ec       0x7c /home/hanna/Documents/gcc-arm-none-eabi-8-2018-q4-major-linux/gcc-arm-none-eabi-8-2018-q4-major/bin/../lib/gcc/arm-none-eabi/8.2.1/../../../../arm-none-eabi/lib/thumb/v7e-m+fp/hard/libc_nano.a(lib_a-snprintf.o)
 .debug_frame   0x0000000000003568       0x64 /home/hanna/Documents/gcc-arm-none-eabi-8-2018-q4-major-linux/gcc-arm-none-eabi-8-2018-q4-major/bin/../lib/gcc/arm-none-eabi/8.2.1/../../../../arm-none-eabi/lib/thumb/v7e-m+fp/hard/libc_nano.a(lib_a-strtol.o)
 .debug_frame   0x00000000000035cc       0x90 /home/hanna/Documents/gcc-arm-none-eabi-8-2018-q4-major-linux/gcc-arm-none-eabi-8-2018-q4-major/bin/../lib/gcc/arm-none-eabi/8.2.1/../../../../arm-none-eabi/lib/thumb/v7e-m+fp/hard/libc_nano.a(lib_a-nano-svfprintf.o)
 .debug_frame   0x000000000000365c       0x60 /home/hanna/Documents/gcc-arm-none-eabi-8-2018-q4-major-linux/gcc-arm-none-eabi-8-2018-q4-major/bin/../lib/gcc/arm-none-eabi/8.2.1/../../../../arm-none-eabi/lib/thumb/v7e-m+fp/hard/libc_nano.a(lib_a-nano-vfprintf_i.o)
 .debug_frame   0x00000000000036bc       0x28 /home/hanna/Documents/gcc-arm-none-eabi-8-2018-q4-major-linux/gcc-arm-none-eabi-8-2018-q4-major/bin/../lib/gcc/arm-none-eabi/8.2.1/../../../../arm-none-eabi/lib/thumb/v7e-m+fp/hard/libc_nano.a(lib_a-memcpy-stub.o)
 .debug_frame   0x00000000000036e4       0x28 /home/hanna/Documents/gcc-arm-none-eabi-8-2018-q4-major-linux/gcc-arm-none-eabi-8-2018-q4-major/bin/../lib/gcc/arm-none-eabi/8.2.1/../../../../arm-none-eabi/lib/thumb/v7e-m+fp/hard/libc_nano.a(lib_a-memmove.o)
 .debug_frame   0x000000000000370c       0x38 /home/hanna/Documents/gcc-arm-none-eabi-8-2018-q4-major-linux/gcc-arm-none-eabi-8-2018-q4-major/bin/../lib/gcc/arm-none-eabi/8.2.1/../../../../arm-none-eabi/lib/thumb/v7e-m+fp/hard/libc_nano.a(lib_a-nano-freer.o)
 .debug_frame   0x0000000000003744       0x30 /home/hanna/Documents/gcc-arm-none-eabi-8-2018-q4-major-linux/gcc-arm-none-eabi-8-2018-q4-major/bin/../lib/gcc/arm-none-eabi/8.2.1/../../../../arm-none-eabi/lib/thumb/v7e-m+fp/hard/libc_nano.a(lib_a-nano-mallocr.o)
 .debug_frame   0x0000000000003774       0x3c /home/hanna/Documents/gcc-arm-none-eabi-8-2018-q4-major-linux/gcc-arm-none-eabi-8-2018-q4-major/bin/../lib/gcc/arm-none-eabi/8.2.1/../../../../arm-none-eabi/lib/thumb/v7e-m+fp/hard/libc_nano.a(lib_a-nano-reallocr.o)
 .debug_frame   0x00000000000037b0       0x2c /home/hanna/Documents/gcc-arm-none-eabi-8-2018-q4-major-linux/gcc-arm-none-eabi-8-2018-q4-major/bin/../lib/gcc/arm-none-eabi/8.2.1/../../../../arm-none-eabi/lib/thumb/v7e-m+fp/hard/libc_nano.a(lib_a-sbrkr.o)
 .debug_frame   0x00000000000037dc       0x30 /home/hanna/Documents/gcc-arm-none-eabi-8-2018-q4-major-linux/gcc-arm-none-eabi-8-2018-q4-major/bin/../lib/gcc/arm-none-eabi/8.2.1/../../../../arm-none-eabi/lib/thumb/v7e-m+fp/hard/libc_nano.a(lib_a-mlock.o)
 .debug_frame   0x000000000000380c       0x20 /home/hanna/Documents/gcc-arm-none-eabi-8-2018-q4-major-linux/gcc-arm-none-eabi-8-2018-q4-major/bin/../lib/gcc/arm-none-eabi/8.2.1/../../../../arm-none-eabi/lib/thumb/v7e-m+fp/hard/libc_nano.a(lib_a-nano-msizer.o)
 .debug_frame   0x000000000000382c       0x5c /home/hanna/Documents/gcc-arm-none-eabi-8-2018-q4-major-linux/gcc-arm-none-eabi-8-2018-q4-major/bin/../lib/gcc/arm-none-eabi/8.2.1/../../../../arm-none-eabi/lib/thumb/v7e-m+fp/hard/libc_nano.a(lib_a-reent.o)
 .debug_frame   0x0000000000003888       0xb0 /home/hanna/Documents/gcc-arm-none-eabi-8-2018-q4-major-linux/gcc-arm-none-eabi-8-2018-q4-major/bin/../lib/gcc/arm-none-eabi/8.2.1/../../../../arm-none-eabi/lib/thumb/v7e-m+fp/hard/libc_nano.a(lib_a-lock.o)

.debug_ranges   0x0000000000000000       0x18
 .debug_ranges  0x0000000000000000       0x18 ./Debug/startup.c.o

Cross Reference Table

Symbol                                            File
ABORT                                             ./Debug/TinyTimber.c.o
CAN_CancelTransmit                                ./Debug/driver_src_stm32f4xx_can.c.o
CAN_ClearFlag                                     ./Debug/driver_src_stm32f4xx_can.c.o
CAN_ClearITPendingBit                             ./Debug/driver_src_stm32f4xx_can.c.o
CAN_DBGFreeze                                     ./Debug/driver_src_stm32f4xx_can.c.o
CAN_DeInit                                        ./Debug/driver_src_stm32f4xx_can.c.o
                                                  ./Debug/startup.c.o
CAN_FIFORelease                                   ./Debug/driver_src_stm32f4xx_can.c.o
CAN_FilterInit                                    ./Debug/driver_src_stm32f4xx_can.c.o
                                                  ./Debug/startup.c.o
CAN_GetFlagStatus                                 ./Debug/driver_src_stm32f4xx_can.c.o
                                                  ./Debug/canTinyTimber.c.o
CAN_GetITStatus                                   ./Debug/driver_src_stm32f4xx_can.c.o
CAN_GetLSBTransmitErrorCounter                    ./Debug/driver_src_stm32f4xx_can.c.o
CAN_GetLastErrorCode                              ./Debug/driver_src_stm32f4xx_can.c.o
CAN_GetReceiveErrorCounter                        ./Debug/driver_src_stm32f4xx_can.c.o
CAN_ITConfig                                      ./Debug/driver_src_stm32f4xx_can.c.o
                                                  ./Debug/canTinyTimber.c.o
CAN_Init                                          ./Debug/driver_src_stm32f4xx_can.c.o
                                                  ./Debug/canTinyTimber.c.o
CAN_MessagePending                                ./Debug/driver_src_stm32f4xx_can.c.o
CAN_OperatingModeRequest                          ./Debug/driver_src_stm32f4xx_can.c.o
CAN_Receive                                       ./Debug/driver_src_stm32f4xx_can.c.o
                                                  ./Debug/canTinyTimber.c.o
CAN_SlaveStartBank                                ./Debug/driver_src_stm32f4xx_can.c.o
CAN_Sleep                                         ./Debug/driver_src_stm32f4xx_can.c.o
CAN_StructInit                                    ./Debug/driver_src_stm32f4xx_can.c.o
                                                  ./Debug/canTinyTimber.c.o
CAN_TTComModeCmd                                  ./Debug/driver_src_stm32f4xx_can.c.o
CAN_Transmit                                      ./Debug/driver_src_stm32f4xx_can.c.o
                                                  ./Debug/canTinyTimber.c.o
CAN_TransmitStatus                                ./Debug/driver_src_stm32f4xx_can.c.o
CAN_WakeUp                                        ./Debug/driver_src_stm32f4xx_can.c.o
CURRENT_OFFSET                                    ./Debug/TinyTimber.c.o
DAC_ClearFlag                                     ./Debug/driver_src_stm32f4xx_dac.c.o
DAC_ClearITPendingBit                             ./Debug/driver_src_stm32f4xx_dac.c.o
DAC_Cmd                                           ./Debug/driver_src_stm32f4xx_dac.c.o
                                                  ./Debug/startup.c.o
DAC_DMACmd                                        ./Debug/driver_src_stm32f4xx_dac.c.o
DAC_DeInit                                        ./Debug/driver_src_stm32f4xx_dac.c.o
                                                  ./Debug/startup.c.o
DAC_DualSoftwareTriggerCmd                        ./Debug/driver_src_stm32f4xx_dac.c.o
DAC_GetDataOutputValue                            ./Debug/driver_src_stm32f4xx_dac.c.o
DAC_GetFlagStatus                                 ./Debug/driver_src_stm32f4xx_dac.c.o
DAC_GetITStatus                                   ./Debug/driver_src_stm32f4xx_dac.c.o
DAC_ITConfig                                      ./Debug/driver_src_stm32f4xx_dac.c.o
DAC_Init                                          ./Debug/driver_src_stm32f4xx_dac.c.o
                                                  ./Debug/startup.c.o
DAC_SetChannel1Data                               ./Debug/driver_src_stm32f4xx_dac.c.o
DAC_SetChannel2Data                               ./Debug/driver_src_stm32f4xx_dac.c.o
                                                  ./Debug/startup.c.o
DAC_SetDualChannelData                            ./Debug/driver_src_stm32f4xx_dac.c.o
DAC_SoftwareTriggerCmd                            ./Debug/driver_src_stm32f4xx_dac.c.o
DAC_StructInit                                    ./Debug/driver_src_stm32f4xx_dac.c.o
                                                  ./Debug/startup.c.o
DAC_WaveGenerationCmd                             ./Debug/driver_src_stm32f4xx_dac.c.o
DUMP                                              ./Debug/TinyTimber.c.o
                                                  ./Debug/canTinyTimber.c.o
                                                  ./Debug/dispatch.s.o
                                                  ./Debug/sioTinyTimber.c.o
DUMPC                                             ./Debug/TinyTimber.c.o
DUMPD                                             ./Debug/TinyTimber.c.o
                                                  ./Debug/dispatch.s.o
DUMPH                                             ./Debug/TinyTimber.c.o
                                                  ./Debug/dispatch.s.o
EXTI_ClearFlag                                    ./Debug/driver_src_stm32f4xx_exti.c.o
EXTI_ClearITPendingBit                            ./Debug/driver_src_stm32f4xx_exti.c.o
                                                  ./Debug/sioTinyTimber.c.o
EXTI_DeInit                                       ./Debug/driver_src_stm32f4xx_exti.c.o
                                                  ./Debug/startup.c.o
EXTI_GenerateSWInterrupt                          ./Debug/driver_src_stm32f4xx_exti.c.o
EXTI_GetFlagStatus                                ./Debug/driver_src_stm32f4xx_exti.c.o
EXTI_GetITStatus                                  ./Debug/driver_src_stm32f4xx_exti.c.o
                                                  ./Debug/sioTinyTimber.c.o
EXTI_Init                                         ./Debug/driver_src_stm32f4xx_exti.c.o
                                                  ./Debug/startup.c.o
EXTI_StructInit                                   ./Debug/driver_src_stm32f4xx_exti.c.o
                                                  ./Debug/startup.c.o
GPIO_DeInit                                       ./Debug/driver_src_stm32f4xx_gpio.c.o
                                                  ./Debug/startup.c.o
GPIO_Init                                         ./Debug/driver_src_stm32f4xx_gpio.c.o
                                                  ./Debug/startup.c.o
GPIO_PinAFConfig                                  ./Debug/driver_src_stm32f4xx_gpio.c.o
                                                  ./Debug/startup.c.o
GPIO_PinLockConfig                                ./Debug/driver_src_stm32f4xx_gpio.c.o
GPIO_ReadInputData                                ./Debug/driver_src_stm32f4xx_gpio.c.o
GPIO_ReadInputDataBit                             ./Debug/driver_src_stm32f4xx_gpio.c.o
                                                  ./Debug/sioTinyTimber.c.o
GPIO_ReadOutputData                               ./Debug/driver_src_stm32f4xx_gpio.c.o
GPIO_ReadOutputDataBit                            ./Debug/driver_src_stm32f4xx_gpio.c.o
GPIO_ResetBits                                    ./Debug/driver_src_stm32f4xx_gpio.c.o
GPIO_SetBits                                      ./Debug/driver_src_stm32f4xx_gpio.c.o
GPIO_StructInit                                   ./Debug/driver_src_stm32f4xx_gpio.c.o
                                                  ./Debug/startup.c.o
GPIO_ToggleBits                                   ./Debug/driver_src_stm32f4xx_gpio.c.o
                                                  ./Debug/sioTinyTimber.c.o
GPIO_Write                                        ./Debug/driver_src_stm32f4xx_gpio.c.o
GPIO_WriteBit                                     ./Debug/driver_src_stm32f4xx_gpio.c.o
                                                  ./Debug/startup.c.o
                                                  ./Debug/sioTinyTimber.c.o
                                                  ./Debug/TinyTimber.c.o
RCC_AHB1PeriphClockCmd                            ./Debug/driver_src_stm32f4xx_rcc.c.o
                                                  ./Debug/startup.c.o
RCC_AHB1PeriphClockLPModeCmd                      ./Debug/driver_src_stm32f4xx_rcc.c.o
RCC_AHB1PeriphResetCmd                            ./Debug/driver_src_stm32f4xx_rcc.c.o
                                                  ./Debug/driver_src_stm32f4xx_gpio.c.o
RCC_AHB2PeriphClockCmd                            ./Debug/driver_src_stm32f4xx_rcc.c.o
RCC_AHB2PeriphClockLPModeCmd                      ./Debug/driver_src_stm32f4xx_rcc.c.o
RCC_AHB2PeriphResetCmd                            ./Debug/driver_src_stm32f4xx_rcc.c.o
RCC_AHB3PeriphClockCmd                            ./Debug/driver_src_stm32f4xx_rcc.c.o
RCC_AHB3PeriphClockLPModeCmd                      ./Debug/driver_src_stm32f4xx_rcc.c.o
RCC_AHB3PeriphResetCmd                            ./Debug/driver_src_stm32f4xx_rcc.c.o
RCC_APB1PeriphClockCmd                            ./Debug/driver_src_stm32f4xx_rcc.c.o
                                                  ./Debug/startup.c.o
RCC_APB1PeriphClockLPModeCmd                      ./Debug/driver_src_stm32f4xx_rcc.c.o
                                                  ./Debug/startup.c.o
RCC_APB1PeriphResetCmd                            ./Debug/driver_src_stm32f4xx_rcc.c.o
                                                  ./Debug/driver_src_stm32f4xx_can.c.o
                                                  ./Debug/driver_src_stm32f4xx_dac.c.o
                                                  ./Debug/driver_src_stm32f4xx_tim.c.o
                                                  ./Debug/driver_src_stm32f4xx_usart.c.o
RCC_APB2PeriphClockCmd                            ./Debug/driver_src_stm32f4xx_rcc.c.o
                                                  ./Debug/startup.c.o
RCC_APB2PeriphClockLPModeCmd                      ./Debug/driver_src_stm32f4xx_rcc.c.o
RCC_APB2PeriphResetCmd                            ./Debug/driver_src_stm32f4xx_rcc.c.o
                                                  ./Debug/driver_src_stm32f4xx_tim.c.o
                                                  ./Debug/driver_src_stm32f4xx_usart.c.o
                                                  ./Debug/driver_src_stm32f4xx_syscfg.c.o
RCC_AdjustHSICalibrationValue                     ./Debug/driver_src_stm32f4xx_rcc.c.o
RCC_BackupResetCmd                                ./Debug/driver_src_stm32f4xx_rcc.c.o
RCC_ClearFlag                                     ./Debug/driver_src_stm32f4xx_rcc.c.o
RCC_ClearITPendingBit                             ./Debug/driver_src_stm32f4xx_rcc.c.o
RCC_ClockSecuritySystemCmd                        ./Debug/driver_src_stm32f4xx_rcc.c.o
RCC_DeInit                                        ./Debug/driver_src_stm32f4xx_rcc.c.o
RCC_GetClocksFreq                                 ./Debug/driver_src_stm32f4xx_rcc.c.o
                                                  ./Debug/driver_src_stm32f4xx_usart.c.o
RCC_GetFlagStatus                                 ./Debug/driver_src_stm32f4xx_rcc.c.o
RCC_GetITStatus                                   ./Debug/driver_src_stm32f4xx_rcc.c.o
RCC_GetSYSCLKSource                               ./Debug/driver_src_stm32f4xx_rcc.c.o
RCC_HCLKConfig                                    ./Debug/driver_src_stm32f4xx_rcc.c.o
RCC_HSEConfig                                     ./Debug/driver_src_stm32f4xx_rcc.c.o
RCC_HSICmd                                        ./Debug/driver_src_stm32f4xx_rcc.c.o
RCC_I2SCLKConfig                                  ./Debug/driver_src_stm32f4xx_rcc.c.o
RCC_ITConfig                                      ./Debug/driver_src_stm32f4xx_rcc.c.o
RCC_LSEConfig                                     ./Debug/driver_src_stm32f4xx_rcc.c.o
RCC_LSICmd                                        ./Debug/driver_src_stm32f4xx_rcc.c.o
RCC_LTDCCLKDivConfig                              ./Debug/driver_src_stm32f4xx_rcc.c.o
RCC_MCO1Config                                    ./Debug/driver_src_stm32f4xx_rcc.c.o
RCC_MCO2Config                                    ./Debug/driver_src_stm32f4xx_rcc.c.o
RCC_PCLK1Config                                   ./Debug/driver_src_stm32f4xx_rcc.c.o
RCC_PCLK2Config                                   ./Debug/driver_src_stm32f4xx_rcc.c.o
RCC_PLLCmd                                        ./Debug/driver_src_stm32f4xx_rcc.c.o
RCC_PLLConfig                                     ./Debug/driver_src_stm32f4xx_rcc.c.o
RCC_PLLI2SCmd                                     ./Debug/driver_src_stm32f4xx_rcc.c.o
RCC_PLLI2SConfig                                  ./Debug/driver_src_stm32f4xx_rcc.c.o