Archive member included to satisfy reference by file (symbol)

/home/hanna/Documents/gcc-arm-none-eabi-8-2018-q4-major-linux/gcc-arm-none-eabi-8-2018-q4-major/bin/../lib/gcc/arm-none-eabi/8.2.1/../../../../arm-none-eabi/lib/thumb/v7e-m+fp/hard/libc_nano.a(lib_a-atoi.o)
                              ./Debug/up_up_up_application.c.o (atoi)
/home/hanna/Documents/gcc-arm-none-eabi-8-2018-q4-major-linux/gcc-arm-none-eabi-8-2018-q4-major/bin/../lib/gcc/arm-none-eabi/8.2.1/../../../../arm-none-eabi/lib/thumb/v7e-m+fp/hard/libc_nano.a(lib_a-snprintf.o)
                              ./Debug/up_up_up_application.c.o (snprintf)
/home/hanna/Documents/gcc-arm-none-eabi-8-2018-q4-major-linux/gcc-arm-none-eabi-8-2018-q4-major/bin/../lib/gcc/arm-none-eabi/8.2.1/../../../../arm-none-eabi/lib/thumb/v7e-m+fp/hard/libc_nano.a(lib_a-sprintf.o)
                              ./Debug/up_up_up_application.c.o (sprintf)
/home/hanna/Documents/gcc-arm-none-eabi-8-2018-q4-major-linux/gcc-arm-none-eabi-8-2018-q4-major/bin/../lib/gcc/arm-none-eabi/8.2.1/../../../../arm-none-eabi/lib/thumb/v7e-m+fp/hard/libc_nano.a(lib_a-strlen.o)
                              ./Debug/up_up_up_application.c.o (strlen)
/home/hanna/Documents/gcc-arm-none-eabi-8-2018-q4-major-linux/gcc-arm-none-eabi-8-2018-q4-major/bin/../lib/gcc/arm-none-eabi/8.2.1/../../../../arm-none-eabi/lib/thumb/v7e-m+fp/hard/libc_nano.a(lib_a-strtol.o)
                              /home/hanna/Documents/gcc-arm-none-eabi-8-2018-q4-major-linux/gcc-arm-none-eabi-8-2018-q4-major/bin/../lib/gcc/arm-none-eabi/8.2.1/../../../../arm-none-eabi/lib/thumb/v7e-m+fp/hard/libc_nano.a(lib_a-atoi.o) (_strtol_r)
/home/hanna/Documents/gcc-arm-none-eabi-8-2018-q4-major-linux/gcc-arm-none-eabi-8-2018-q4-major/bin/../lib/gcc/arm-none-eabi/8.2.1/../../../../arm-none-eabi/lib/thumb/v7e-m+fp/hard/libc_nano.a(lib_a-ctype_.o)
                              /home/hanna/Documents/gcc-arm-none-eabi-8-2018-q4-major-linux/gcc-arm-none-eabi-8-2018-q4-major/bin/../lib/gcc/arm-none-eabi/8.2.1/../../../../arm-none-eabi/lib/thumb/v7e-m+fp/hard/libc_nano.a(lib_a-strtol.o) (_ctype_)
/home/hanna/Documents/gcc-arm-none-eabi-8-2018-q4-major-linux/gcc-arm-none-eabi-8-2018-q4-major/bin/../lib/gcc/arm-none-eabi/8.2.1/../../../../arm-none-eabi/lib/thumb/v7e-m+fp/hard/libc_nano.a(lib_a-impure.o)
                              /home/hanna/Documents/gcc-arm-none-eabi-8-2018-q4-major-linux/gcc-arm-none-eabi-8-2018-q4-major/bin/../lib/gcc/arm-none-eabi/8.2.1/../../../../arm-none-eabi/lib/thumb/v7e-m+fp/hard/libc_nano.a(lib_a-snprintf.o) (_impure_ptr)
/home/hanna/Documents/gcc-arm-none-eabi-8-2018-q4-major-linux/gcc-arm-none-eabi-8-2018-q4-major/bin/../lib/gcc/arm-none-eabi/8.2.1/../../../../arm-none-eabi/lib/thumb/v7e-m+fp/hard/libc_nano.a(lib_a-nano-svfprintf.o)
                              /home/hanna/Documents/gcc-arm-none-eabi-8-2018-q4-major-linux/gcc-arm-none-eabi-8-2018-q4-major/bin/../lib/gcc/arm-none-eabi/8.2.1/../../../../arm-none-eabi/lib/thumb/v7e-m+fp/hard/libc_nano.a(lib_a-snprintf.o) (_svfprintf_r)
/home/hanna/Documents/gcc-arm-none-eabi-8-2018-q4-major-linux/gcc-arm-none-eabi-8-2018-q4-major/bin/../lib/gcc/arm-none-eabi/8.2.1/../../../../arm-none-eabi/lib/thumb/v7e-m+fp/hard/libc_nano.a(lib_a-nano-vfprintf_i.o)
                              /home/hanna/Documents/gcc-arm-none-eabi-8-2018-q4-major-linux/gcc-arm-none-eabi-8-2018-q4-major/bin/../lib/gcc/arm-none-eabi/8.2.1/../../../../arm-none-eabi/lib/thumb/v7e-m+fp/hard/libc_nano.a(lib_a-nano-svfprintf.o) (_printf_i)
/home/hanna/Documents/gcc-arm-none-eabi-8-2018-q4-major-linux/gcc-arm-none-eabi-8-2018-q4-major/bin/../lib/gcc/arm-none-eabi/8.2.1/../../../../arm-none-eabi/lib/thumb/v7e-m+fp/hard/libc_nano.a(lib_a-memchr.o)
                              /home/hanna/Documents/gcc-arm-none-eabi-8-2018-q4-major-linux/gcc-arm-none-eabi-8-2018-q4-major/bin/../lib/gcc/arm-none-eabi/8.2.1/../../../../arm-none-eabi/lib/thumb/v7e-m+fp/hard/libc_nano.a(lib_a-nano-svfprintf.o) (memchr)
/home/hanna/Documents/gcc-arm-none-eabi-8-2018-q4-major-linux/gcc-arm-none-eabi-8-2018-q4-major/bin/../lib/gcc/arm-none-eabi/8.2.1/../../../../arm-none-eabi/lib/thumb/v7e-m+fp/hard/libc_nano.a(lib_a-memcpy-stub.o)
                              /home/hanna/Documents/gcc-arm-none-eabi-8-2018-q4-major-linux/gcc-arm-none-eabi-8-2018-q4-major/bin/../lib/gcc/arm-none-eabi/8.2.1/../../../../arm-none-eabi/lib/thumb/v7e-m+fp/hard/libc_nano.a(lib_a-nano-svfprintf.o) (memcpy)
/home/hanna/Documents/gcc-arm-none-eabi-8-2018-q4-major-linux/gcc-arm-none-eabi-8-2018-q4-major/bin/../lib/gcc/arm-none-eabi/8.2.1/../../../../arm-none-eabi/lib/thumb/v7e-m+fp/hard/libc_nano.a(lib_a-memmove.o)
                              /home/hanna/Documents/gcc-arm-none-eabi-8-2018-q4-major-linux/gcc-arm-none-eabi-8-2018-q4-major/bin/../lib/gcc/arm-none-eabi/8.2.1/../../../../arm-none-eabi/lib/thumb/v7e-m+fp/hard/libc_nano.a(lib_a-nano-svfprintf.o) (memmove)
[...]
Memory Configuration

Name             Origin             Length             Attributes
RAM              0x0000000020000000 0x000000000001c000 xrw
*default*        0x0000000000000000 0xffffffffffffffff

Linker script and memory map

LOAD ./Debug/up_up_up_application.c.o
LOAD ./Debug/driver_src_stm32f4xx_rcc.c.o
LOAD ./Debug/sciTinyTimber.c.o
LOAD ./Debug/startup.c.o
LOAD ./Debug/dispatch.s.o
LOAD ./Debug/sioTinyTimber.c.o
LOAD ./Debug/driver_src_stm32f4xx_exti.c.o
LOAD ./Debug/TinyTimber.c.o
LOAD ./Debug/driver_src_stm32f4xx_can.c.o
LOAD ./Debug/driver_src_stm32f4xx_dac.c.o
LOAD ./Debug/driver_src_stm32f4xx_gpio.c.o
LOAD ./Debug/driver_src_stm32f4xx_usart.c.o
LOAD ./Debug/driver_src_stm32f4xx_syscfg.c.o
LOAD ./Debug/canTinyTimber.c.o
LOAD ./Debug/driver_src_stm32f4xx_tim.c.o
LOAD /home/hanna/Documents/gcc-arm-none-eabi-8-2018-q4-major-linux/gcc-arm-none-eabi-8-2018-q4-major/bin/../lib/gcc/arm-none-eabi/8.2.1/../../../../arm-none-eabi/lib/thumb/v7e-m+fp/hard/libstdc++_nano.a
LOAD /home/hanna/Documents/gcc-arm-none-eabi-8-2018-q4-major-linux/gcc-arm-none-eabi-8-2018-q4-major/bin/../lib/gcc/arm-none-eabi/8.2.1/../../../../arm-none-eabi/lib/thumb/v7e-m+fp/hard/libm.a
START GROUP
LOAD /home/hanna/Documents/gcc-arm-none-eabi-8-2018-q4-major-linux/gcc-arm-none-eabi-8-2018-q4-major/bin/../lib/gcc/arm-none-eabi/8.2.1/thumb/v7e-m+fp/hard/libgcc.a
LOAD /home/hanna/Documents/gcc-arm-none-eabi-8-2018-q4-major-linux/gcc-arm-none-eabi-8-2018-q4-major/bin/../lib/gcc/arm-none-eabi/8.2.1/../../../../arm-none-eabi/lib/thumb/v7e-m+fp/hard/libc_nano.a
END GROUP
START GROUP
LOAD /home/hanna/Documents/gcc-arm-none-eabi-8-2018-q4-major-linux/gcc-arm-none-eabi-8-2018-q4-major/bin/../lib/gcc/arm-none-eabi/8.2.1/thumb/v7e-m+fp/hard/libgcc.a
LOAD /home/hanna/Documents/gcc-arm-none-eabi-8-2018-q4-major-linux/gcc-arm-none-eabi-8-2018-q4-major/bin/../lib/gcc/arm-none-eabi/8.2.1/../../../../arm-none-eabi/lib/thumb/v7e-m+fp/hard/libc_nano.a
END GROUP

.text           0x0000000020000000     0x98f0
                0x0000000020000000                . = ALIGN (0x4)
 *(.start_section)
 .start_section
                0x0000000020000000       0x1c ./Debug/startup.c.o
                0x0000000020000000                startup
 *(.text)
 .text          0x000000002000001c     0x19b0 ./Debug/up_up_up_application.c.o
                0x000000002000001c                canBufferInit
                0x0000000020000048                runCANBufferTask
                0x0000000020000104                printCANMsg
                0x0000000020000168                receiver
                0x0000000020000460                buttonPressed
                0x0000000020000620                reader
                0x000000002000065c                noteReader
                0x0000000020000d24                incClock
                0x0000000020000d70                safe_to_change
                0x0000000020000e7e                startSong
                0x0000000020000eec                nextNote
                0x00000000200010c4                sendChangeTempo
                0x0000000020001124                muteSet
                0x0000000020001160                reset
                0x00000000200011a4                pause
                0x00000000200011d8                canonSet
                0x000000002000120a                tempoChange
                0x00000000200012e4                tempoSet
                0x00000000200013b8                offsetChange
                0x0000000020001464                offsetSet
                0x0000000020001490                getVolume
                0x00000000200014aa                volumeSet
                0x00000000200014ec                volumeInc
                0x0000000020001528                volumeDec
                0x0000000020001564                getMute
                0x000000002000157e                mute
                0x000000002000159e                changePeriod
                0x00000000200015cc                changeTone
                0x00000000200015fc                squareWave
                0x0000000020001678                getDeadline
                0x0000000020001692                deadlineVoice
                0x00000000200016c0                getLoad
                0x00000000200016da                loadInc
                0x00000000200016fe                loadDec
                0x000000002000172c                deadlineLoad
                0x000000002000175a                background
                0x0000000020001904                startApp
                0x0000000020001978                main
 .text          0x00000000200019cc      0xca8 ./Debug/driver_src_stm32f4xx_rcc.c.o
                0x00000000200019cc                RCC_DeInit
                0x0000000020001a3c                RCC_HSEConfig
                0x0000000020001a64                RCC_WaitForHSEStartUp
                0x0000000020001ab4                RCC_AdjustHSICalibrationValue
                0x0000000020001af0                RCC_HSICmd
                0x0000000020001b10                RCC_LSEConfig
                0x0000000020001b54                RCC_LSICmd
                0x0000000020001b74                RCC_PLLConfig
                0x0000000020001bb4                RCC_PLLCmd
                0x0000000020001bd4                RCC_PLLI2SConfig
                0x0000000020001c00                RCC_PLLI2SCmd
                0x0000000020001c20                RCC_PLLSAIConfig
                0x0000000020001c54                RCC_PLLSAICmd
                0x0000000020001c74                RCC_ClockSecuritySystemCmd
                0x0000000020001c94                RCC_MCO1Config
                0x0000000020001cd4                RCC_MCO2Config
                0x0000000020001d14                RCC_SYSCLKConfig
                0x0000000020001d4c                RCC_GetSYSCLKSource
                0x0000000020001d6c                RCC_HCLKConfig
                0x0000000020001da4                RCC_PCLK1Config
                0x0000000020001ddc                RCC_PCLK2Config
                0x0000000020001e18                RCC_GetClocksFreq
                0x0000000020001f6c                RCC_RTCCLKConfig
                0x0000000020001fc8                RCC_RTCCLKCmd
                0x0000000020001fe8                RCC_BackupResetCmd
                0x0000000020002008                RCC_I2SCLKConfig
                0x0000000020002028                RCC_SAIPLLI2SClkDivConfig
                0x0000000020002068                RCC_SAIPLLSAIClkDivConfig
                0x00000000200020a8                RCC_SAIBlockACLKConfig
                0x00000000200020e4                RCC_SAIBlockBCLKConfig
                0x0000000020002120                RCC_LTDCCLKDivConfig
                0x000000002000215c                RCC_TIMCLKPresConfig
                0x000000002000217c                RCC_AHB1PeriphClockCmd
                0x00000000200021bc                RCC_AHB2PeriphClockCmd
                0x00000000200021fc                RCC_AHB3PeriphClockCmd
                0x000000002000223c                RCC_APB1PeriphClockCmd
                0x000000002000227c                RCC_APB2PeriphClockCmd
                0x00000000200022bc                RCC_AHB1PeriphResetCmd
                0x00000000200022fc                RCC_AHB2PeriphResetCmd
                0x000000002000233c                RCC_AHB3PeriphResetCmd
                0x000000002000237c                RCC_APB1PeriphResetCmd
                0x00000000200023bc                RCC_APB2PeriphResetCmd
                0x00000000200023fc                RCC_AHB1PeriphClockLPModeCmd
                0x000000002000243c                RCC_AHB2PeriphClockLPModeCmd
                0x000000002000247c                RCC_AHB3PeriphClockLPModeCmd
                0x00000000200024bc                RCC_APB1PeriphClockLPModeCmd
                0x00000000200024fc                RCC_APB2PeriphClockLPModeCmd
                0x000000002000253c                RCC_ITConfig
                0x0000000020002588                RCC_GetFlagStatus
                0x00000000200025fc                RCC_ClearFlag
                0x000000002000261c                RCC_GetITStatus
                0x0000000020002654                RCC_ClearITPendingBit
 .text          0x0000000020002674      0x294 ./Debug/sciTinyTimber.c.o
                0x00000000200026fc                sci_init
                0x00000000200027a2                sci_write
                0x00000000200027f6                sci_writechar
                0x000000002000282c                sci_interrupt
 .text          0x0000000020002908      0x32c ./Debug/startup.c.o
 .text          0x0000000020002c34       0xf4 ./Debug/dispatch.s.o
                0x0000000020002c34                vect_SVCall
                0x0000000020002c38                vect_PendSV
 .text          0x0000000020002d28      0x174 ./Debug/sioTinyTimber.c.o
                0x0000000020002db0                sio_init
                0x0000000020002de0                sio_read
                0x0000000020002e00                sio_write
                0x0000000020002e22                sio_toggle
                0x0000000020002e40                sio_interrupt
 .text          0x0000000020002e9c      0x210 ./Debug/driver_src_stm32f4xx_exti.c.o
                0x0000000020002e9c                EXTI_DeInit
                0x0000000020002ed0                EXTI_Init
                0x0000000020002fb4                EXTI_StructInit
                0x0000000020002fe0                EXTI_GenerateSWInterrupt
                0x0000000020003004                EXTI_GetFlagStatus
                0x0000000020003038                EXTI_ClearFlag
                0x0000000020003058                EXTI_GetITStatus
                0x000000002000308c                EXTI_ClearITPendingBit
 .text          0x00000000200030ac      0xf48 ./Debug/TinyTimber.c.o
                0x0000000020003134                DUMP
                0x000000002000316c                DUMPH
                0x00000000200031c8                DUMPD
                0x000000002000326c                sei
                0x0000000020003288                cli
                0x00000000200032a4                _sbrk
                0x00000000200032e8                SETSTACK
                0x0000000020003350                SETPC
                0x0000000020003374                TIMER_INIT
                0x000000002000340c                DUMPC
                0x0000000020003440                vect_USART1
                0x00000000200034a8                vect_CAN1
                0x0000000020003510                vect_EXTI9_5
                0x0000000020003578                enqueueByDeadline
                0x00000000200035d0                enqueueByBaseline
                0x0000000020003628                dequeue
                0x0000000020003678                dequeue_pool
                0x00000000200036c8                insert
                0x00000000200036ec                push
                0x0000000020003710                pop
                0x0000000020003792                vect_TIM5
                0x0000000020003824                __svc_dispatch
                0x0000000020003834                __pendSV_dispatch
                0x00000000200039a4                async
                0x0000000020003ae0                sync
                0x0000000020003bec                ABORT
                0x0000000020003ca0                T_RESET
                0x0000000020003cdc                T_SAMPLE
                0x0000000020003d1c                CURRENT_OFFSET
                0x0000000020003ec8                install
                0x0000000020003f90                tinytimber
 .text          0x0000000020003ff4     0x1020 ./Debug/driver_src_stm32f4xx_can.c.o
                0x0000000020003ff4                CAN_DeInit
                0x000000002000403c                CAN_Init
                0x00000000200041de                CAN_FilterInit
                0x0000000020004364                CAN_StructInit
                0x00000000200043ba                CAN_SlaveStartBank
                0x000000002000441c                CAN_DBGFreeze
                0x0000000020004454                CAN_TTComModeCmd
                0x00000000200044ec                CAN_Transmit
                0x000000002000468e                CAN_TransmitStatus
                0x0000000020004770                CAN_CancelTransmit
                0x00000000200047c2                CAN_Receive
                0x000000002000493e                CAN_FIFORelease
                0x0000000020004976                CAN_MessagePending
                0x00000000200049c0                CAN_OperatingModeRequest
                0x0000000020004abc                CAN_Sleep
                0x0000000020004af6                CAN_WakeUp
                0x0000000020004b4c                CAN_GetLastErrorCode
                0x0000000020004b72                CAN_GetReceiveErrorCounter
                0x0000000020004b94                CAN_GetLSBTransmitErrorCounter
                0x0000000020004bb6                CAN_ITConfig
                0x0000000020004bf2                CAN_GetFlagStatus
                0x0000000020004cc0                CAN_ClearFlag
                0x0000000020004d34                CAN_GetITStatus
                0x0000000020004ee8                CAN_ClearITPendingBit
 .text          0x0000000020005014      0x450 ./Debug/driver_src_stm32f4xx_dac.c.o
                0x0000000020005014                DAC_DeInit
                0x0000000020005030                DAC_Init
                0x0000000020005098                DAC_StructInit
                0x00000000200050c4                DAC_Cmd
                0x0000000020005110                DAC_SoftwareTriggerCmd
                0x0000000020005160                DAC_DualSoftwareTriggerCmd
                0x000000002000519c                DAC_WaveGenerationCmd
                0x00000000200051e8                DAC_SetChannel1Data
                0x0000000020005220                DAC_SetChannel2Data
                0x0000000020005258                DAC_SetDualChannelData
                0x00000000200052b0                DAC_GetDataOutputValue
                0x00000000200052e4                DAC_DMACmd
                0x0000000020005334                DAC_ITConfig
                0x0000000020005380                DAC_GetFlagStatus
                0x00000000200053bc                DAC_ClearFlag
                0x00000000200053e4                DAC_GetITStatus
                0x000000002000543c                DAC_ClearITPendingBit
 .text          0x0000000020005464      0x4d4 ./Debug/driver_src_stm32f4xx_gpio.c.o
                0x0000000020005464                GPIO_DeInit
                0x00000000200055c8                GPIO_Init
                0x00000000200056e4                GPIO_StructInit
                0x0000000020005718                GPIO_PinLockConfig
                0x000000002000575c                GPIO_ReadInputDataBit
                0x0000000020005790                GPIO_ReadInputData
                0x00000000200057aa                GPIO_ReadOutputDataBit
                0x00000000200057de                GPIO_ReadOutputData
                0x00000000200057f8                GPIO_SetBits
                0x0000000020005816                GPIO_ResetBits
                0x0000000020005834                GPIO_WriteBit
                0x0000000020005864                GPIO_Write
                0x0000000020005882                GPIO_ToggleBits
                0x00000000200058a6                GPIO_PinAFConfig
 .text          0x0000000020005938      0x970 ./Debug/driver_src_stm32f4xx_usart.c.o
                0x0000000020005938                USART_DeInit
                0x0000000020005a50                USART_Init
                0x0000000020005bc4                USART_StructInit
                0x0000000020005bfe                USART_ClockInit
                0x0000000020005c54                USART_ClockStructInit
                0x0000000020005c80                USART_Cmd
                0x0000000020005cc0                USART_SetPrescaler
                0x0000000020005cfa                USART_OverSampling8Cmd
                0x0000000020005d3e                USART_OneBitMethodCmd
                0x0000000020005d7e                USART_SendData
                0x0000000020005da2                USART_ReceiveData
                0x0000000020005dc2                USART_SetAddress
                0x0000000020005dfc                USART_ReceiverWakeUpCmd
                0x0000000020005e3c                USART_WakeUpConfig
                0x0000000020005e74                USART_LINBreakDetectLengthConfig
                0x0000000020005eac                USART_LINCmd
                0x0000000020005eec                USART_SendBreak
                0x0000000020005f10                USART_HalfDuplexCmd
                0x0000000020005f50                USART_SetGuardTime
                0x0000000020005f8c                USART_SmartCardCmd
                0x0000000020005fcc                USART_SmartCardNACKCmd
                0x000000002000600c                USART_IrDAConfig
                0x0000000020006044                USART_IrDACmd
                0x0000000020006084                USART_DMACmd
                0x00000000200060cc                USART_ITConfig
                0x000000002000615c                USART_GetFlagStatus
                0x0000000020006194                USART_ClearFlag
                0x00000000200061b6                USART_GetITStatus
                0x000000002000626c                USART_ClearITPendingBit
 .text          0x00000000200062a8      0x154 ./Debug/driver_src_stm32f4xx_syscfg.c.o
                0x00000000200062a8                SYSCFG_DeInit
                0x00000000200062c4                SYSCFG_MemoryRemapConfig
                0x00000000200062e4                SYSCFG_MemorySwappingBank
                0x0000000020006304                SYSCFG_EXTILineConfig
                0x0000000020006388                SYSCFG_ETH_MediaInterfaceConfig
                0x00000000200063a8                SYSCFG_CompensationCellCmd
                0x00000000200063c8                SYSCFG_GetCompensationCellStatus
 .text          0x00000000200063fc      0x430 ./Debug/canTinyTimber.c.o
                0x0000000020006484                can_init
                0x0000000020006544                can_interrupt
                0x00000000200066c0                can_receive
                0x0000000020006782                can_send
 .text          0x000000002000682c     0x1c18 ./Debug/driver_src_stm32f4xx_tim.c.o
                0x000000002000682c                TIM_DeInit
                0x00000000200069ec                TIM_TimeBaseInit
                0x0000000020006ac4                TIM_TimeBaseStructInit
                0x0000000020006af8                TIM_PrescalerConfig
                0x0000000020006b20                TIM_CounterModeConfig
                0x0000000020006b58                TIM_SetCounter
                0x0000000020006b74                TIM_SetAutoreload
                0x0000000020006b90                TIM_GetCounter
                0x0000000020006ba8                TIM_GetPrescaler
                0x0000000020006bc2                TIM_UpdateDisableConfig
                0x0000000020006c02                TIM_UpdateRequestConfig
                0x0000000020006c42                TIM_ARRPreloadConfig
                0x0000000020006c82                TIM_SelectOnePulseMode
                0x0000000020006cba                TIM_SetClockDivision
                0x0000000020006cf2                TIM_Cmd
                0x0000000020006d32                TIM_OC1Init
                0x0000000020006e28                TIM_OC2Init
                0x0000000020006f38                TIM_OC3Init
                0x0000000020007044                TIM_OC4Init
                0x0000000020007114                TIM_OCStructInit
                0x0000000020007158                TIM_SelectOCxM
                0x000000002000720c                TIM_SetCompare1
                0x0000000020007228                TIM_SetCompare2
                0x0000000020007244                TIM_SetCompare3
                0x0000000020007260                TIM_SetCompare4
                0x000000002000727c                TIM_ForcedOC1Config
                0x00000000200072b4                TIM_ForcedOC2Config
                0x00000000200072f0                TIM_ForcedOC3Config
                0x0000000020007328                TIM_ForcedOC4Config
                0x0000000020007364                TIM_OC1PreloadConfig
                0x000000002000739c                TIM_OC2PreloadConfig
                0x00000000200073d8                TIM_OC3PreloadConfig
                0x0000000020007410                TIM_OC4PreloadConfig
                0x000000002000744c                TIM_OC1FastConfig
                0x0000000020007484                TIM_OC2FastConfig
                0x00000000200074c0                TIM_OC3FastConfig
                0x00000000200074f8                TIM_OC4FastConfig
                0x0000000020007534                TIM_ClearOC1Ref
                0x000000002000756c                TIM_ClearOC2Ref
                0x00000000200075a8                TIM_ClearOC3Ref
                0x00000000200075e0                TIM_ClearOC4Ref
                0x000000002000761c                TIM_OC1PolarityConfig
                0x0000000020007654                TIM_OC1NPolarityConfig
                0x000000002000768c                TIM_OC2PolarityConfig
                0x00000000200076c8                TIM_OC2NPolarityConfig
                0x0000000020007704                TIM_OC3PolarityConfig
                0x0000000020007740                TIM_OC3NPolarityConfig
                0x000000002000777c                TIM_OC4PolarityConfig
                0x00000000200077b8                TIM_CCxCmd
                0x000000002000780e                TIM_CCxNCmd
                0x0000000020007864                TIM_ICInit
                0x000000002000790c                TIM_ICStructInit
                0x000000002000793e                TIM_PWMIConfig
                0x00000000200079f6                TIM_GetCapture1
                0x0000000020007a0e                TIM_GetCapture2
                0x0000000020007a26                TIM_GetCapture3
                0x0000000020007a3e                TIM_GetCapture4
                0x0000000020007a56                TIM_SetIC1Prescaler
                0x0000000020007a8e                TIM_SetIC2Prescaler
                0x0000000020007aca                TIM_SetIC3Prescaler
                0x0000000020007b02                TIM_SetIC4Prescaler
                0x0000000020007b3e                TIM_BDTRConfig
                0x0000000020007b8e                TIM_BDTRStructInit
                0x0000000020007bcc                TIM_CtrlPWMOutputs
                0x0000000020007c18                TIM_SelectCOM
                0x0000000020007c58                TIM_CCPreloadControl
                0x0000000020007c98                TIM_ITConfig
                0x0000000020007ce0                TIM_GenerateEvent
                0x0000000020007cfe                TIM_GetFlagStatus
                0x0000000020007d36                TIM_ClearFlag
                0x0000000020007d58                TIM_GetITStatus
                0x0000000020007dac                TIM_ClearITPendingBit
                0x0000000020007dce                TIM_DMAConfig
                0x0000000020007df8                TIM_DMACmd
                0x0000000020007e40                TIM_SelectCCDMA
                0x0000000020007e80                TIM_InternalClockConfig
                0x0000000020007ea4                TIM_ITRxExternalClockConfig
                0x0000000020007ed2                TIM_TIxExternalClockConfig
                0x0000000020007f2e                TIM_ETRClockMode1Config
                0x0000000020007f8c                TIM_ETRClockMode2Config
                0x0000000020007fca                TIM_SelectInputTrigger
                0x0000000020008002                TIM_SelectOutputTrigger
                0x000000002000803a                TIM_SelectSlaveMode
                0x0000000020008072                TIM_SelectMasterSlaveMode
                0x00000000200080aa                TIM_ETRConfig
                0x00000000200080fe                TIM_EncoderInterfaceConfig
                0x0000000020008196                TIM_SelectHallSensor
                0x00000000200081d6                TIM_RemapConfig
 .text          0x0000000020008444        0x0 /home/hanna/Documents/gcc-arm-none-eabi-8-2018-q4-major-linux/gcc-arm-none-eabi-8-2018-q4-major/bin/../lib/gcc/arm-none-eabi/8.2.1/../../../../arm-none-eabi/lib/thumb/v7e-m+fp/hard/libc_nano.a(lib_a-atoi.o)
 .text          0x0000000020008444        0x0 /home/hanna/Documents/gcc-arm-none-eabi-8-2018-q4-major-linux/gcc-arm-none-eabi-8-2018-q4-major/bin/../lib/gcc/arm-none-eabi/8.2.1/../../../../arm-none-eabi/lib/thumb/v7e-m+fp/hard/libc_nano.a(lib_a-snprintf.o)
 .text          0x0000000020008444        0x0 /home/hanna/Documents/gcc-arm-none-eabi-8-2018-q4-major-linux/gcc-arm-none-eabi-8-2018-q4-major/bin/../lib/gcc/arm-none-eabi/8.2.1/../../../../arm-none-eabi/lib/thumb/v7e-m+fp/hard/libc_nano.a(lib_a-sprintf.o)
 .text          0x0000000020008444       0x10 /home/hanna/Documents/gcc-arm-none-eabi-8-2018-q4-major-linux/gcc-arm-none-eabi-8-2018-q4-major/bin/../lib/gcc/arm-none-eabi/8.2.1/../../../../arm-none-eabi/lib/thumb/v7e-m+fp/hard/libc_nano.a(lib_a-strlen.o)
                0x0000000020008444                strlen
 .text          0x0000000020008454        0x0 /home/hanna/Documents/gcc-arm-none-eabi-8-2018-q4-major-linux/gcc-arm-none-eabi-8-2018-q4-major/bin/../lib/gcc/arm-none-eabi/8.2.1/../../../../arm-none-eabi/lib/thumb/v7e-m+fp/hard/libc_nano.a(lib_a-strtol.o)
 .text          0x0000000020008454        0x0 /home/hanna/Documents/gcc-arm-none-eabi-8-2018-q4-major-linux/gcc-arm-none-eabi-8-2018-q4-major/bin/../lib/gcc/arm-none-eabi/8.2.1/../../../../arm-none-eabi/lib/thumb/v7e-m+fp/hard/libc_nano.a(lib_a-ctype_.o)
 .text          0x0000000020008454        0x0 /home/hanna/Documents/gcc-arm-none-eabi-8-2018-q4-major-linux/gcc-arm-none-eabi-8-2018-q4-major/bin/../lib/gcc/arm-none-eabi/8.2.1/../../../../arm-none-eabi/lib/thumb/v7e-m+fp/hard/libc_nano.a(lib_a-impure.o)
 .text          0x0000000020008454        0x0 /home/hanna/Documents/gcc-arm-none-eabi-8-2018-q4-major-linux/gcc-arm-none-eabi-8-2018-q4-major/bin/../lib/gcc/arm-none-eabi/8.2.1/../../../../arm-none-eabi/lib/thumb/v7e-m+fp/hard/libc_nano.a(lib_a-nano-svfprintf.o)
 .text          0x0000000020008454        0x0 /home/hanna/Documents/gcc-arm-none-eabi-8-2018-q4-major-linux/gcc-arm-none-eabi-8-2018-q4-major/bin/../lib/gcc/arm-none-eabi/8.2.1/../../../../arm-none-eabi/lib/thumb/v7e-m+fp/hard/libc_nano.a(lib_a-nano-vfprintf_i.o)
 *fill*         0x0000000020008454        0xc 
 .text          0x0000000020008460       0xa0 /home/hanna/Documents/gcc-arm-none-eabi-8-2018-q4-major-linux/gcc-arm-none-eabi-8-2018-q4-major/bin/../lib/gcc/arm-none-eabi/8.2.1/../../../../arm-none-eabi/lib/thumb/v7e-m+fp/hard/libc_nano.a(lib_a-memchr.o)
                0x0000000020008460                memchr
 .text          0x0000000020008500        0x0 /home/hanna/Documents/gcc-arm-none-eabi-8-2018-q4-major-linux/gcc-arm-none-eabi-8-2018-q4-major/bin/../lib/gcc/arm-none-eabi/8.2.1/../../../../arm-none-eabi/lib/thumb/v7e-m+fp/hard/libc_nano.a(lib_a-memcpy-stub.o)
 .text          0x0000000020008500        0x0 /home/hanna/Documents/gcc-arm-none-eabi-8-2018-q4-major-linux/gcc-arm-none-eabi-8-2018-q4-major/bin/../lib/gcc/arm-none-eabi/8.2.1/../../../../arm-none-eabi/lib/thumb/v7e-m+fp/hard/libc_nano.a(lib_a-memmove.o)
 .text          0x0000000020008500        0x0 /home/hanna/Documents/gcc-arm-none-eabi-8-2018-q4-major-linux/gcc-arm-none-eabi-8-2018-q4-major/bin/../lib/gcc/arm-none-eabi/8.2.1/../../../../arm-none-eabi/lib/thumb/v7e-m+fp/hard/libc_nano.a(lib_a-nano-freer.o)
 .text          0x0000000020008500        0x0 /home/hanna/Documents/gcc-arm-none-eabi-8-2018-q4-major-linux/gcc-arm-none-eabi-8-2018-q4-major/bin/../lib/gcc/arm-none-eabi/8.2.1/../../../../arm-none-eabi/lib/thumb/v7e-m+fp/hard/libc_nano.a(lib_a-nano-mallocr.o)
 .text          0x0000000020008500        0x0 /home/hanna/Documents/gcc-arm-none-eabi-8-2018-q4-major-linux/gcc-arm-none-eabi-8-2018-q4-major/bin/../lib/gcc/arm-none-eabi/8.2.1/../../../../arm-none-eabi/lib/thumb/v7e-m+fp/hard/libc_nano.a(lib_a-nano-reallocr.o)
 .text          0x0000000020008500        0x0 /home/hanna/Documents/gcc-arm-none-eabi-8-2018-q4-major-linux/gcc-arm-none-eabi-8-2018-q4-major/bin/../lib/gcc/arm-none-eabi/8.2.1/../../../../arm-none-eabi/lib/thumb/v7e-m+fp/hard/libc_nano.a(lib_a-sbrkr.o)
 .text          0x0000000020008500        0x0 /home/hanna/Documents/gcc-arm-none-eabi-8-2018-q4-major-linux/gcc-arm-none-eabi-8-2018-q4-major/bin/../lib/gcc/arm-none-eabi/8.2.1/../../../../arm-none-eabi/lib/thumb/v7e-m+fp/hard/libc_nano.a(lib_a-mlock.o)
 .text          0x0000000020008500        0x0 /home/hanna/Documents/gcc-arm-none-eabi-8-2018-q4-major-linux/gcc-arm-none-eabi-8-2018-q4-major/bin/../lib/gcc/arm-none-eabi/8.2.1/../../../../arm-none-eabi/lib/thumb/v7e-m+fp/hard/libc_nano.a(lib_a-nano-msizer.o)
 .text          0x0000000020008500        0x0 /home/hanna/Documents/gcc-arm-none-eabi-8-2018-q4-major-linux/gcc-arm-none-eabi-8-2018-q4-major/bin/../lib/gcc/arm-none-eabi/8.2.1/../../../../arm-none-eabi/lib/thumb/v7e-m+fp/hard/libc_nano.a(lib_a-reent.o)
 .text          0x0000000020008500        0x0 /home/hanna/Documents/gcc-arm-none-eabi-8-2018-q4-major-linux/gcc-arm-none-eabi-8-2018-q4-major/bin/../lib/gcc/arm-none-eabi/8.2.1/../../../../arm-none-eabi/lib/thumb/v7e-m+fp/hard/libc_nano.a(lib_a-lock.o)
 *(.text.*)
 .text.atoi     0x0000000020008500        0x8 /home/hanna/Documents/gcc-arm-none-eabi-8-2018-q4-major-linux/gcc-arm-none-eabi-8-2018-q4-major/bin/../lib/gcc/arm-none-eabi/8.2.1/../../../../arm-none-eabi/lib/thumb/v7e-m+fp/hard/libc_nano.a(lib_a-atoi.o)
                0x0000000020008500                atoi
 .text._atoi_r  0x0000000020008508        0x8 /home/hanna/Documents/gcc-arm-none-eabi-8-2018-q4-major-linux/gcc-arm-none-eabi-8-2018-q4-major/bin/../lib/gcc/arm-none-eabi/8.2.1/../../../../arm-none-eabi/lib/thumb/v7e-m+fp/hard/libc_nano.a(lib_a-atoi.o)
                0x0000000020008508                _atoi_r
 .text._snprintf_r
                0x0000000020008510       0x5e /home/hanna/Documents/gcc-arm-none-eabi-8-2018-q4-major-linux/gcc-arm-none-eabi-8-2018-q4-major/bin/../lib/gcc/arm-none-eabi/8.2.1/../../../../arm-none-eabi/lib/thumb/v7e-m+fp/hard/libc_nano.a(lib_a-snprintf.o)
                0x0000000020008510                _sniprintf_r
                0x0000000020008510                _snprintf_r
 *fill*         0x000000002000856e        0x2 
 .text.snprintf
                0x0000000020008570       0x68 /home/hanna/Documents/gcc-arm-none-eabi-8-2018-q4-major-linux/gcc-arm-none-eabi-8-2018-q4-major/bin/../lib/gcc/arm-none-eabi/8.2.1/../../../../arm-none-eabi/lib/thumb/v7e-m+fp/hard/libc_nano.a(lib_a-snprintf.o)
                0x0000000020008570                snprintf
                0x0000000020008570                sniprintf
 .text._sprintf_r
                0x00000000200085d8       0x38 /home/hanna/Documents/gcc-arm-none-eabi-8-2018-q4-major-linux/gcc-arm-none-eabi-8-2018-q4-major/bin/../lib/gcc/arm-none-eabi/8.2.1/../../../../arm-none-eabi/lib/thumb/v7e-m+fp/hard/libc_nano.a(lib_a-sprintf.o)
                0x00000000200085d8                _siprintf_r
                0x00000000200085d8                _sprintf_r
 .text.sprintf  0x0000000020008610       0x40 /home/hanna/Documents/gcc-arm-none-eabi-8-2018-q4-major-linux/gcc-arm-none-eabi-8-2018-q4-major/bin/../lib/gcc/arm-none-eabi/8.2.1/../../../../arm-none-eabi/lib/thumb/v7e-m+fp/hard/libc_nano.a(lib_a-sprintf.o)
                0x0000000020008610                sprintf
                0x0000000020008610                siprintf
 .text._strtol_l.isra.0
                0x0000000020008650       0xf0 /home/hanna/Documents/gcc-arm-none-eabi-8-2018-q4-major-linux/gcc-arm-none-eabi-8-2018-q4-major/bin/../lib/gcc/arm-none-eabi/8.2.1/../../../../arm-none-eabi/lib/thumb/v7e-m+fp/hard/libc_nano.a(lib_a-strtol.o)
 .text._strtol_r
                0x0000000020008740        0x4 /home/hanna/Documents/gcc-arm-none-eabi-8-2018-q4-major-linux/gcc-arm-none-eabi-8-2018-q4-major/bin/../lib/gcc/arm-none-eabi/8.2.1/../../../../arm-none-eabi/lib/thumb/v7e-m+fp/hard/libc_nano.a(lib_a-strtol.o)
                0x0000000020008740                _strtol_r
 .text.strtol_l
                0x0000000020008744       0x14 /home/hanna/Documents/gcc-arm-none-eabi-8-2018-q4-major-linux/gcc-arm-none-eabi-8-2018-q4-major/bin/../lib/gcc/arm-none-eabi/8.2.1/../../../../arm-none-eabi/lib/thumb/v7e-m+fp/hard/libc_nano.a(lib_a-strtol.o)
                0x0000000020008744                strtol_l
 .text.strtol   0x0000000020008758       0x14 /home/hanna/Documents/gcc-arm-none-eabi-8-2018-q4-major-linux/gcc-arm-none-eabi-8-2018-q4-major/bin/../lib/gcc/arm-none-eabi/8.2.1/../../../../arm-none-eabi/lib/thumb/v7e-m+fp/hard/libc_nano.a(lib_a-strtol.o)
                0x0000000020008758                strtol
 .text.__ssputs_r
                0x000000002000876c       0xb6 /home/hanna/Documents/gcc-arm-none-eabi-8-2018-q4-major-linux/gcc-arm-none-eabi-8-2018-q4-major/bin/../lib/gcc/arm-none-eabi/8.2.1/../../../../arm-none-eabi/lib/thumb/v7e-m+fp/hard/libc_nano.a(lib_a-nano-svfprintf.o)
                0x000000002000876c                __ssputs_r
 .text.__ssprint_r
                0x0000000020008822       0xf0 /home/hanna/Documents/gcc-arm-none-eabi-8-2018-q4-major-linux/gcc-arm-none-eabi-8-2018-q4-major/bin/../lib/gcc/arm-none-eabi/8.2.1/../../../../arm-none-eabi/lib/thumb/v7e-m+fp/hard/libc_nano.a(lib_a-nano-svfprintf.o)
                0x0000000020008822                __ssprint_r
 *fill*         0x0000000020008912        0x2 
 .text._svfprintf_r
                0x0000000020008914      0x1f0 /home/hanna/Documents/gcc-arm-none-eabi-8-2018-q4-major-linux/gcc-arm-none-eabi-8-2018-q4-major/bin/../lib/gcc/arm-none-eabi/8.2.1/../../../../arm-none-eabi/lib/thumb/v7e-m+fp/hard/libc_nano.a(lib_a-nano-svfprintf.o)
                0x0000000020008914                _svfprintf_r
                0x0000000020008914                _svfiprintf_r
 .text._printf_common
                0x0000000020008b04       0xea /home/hanna/Documents/gcc-arm-none-eabi-8-2018-q4-major-linux/gcc-arm-none-eabi-8-2018-q4-major/bin/../lib/gcc/arm-none-eabi/8.2.1/../../../../arm-none-eabi/lib/thumb/v7e-m+fp/hard/libc_nano.a(lib_a-nano-vfprintf_i.o)
                0x0000000020008b04                _printf_common
 *fill*         0x0000000020008bee        0x2 
 .text._printf_i
                0x0000000020008bf0      0x228 /home/hanna/Documents/gcc-arm-none-eabi-8-2018-q4-major-linux/gcc-arm-none-eabi-8-2018-q4-major/bin/../lib/gcc/arm-none-eabi/8.2.1/../../../../arm-none-eabi/lib/thumb/v7e-m+fp/hard/libc_nano.a(lib_a-nano-vfprintf_i.o)
                0x0000000020008bf0                _printf_i
 .text.memcpy   0x0000000020008e18       0x1c /home/hanna/Documents/gcc-arm-none-eabi-8-2018-q4-major-linux/gcc-arm-none-eabi-8-2018-q4-major/bin/../lib/gcc/arm-none-eabi/8.2.1/../../../../arm-none-eabi/lib/thumb/v7e-m+fp/hard/libc_nano.a(lib_a-memcpy-stub.o)
                0x0000000020008e18                memcpy
 .text.memmove  0x0000000020008e34       0x34 /home/hanna/Documents/gcc-arm-none-eabi-8-2018-q4-major-linux/gcc-arm-none-eabi-8-2018-q4-major/bin/../lib/gcc/arm-none-eabi/8.2.1/../../../../arm-none-eabi/lib/thumb/v7e-m+fp/hard/libc_nano.a(lib_a-memmove.o)
                0x0000000020008e34                memmove
 .text._free_r  0x0000000020008e68       0x9c /home/hanna/Documents/gcc-arm-none-eabi-8-2018-q4-major-linux/gcc-arm-none-eabi-8-2018-q4-major/bin/../lib/gcc/arm-none-eabi/8.2.1/../../../../arm-none-eabi/lib/thumb/v7e-m+fp/hard/libc_nano.a(lib_a-nano-freer.o)
                0x0000000020008e68                _free_r
 .text._malloc_r
                0x0000000020008f04       0xb4 /home/hanna/Documents/gcc-arm-none-eabi-8-2018-q4-major-linux/gcc-arm-none-eabi-8-2018-q4-major/bin/../lib/gcc/arm-none-eabi/8.2.1/../../../../arm-none-eabi/lib/thumb/v7e-m+fp/hard/libc_nano.a(lib_a-nano-mallocr.o)
                0x0000000020008f04                _malloc_r
 .text._realloc_r
                0x0000000020008fb8       0x4c /home/hanna/Documents/gcc-arm-none-eabi-8-2018-q4-major-linux/gcc-arm-none-eabi-8-2018-q4-major/bin/../lib/gcc/arm-none-eabi/8.2.1/../../../../arm-none-eabi/lib/thumb/v7e-m+fp/hard/libc_nano.a(lib_a-nano-reallocr.o)
                0x0000000020008fb8                _realloc_r
 .text._sbrk_r  0x0000000020009004       0x20 /home/hanna/Documents/gcc-arm-none-eabi-8-2018-q4-major-linux/gcc-arm-none-eabi-8-2018-q4-major/bin/../lib/gcc/arm-none-eabi/8.2.1/../../../../arm-none-eabi/lib/thumb/v7e-m+fp/hard/libc_nano.a(lib_a-sbrkr.o)
                0x0000000020009004                _sbrk_r
 .text.__malloc_lock
                0x0000000020009024        0xc /home/hanna/Documents/gcc-arm-none-eabi-8-2018-q4-major-linux/gcc-arm-none-eabi-8-2018-q4-major/bin/../lib/gcc/arm-none-eabi/8.2.1/../../../../arm-none-eabi/lib/thumb/v7e-m+fp/hard/libc_nano.a(lib_a-mlock.o)
                0x0000000020009024                __malloc_lock
 .text.__malloc_unlock
                0x0000000020009030        0xc /home/hanna/Documents/gcc-arm-none-eabi-8-2018-q4-major-linux/gcc-arm-none-eabi-8-2018-q4-major/bin/../lib/gcc/arm-none-eabi/8.2.1/../../../../arm-none-eabi/lib/thumb/v7e-m+fp/hard/libc_nano.a(lib_a-mlock.o)
                0x0000000020009030                __malloc_unlock
 .text._malloc_usable_size_r
                0x000000002000903c       0x10 /home/hanna/Documents/gcc-arm-none-eabi-8-2018-q4-major-linux/gcc-arm-none-eabi-8-2018-q4-major/bin/../lib/gcc/arm-none-eabi/8.2.1/../../../../arm-none-eabi/lib/thumb/v7e-m+fp/hard/libc_nano.a(lib_a-nano-msizer.o)
                0x000000002000903c                _malloc_usable_size_r
 .text.cleanup_glue
                0x000000002000904c       0x1a /home/hanna/Documents/gcc-arm-none-eabi-8-2018-q4-major-linux/gcc-arm-none-eabi-8-2018-q4-major/bin/../lib/gcc/arm-none-eabi/8.2.1/../../../../arm-none-eabi/lib/thumb/v7e-m+fp/hard/libc_nano.a(lib_a-reent.o)
                0x000000002000904c                cleanup_glue
 *fill*         0x0000000020009066        0x2 
 .text._reclaim_reent
                0x0000000020009068       0xb8 /home/hanna/Documents/gcc-arm-none-eabi-8-2018-q4-major-linux/gcc-arm-none-eabi-8-2018-q4-major/bin/../lib/gcc/arm-none-eabi/8.2.1/../../../../arm-none-eabi/lib/thumb/v7e-m+fp/hard/libc_nano.a(lib_a-reent.o)
                0x0000000020009068                _reclaim_reent
 .text.__retarget_lock_init
                0x0000000020009120        0x2 /home/hanna/Documents/gcc-arm-none-eabi-8-2018-q4-major-linux/gcc-arm-none-eabi-8-2018-q4-major/bin/../lib/gcc/arm-none-eabi/8.2.1/../../../../arm-none-eabi/lib/thumb/v7e-m+fp/hard/libc_nano.a(lib_a-lock.o)
                0x0000000020009120                __retarget_lock_init
 .text.__retarget_lock_init_recursive
                0x0000000020009122        0x2 /home/hanna/Documents/gcc-arm-none-eabi-8-2018-q4-major-linux/gcc-arm-none-eabi-8-2018-q4-major/bin/../lib/gcc/arm-none-eabi/8.2.1/../../../../arm-none-eabi/lib/thumb/v7e-m+fp/hard/libc_nano.a(lib_a-lock.o)
                0x0000000020009122                __retarget_lock_init_recursive
 .text.__retarget_lock_close
                0x0000000020009124        0x2 /home/hanna/Documents/gcc-arm-none-eabi-8-2018-q4-major-linux/gcc-arm-none-eabi-8-2018-q4-major/bin/../lib/gcc/arm-none-eabi/8.2.1/../../../../arm-none-eabi/lib/thumb/v7e-m+fp/hard/libc_nano.a(lib_a-lock.o)
                0x0000000020009124                __retarget_lock_close
 .text.__retarget_lock_close_recursive
                0x0000000020009126        0x2 /home/hanna/Documents/gcc-arm-none-eabi-8-2018-q4-major-linux/gcc-arm-none-eabi-8-2018-q4-major/bin/../lib/gcc/arm-none-eabi/8.2.1/../../../../arm-none-eabi/lib/thumb/v7e-m+fp/hard/libc_nano.a(lib_a-lock.o)
                0x0000000020009126                __retarget_lock_close_recursive
 .text.__retarget_lock_acquire
                0x0000000020009128        0x2 /home/hanna/Documents/gcc-arm-none-eabi-8-2018-q4-major-linux/gcc-arm-none-eabi-8-2018-q4-major/bin/../lib/gcc/arm-none-eabi/8.2.1/../../../../arm-none-eabi/lib/thumb/v7e-m+fp/hard/libc_nano.a(lib_a-lock.o)
                0x0000000020009128                __retarget_lock_acquire
 .text.__retarget_lock_acquire_recursive
                0x000000002000912a        0x2 /home/hanna/Documents/gcc-arm-none-eabi-8-2018-q4-major-linux/gcc-arm-none-eabi-8-2018-q4-major/bin/../lib/gcc/arm-none-eabi/8.2.1/../../../../arm-none-eabi/lib/thumb/v7e-m+fp/hard/libc_nano.a(lib_a-lock.o)
                0x000000002000912a                __retarget_lock_acquire_recursive
 .text.__retarget_lock_try_acquire
                0x000000002000912c        0x4 /home/hanna/Documents/gcc-arm-none-eabi-8-2018-q4-major-linux/gcc-arm-none-eabi-8-2018-q4-major/bin/../lib/gcc/arm-none-eabi/8.2.1/../../../../arm-none-eabi/lib/thumb/v7e-m+fp/hard/libc_nano.a(lib_a-lock.o)
                0x000000002000912c                __retarget_lock_try_acquire
 .text.__retarget_lock_try_acquire_recursive
                0x0000000020009130        0x4 /home/hanna/Documents/gcc-arm-none-eabi-8-2018-q4-major-linux/gcc-arm-none-eabi-8-2018-q4-major/bin/../lib/gcc/arm-none-eabi/8.2.1/../../../../arm-none-eabi/lib/thumb/v7e-m+fp/hard/libc_nano.a(lib_a-lock.o)
                0x0000000020009130                __retarget_lock_try_acquire_recursive
 .text.__retarget_lock_release
                0x0000000020009134        0x2 /home/hanna/Documents/gcc-arm-none-eabi-8-2018-q4-major-linux/gcc-arm-none-eabi-8-2018-q4-major/bin/../lib/gcc/arm-none-eabi/8.2.1/../../../../arm-none-eabi/lib/thumb/v7e-m+fp/hard/libc_nano.a(lib_a-lock.o)
                0x0000000020009134                __retarget_lock_release
 .text.__retarget_lock_release_recursive
                0x0000000020009136        0x2 /home/hanna/Documents/gcc-arm-none-eabi-8-2018-q4-major-linux/gcc-arm-none-eabi-8-2018-q4-major/bin/../lib/gcc/arm-none-eabi/8.2.1/../../../../arm-none-eabi/lib/thumb/v7e-m+fp/hard/libc_nano.a(lib_a-lock.o)
                0x0000000020009136                __retarget_lock_release_recursive
 *(.rodata)
 .rodata        0x0000000020009138      0x525 ./Debug/up_up_up_application.c.o
                0x0000000020009138                periods
                0x000000002000919c                john
                0x000000002000921c                beats
                0x000000002000929c                safe_notes
 *fill*         0x000000002000965d        0x3 
 .rodata        0x0000000020009660       0x23 ./Debug/sioTinyTimber.c.o
 *fill*         0x0000000020009683        0x1 
 .rodata        0x0000000020009684       0x7d ./Debug/TinyTimber.c.o
 *fill*         0x0000000020009701        0x3 
 .rodata        0x0000000020009704       0xb2 ./Debug/canTinyTimber.c.o
 *(.rodata*)
 .rodata._ctype_
                0x00000000200097b6      0x101 /home/hanna/Documents/gcc-arm-none-eabi-8-2018-q4-major-linux/gcc-arm-none-eabi-8-2018-q4-major/bin/../lib/gcc/arm-none-eabi/8.2.1/../../../../arm-none-eabi/lib/thumb/v7e-m+fp/hard/libc_nano.a(lib_a-ctype_.o)
                0x00000000200097b6                _ctype_
 *fill*         0x00000000200098b7        0x1 
 .rodata._global_impure_ptr
                0x00000000200098b8        0x4 /home/hanna/Documents/gcc-arm-none-eabi-8-2018-q4-major-linux/gcc-arm-none-eabi-8-2018-q4-major/bin/../lib/gcc/arm-none-eabi/8.2.1/../../../../arm-none-eabi/lib/thumb/v7e-m+fp/hard/libc_nano.a(lib_a-impure.o)
                0x00000000200098b8                _global_impure_ptr
 .rodata._svfprintf_r.str1.1
                0x00000000200098bc       0x11 /home/hanna/Documents/gcc-arm-none-eabi-8-2018-q4-major-linux/gcc-arm-none-eabi-8-2018-q4-major/bin/../lib/gcc/arm-none-eabi/8.2.1/../../../../arm-none-eabi/lib/thumb/v7e-m+fp/hard/libc_nano.a(lib_a-nano-svfprintf.o)
 .rodata._printf_i.str1.1
                0x00000000200098cd       0x22 /home/hanna/Documents/gcc-arm-none-eabi-8-2018-q4-major-linux/gcc-arm-none-eabi-8-2018-q4-major/bin/../lib/gcc/arm-none-eabi/8.2.1/../../../../arm-none-eabi/lib/thumb/v7e-m+fp/hard/libc_nano.a(lib_a-nano-vfprintf_i.o)
 *(.glue_7)
 .glue_7        0x00000000200098ef        0x0 linker stubs
 *(.glue_7t)
 .glue_7t       0x00000000200098ef        0x0 linker stubs
                0x00000000200098f0                . = ALIGN (0x4)
 *fill*         0x00000000200098ef        0x1 

.vfp11_veneer   0x00000000200098f0        0x0
 .vfp11_veneer  0x00000000200098f0        0x0 linker stubs

.v4_bx          0x00000000200098f0        0x0
 .v4_bx         0x00000000200098f0        0x0 linker stubs

.iplt           0x00000000200098f0        0x0
 .iplt          0x00000000200098f0        0x0 ./Debug/up_up_up_application.c.o

.rel.dyn        0x00000000200098f0        0x0
 .rel.iplt      0x00000000200098f0        0x0 ./Debug/up_up_up_application.c.o

.data           0x00000000200098f0      0x6f8
                0x00000000200098f0                . = ALIGN (0x4)
 *(.data)
 .data          0x00000000200098f0      0x5dc ./Debug/up_up_up_application.c.o
                0x00000000200098f0                DAC2
                0x00000000200098f4                text
                0x0000000020009974                voice0
                0x0000000020009990                controller
                0x00000000200099fc                load
                0x0000000020009a18                sci0
                0x0000000020009e38                can0
                0x0000000020009eb8                sysIO0
 .data          0x0000000020009ecc       0x10 ./Debug/driver_src_stm32f4xx_rcc.c.o
 .data          0x0000000020009edc        0x0 ./Debug/sciTinyTimber.c.o
 .data          0x0000000020009edc        0x0 ./Debug/startup.c.o
 .data          0x0000000020009edc       0x84 ./Debug/dispatch.s.o
 .data          0x0000000020009f60        0x0 ./Debug/sioTinyTimber.c.o
 .data          0x0000000020009f60        0x0 ./Debug/driver_src_stm32f4xx_exti.c.o
 .data          0x0000000020009f60       0x24 ./Debug/TinyTimber.c.o
                0x0000000020009f60                hex
                0x0000000020009f74                msgPool
                0x0000000020009f78                threadPool
                0x0000000020009f7c                activeStack
                0x0000000020009f80                current
 .data          0x0000000020009f84        0x0 ./Debug/driver_src_stm32f4xx_can.c.o
 .data          0x0000000020009f84        0x0 ./Debug/driver_src_stm32f4xx_dac.c.o
 .data          0x0000000020009f84        0x0 ./Debug/driver_src_stm32f4xx_gpio.c.o
 .data          0x0000000020009f84        0x0 ./Debug/driver_src_stm32f4xx_usart.c.o
 .data          0x0000000020009f84        0x0 ./Debug/driver_src_stm32f4xx_syscfg.c.o
 .data          0x0000000020009f84        0x0 ./Debug/canTinyTimber.c.o
 .data          0x0000000020009f84        0x0 ./Debug/driver_src_stm32f4xx_tim.c.o
 .data          0x0000000020009f84        0x0 /home/hanna/Documents/gcc-arm-none-eabi-8-2018-q4-major-linux/gcc-arm-none-eabi-8-2018-q4-major/bin/../lib/gcc/arm-none-eabi/8.2.1/../../../../arm-none-eabi/lib/thumb/v7e-m+fp/hard/libc_nano.a(lib_a-atoi.o)
 .data          0x0000000020009f84        0x0 /home/hanna/Documents/gcc-arm-none-eabi-8-2018-q4-major-linux/gcc-arm-none-eabi-8-2018-q4-major/bin/../lib/gcc/arm-none-eabi/8.2.1/../../../../arm-none-eabi/lib/thumb/v7e-m+fp/hard/libc_nano.a(lib_a-snprintf.o)
 .data          0x0000000020009f84        0x0 /home/hanna/Documents/gcc-arm-none-eabi-8-2018-q4-major-linux/gcc-arm-none-eabi-8-2018-q4-major/bin/../lib/gcc/arm-none-eabi/8.2.1/../../../../arm-none-eabi/lib/thumb/v7e-m+fp/hard/libc_nano.a(lib_a-sprintf.o)
 .data          0x0000000020009f84        0x0 /home/hanna/Documents/gcc-arm-none-eabi-8-2018-q4-major-linux/gcc-arm-none-eabi-8-2018-q4-major/bin/../lib/gcc/arm-none-eabi/8.2.1/../../../../arm-none-eabi/lib/thumb/v7e-m+fp/hard/libc_nano.a(lib_a-strlen.o)
 .data          0x0000000020009f84        0x0 /home/hanna/Documents/gcc-arm-none-eabi-8-2018-q4-major-linux/gcc-arm-none-eabi-8-2018-q4-major/bin/../lib/gcc/arm-none-eabi/8.2.1/../../../../arm-none-eabi/lib/thumb/v7e-m+fp/hard/libc_nano.a(lib_a-strtol.o)
 .data          0x0000000020009f84        0x0 /home/hanna/Documents/gcc-arm-none-eabi-8-2018-q4-major-linux/gcc-arm-none-eabi-8-2018-q4-major/bin/../lib/gcc/arm-none-eabi/8.2.1/../../../../arm-none-eabi/lib/thumb/v7e-m+fp/hard/libc_nano.a(lib_a-ctype_.o)
 .data          0x0000000020009f84        0x0 /home/hanna/Documents/gcc-arm-none-eabi-8-2018-q4-major-linux/gcc-arm-none-eabi-8-2018-q4-major/bin/../lib/gcc/arm-none-eabi/8.2.1/../../../../arm-none-eabi/lib/thumb/v7e-m+fp/hard/libc_nano.a(lib_a-impure.o)
 .data          0x0000000020009f84        0x0 /home/hanna/Documents/gcc-arm-none-eabi-8-2018-q4-major-linux/gcc-arm-none-eabi-8-2018-q4-major/bin/../lib/gcc/arm-none-eabi/8.2.1/../../../../arm-none-eabi/lib/thumb/v7e-m+fp/hard/libc_nano.a(lib_a-nano-svfprintf.o)
 .data          0x0000000020009f84        0x0 /home/hanna/Documents/gcc-arm-none-eabi-8-2018-q4-major-linux/gcc-arm-none-eabi-8-2018-q4-major/bin/../lib/gcc/arm-none-eabi/8.2.1/../../../../arm-none-eabi/lib/thumb/v7e-m+fp/hard/libc_nano.a(lib_a-nano-vfprintf_i.o)
 .data          0x0000000020009f84        0x0 /home/hanna/Documents/gcc-arm-none-eabi-8-2018-q4-major-linux/gcc-arm-none-eabi-8-2018-q4-major/bin/../lib/gcc/arm-none-eabi/8.2.1/../../../../arm-none-eabi/lib/thumb/v7e-m+fp/hard/libc_nano.a(lib_a-memchr.o)
 .data          0x0000000020009f84        0x0 /home/hanna/Documents/gcc-arm-none-eabi-8-2018-q4-major-linux/gcc-arm-none-eabi-8-2018-q4-major/bin/../lib/gcc/arm-none-eabi/8.2.1/../../../../arm-none-eabi/lib/thumb/v7e-m+fp/hard/libc_nano.a(lib_a-memcpy-stub.o)
 .data          0x0000000020009f84        0x0 /home/hanna/Documents/gcc-arm-none-eabi-8-2018-q4-major-linux/gcc-arm-none-eabi-8-2018-q4-major/bin/../lib/gcc/arm-none-eabi/8.2.1/../../../../arm-none-eabi/lib/thumb/v7e-m+fp/hard/libc_nano.a(lib_a-memmove.o)
 .data          0x0000000020009f84        0x0 /home/hanna/Documents/gcc-arm-none-eabi-8-2018-q4-major-linux/gcc-arm-none-eabi-8-2018-q4-major/bin/../lib/gcc/arm-none-eabi/8.2.1/../../../../arm-none-eabi/lib/thumb/v7e-m+fp/hard/libc_nano.a(lib_a-nano-freer.o)
 .data          0x0000000020009f84        0x0 /home/hanna/Documents/gcc-arm-none-eabi-8-2018-q4-major-linux/gcc-arm-none-eabi-8-2018-q4-major/bin/../lib/gcc/arm-none-eabi/8.2.1/../../../../arm-none-eabi/lib/thumb/v7e-m+fp/hard/libc_nano.a(lib_a-nano-mallocr.o)
 .data          0x0000000020009f84        0x0 /home/hanna/Documents/gcc-arm-none-eabi-8-2018-q4-major-linux/gcc-arm-none-eabi-8-2018-q4-major/bin/../lib/gcc/arm-none-eabi/8.2.1/../../../../arm-none-eabi/lib/thumb/v7e-m+fp/hard/libc_nano.a(lib_a-nano-reallocr.o)
 .data          0x0000000020009f84        0x0 /home/hanna/Documents/gcc-arm-none-eabi-8-2018-q4-major-linux/gcc-arm-none-eabi-8-2018-q4-major/bin/../lib/gcc/arm-none-eabi/8.2.1/../../../../arm-none-eabi/lib/thumb/v7e-m+fp/hard/libc_nano.a(lib_a-sbrkr.o)
 .data          0x0000000020009f84        0x0 /home/hanna/Documents/gcc-arm-none-eabi-8-2018-q4-major-linux/gcc-arm-none-eabi-8-2018-q4-major/bin/../lib/gcc/arm-none-eabi/8.2.1/../../../../arm-none-eabi/lib/thumb/v7e-m+fp/hard/libc_nano.a(lib_a-mlock.o)
 .data          0x0000000020009f84        0x0 /home/hanna/Documents/gcc-arm-none-eabi-8-2018-q4-major-linux/gcc-arm-none-eabi-8-2018-q4-major/bin/../lib/gcc/arm-none-eabi/8.2.1/../../../../arm-none-eabi/lib/thumb/v7e-m+fp/hard/libc_nano.a(lib_a-nano-msizer.o)
 .data          0x0000000020009f84        0x0 /home/hanna/Documents/gcc-arm-none-eabi-8-2018-q4-major-linux/gcc-arm-none-eabi-8-2018-q4-major/bin/../lib/gcc/arm-none-eabi/8.2.1/../../../../arm-none-eabi/lib/thumb/v7e-m+fp/hard/libc_nano.a(lib_a-reent.o)
 .data          0x0000000020009f84        0x0 /home/hanna/Documents/gcc-arm-none-eabi-8-2018-q4-major-linux/gcc-arm-none-eabi-8-2018-q4-major/bin/../lib/gcc/arm-none-eabi/8.2.1/../../../../arm-none-eabi/lib/thumb/v7e-m+fp/hard/libc_nano.a(lib_a-lock.o)
 *(.data.*)
 .data._impure_ptr
                0x0000000020009f84        0x4 /home/hanna/Documents/gcc-arm-none-eabi-8-2018-q4-major-linux/gcc-arm-none-eabi-8-2018-q4-major/bin/../lib/gcc/arm-none-eabi/8.2.1/../../../../arm-none-eabi/lib/thumb/v7e-m+fp/hard/libc_nano.a(lib_a-impure.o)
                0x0000000020009f84                _impure_ptr
 .data.impure_data
                0x0000000020009f88       0x60 /home/hanna/Documents/gcc-arm-none-eabi-8-2018-q4-major-linux/gcc-arm-none-eabi-8-2018-q4-major/bin/../lib/gcc/arm-none-eabi/8.2.1/../../../../arm-none-eabi/lib/thumb/v7e-m+fp/hard/libc_nano.a(lib_a-impure.o)
                0x0000000020009fe8                . = ALIGN (0x4)

.igot.plt       0x0000000020009fe8        0x0
 .igot.plt      0x0000000020009fe8        0x0 ./Debug/up_up_up_application.c.o

.bss            0x0000000020009fe8     0x8440
                0x0000000020009fe8                . = ALIGN (0x4)
                0x0000000020009fe8                _sbss = .
 *(.bss)
 .bss           0x0000000020009fe8        0x8 ./Debug/up_up_up_application.c.o
                0x0000000020009fe8                tim0
                0x0000000020009fec                tim1
 .bss           0x0000000020009ff0        0x0 ./Debug/driver_src_stm32f4xx_rcc.c.o
 .bss           0x0000000020009ff0        0x0 ./Debug/sciTinyTimber.c.o
 .bss           0x0000000020009ff0        0x0 ./Debug/startup.c.o
 .bss           0x0000000020009ff0        0x0 ./Debug/dispatch.s.o
 .bss           0x0000000020009ff0        0x0 ./Debug/sioTinyTimber.c.o
 .bss           0x0000000020009ff0        0x0 ./Debug/driver_src_stm32f4xx_exti.c.o
 .bss           0x0000000020009ff0       0x18 ./Debug/TinyTimber.c.o
                0x0000000020009ff0                doIRQSchedule
                0x0000000020009ff4                msgQ
                0x0000000020009ff8                timerQ
                0x0000000020009ffc                runAsHardware
                0x000000002000a000                timestamp
                0x000000002000a004                overflows
 .bss           0x000000002000a008        0x0 ./Debug/driver_src_stm32f4xx_can.c.o
 .bss           0x000000002000a008        0x0 ./Debug/driver_src_stm32f4xx_dac.c.o
 .bss           0x000000002000a008        0x0 ./Debug/driver_src_stm32f4xx_gpio.c.o
 .bss           0x000000002000a008        0x0 ./Debug/driver_src_stm32f4xx_usart.c.o
 .bss           0x000000002000a008        0x0 ./Debug/driver_src_stm32f4xx_syscfg.c.o
 .bss           0x000000002000a008        0x0 ./Debug/canTinyTimber.c.o
 .bss           0x000000002000a008        0x0 ./Debug/driver_src_stm32f4xx_tim.c.o
 .bss           0x000000002000a008        0x0 /home/hanna/Documents/gcc-arm-none-eabi-8-2018-q4-major-linux/gcc-arm-none-eabi-8-2018-q4-major/bin/../lib/gcc/arm-none-eabi/8.2.1/../../../../arm-none-eabi/lib/thumb/v7e-m+fp/hard/libc_nano.a(lib_a-atoi.o)
 .bss           0x000000002000a008        0x0 /home/hanna/Documents/gcc-arm-none-eabi-8-2018-q4-major-linux/gcc-arm-none-eabi-8-2018-q4-major/bin/../lib/gcc/arm-none-eabi/8.2.1/../../../../arm-none-eabi/lib/thumb/v7e-m+fp/hard/libc_nano.a(lib_a-snprintf.o)
 .bss           0x000000002000a008        0x0 /home/hanna/Documents/gcc-arm-none-eabi-8-2018-q4-major-linux/gcc-arm-none-eabi-8-2018-q4-major/bin/../lib/gcc/arm-none-eabi/8.2.1/../../../../arm-none-eabi/lib/thumb/v7e-m+fp/hard/libc_nano.a(lib_a-sprintf.o)
 .bss           0x000000002000a008        0x0 /home/hanna/Documents/gcc-arm-none-eabi-8-2018-q4-major-linux/gcc-arm-none-eabi-8-2018-q4-major/bin/../lib/gcc/arm-none-eabi/8.2.1/../../../../arm-none-eabi/lib/thumb/v7e-m+fp/hard/libc_nano.a(lib_a-strlen.o)
 .bss           0x000000002000a008        0x0 /home/hanna/Documents/gcc-arm-none-eabi-8-2018-q4-major-linux/gcc-arm-none-eabi-8-2018-q4-major/bin/../lib/gcc/arm-none-eabi/8.2.1/../../../../arm-none-eabi/lib/thumb/v7e-m+fp/hard/libc_nano.a(lib_a-strtol.o)
 .bss           0x000000002000a008        0x0 /home/hanna/Documents/gcc-arm-none-eabi-8-2018-q4-major-linux/gcc-arm-none-eabi-8-2018-q4-major/bin/../lib/gcc/arm-none-eabi/8.2.1/../../../../arm-none-eabi/lib/thumb/v7e-m+fp/hard/libc_nano.a(lib_a-ctype_.o)
 .bss           0x000000002000a008        0x0 /home/hanna/Documents/gcc-arm-none-eabi-8-2018-q4-major-linux/gcc-arm-none-eabi-8-2018-q4-major/bin/../lib/gcc/arm-none-eabi/8.2.1/../../../../arm-none-eabi/lib/thumb/v7e-m+fp/hard/libc_nano.a(lib_a-impure.o)
 .bss           0x000000002000a008        0x0 /home/hanna/Documents/gcc-arm-none-eabi-8-2018-q4-major-linux/gcc-arm-none-eabi-8-2018-q4-major/bin/../lib/gcc/arm-none-eabi/8.2.1/../../../../arm-none-eabi/lib/thumb/v7e-m+fp/hard/libc_nano.a(lib_a-nano-svfprintf.o)
 .bss           0x000000002000a008        0x0 /home/hanna/Documents/gcc-arm-none-eabi-8-2018-q4-major-linux/gcc-arm-none-eabi-8-2018-q4-major/bin/../lib/gcc/arm-none-eabi/8.2.1/../../../../arm-none-eabi/lib/thumb/v7e-m+fp/hard/libc_nano.a(lib_a-nano-vfprintf_i.o)
 .bss           0x000000002000a008        0x0 /home/hanna/Documents/gcc-arm-none-eabi-8-2018-q4-major-linux/gcc-arm-none-eabi-8-2018-q4-major/bin/../lib/gcc/arm-none-eabi/8.2.1/../../../../arm-none-eabi/lib/thumb/v7e-m+fp/hard/libc_nano.a(lib_a-memchr.o)
 .bss           0x000000002000a008        0x0 /home/hanna/Documents/gcc-arm-none-eabi-8-2018-q4-major-linux/gcc-arm-none-eabi-8-2018-q4-major/bin/../lib/gcc/arm-none-eabi/8.2.1/../../../../arm-none-eabi/lib/thumb/v7e-m+fp/hard/libc_nano.a(lib_a-memcpy-stub.o)
 .bss           0x000000002000a008        0x0 /home/hanna/Documents/gcc-arm-none-eabi-8-2018-q4-major-linux/gcc-arm-none-eabi-8-2018-q4-major/bin/../lib/gcc/arm-none-eabi/8.2.1/../../../../arm-none-eabi/lib/thumb/v7e-m+fp/hard/libc_nano.a(lib_a-memmove.o)
 .bss           0x000000002000a008        0x0 /home/hanna/Documents/gcc-arm-none-eabi-8-2018-q4-major-linux/gcc-arm-none-eabi-8-2018-q4-major/bin/../lib/gcc/arm-none-eabi/8.2.1/../../../../arm-none-eabi/lib/thumb/v7e-m+fp/hard/libc_nano.a(lib_a-nano-freer.o)
 .bss           0x000000002000a008        0x0 /home/hanna/Documents/gcc-arm-none-eabi-8-2018-q4-major-linux/gcc-arm-none-eabi-8-2018-q4-major/bin/../lib/gcc/arm-none-eabi/8.2.1/../../../../arm-none-eabi/lib/thumb/v7e-m+fp/hard/libc_nano.a(lib_a-nano-mallocr.o)
 .bss           0x000000002000a008        0x0 /home/hanna/Documents/gcc-arm-none-eabi-8-2018-q4-major-linux/gcc-arm-none-eabi-8-2018-q4-major/bin/../lib/gcc/arm-none-eabi/8.2.1/../../../../arm-none-eabi/lib/thumb/v7e-m+fp/hard/libc_nano.a(lib_a-nano-reallocr.o)
 .bss           0x000000002000a008        0x0 /home/hanna/Documents/gcc-arm-none-eabi-8-2018-q4-major-linux/gcc-arm-none-eabi-8-2018-q4-major/bin/../lib/gcc/arm-none-eabi/8.2.1/../../../../arm-none-eabi/lib/thumb/v7e-m+fp/hard/libc_nano.a(lib_a-sbrkr.o)
 .bss           0x000000002000a008        0x0 /home/hanna/Documents/gcc-arm-none-eabi-8-2018-q4-major-linux/gcc-arm-none-eabi-8-2018-q4-major/bin/../lib/gcc/arm-none-eabi/8.2.1/../../../../arm-none-eabi/lib/thumb/v7e-m+fp/hard/libc_nano.a(lib_a-mlock.o)
 .bss           0x000000002000a008        0x0 /home/hanna/Documents/gcc-arm-none-eabi-8-2018-q4-major-linux/gcc-arm-none-eabi-8-2018-q4-major/bin/../lib/gcc/arm-none-eabi/8.2.1/../../../../arm-none-eabi/lib/thumb/v7e-m+fp/hard/libc_nano.a(lib_a-nano-msizer.o)
 .bss           0x000000002000a008        0x0 /home/hanna/Documents/gcc-arm-none-eabi-8-2018-q4-major-linux/gcc-arm-none-eabi-8-2018-q4-major/bin/../lib/gcc/arm-none-eabi/8.2.1/../../../../arm-none-eabi/lib/thumb/v7e-m+fp/hard/libc_nano.a(lib_a-reent.o)
 .bss           0x000000002000a008        0x0 /home/hanna/Documents/gcc-arm-none-eabi-8-2018-q4-major-linux/gcc-arm-none-eabi-8-2018-q4-major/bin/../lib/gcc/arm-none-eabi/8.2.1/../../../../arm-none-eabi/lib/thumb/v7e-m+fp/hard/libc_nano.a(lib_a-lock.o)
 *(.bss.*)
 .bss.__malloc_free_list
                0x000000002000a008        0x4 /home/hanna/Documents/gcc-arm-none-eabi-8-2018-q4-major-linux/gcc-arm-none-eabi-8-2018-q4-major/bin/../lib/gcc/arm-none-eabi/8.2.1/../../../../arm-none-eabi/lib/thumb/v7e-m+fp/hard/libc_nano.a(lib_a-nano-mallocr.o)
                0x000000002000a008                __malloc_free_list
 .bss.__malloc_sbrk_start
                0x000000002000a00c        0x4 /home/hanna/Documents/gcc-arm-none-eabi-8-2018-q4-major-linux/gcc-arm-none-eabi-8-2018-q4-major/bin/../lib/gcc/arm-none-eabi/8.2.1/../../../../arm-none-eabi/lib/thumb/v7e-m+fp/hard/libc_nano.a(lib_a-nano-mallocr.o)
                0x000000002000a00c                __malloc_sbrk_start
 *(COMMON)
 COMMON         0x000000002000a010       0xac ./Debug/up_up_up_application.c.o
                0x000000002000a010                canBuf
 *fill*         0x000000002000a0bc        0x4 
 COMMON         0x000000002000a0c0     0x8358 ./Debug/TinyTimber.c.o
                0x000000002000a0c0                otable
                0x000000002000a0cc                upcoming
                0x000000002000a0d0                threads
                0x000000002000a120                mtable
                0x000000002000a12c                thread0
                0x000000002000a140                messages
                0x000000002000a410                __heap_end
                0x000000002000a418                stacks
 COMMON         0x0000000020012418        0x4 /home/hanna/Documents/gcc-arm-none-eabi-8-2018-q4-major-linux/gcc-arm-none-eabi-8-2018-q4-major/bin/../lib/gcc/arm-none-eabi/8.2.1/../../../../arm-none-eabi/lib/thumb/v7e-m+fp/hard/libc_nano.a(lib_a-reent.o)
                0x0000000020012418                errno
 COMMON         0x000000002001241c        0x9 /home/hanna/Documents/gcc-arm-none-eabi-8-2018-q4-major-linux/gcc-arm-none-eabi-8-2018-q4-major/bin/../lib/gcc/arm-none-eabi/8.2.1/../../../../arm-none-eabi/lib/thumb/v7e-m+fp/hard/libc_nano.a(lib_a-lock.o)
                0x000000002001241c                __lock___atexit_recursive_mutex
                0x000000002001241d                __lock___arc4random_mutex
                0x000000002001241e                __lock___env_recursive_mutex
                0x000000002001241f                __lock___sinit_recursive_mutex
                0x0000000020012420                __lock___malloc_recursive_mutex
                0x0000000020012421                __lock___at_quick_exit_mutex
                0x0000000020012422                __lock___dd_hash_mutex
                0x0000000020012423                __lock___tz_mutex
                0x0000000020012424                __lock___sfp_recursive_mutex
                0x0000000020012428                . = ALIGN (0x4)
 *fill*         0x0000000020012425        0x3 
                0x0000000020012428                _ebss = .
                0x0000000020012428                PROVIDE (end = _ebss)
                [!provide]                        PROVIDE (_end = _ebss)
OUTPUT(./Debug/RTS-Lab.elf elf32-littlearm)

.debug_info     0x0000000000000000     0xbb29
 .debug_info    0x0000000000000000     0x1f72 ./Debug/up_up_up_application.c.o
 .debug_info    0x0000000000001f72      0xef4 ./Debug/driver_src_stm32f4xx_rcc.c.o
 .debug_info    0x0000000000002e66      0x9d7 ./Debug/sciTinyTimber.c.o
 .debug_info    0x000000000000383d      0xae8 ./Debug/startup.c.o
 .debug_info    0x0000000000004325      0x961 ./Debug/sioTinyTimber.c.o
 .debug_info    0x0000000000004c86      0x383 ./Debug/driver_src_stm32f4xx_exti.c.o
 .debug_info    0x0000000000005009     0x1879 ./Debug/TinyTimber.c.o
 .debug_info    0x0000000000006882      0xc60 ./Debug/driver_src_stm32f4xx_can.c.o
 .debug_info    0x00000000000074e2      0x6af ./Debug/driver_src_stm32f4xx_dac.c.o
 .debug_info    0x0000000000007b91      0x67f ./Debug/driver_src_stm32f4xx_gpio.c.o
 .debug_info    0x0000000000008210      0xa68 ./Debug/driver_src_stm32f4xx_usart.c.o
 .debug_info    0x0000000000008c78      0x2c4 ./Debug/driver_src_stm32f4xx_syscfg.c.o
 .debug_info    0x0000000000008f3c      0xdc7 ./Debug/canTinyTimber.c.o
 .debug_info    0x0000000000009d03     0x1e26 ./Debug/driver_src_stm32f4xx_tim.c.o

.debug_abbrev   0x0000000000000000     0x2116
 .debug_abbrev  0x0000000000000000      0x3b6 ./Debug/up_up_up_application.c.o
 .debug_abbrev  0x00000000000003b6      0x1f9 ./Debug/driver_src_stm32f4xx_rcc.c.o
 .debug_abbrev  0x00000000000005af      0x286 ./Debug/sciTinyTimber.c.o
 .debug_abbrev  0x0000000000000835      0x28f ./Debug/startup.c.o
 .debug_abbrev  0x0000000000000ac4      0x256 ./Debug/sioTinyTimber.c.o
 .debug_abbrev  0x0000000000000d1a      0x1ea ./Debug/driver_src_stm32f4xx_exti.c.o
 .debug_abbrev  0x0000000000000f04      0x4e3 ./Debug/TinyTimber.c.o
 .debug_abbrev  0x00000000000013e7      0x238 ./Debug/driver_src_stm32f4xx_can.c.o
 .debug_abbrev  0x000000000000161f      0x1b9 ./Debug/driver_src_stm32f4xx_dac.c.o
 .debug_abbrev  0x00000000000017d8      0x1e6 ./Debug/driver_src_stm32f4xx_gpio.c.o
 .debug_abbrev  0x00000000000019be      0x1a8 ./Debug/driver_src_stm32f4xx_usart.c.o
 .debug_abbrev  0x0000000000001b66      0x164 ./Debug/driver_src_stm32f4xx_syscfg.c.o
 .debug_abbrev  0x0000000000001cca      0x28a ./Debug/canTinyTimber.c.o
 .debug_abbrev  0x0000000000001f54      0x1c2 ./Debug/driver_src_stm32f4xx_tim.c.o

.debug_aranges  0x0000000000000000      0x1c8
 .debug_aranges
                0x0000000000000000       0x20 ./Debug/up_up_up_application.c.o
 .debug_aranges
                0x0000000000000020       0x20 ./Debug/driver_src_stm32f4xx_rcc.c.o
 .debug_aranges
                0x0000000000000040       0x20 ./Debug/sciTinyTimber.c.o
 .debug_aranges
                0x0000000000000060       0x28 ./Debug/startup.c.o
 .debug_aranges
                0x0000000000000088       0x20 ./Debug/sioTinyTimber.c.o
 .debug_aranges
                0x00000000000000a8       0x20 ./Debug/driver_src_stm32f4xx_exti.c.o
 .debug_aranges
                0x00000000000000c8       0x20 ./Debug/TinyTimber.c.o
 .debug_aranges
                0x00000000000000e8       0x20 ./Debug/driver_src_stm32f4xx_can.c.o
 .debug_aranges
                0x0000000000000108       0x20 ./Debug/driver_src_stm32f4xx_dac.c.o
 .debug_aranges
                0x0000000000000128       0x20 ./Debug/driver_src_stm32f4xx_gpio.c.o
 .debug_aranges
                0x0000000000000148       0x20 ./Debug/driver_src_stm32f4xx_usart.c.o
 .debug_aranges
                0x0000000000000168       0x20 ./Debug/driver_src_stm32f4xx_syscfg.c.o
 .debug_aranges
                0x0000000000000188       0x20 ./Debug/canTinyTimber.c.o
 .debug_aranges
                0x00000000000001a8       0x20 ./Debug/driver_src_stm32f4xx_tim.c.o

.debug_line     0x0000000000000000     0x58f0
 .debug_line    0x0000000000000000      0xc8a ./Debug/up_up_up_application.c.o
 .debug_line    0x0000000000000c8a      0x7fe ./Debug/driver_src_stm32f4xx_rcc.c.o
 .debug_line    0x0000000000001488      0x33b ./Debug/sciTinyTimber.c.o
 .debug_line    0x00000000000017c3      0x3fe ./Debug/startup.c.o
 .debug_line    0x0000000000001bc1      0x306 ./Debug/sioTinyTimber.c.o
 .debug_line    0x0000000000001ec7      0x375 ./Debug/driver_src_stm32f4xx_exti.c.o
 .debug_line    0x000000000000223c      0xb0d ./Debug/TinyTimber.c.o
 .debug_line    0x0000000000002d49      0x95f ./Debug/driver_src_stm32f4xx_can.c.o
 .debug_line    0x00000000000036a8      0x44b ./Debug/driver_src_stm32f4xx_dac.c.o
 .debug_line    0x0000000000003af3      0x4a6 ./Debug/driver_src_stm32f4xx_gpio.c.o
 .debug_line    0x0000000000003f99      0x608 ./Debug/driver_src_stm32f4xx_usart.c.o
 .debug_line    0x00000000000045a1      0x28c ./Debug/driver_src_stm32f4xx_syscfg.c.o
 .debug_line    0x000000000000482d      0x4a8 ./Debug/canTinyTimber.c.o
 .debug_line    0x0000000000004cd5      0xc1b ./Debug/driver_src_stm32f4xx_tim.c.o

.debug_str      0x0000000000000000     0x3a35
 .debug_str     0x0000000000000000      0xa4f ./Debug/up_up_up_application.c.o
                                        0xb24 (size before relaxing)
 .debug_str     0x0000000000000a4f      0x7b9 ./Debug/driver_src_stm32f4xx_rcc.c.o
                                        0x9ef (size before relaxing)
 .debug_str     0x0000000000001208      0x62d ./Debug/sciTinyTimber.c.o
                                        0x8cd (size before relaxing)
 .debug_str     0x0000000000001835      0x48c ./Debug/startup.c.o
                                        0x7f0 (size before relaxing)
 .debug_str     0x0000000000001cc1       0x70 ./Debug/sioTinyTimber.c.o
                                        0x8d7 (size before relaxing)
 .debug_str     0x0000000000001d31      0x106 ./Debug/driver_src_stm32f4xx_exti.c.o
                                        0x3a6 (size before relaxing)
 .debug_str     0x0000000000001e37      0x3c0 ./Debug/TinyTimber.c.o
                                        0xcad (size before relaxing)
 .debug_str     0x00000000000021f7      0x3b7 ./Debug/driver_src_stm32f4xx_can.c.o
                                        0x798 (size before relaxing)
 .debug_str     0x00000000000025ae      0x240 ./Debug/driver_src_stm32f4xx_dac.c.o
                                        0x4ad (size before relaxing)
 .debug_str     0x00000000000027ee      0x187 ./Debug/driver_src_stm32f4xx_gpio.c.o
                                        0x4fd (size before relaxing)
 .debug_str     0x0000000000002975      0x42a ./Debug/driver_src_stm32f4xx_usart.c.o
                                        0x6e9 (size before relaxing)
 .debug_str     0x0000000000002d9f      0x183 ./Debug/driver_src_stm32f4xx_syscfg.c.o
                                        0x368 (size before relaxing)
 .debug_str     0x0000000000002f22       0x87 ./Debug/canTinyTimber.c.o
                                        0xa74 (size before relaxing)
 .debug_str     0x0000000000002fa9      0xa8c ./Debug/driver_src_stm32f4xx_tim.c.o
                                        0xe2a (size before relaxing)

.comment        0x0000000000000000       0x75
 .comment       0x0000000000000000       0x75 ./Debug/up_up_up_application.c.o
                                         0x76 (size before relaxing)
 .comment       0x0000000000000075       0x76 ./Debug/driver_src_stm32f4xx_rcc.c.o
 .comment       0x0000000000000075       0x76 ./Debug/sciTinyTimber.c.o
 .comment       0x0000000000000075       0x76 ./Debug/startup.c.o
 .comment       0x0000000000000075       0x76 ./Debug/sioTinyTimber.c.o
 .comment       0x0000000000000075       0x76 ./Debug/driver_src_stm32f4xx_exti.c.o
 .comment       0x0000000000000075       0x76 ./Debug/TinyTimber.c.o
 .comment       0x0000000000000075       0x76 ./Debug/driver_src_stm32f4xx_can.c.o
 .comment       0x0000000000000075       0x76 ./Debug/driver_src_stm32f4xx_dac.c.o
 .comment       0x0000000000000075       0x76 ./Debug/driver_src_stm32f4xx_gpio.c.o
 .comment       0x0000000000000075       0x76 ./Debug/driver_src_stm32f4xx_usart.c.o
 .comment       0x0000000000000075       0x76 ./Debug/driver_src_stm32f4xx_syscfg.c.o
 .comment       0x0000000000000075       0x76 ./Debug/canTinyTimber.c.o
 .comment       0x0000000000000075       0x76 ./Debug/driver_src_stm32f4xx_tim.c.o

.ARM.attributes
                0x0000000000000000       0x32
 .ARM.attributes
                0x0000000000000000       0x34 ./Debug/up_up_up_application.c.o
 .ARM.attributes
                0x0000000000000034       0x34 ./Debug/driver_src_stm32f4xx_rcc.c.o
 .ARM.attributes
                0x0000000000000068       0x34 ./Debug/sciTinyTimber.c.o
 .ARM.attributes
                0x000000000000009c       0x34 ./Debug/startup.c.o
 .ARM.attributes
                0x00000000000000d0       0x25 ./Debug/dispatch.s.o
 .ARM.attributes
                0x00000000000000f5       0x34 ./Debug/sioTinyTimber.c.o
 .ARM.attributes
                0x0000000000000129       0x34 ./Debug/driver_src_stm32f4xx_exti.c.o
 .ARM.attributes
                0x000000000000015d       0x34 ./Debug/TinyTimber.c.o
 .ARM.attributes
                0x0000000000000191       0x34 ./Debug/driver_src_stm32f4xx_can.c.o
 .ARM.attributes
                0x00000000000001c5       0x34 ./Debug/driver_src_stm32f4xx_dac.c.o
 .ARM.attributes
                0x00000000000001f9       0x34 ./Debug/driver_src_stm32f4xx_gpio.c.o
 .ARM.attributes
                0x000000000000022d       0x34 ./Debug/driver_src_stm32f4xx_usart.c.o
 .ARM.attributes
                0x0000000000000261       0x34 ./Debug/driver_src_stm32f4xx_syscfg.c.o
 .ARM.attributes
                0x0000000000000295       0x34 ./Debug/canTinyTimber.c.o
 .ARM.attributes
                0x00000000000002c9       0x34 ./Debug/driver_src_stm32f4xx_tim.c.o
 .ARM.attributes
                0x00000000000002fd       0x34 /home/hanna/Documents/gcc-arm-none-eabi-8-2018-q4-major-linux/gcc-arm-none-eabi-8-2018-q4-major/bin/../lib/gcc/arm-none-eabi/8.2.1/../../../../arm-none-eabi/lib/thumb/v7e-m+fp/hard/libc_nano.a(lib_a-atoi.o)
 .ARM.attributes
                0x0000000000000331       0x34 /home/hanna/Documents/gcc-arm-none-eabi-8-2018-q4-major-linux/gcc-arm-none-eabi-8-2018-q4-major/bin/../lib/gcc/arm-none-eabi/8.2.1/../../../../arm-none-eabi/lib/thumb/v7e-m+fp/hard/libc_nano.a(lib_a-snprintf.o)
 .ARM.attributes
                0x0000000000000365       0x34 /home/hanna/Documents/gcc-arm-none-eabi-8-2018-q4-major-linux/gcc-arm-none-eabi-8-2018-q4-major/bin/../lib/gcc/arm-none-eabi/8.2.1/../../../../arm-none-eabi/lib/thumb/v7e-m+fp/hard/libc_nano.a(lib_a-sprintf.o)
 .ARM.attributes
                0x0000000000000399       0x17 /home/hanna/Documents/gcc-arm-none-eabi-8-2018-q4-major-linux/gcc-arm-none-eabi-8-2018-q4-major/bin/../lib/gcc/arm-none-eabi/8.2.1/../../../../arm-none-eabi/lib/thumb/v7e-m+fp/hard/libc_nano.a(lib_a-strlen.o)
 .ARM.attributes
                0x00000000000003b0       0x34 /home/hanna/Documents/gcc-arm-none-eabi-8-2018-q4-major-linux/gcc-arm-none-eabi-8-2018-q4-major/bin/../lib/gcc/arm-none-eabi/8.2.1/../../../../arm-none-eabi/lib/thumb/v7e-m+fp/hard/libc_nano.a(lib_a-strtol.o)
 .ARM.attributes
                0x00000000000003e4       0x32 /home/hanna/Documents/gcc-arm-none-eabi-8-2018-q4-major-linux/gcc-arm-none-eabi-8-2018-q4-major/bin/../lib/gcc/arm-none-eabi/8.2.1/../../../../arm-none-eabi/lib/thumb/v7e-m+fp/hard/libc_nano.a(lib_a-ctype_.o)
 .ARM.attributes
                0x0000000000000416       0x32 /home/hanna/Documents/gcc-arm-none-eabi-8-2018-q4-major-linux/gcc-arm-none-eabi-8-2018-q4-major/bin/../lib/gcc/arm-none-eabi/8.2.1/../../../../arm-none-eabi/lib/thumb/v7e-m+fp/hard/libc_nano.a(lib_a-impure.o)
 .ARM.attributes
                0x0000000000000448       0x34 /home/hanna/Documents/gcc-arm-none-eabi-8-2018-q4-major-linux/gcc-arm-none-eabi-8-2018-q4-major/bin/../lib/gcc/arm-none-eabi/8.2.1/../../../../arm-none-eabi/lib/thumb/v7e-m+fp/hard/libc_nano.a(lib_a-nano-svfprintf.o)
 .ARM.attributes
                0x000000000000047c       0x34 /home/hanna/Documents/gcc-arm-none-eabi-8-2018-q4-major-linux/gcc-arm-none-eabi-8-2018-q4-major/bin/../lib/gcc/arm-none-eabi/8.2.1/../../../../arm-none-eabi/lib/thumb/v7e-m+fp/hard/libc_nano.a(lib_a-nano-vfprintf_i.o)
 .ARM.attributes
                0x00000000000004b0       0x1c /home/hanna/Documents/gcc-arm-none-eabi-8-2018-q4-major-linux/gcc-arm-none-eabi-8-2018-q4-major/bin/../lib/gcc/arm-none-eabi/8.2.1/../../../../arm-none-eabi/lib/thumb/v7e-m+fp/hard/libc_nano.a(lib_a-memchr.o)
 .ARM.attributes
                0x00000000000004cc       0x34 /home/hanna/Documents/gcc-arm-none-eabi-8-2018-q4-major-linux/gcc-arm-none-eabi-8-2018-q4-major/bin/../lib/gcc/arm-none-eabi/8.2.1/../../../../arm-none-eabi/lib/thumb/v7e-m+fp/hard/libc_nano.a(lib_a-memcpy-stub.o)
 .ARM.attributes
                0x0000000000000500       0x34 /home/hanna/Documents/gcc-arm-none-eabi-8-2018-q4-major-linux/gcc-arm-none-eabi-8-2018-q4-major/bin/../lib/gcc/arm-none-eabi/8.2.1/../../../../arm-none-eabi/lib/thumb/v7e-m+fp/hard/libc_nano.a(lib_a-memmove.o)
 .ARM.attributes
                0x0000000000000534       0x34 /home/hanna/Documents/gcc-arm-none-eabi-8-2018-q4-major-linux/gcc-arm-none-eabi-8-2018-q4-major/bin/../lib/gcc/arm-none-eabi/8.2.1/../../../../arm-none-eabi/lib/thumb/v7e-m+fp/hard/libc_nano.a(lib_a-nano-freer.o)
 .ARM.attributes
                0x0000000000000568       0x34 /home/hanna/Documents/gcc-arm-none-eabi-8-2018-q4-major-linux/gcc-arm-none-eabi-8-2018-q4-major/bin/../lib/gcc/arm-none-eabi/8.2.1/../../../../arm-none-eabi/lib/thumb/v7e-m+fp/hard/libc_nano.a(lib_a-nano-mallocr.o)
 .ARM.attributes
                0x000000000000059c       0x34 /home/hanna/Documents/gcc-arm-none-eabi-8-2018-q4-major-linux/gcc-arm-none-eabi-8-2018-q4-major/bin/../lib/gcc/arm-none-eabi/8.2.1/../../../../arm-none-eabi/lib/thumb/v7e-m+fp/hard/libc_nano.a(lib_a-nano-reallocr.o)
 .ARM.attributes
                0x00000000000005d0       0x34 /home/hanna/Documents/gcc-arm-none-eabi-8-2018-q4-major-linux/gcc-arm-none-eabi-8-2018-q4-major/bin/../lib/gcc/arm-none-eabi/8.2.1/../../../../arm-none-eabi/lib/thumb/v7e-m+fp/hard/libc_nano.a(lib_a-sbrkr.o)
 .ARM.attributes
                0x0000000000000604       0x34 /home/hanna/Documents/gcc-arm-none-eabi-8-2018-q4-major-linux/gcc-arm-none-eabi-8-2018-q4-major/bin/../lib/gcc/arm-none-eabi/8.2.1/../../../../arm-none-eabi/lib/thumb/v7e-m+fp/hard/libc_nano.a(lib_a-mlock.o)
 .ARM.attributes
                0x0000000000000638       0x34 /home/hanna/Documents/gcc-arm-none-eabi-8-2018-q4-major-linux/gcc-arm-none-eabi-8-2018-q4-major/bin/../lib/gcc/arm-none-eabi/8.2.1/../../../../arm-none-eabi/lib/thumb/v7e-m+fp/hard/libc_nano.a(lib_a-nano-msizer.o)
 .ARM.attributes
                0x000000000000066c       0x34 /home/hanna/Documents/gcc-arm-none-eabi-8-2018-q4-major-linux/gcc-arm-none-eabi-8-2018-q4-major/bin/../lib/gcc/arm-none-eabi/8.2.1/../../../../arm-none-eabi/lib/thumb/v7e-m+fp/hard/libc_nano.a(lib_a-reent.o)
 .ARM.attributes
                0x00000000000006a0       0x34 /home/hanna/Documents/gcc-arm-none-eabi-8-2018-q4-major-linux/gcc-arm-none-eabi-8-2018-q4-major/bin/../lib/gcc/arm-none-eabi/8.2.1/../../../../arm-none-eabi/lib/thumb/v7e-m+fp/hard/libc_nano.a(lib_a-lock.o)

.debug_frame    0x0000000000000000     0x3ad0
 .debug_frame   0x0000000000000000      0x5b8 ./Debug/up_up_up_application.c.o
 .debug_frame   0x00000000000005b8      0x814 ./Debug/driver_src_stm32f4xx_rcc.c.o
 .debug_frame   0x0000000000000dcc      0x11c ./Debug/sciTinyTimber.c.o
 .debug_frame   0x0000000000000ee8      0x14c ./Debug/startup.c.o
 .debug_frame   0x0000000000001034      0x114 ./Debug/sioTinyTimber.c.o
 .debug_frame   0x0000000000001148      0x148 ./Debug/driver_src_stm32f4xx_exti.c.o
 .debug_frame   0x0000000000001290      0x57c ./Debug/TinyTimber.c.o
 .debug_frame   0x000000000000180c      0x3f4 ./Debug/driver_src_stm32f4xx_can.c.o
 .debug_frame   0x0000000000001c00      0x2ac ./Debug/driver_src_stm32f4xx_dac.c.o
 .debug_frame   0x0000000000001eac      0x23c ./Debug/driver_src_stm32f4xx_gpio.c.o
 .debug_frame   0x00000000000020e8      0x490 ./Debug/driver_src_stm32f4xx_usart.c.o
 .debug_frame   0x0000000000002578      0x11c ./Debug/driver_src_stm32f4xx_syscfg.c.o
 .debug_frame   0x0000000000002694      0x100 ./Debug/canTinyTimber.c.o
 .debug_frame   0x0000000000002794      0xe54 ./Debug/driver_src_stm32f4xx_tim.c.o
 .debug_frame   0x00000000000035e8       0x30 /home/hanna/Documents/gcc-arm-none-eabi-8-2018-q4-major-linux/gcc-arm-none-eabi-8-2018-q4-major/bin/../lib/gcc/arm-none-eabi/8.2.1/../../../../arm-none-eabi/lib/thumb/v7e-m+fp/hard/libc_nano.a(lib_a-atoi.o)
 .debug_frame   0x0000000000003618       0x7c /home/hanna/Documents/gcc-arm-none-eabi-8-2018-q4-major-linux/gcc-arm-none-eabi-8-2018-q4-major/bin/../lib/gcc/arm-none-eabi/8.2.1/../../../../arm-none-eabi/lib/thumb/v7e-m+fp/hard/libc_nano.a(lib_a-snprintf.o)
 .debug_frame   0x0000000000003694       0x6c /home/hanna/Documents/gcc-arm-none-eabi-8-2018-q4-major-linux/gcc-arm-none-eabi-8-2018-q4-major/bin/../lib/gcc/arm-none-eabi/8.2.1/../../../../arm-none-eabi/lib/thumb/v7e-m+fp/hard/libc_nano.a(lib_a-sprintf.o)
 .debug_frame   0x0000000000003700       0x64 /home/hanna/Documents/gcc-arm-none-eabi-8-2018-q4-major-linux/gcc-arm-none-eabi-8-2018-q4-major/bin/../lib/gcc/arm-none-eabi/8.2.1/../../../../arm-none-eabi/lib/thumb/v7e-m+fp/hard/libc_nano.a(lib_a-strtol.o)
 .debug_frame   0x0000000000003764       0x90 /home/hanna/Documents/gcc-arm-none-eabi-8-2018-q4-major-linux/gcc-arm-none-eabi-8-2018-q4-major/bin/../lib/gcc/arm-none-eabi/8.2.1/../../../../arm-none-eabi/lib/thumb/v7e-m+fp/hard/libc_nano.a(lib_a-nano-svfprintf.o)
 .debug_frame   0x00000000000037f4       0x60 /home/hanna/Documents/gcc-arm-none-eabi-8-2018-q4-major-linux/gcc-arm-none-eabi-8-2018-q4-major/bin/../lib/gcc/arm-none-eabi/8.2.1/../../../../arm-none-eabi/lib/thumb/v7e-m+fp/hard/libc_nano.a(lib_a-nano-vfprintf_i.o)
 .debug_frame   0x0000000000003854       0x28 /home/hanna/Documents/gcc-arm-none-eabi-8-2018-q4-major-linux/gcc-arm-none-eabi-8-2018-q4-major/bin/../lib/gcc/arm-none-eabi/8.2.1/../../../../arm-none-eabi/lib/thumb/v7e-m+fp/hard/libc_nano.a(lib_a-memcpy-stub.o)
 .debug_frame   0x000000000000387c       0x28 /home/hanna/Documents/gcc-arm-none-eabi-8-2018-q4-major-linux/gcc-arm-none-eabi-8-2018-q4-major/bin/../lib/gcc/arm-none-eabi/8.2.1/../../../../arm-none-eabi/lib/thumb/v7e-m+fp/hard/libc_nano.a(lib_a-memmove.o)
 .debug_frame   0x00000000000038a4       0x38 /home/hanna/Documents/gcc-arm-none-eabi-8-2018-q4-major-linux/gcc-arm-none-eabi-8-2018-q4-major/bin/../lib/gcc/arm-none-eabi/8.2.1/../../../../arm-none-eabi/lib/thumb/v7e-m+fp/hard/libc_nano.a(lib_a-nano-freer.o)
 .debug_frame   0x00000000000038dc       0x30 /home/hanna/Documents/gcc-arm-none-eabi-8-2018-q4-major-linux/gcc-arm-none-eabi-8-2018-q4-major/bin/../lib/gcc/arm-none-eabi/8.2.1/../../../../arm-none-eabi/lib/thumb/v7e-m+fp/hard/libc_nano.a(lib_a-nano-mallocr.o)
 .debug_frame   0x000000000000390c       0x3c /home/hanna/Documents/gcc-arm-none-eabi-8-2018-q4-major-linux/gcc-arm-none-eabi-8-2018-q4-major/bin/../lib/gcc/arm-none-eabi/8.2.1/../../../../arm-none-eabi/lib/thumb/v7e-m+fp/hard/libc_nano.a(lib_a-nano-reallocr.o)
 .debug_frame   0x0000000000003948       0x2c /home/hanna/Documents/gcc-arm-none-eabi-8-2018-q4-major-linux/gcc-arm-none-eabi-8-2018-q4-major/bin/../lib/gcc/arm-none-eabi/8.2.1/../../../../arm-none-eabi/lib/thumb/v7e-m+fp/hard/libc_nano.a(lib_a-sbrkr.o)
 .debug_frame   0x0000000000003974       0x30 /home/hanna/Documents/gcc-arm-none-eabi-8-2018-q4-major-linux/gcc-arm-none-eabi-8-2018-q4-major/bin/../lib/gcc/arm-none-eabi/8.2.1/../../../../arm-none-eabi/lib/thumb/v7e-m+fp/hard/libc_nano.a(lib_a-mlock.o)
 .debug_frame   0x00000000000039a4       0x20 /home/hanna/Documents/gcc-arm-none-eabi-8-2018-q4-major-linux/gcc-arm-none-eabi-8-2018-q4-major/bin/../lib/gcc/arm-none-eabi/8.2.1/../../../../arm-none-eabi/lib/thumb/v7e-m+fp/hard/libc_nano.a(lib_a-nano-msizer.o)
 .debug_frame   0x00000000000039c4       0x5c /home/hanna/Documents/gcc-arm-none-eabi-8-2018-q4-major-linux/gcc-arm-none-eabi-8-2018-q4-major/bin/../lib/gcc/arm-none-eabi/8.2.1/../../../../arm-none-eabi/lib/thumb/v7e-m+fp/hard/libc_nano.a(lib_a-reent.o)
 .debug_frame   0x0000000000003a20       0xb0 /home/hanna/Documents/gcc-arm-none-eabi-8-2018-q4-major-linux/gcc-arm-none-eabi-8-2018-q4-major/bin/../lib/gcc/arm-none-eabi/8.2.1/../../../../arm-none-eabi/lib/thumb/v7e-m+fp/hard/libc_nano.a(lib_a-lock.o)

.debug_ranges   0x0000000000000000       0x18
 .debug_ranges  0x0000000000000000       0x18 ./Debug/startup.c.o

Cross Reference Table

Symbol                                            File
ABORT                                             ./Debug/TinyTimber.c.o
CAN_CancelTransmit                                ./Debug/driver_src_stm32f4xx_can.c.o
CAN_ClearFlag                                     ./Debug/driver_src_stm32f4xx_can.c.o
CAN_ClearITPendingBit                             ./Debug/driver_src_stm32f4xx_can.c.o
CAN_DBGFreeze                                     ./Debug/driver_src_stm32f4xx_can.c.o
CAN_DeInit                                        ./Debug/driver_src_stm32f4xx_can.c.o
                                                  ./Debug/startup.c.o
CAN_FIFORelease                                   ./Debug/driver_src_stm32f4xx_can.c.o
CAN_FilterInit                                    ./Debug/driver_src_stm32f4xx_can.c.o
                                                  ./Debug/startup.c.o
CAN_GetFlagStatus                                 ./Debug/driver_src_stm32f4xx_can.c.o
                                                  ./Debug/canTinyTimber.c.o
CAN_GetITStatus                                   ./Debug/driver_src_stm32f4xx_can.c.o
CAN_GetLSBTransmitErrorCounter                    ./Debug/driver_src_stm32f4xx_can.c.o
CAN_GetLastErrorCode                              ./Debug/driver_src_stm32f4xx_can.c.o
CAN_GetReceiveErrorCounter                        ./Debug/driver_src_stm32f4xx_can.c.o
CAN_ITConfig                                      ./Debug/driver_src_stm32f4xx_can.c.o
                                                  ./Debug/canTinyTimber.c.o
CAN_Init                                          ./Debug/driver_src_stm32f4xx_can.c.o
                                                  ./Debug/canTinyTimber.c.o
CAN_MessagePending                                ./Debug/driver_src_stm32f4xx_can.c.o
CAN_OperatingModeRequest                          ./Debug/driver_src_stm32f4xx_can.c.o
CAN_Receive                                       ./Debug/driver_src_stm32f4xx_can.c.o
                                                  ./Debug/canTinyTimber.c.o
CAN_SlaveStartBank                                ./Debug/driver_src_stm32f4xx_can.c.o
CAN_Sleep                                         ./Debug/driver_src_stm32f4xx_can.c.o
CAN_StructInit                                    ./Debug/driver_src_stm32f4xx_can.c.o
                                                  ./Debug/canTinyTimber.c.o
CAN_TTComModeCmd                                  ./Debug/driver_src_stm32f4xx_can.c.o
CAN_Transmit                                      ./Debug/driver_src_stm32f4xx_can.c.o
                                                  ./Debug/canTinyTimber.c.o
CAN_TransmitStatus                                ./Debug/driver_src_stm32f4xx_can.c.o
CAN_WakeUp                                        ./Debug/driver_src_stm32f4xx_can.c.o
CURRENT_OFFSET                                    ./Debug/TinyTimber.c.o
                                                  ./Debug/up_up_up_application.c.o
DAC2                                              ./Debug/up_up_up_application.c.o
DAC_ClearFlag                                     ./Debug/driver_src_stm32f4xx_dac.c.o
DAC_ClearITPendingBit                             ./Debug/driver_src_stm32f4xx_dac.c.o
DAC_Cmd                                           ./Debug/driver_src_stm32f4xx_dac.c.o
                                                  ./Debug/startup.c.o
DAC_DMACmd                                        ./Debug/driver_src_stm32f4xx_dac.c.o
DAC_DeInit                                        ./Debug/driver_src_stm32f4xx_dac.c.o
                                                  ./Debug/startup.c.o
DAC_DualSoftwareTriggerCmd                        ./Debug/driver_src_stm32f4xx_dac.c.o
DAC_GetDataOutputValue                            ./Debug/driver_src_stm32f4xx_dac.c.o
DAC_GetFlagStatus                                 ./Debug/driver_src_stm32f4xx_dac.c.o
DAC_GetITStatus                                   ./Debug/driver_src_stm32f4xx_dac.c.o
DAC_ITConfig                                      ./Debug/driver_src_stm32f4xx_dac.c.o
DAC_Init                                          ./Debug/driver_src_stm32f4xx_dac.c.o
                                                  ./Debug/startup.c.o
DAC_SetChannel1Data                               ./Debug/driver_src_stm32f4xx_dac.c.o
DAC_SetChannel2Data                               ./Debug/driver_src_stm32f4xx_dac.c.o
                                                  ./Debug/startup.c.o
DAC_SetDualChannelData                            ./Debug/driver_src_stm32f4xx_dac.c.o
DAC_SoftwareTriggerCmd                            ./Debug/driver_src_stm32f4xx_dac.c.o
DAC_StructInit                                    ./Debug/driver_src_stm32f4xx_dac.c.o
                                                  ./Debug/startup.c.o
DAC_WaveGenerationCmd                             ./Debug/driver_src_stm32f4xx_dac.c.o
DUMP                                              ./Debug/TinyTimber.c.o
                                                  ./Debug/canTinyTimber.c.o
                                                  ./Debug/sioTinyTimber.c.o
                                                  ./Debug/dispatch.s.o
DUMPC                                             ./Debug/TinyTimber.c.o
DUMPD                                             ./Debug/TinyTimber.c.o
                                                  ./Debug/dispatch.s.o
DUMPH                                             ./Debug/TinyTimber.c.o
                                                  ./Debug/dispatch.s.o
EXTI_ClearFlag                                    ./Debug/driver_src_stm32f4xx_exti.c.o
EXTI_ClearITPendingBit                            ./Debug/driver_src_stm32f4xx_exti.c.o
                                                  ./Debug/sioTinyTimber.c.o
EXTI_DeInit                                       ./Debug/driver_src_stm32f4xx_exti.c.o
                                                  ./Debug/startup.c.o
EXTI_GenerateSWInterrupt                          ./Debug/driver_src_stm32f4xx_exti.c.o
EXTI_GetFlagStatus                                ./Debug/driver_src_stm32f4xx_exti.c.o
EXTI_GetITStatus                                  ./Debug/driver_src_stm32f4xx_exti.c.o
                                                  ./Debug/sioTinyTimber.c.o
EXTI_Init                                         ./Debug/driver_src_stm32f4xx_exti.c.o
                                                  ./Debug/startup.c.o
EXTI_StructInit                                   ./Debug/driver_src_stm32f4xx_exti.c.o
                                                  ./Debug/startup.c.o
GPIO_DeInit                                       ./Debug/driver_src_stm32f4xx_gpio.c.o
                                                  ./Debug/startup.c.o
GPIO_Init                                         ./Debug/driver_src_stm32f4xx_gpio.c.o
                                                  ./Debug/startup.c.o
GPIO_PinAFConfig                                  ./Debug/driver_src_stm32f4xx_gpio.c.o
                                                  ./Debug/startup.c.o
GPIO_PinLockConfig                                ./Debug/driver_src_stm32f4xx_gpio.c.o
GPIO_ReadInputData                                ./Debug/driver_src_stm32f4xx_gpio.c.o
GPIO_ReadInputDataBit                             ./Debug/driver_src_stm32f4xx_gpio.c.o
                                                  ./Debug/sioTinyTimber.c.o
GPIO_ReadOutputData                               ./Debug/driver_src_stm32f4xx_gpio.c.o
GPIO_ReadOutputDataBit                            ./Debug/driver_src_stm32f4xx_gpio.c.o
GPIO_ResetBits                                    ./Debug/driver_src_stm32f4xx_gpio.c.o
GPIO_SetBits                                      ./Debug/driver_src_stm32f4xx_gpio.c.o
GPIO_StructInit                                   ./Debug/driver_src_stm32f4xx_gpio.c.o
                                                  ./Debug/startup.c.o
GPIO_ToggleBits                                   ./Debug/driver_src_stm32f4xx_gpio.c.o
                                                  ./Debug/sioTinyTimber.c.o
GPIO_Write                                        ./Debug/driver_src_stm32f4xx_gpio.c.o
GPIO_WriteBit                                     ./Debug/driver_src_stm32f4xx_gpio.c.o
                                                  ./Debug/TinyTimber.c.o
                                                  ./Debug/sioTinyTimber.c.o
                                                  ./Debug/startup.c.o
RCC_AHB1PeriphClockCmd                            ./Debug/driver_src_stm32f4xx_rcc.c.o
                                                  ./Debug/startup.c.o
RCC_AHB1PeriphClockLPModeCmd                      ./Debug/driver_src_stm32f4xx_rcc.c.o
RCC_AHB1PeriphResetCmd                            ./Debug/driver_src_stm32f4xx_rcc.c.o
                                                  ./Debug/driver_src_stm32f4xx_gpio.c.o
RCC_AHB2PeriphClockCmd                            ./Debug/driver_src_stm32f4xx_rcc.c.o
RCC_AHB2PeriphClockLPModeCmd                      ./Debug/driver_src_stm32f4xx_rcc.c.o
RCC_AHB2PeriphResetCmd                            ./Debug/driver_src_stm32f4xx_rcc.c.o
RCC_AHB3PeriphClockCmd                            ./Debug/driver_src_stm32f4xx_rcc.c.o
RCC_AHB3PeriphClockLPModeCmd                      ./Debug/driver_src_stm32f4xx_rcc.c.o
RCC_AHB3PeriphResetCmd                            ./Debug/driver_src_stm32f4xx_rcc.c.o
RCC_APB1PeriphClockCmd                            ./Debug/driver_src_stm32f4xx_rcc.c.o
                                                  ./Debug/startup.c.o
RCC_APB1PeriphClockLPModeCmd                      ./Debug/driver_src_stm32f4xx_rcc.c.o
                                                  ./Debug/startup.c.o
RCC_APB1PeriphResetCmd                            ./Debug/driver_src_stm32f4xx_rcc.c.o
                                                  ./Debug/driver_src_stm32f4xx_tim.c.o
                                                  ./Debug/driver_src_stm32f4xx_usart.c.o
                                                  ./Debug/driver_src_stm32f4xx_dac.c.o
                                                  ./Debug/driver_src_stm32f4xx_can.c.o
RCC_APB2PeriphClockCmd                            ./Debug/driver_src_stm32f4xx_rcc.c.o
                                                  ./Debug/startup.c.o
RCC_APB2PeriphClockLPModeCmd                      ./Debug/driver_src_stm32f4xx_rcc.c.o
RCC_APB2PeriphResetCmd                            ./Debug/driver_src_stm32f4xx_rcc.c.o
                                                  ./Debug/driver_src_stm32f4xx_tim.c.o
                                                  ./Debug/driver_src_stm32f4xx_syscfg.c.o
                                                  ./Debug/driver_src_stm32f4xx_usart.c.o
RCC_AdjustHSICalibrationValue                     ./Debug/driver_src_stm32f4xx_rcc.c.o