Archive member included to satisfy reference by file (symbol)

c:/cseapp/codelite/tools/gcc-arm/bin/../lib/gcc/arm-none-eabi/7.2.1/../../../../arm-none-eabi/lib/thumb/v7e-m/fpv4-sp/hard\libc_nano.a(lib_a-atoi.o)
                              ./Debug/application.c.o (atoi)
c:/cseapp/codelite/tools/gcc-arm/bin/../lib/gcc/arm-none-eabi/7.2.1/../../../../arm-none-eabi/lib/thumb/v7e-m/fpv4-sp/hard\libc_nano.a(lib_a-snprintf.o)
                              ./Debug/application.c.o (snprintf)
c:/cseapp/codelite/tools/gcc-arm/bin/../lib/gcc/arm-none-eabi/7.2.1/../../../../arm-none-eabi/lib/thumb/v7e-m/fpv4-sp/hard\libc_nano.a(lib_a-strtol.o)
                              c:/cseapp/codelite/tools/gcc-arm/bin/../lib/gcc/arm-none-eabi/7.2.1/../../../../arm-none-eabi/lib/thumb/v7e-m/fpv4-sp/hard\libc_nano.a(lib_a-atoi.o) (_strtol_r)
c:/cseapp/codelite/tools/gcc-arm/bin/../lib/gcc/arm-none-eabi/7.2.1/../../../../arm-none-eabi/lib/thumb/v7e-m/fpv4-sp/hard\libc_nano.a(lib_a-impure.o)
                              c:/cseapp/codelite/tools/gcc-arm/bin/../lib/gcc/arm-none-eabi/7.2.1/../../../../arm-none-eabi/lib/thumb/v7e-m/fpv4-sp/hard\libc_nano.a(lib_a-snprintf.o) (_impure_ptr)
c:/cseapp/codelite/tools/gcc-arm/bin/../lib/gcc/arm-none-eabi/7.2.1/../../../../arm-none-eabi/lib/thumb/v7e-m/fpv4-sp/hard\libc_nano.a(lib_a-locale.o)
                              c:/cseapp/codelite/tools/gcc-arm/bin/../lib/gcc/arm-none-eabi/7.2.1/../../../../arm-none-eabi/lib/thumb/v7e-m/fpv4-sp/hard\libc_nano.a(lib_a-strtol.o) (__locale_ctype_ptr_l)
c:/cseapp/codelite/tools/gcc-arm/bin/../lib/gcc/arm-none-eabi/7.2.1/../../../../arm-none-eabi/lib/thumb/v7e-m/fpv4-sp/hard\libc_nano.a(lib_a-mbtowc_r.o)
                              c:/cseapp/codelite/tools/gcc-arm/bin/../lib/gcc/arm-none-eabi/7.2.1/../../../../arm-none-eabi/lib/thumb/v7e-m/fpv4-sp/hard\libc_nano.a(lib_a-locale.o) (__ascii_mbtowc)
c:/cseapp/codelite/tools/gcc-arm/bin/../lib/gcc/arm-none-eabi/7.2.1/../../../../arm-none-eabi/lib/thumb/v7e-m/fpv4-sp/hard\libc_nano.a(lib_a-nano-svfprintf.o)
                              c:/cseapp/codelite/tools/gcc-arm/bin/../lib/gcc/arm-none-eabi/7.2.1/../../../../arm-none-eabi/lib/thumb/v7e-m/fpv4-sp/hard\libc_nano.a(lib_a-snprintf.o) (_svfprintf_r)
c:/cseapp/codelite/tools/gcc-arm/bin/../lib/gcc/arm-none-eabi/7.2.1/../../../../arm-none-eabi/lib/thumb/v7e-m/fpv4-sp/hard\libc_nano.a(lib_a-nano-vfprintf_i.o)
                              c:/cseapp/codelite/tools/gcc-arm/bin/../lib/gcc/arm-none-eabi/7.2.1/../../../../arm-none-eabi/lib/thumb/v7e-m/fpv4-sp/hard\libc_nano.a(lib_a-nano-svfprintf.o) (_printf_i)
c:/cseapp/codelite/tools/gcc-arm/bin/../lib/gcc/arm-none-eabi/7.2.1/../../../../arm-none-eabi/lib/thumb/v7e-m/fpv4-sp/hard\libc_nano.a(lib_a-strcmp.o)
                              c:/cseapp/codelite/tools/gcc-arm/bin/../lib/gcc/arm-none-eabi/7.2.1/../../../../arm-none-eabi/lib/thumb/v7e-m/fpv4-sp/hard\libc_nano.a(lib_a-locale.o) (strcmp)
c:/cseapp/codelite/tools/gcc-arm/bin/../lib/gcc/arm-none-eabi/7.2.1/../../../../arm-none-eabi/lib/thumb/v7e-m/fpv4-sp/hard\libc_nano.a(lib_a-wctomb_r.o)
                              c:/cseapp/codelite/tools/gcc-arm/bin/../lib/gcc/arm-none-eabi/7.2.1/../../../../arm-none-eabi/lib/thumb/v7e-m/fpv4-sp/hard\libc_nano.a(lib_a-locale.o) (__ascii_wctomb)
c:/cseapp/codelite/tools/gcc-arm/bin/../lib/gcc/arm-none-eabi/7.2.1/../../../../arm-none-eabi/lib/thumb/v7e-m/fpv4-sp/hard\libc_nano.a(lib_a-ctype_.o)
                              c:/cseapp/codelite/tools/gcc-arm/bin/../lib/gcc/arm-none-eabi/7.2.1/../../../../arm-none-eabi/lib/thumb/v7e-m/fpv4-sp/hard\libc_nano.a(lib_a-locale.o) (_ctype_)
c:/cseapp/codelite/tools/gcc-arm/bin/../lib/gcc/arm-none-eabi/7.2.1/../../../../arm-none-eabi/lib/thumb/v7e-m/fpv4-sp/hard\libc_nano.a(lib_a-memchr.o)
                              c:/cseapp/codelite/tools/gcc-arm/bin/../lib/gcc/arm-none-eabi/7.2.1/../../../../arm-none-eabi/lib/thumb/v7e-m/fpv4-sp/hard\libc_nano.a(lib_a-nano-svfprintf.o) (memchr)
c:/cseapp/codelite/tools/gcc-arm/bin/../lib/gcc/arm-none-eabi/7.2.1/../../../../arm-none-eabi/lib/thumb/v7e-m/fpv4-sp/hard\libc_nano.a(lib_a-memcpy-stub.o)
                              c:/cseapp/codelite/tools/gcc-arm/bin/../lib/gcc/arm-none-eabi/7.2.1/../../../../arm-none-eabi/lib/thumb/v7e-m/fpv4-sp/hard\libc_nano.a(lib_a-nano-svfprintf.o) (memcpy)
c:/cseapp/codelite/tools/gcc-arm/bin/../lib/gcc/arm-none-eabi/7.2.1/../../../../arm-none-eabi/lib/thumb/v7e-m/fpv4-sp/hard\libc_nano.a(lib_a-memmove.o)
                              c:/cseapp/codelite/tools/gcc-arm/bin/../lib/gcc/arm-none-eabi/7.2.1/../../../../arm-none-eabi/lib/thumb/v7e-m/fpv4-sp/hard\libc_nano.a(lib_a-nano-svfprintf.o) (memmove)
c:/cseapp/codelite/tools/gcc-arm/bin/../lib/gcc/arm-none-eabi/7.2.1/../../../../arm-none-eabi/lib/thumb/v7e-m/fpv4-sp/hard\libc_nano.a(lib_a-nano-freer.o)
[...]
Memory Configuration

Name             Origin             Length             Attributes
RAM              0x20000000         0x0001c000         xrw
*default*        0x00000000         0xffffffff

Linker script and memory map

LOAD ./Debug/driver_src_stm32f4xx_syscfg.c.o
LOAD ./Debug/driver_src_stm32f4xx_usart.c.o
LOAD ./Debug/driver_src_stm32f4xx_rcc.c.o
LOAD ./Debug/driver_src_stm32f4xx_dac.c.o
LOAD ./Debug/driver_src_stm32f4xx_can.c.o
LOAD ./Debug/application.c.o
LOAD ./Debug/dispatch.s.o
LOAD ./Debug/sioTinyTimber.c.o
LOAD ./Debug/sciTinyTimber.c.o
LOAD ./Debug/player.c.o
LOAD ./Debug/TinyTimber.c.o
LOAD ./Debug/driver_src_stm32f4xx_exti.c.o
LOAD ./Debug/canTinyTimber.c.o
LOAD ./Debug/driver_src_stm32f4xx_tim.c.o
LOAD ./Debug/startup.c.o
LOAD ./Debug/driver_src_stm32f4xx_gpio.c.o
LOAD c:/cseapp/codelite/tools/gcc-arm/bin/../lib/gcc/arm-none-eabi/7.2.1/../../../../arm-none-eabi/lib/thumb/v7e-m/fpv4-sp/hard\libstdc++_nano.a
LOAD c:/cseapp/codelite/tools/gcc-arm/bin/../lib/gcc/arm-none-eabi/7.2.1/../../../../arm-none-eabi/lib/thumb/v7e-m/fpv4-sp/hard\libm.a
START GROUP
LOAD c:/cseapp/codelite/tools/gcc-arm/bin/../lib/gcc/arm-none-eabi/7.2.1/thumb/v7e-m/fpv4-sp/hard\libgcc.a
LOAD c:/cseapp/codelite/tools/gcc-arm/bin/../lib/gcc/arm-none-eabi/7.2.1/../../../../arm-none-eabi/lib/thumb/v7e-m/fpv4-sp/hard\libc_nano.a
END GROUP
START GROUP
LOAD c:/cseapp/codelite/tools/gcc-arm/bin/../lib/gcc/arm-none-eabi/7.2.1/thumb/v7e-m/fpv4-sp/hard\libgcc.a
LOAD c:/cseapp/codelite/tools/gcc-arm/bin/../lib/gcc/arm-none-eabi/7.2.1/../../../../arm-none-eabi/lib/thumb/v7e-m/fpv4-sp/hard\libc_nano.a
END GROUP

.text           0x20000000     0x828c
                0x20000000                . = ALIGN (0x4)
 *(.start_section)
 .start_section
                0x20000000       0x1c ./Debug/startup.c.o
                0x20000000                startup
 *(.text)
 .text          0x2000001c      0x154 ./Debug/driver_src_stm32f4xx_syscfg.c.o
                0x2000001c                SYSCFG_DeInit
                0x20000038                SYSCFG_MemoryRemapConfig
                0x20000058                SYSCFG_MemorySwappingBank
                0x20000078                SYSCFG_EXTILineConfig
                0x200000fc                SYSCFG_ETH_MediaInterfaceConfig
                0x2000011c                SYSCFG_CompensationCellCmd
                0x2000013c                SYSCFG_GetCompensationCellStatus
 .text          0x20000170      0x970 ./Debug/driver_src_stm32f4xx_usart.c.o
                0x20000170                USART_DeInit
                0x20000288                USART_Init
                0x200003fc                USART_StructInit
                0x20000436                USART_ClockInit
                0x2000048c                USART_ClockStructInit
                0x200004b8                USART_Cmd
                0x200004f8                USART_SetPrescaler
                0x20000532                USART_OverSampling8Cmd
                0x20000576                USART_OneBitMethodCmd
                0x200005b6                USART_SendData
                0x200005da                USART_ReceiveData
                0x200005fa                USART_SetAddress
                0x20000634                USART_ReceiverWakeUpCmd
                0x20000674                USART_WakeUpConfig
                0x200006ac                USART_LINBreakDetectLengthConfig
                0x200006e4                USART_LINCmd
                0x20000724                USART_SendBreak
                0x20000748                USART_HalfDuplexCmd
                0x20000788                USART_SetGuardTime
                0x200007c4                USART_SmartCardCmd
                0x20000804                USART_SmartCardNACKCmd
                0x20000844                USART_IrDAConfig
                0x2000087c                USART_IrDACmd
                0x200008bc                USART_DMACmd
                0x20000904                USART_ITConfig
                0x20000994                USART_GetFlagStatus
                0x200009cc                USART_ClearFlag
                0x200009ee                USART_GetITStatus
                0x20000aa4                USART_ClearITPendingBit
 .text          0x20000ae0      0xca4 ./Debug/driver_src_stm32f4xx_rcc.c.o
                0x20000ae0                RCC_DeInit
                0x20000b50                RCC_HSEConfig
                0x20000b78                RCC_WaitForHSEStartUp
                0x20000bc8                RCC_AdjustHSICalibrationValue
                0x20000c04                RCC_HSICmd
                0x20000c24                RCC_LSEConfig
                0x20000c68                RCC_LSICmd
                0x20000c88                RCC_PLLConfig
                0x20000cc8                RCC_PLLCmd
                0x20000ce8                RCC_PLLI2SConfig
                0x20000d14                RCC_PLLI2SCmd
                0x20000d34                RCC_PLLSAIConfig
                0x20000d68                RCC_PLLSAICmd
                0x20000d88                RCC_ClockSecuritySystemCmd
                0x20000da8                RCC_MCO1Config
                0x20000de8                RCC_MCO2Config
                0x20000e28                RCC_SYSCLKConfig
                0x20000e60                RCC_GetSYSCLKSource
                0x20000e80                RCC_HCLKConfig
                0x20000eb8                RCC_PCLK1Config
                0x20000ef0                RCC_PCLK2Config
                0x20000f2c                RCC_GetClocksFreq
                0x2000107c                RCC_RTCCLKConfig
                0x200010d8                RCC_RTCCLKCmd
                0x200010f8                RCC_BackupResetCmd
                0x20001118                RCC_I2SCLKConfig
                0x20001138                RCC_SAIPLLI2SClkDivConfig
                0x20001178                RCC_SAIPLLSAIClkDivConfig
                0x200011b8                RCC_SAIBlockACLKConfig
                0x200011f4                RCC_SAIBlockBCLKConfig
                0x20001230                RCC_LTDCCLKDivConfig
                0x2000126c                RCC_TIMCLKPresConfig
                0x2000128c                RCC_AHB1PeriphClockCmd
                0x200012cc                RCC_AHB2PeriphClockCmd
                0x2000130c                RCC_AHB3PeriphClockCmd
                0x2000134c                RCC_APB1PeriphClockCmd
                0x2000138c                RCC_APB2PeriphClockCmd
                0x200013cc                RCC_AHB1PeriphResetCmd
                0x2000140c                RCC_AHB2PeriphResetCmd
                0x2000144c                RCC_AHB3PeriphResetCmd
                0x2000148c                RCC_APB1PeriphResetCmd
                0x200014cc                RCC_APB2PeriphResetCmd
                0x2000150c                RCC_AHB1PeriphClockLPModeCmd
                0x2000154c                RCC_AHB2PeriphClockLPModeCmd
                0x2000158c                RCC_AHB3PeriphClockLPModeCmd
                0x200015cc                RCC_APB1PeriphClockLPModeCmd
                0x2000160c                RCC_APB2PeriphClockLPModeCmd
                0x2000164c                RCC_ITConfig
                0x20001698                RCC_GetFlagStatus
                0x2000170c                RCC_ClearFlag
                0x2000172c                RCC_GetITStatus
                0x20001764                RCC_ClearITPendingBit
 .text          0x20001784      0x450 ./Debug/driver_src_stm32f4xx_dac.c.o
                0x20001784                DAC_DeInit
                0x200017a0                DAC_Init
                0x20001808                DAC_StructInit
                0x20001834                DAC_Cmd
                0x20001880                DAC_SoftwareTriggerCmd
                0x200018d0                DAC_DualSoftwareTriggerCmd
                0x2000190c                DAC_WaveGenerationCmd
                0x20001958                DAC_SetChannel1Data
                0x20001990                DAC_SetChannel2Data
                0x200019c8                DAC_SetDualChannelData
                0x20001a20                DAC_GetDataOutputValue
                0x20001a54                DAC_DMACmd
                0x20001aa4                DAC_ITConfig
                0x20001af0                DAC_GetFlagStatus
                0x20001b2c                DAC_ClearFlag
                0x20001b54                DAC_GetITStatus
                0x20001bac                DAC_ClearITPendingBit
 .text          0x20001bd4      0xfd8 ./Debug/driver_src_stm32f4xx_can.c.o
                0x20001bd4                CAN_DeInit
                0x20001c1c                CAN_Init
                0x20001dbe                CAN_FilterInit
                0x20001f44                CAN_StructInit
                0x20001f9a                CAN_SlaveStartBank
                0x20001ffc                CAN_DBGFreeze
                0x20002034                CAN_TTComModeCmd
                0x200020cc                CAN_Transmit
                0x2000226e                CAN_TransmitStatus
                0x20002344                CAN_CancelTransmit
                0x20002396                CAN_Receive
                0x20002512                CAN_FIFORelease
                0x2000254a                CAN_MessagePending
                0x20002594                CAN_OperatingModeRequest
                0x20002690                CAN_Sleep
                0x200026ca                CAN_WakeUp
                0x20002720                CAN_GetLastErrorCode
                0x20002746                CAN_GetReceiveErrorCounter
                0x20002768                CAN_GetLSBTransmitErrorCounter
                0x2000278a                CAN_ITConfig
                0x200027c6                CAN_GetFlagStatus
                0x20002894                CAN_ClearFlag
                0x20002908                CAN_GetITStatus
                0x20002a9c                CAN_ClearITPendingBit
 .text          0x20002bac      0x35c ./Debug/application.c.o
                0x20002bac                setPlayer
                0x20002bc8                setCANBuffer
                0x20002be4                receiver
                0x20002c34                reader
                0x20002d60                buttonPressed
                0x20002dfc                startApp
                0x20002e90                main
 .text          0x20002f08       0xf4 ./Debug/dispatch.s.o
                0x20002f08                vect_SVCall
                0x20002f0c                vect_PendSV
 .text          0x20002ffc      0x174 ./Debug/sioTinyTimber.c.o
                0x20003084                sio_init
                0x200030b4                sio_read
                0x200030d4                sio_write
                0x200030f6                sio_toggle
                0x20003114                sio_interrupt
 .text          0x20003170      0x294 ./Debug/sciTinyTimber.c.o
                0x200031f8                sci_init
                0x2000329e                sci_write
                0x200032f2                sci_writechar
                0x20003328                sci_interrupt
 .text          0x20003404      0x48c ./Debug/player.c.o
                0x20003404                startToneTask
                0x2000343c                runToneTask
                0x20003494                killToneTask
                0x200034b0                setPeriod
                0x200034dc                setDeadline
                0x20003508                setToneVolume
                0x20003540                startPlayer
                0x200035fc                runPlayer
                0x200036cc                setToneTask
                0x200036e8                setKey
                0x20003724                incKey
                0x20003742                decKey
                0x20003760                setTempo
                0x20003798                incTempo
                0x200037b6                decTempo
                0x200037d4                setVolume
                0x200037fc                incVolume
                0x2000381c                decVolume
                0x2000383c                mute
                0x20003858                unmute
                0x20003874                isMuted
 .text          0x20003890      0xf48 ./Debug/TinyTimber.c.o
                0x20003918                DUMP
                0x20003950                DUMPH
                0x200039ac                DUMPD
                0x20003a50                sei
                0x20003a6c                cli
                0x20003a88                _sbrk
                0x20003acc                SETSTACK
                0x20003b34                SETPC
                0x20003b58                TIMER_INIT
                0x20003bf0                DUMPC
                0x20003c24                vect_USART1
                0x20003c8c                vect_CAN1
                0x20003cf4                vect_EXTI9_5
                0x20003d5c                enqueueByDeadline
                0x20003db4                enqueueByBaseline
                0x20003e0c                dequeue
                0x20003e5c                dequeue_pool
                0x20003eac                insert
                0x20003ed0                push
                0x20003ef4                pop
                0x20003f76                vect_TIM5
                0x20004008                __svc_dispatch
                0x20004018                __pendSV_dispatch
                0x20004188                async
                0x200042c4                sync
                0x200043d0                ABORT
                0x20004484                T_RESET
                0x200044c0                T_SAMPLE
                0x20004500                CURRENT_OFFSET
                0x200046ac                install
                0x20004774                tinytimber
 .text          0x200047d8      0x210 ./Debug/driver_src_stm32f4xx_exti.c.o
                0x200047d8                EXTI_DeInit
                0x2000480c                EXTI_Init
                0x200048f0                EXTI_StructInit
                0x2000491c                EXTI_GenerateSWInterrupt
                0x20004940                EXTI_GetFlagStatus
                0x20004974                EXTI_ClearFlag
                0x20004994                EXTI_GetITStatus
                0x200049c8                EXTI_ClearITPendingBit
 .text          0x200049e8      0x434 ./Debug/canTinyTimber.c.o
                0x20004a70                can_init
                0x20004b28                can_interrupt
                0x20004cb0                can_receive
                0x20004d7a                can_send
 .text          0x20004e1c     0x1c18 ./Debug/driver_src_stm32f4xx_tim.c.o
                0x20004e1c                TIM_DeInit
                0x20004fdc                TIM_TimeBaseInit
                0x200050b4                TIM_TimeBaseStructInit
                0x200050e8                TIM_PrescalerConfig
                0x20005110                TIM_CounterModeConfig
                0x20005148                TIM_SetCounter
                0x20005164                TIM_SetAutoreload
                0x20005180                TIM_GetCounter
                0x20005198                TIM_GetPrescaler
                0x200051b2                TIM_UpdateDisableConfig
                0x200051f2                TIM_UpdateRequestConfig
                0x20005232                TIM_ARRPreloadConfig
                0x20005272                TIM_SelectOnePulseMode
                0x200052aa                TIM_SetClockDivision
                0x200052e2                TIM_Cmd
                0x20005322                TIM_OC1Init
                0x20005418                TIM_OC2Init
                0x20005528                TIM_OC3Init
                0x20005634                TIM_OC4Init
                0x20005704                TIM_OCStructInit
                0x20005748                TIM_SelectOCxM
                0x200057fc                TIM_SetCompare1
                0x20005818                TIM_SetCompare2
                0x20005834                TIM_SetCompare3
                0x20005850                TIM_SetCompare4
                0x2000586c                TIM_ForcedOC1Config
                0x200058a4                TIM_ForcedOC2Config
                0x200058e0                TIM_ForcedOC3Config
                0x20005918                TIM_ForcedOC4Config
                0x20005954                TIM_OC1PreloadConfig
                0x2000598c                TIM_OC2PreloadConfig
                0x200059c8                TIM_OC3PreloadConfig
                0x20005a00                TIM_OC4PreloadConfig
                0x20005a3c                TIM_OC1FastConfig
                0x20005a74                TIM_OC2FastConfig
                0x20005ab0                TIM_OC3FastConfig
                0x20005ae8                TIM_OC4FastConfig
                0x20005b24                TIM_ClearOC1Ref
                0x20005b5c                TIM_ClearOC2Ref
                0x20005b98                TIM_ClearOC3Ref
                0x20005bd0                TIM_ClearOC4Ref
                0x20005c0c                TIM_OC1PolarityConfig
                0x20005c44                TIM_OC1NPolarityConfig
                0x20005c7c                TIM_OC2PolarityConfig
                0x20005cb8                TIM_OC2NPolarityConfig
                0x20005cf4                TIM_OC3PolarityConfig
                0x20005d30                TIM_OC3NPolarityConfig
                0x20005d6c                TIM_OC4PolarityConfig
                0x20005da8                TIM_CCxCmd
                0x20005dfe                TIM_CCxNCmd
                0x20005e54                TIM_ICInit
                0x20005efc                TIM_ICStructInit
                0x20005f2e                TIM_PWMIConfig
                0x20005fe6                TIM_GetCapture1
                0x20005ffe                TIM_GetCapture2
                0x20006016                TIM_GetCapture3
                0x2000602e                TIM_GetCapture4
                0x20006046                TIM_SetIC1Prescaler
                0x2000607e                TIM_SetIC2Prescaler
                0x200060ba                TIM_SetIC3Prescaler
                0x200060f2                TIM_SetIC4Prescaler
                0x2000612e                TIM_BDTRConfig
                0x2000617e                TIM_BDTRStructInit
                0x200061bc                TIM_CtrlPWMOutputs
                0x20006208                TIM_SelectCOM
                0x20006248                TIM_CCPreloadControl
                0x20006288                TIM_ITConfig
                0x200062d0                TIM_GenerateEvent
                0x200062ee                TIM_GetFlagStatus
                0x20006326                TIM_ClearFlag
                0x20006348                TIM_GetITStatus
                0x2000639c                TIM_ClearITPendingBit
                0x200063be                TIM_DMAConfig
                0x200063e8                TIM_DMACmd
                0x20006430                TIM_SelectCCDMA
                0x20006470                TIM_InternalClockConfig
                0x20006494                TIM_ITRxExternalClockConfig
                0x200064c2                TIM_TIxExternalClockConfig
                0x2000651e                TIM_ETRClockMode1Config
                0x2000657c                TIM_ETRClockMode2Config
                0x200065ba                TIM_SelectInputTrigger
                0x200065f2                TIM_SelectOutputTrigger
                0x2000662a                TIM_SelectSlaveMode
                0x20006662                TIM_SelectMasterSlaveMode
                0x2000669a                TIM_ETRConfig
                0x200066ee                TIM_EncoderInterfaceConfig
                0x20006786                TIM_SelectHallSensor
                0x200067c6                TIM_RemapConfig
 .text          0x20006a34      0x32c ./Debug/startup.c.o
 .text          0x20006d60      0x4d4 ./Debug/driver_src_stm32f4xx_gpio.c.o
                0x20006d60                GPIO_DeInit
                0x20006ec4                GPIO_Init
                0x20006fe0                GPIO_StructInit
                0x20007014                GPIO_PinLockConfig
                0x20007058                GPIO_ReadInputDataBit
                0x2000708c                GPIO_ReadInputData
                0x200070a6                GPIO_ReadOutputDataBit
                0x200070da                GPIO_ReadOutputData
                0x200070f4                GPIO_SetBits
                0x20007112                GPIO_ResetBits
                0x20007130                GPIO_WriteBit
                0x20007160                GPIO_Write
                0x2000717e                GPIO_ToggleBits
                0x200071a2                GPIO_PinAFConfig
 .text          0x20007234        0x0 c:/cseapp/codelite/tools/gcc-arm/bin/../lib/gcc/arm-none-eabi/7.2.1/../../../../arm-none-eabi/lib/thumb/v7e-m/fpv4-sp/hard\libc_nano.a(lib_a-atoi.o)
 .text          0x20007234        0x0 c:/cseapp/codelite/tools/gcc-arm/bin/../lib/gcc/arm-none-eabi/7.2.1/../../../../arm-none-eabi/lib/thumb/v7e-m/fpv4-sp/hard\libc_nano.a(lib_a-snprintf.o)
 .text          0x20007234        0x0 c:/cseapp/codelite/tools/gcc-arm/bin/../lib/gcc/arm-none-eabi/7.2.1/../../../../arm-none-eabi/lib/thumb/v7e-m/fpv4-sp/hard\libc_nano.a(lib_a-strtol.o)
 .text          0x20007234        0x0 c:/cseapp/codelite/tools/gcc-arm/bin/../lib/gcc/arm-none-eabi/7.2.1/../../../../arm-none-eabi/lib/thumb/v7e-m/fpv4-sp/hard\libc_nano.a(lib_a-impure.o)
 .text          0x20007234        0x0 c:/cseapp/codelite/tools/gcc-arm/bin/../lib/gcc/arm-none-eabi/7.2.1/../../../../arm-none-eabi/lib/thumb/v7e-m/fpv4-sp/hard\libc_nano.a(lib_a-locale.o)
 .text          0x20007234        0x0 c:/cseapp/codelite/tools/gcc-arm/bin/../lib/gcc/arm-none-eabi/7.2.1/../../../../arm-none-eabi/lib/thumb/v7e-m/fpv4-sp/hard\libc_nano.a(lib_a-mbtowc_r.o)
 .text          0x20007234        0x0 c:/cseapp/codelite/tools/gcc-arm/bin/../lib/gcc/arm-none-eabi/7.2.1/../../../../arm-none-eabi/lib/thumb/v7e-m/fpv4-sp/hard\libc_nano.a(lib_a-nano-svfprintf.o)
 .text          0x20007234        0x0 c:/cseapp/codelite/tools/gcc-arm/bin/../lib/gcc/arm-none-eabi/7.2.1/../../../../arm-none-eabi/lib/thumb/v7e-m/fpv4-sp/hard\libc_nano.a(lib_a-nano-vfprintf_i.o)
 .text          0x20007234       0x14 c:/cseapp/codelite/tools/gcc-arm/bin/../lib/gcc/arm-none-eabi/7.2.1/../../../../arm-none-eabi/lib/thumb/v7e-m/fpv4-sp/hard\libc_nano.a(lib_a-strcmp.o)
                0x20007234                strcmp
 .text          0x20007248        0x0 c:/cseapp/codelite/tools/gcc-arm/bin/../lib/gcc/arm-none-eabi/7.2.1/../../../../arm-none-eabi/lib/thumb/v7e-m/fpv4-sp/hard\libc_nano.a(lib_a-wctomb_r.o)
 .text          0x20007248        0x0 c:/cseapp/codelite/tools/gcc-arm/bin/../lib/gcc/arm-none-eabi/7.2.1/../../../../arm-none-eabi/lib/thumb/v7e-m/fpv4-sp/hard\libc_nano.a(lib_a-ctype_.o)
 *fill*         0x20007248        0x8 
 .text          0x20007250       0xa0 c:/cseapp/codelite/tools/gcc-arm/bin/../lib/gcc/arm-none-eabi/7.2.1/../../../../arm-none-eabi/lib/thumb/v7e-m/fpv4-sp/hard\libc_nano.a(lib_a-memchr.o)
                0x20007250                memchr
 .text          0x200072f0        0x0 c:/cseapp/codelite/tools/gcc-arm/bin/../lib/gcc/arm-none-eabi/7.2.1/../../../../arm-none-eabi/lib/thumb/v7e-m/fpv4-sp/hard\libc_nano.a(lib_a-memcpy-stub.o)
 .text          0x200072f0        0x0 c:/cseapp/codelite/tools/gcc-arm/bin/../lib/gcc/arm-none-eabi/7.2.1/../../../../arm-none-eabi/lib/thumb/v7e-m/fpv4-sp/hard\libc_nano.a(lib_a-memmove.o)
 .text          0x200072f0        0x0 c:/cseapp/codelite/tools/gcc-arm/bin/../lib/gcc/arm-none-eabi/7.2.1/../../../../arm-none-eabi/lib/thumb/v7e-m/fpv4-sp/hard\libc_nano.a(lib_a-nano-freer.o)
 .text          0x200072f0        0x0 c:/cseapp/codelite/tools/gcc-arm/bin/../lib/gcc/arm-none-eabi/7.2.1/../../../../arm-none-eabi/lib/thumb/v7e-m/fpv4-sp/hard\libc_nano.a(lib_a-nano-mallocr.o)
 .text          0x200072f0        0x0 c:/cseapp/codelite/tools/gcc-arm/bin/../lib/gcc/arm-none-eabi/7.2.1/../../../../arm-none-eabi/lib/thumb/v7e-m/fpv4-sp/hard\libc_nano.a(lib_a-nano-reallocr.o)
 .text          0x200072f0        0x0 c:/cseapp/codelite/tools/gcc-arm/bin/../lib/gcc/arm-none-eabi/7.2.1/../../../../arm-none-eabi/lib/thumb/v7e-m/fpv4-sp/hard\libc_nano.a(lib_a-sbrkr.o)
 .text          0x200072f0        0x0 c:/cseapp/codelite/tools/gcc-arm/bin/../lib/gcc/arm-none-eabi/7.2.1/../../../../arm-none-eabi/lib/thumb/v7e-m/fpv4-sp/hard\libc_nano.a(lib_a-mlock.o)
 .text          0x200072f0        0x0 c:/cseapp/codelite/tools/gcc-arm/bin/../lib/gcc/arm-none-eabi/7.2.1/../../../../arm-none-eabi/lib/thumb/v7e-m/fpv4-sp/hard\libc_nano.a(lib_a-nano-msizer.o)
 .text          0x200072f0        0x0 c:/cseapp/codelite/tools/gcc-arm/bin/../lib/gcc/arm-none-eabi/7.2.1/../../../../arm-none-eabi/lib/thumb/v7e-m/fpv4-sp/hard\libc_nano.a(lib_a-reent.o)
 *(.text.*)
 .text.atoi     0x200072f0        0x8 c:/cseapp/codelite/tools/gcc-arm/bin/../lib/gcc/arm-none-eabi/7.2.1/../../../../arm-none-eabi/lib/thumb/v7e-m/fpv4-sp/hard\libc_nano.a(lib_a-atoi.o)
                0x200072f0                atoi
 .text._atoi_r  0x200072f8        0x8 c:/cseapp/codelite/tools/gcc-arm/bin/../lib/gcc/arm-none-eabi/7.2.1/../../../../arm-none-eabi/lib/thumb/v7e-m/fpv4-sp/hard\libc_nano.a(lib_a-atoi.o)
                0x200072f8                _atoi_r
 .text._snprintf_r
                0x20007300       0x5e c:/cseapp/codelite/tools/gcc-arm/bin/../lib/gcc/arm-none-eabi/7.2.1/../../../../arm-none-eabi/lib/thumb/v7e-m/fpv4-sp/hard\libc_nano.a(lib_a-snprintf.o)
                0x20007300                _snprintf_r
                0x20007300                _sniprintf_r
 *fill*         0x2000735e        0x2 
 .text.snprintf
                0x20007360       0x68 c:/cseapp/codelite/tools/gcc-arm/bin/../lib/gcc/arm-none-eabi/7.2.1/../../../../arm-none-eabi/lib/thumb/v7e-m/fpv4-sp/hard\libc_nano.a(lib_a-snprintf.o)
                0x20007360                sniprintf
                0x20007360                snprintf
 .text._strtol_l.isra.0
                0x200073c8       0xf6 c:/cseapp/codelite/tools/gcc-arm/bin/../lib/gcc/arm-none-eabi/7.2.1/../../../../arm-none-eabi/lib/thumb/v7e-m/fpv4-sp/hard\libc_nano.a(lib_a-strtol.o)
 *fill*         0x200074be        0x2 
 .text._strtol_r
                0x200074c0       0x24 c:/cseapp/codelite/tools/gcc-arm/bin/../lib/gcc/arm-none-eabi/7.2.1/../../../../arm-none-eabi/lib/thumb/v7e-m/fpv4-sp/hard\libc_nano.a(lib_a-strtol.o)
                0x200074c0                _strtol_r
 .text.strtol_l
                0x200074e4       0x1c c:/cseapp/codelite/tools/gcc-arm/bin/../lib/gcc/arm-none-eabi/7.2.1/../../../../arm-none-eabi/lib/thumb/v7e-m/fpv4-sp/hard\libc_nano.a(lib_a-strtol.o)
                0x200074e4                strtol_l
 .text.strtol   0x20007500       0x2c c:/cseapp/codelite/tools/gcc-arm/bin/../lib/gcc/arm-none-eabi/7.2.1/../../../../arm-none-eabi/lib/thumb/v7e-m/fpv4-sp/hard\libc_nano.a(lib_a-strtol.o)
                0x20007500                strtol
 .text._setlocale_r
                0x2000752c       0x38 c:/cseapp/codelite/tools/gcc-arm/bin/../lib/gcc/arm-none-eabi/7.2.1/../../../../arm-none-eabi/lib/thumb/v7e-m/fpv4-sp/hard\libc_nano.a(lib_a-locale.o)
                0x2000752c                _setlocale_r
 .text.__locale_mb_cur_max
                0x20007564       0x1c c:/cseapp/codelite/tools/gcc-arm/bin/../lib/gcc/arm-none-eabi/7.2.1/../../../../arm-none-eabi/lib/thumb/v7e-m/fpv4-sp/hard\libc_nano.a(lib_a-locale.o)
                0x20007564                __locale_mb_cur_max
 .text.__locale_ctype_ptr_l
                0x20007580        0x6 c:/cseapp/codelite/tools/gcc-arm/bin/../lib/gcc/arm-none-eabi/7.2.1/../../../../arm-none-eabi/lib/thumb/v7e-m/fpv4-sp/hard\libc_nano.a(lib_a-locale.o)
                0x20007580                __locale_ctype_ptr_l
 *fill*         0x20007586        0x2 
 .text.__locale_ctype_ptr
                0x20007588       0x1c c:/cseapp/codelite/tools/gcc-arm/bin/../lib/gcc/arm-none-eabi/7.2.1/../../../../arm-none-eabi/lib/thumb/v7e-m/fpv4-sp/hard\libc_nano.a(lib_a-locale.o)
                0x20007588                __locale_ctype_ptr
 .text.setlocale
                0x200075a4       0x10 c:/cseapp/codelite/tools/gcc-arm/bin/../lib/gcc/arm-none-eabi/7.2.1/../../../../arm-none-eabi/lib/thumb/v7e-m/fpv4-sp/hard\libc_nano.a(lib_a-locale.o)
                0x200075a4                setlocale
 .text._mbtowc_r
                0x200075b4       0x24 c:/cseapp/codelite/tools/gcc-arm/bin/../lib/gcc/arm-none-eabi/7.2.1/../../../../arm-none-eabi/lib/thumb/v7e-m/fpv4-sp/hard\libc_nano.a(lib_a-mbtowc_r.o)
                0x200075b4                _mbtowc_r
 .text.__ascii_mbtowc
                0x200075d8       0x24 c:/cseapp/codelite/tools/gcc-arm/bin/../lib/gcc/arm-none-eabi/7.2.1/../../../../arm-none-eabi/lib/thumb/v7e-m/fpv4-sp/hard\libc_nano.a(lib_a-mbtowc_r.o)
                0x200075d8                __ascii_mbtowc
 .text.__ssputs_r
                0x200075fc       0xb4 c:/cseapp/codelite/tools/gcc-arm/bin/../lib/gcc/arm-none-eabi/7.2.1/../../../../arm-none-eabi/lib/thumb/v7e-m/fpv4-sp/hard\libc_nano.a(lib_a-nano-svfprintf.o)
                0x200075fc                __ssputs_r
 .text.__ssprint_r
                0x200076b0       0xf0 c:/cseapp/codelite/tools/gcc-arm/bin/../lib/gcc/arm-none-eabi/7.2.1/../../../../arm-none-eabi/lib/thumb/v7e-m/fpv4-sp/hard\libc_nano.a(lib_a-nano-svfprintf.o)
                0x200076b0                __ssprint_r
 .text._svfprintf_r
                0x200077a0      0x1ec c:/cseapp/codelite/tools/gcc-arm/bin/../lib/gcc/arm-none-eabi/7.2.1/../../../../arm-none-eabi/lib/thumb/v7e-m/fpv4-sp/hard\libc_nano.a(lib_a-nano-svfprintf.o)
                0x200077a0                _svfiprintf_r
                0x200077a0                _svfprintf_r
 .text._printf_common
                0x2000798c       0xea c:/cseapp/codelite/tools/gcc-arm/bin/../lib/gcc/arm-none-eabi/7.2.1/../../../../arm-none-eabi/lib/thumb/v7e-m/fpv4-sp/hard\libc_nano.a(lib_a-nano-vfprintf_i.o)
                0x2000798c                _printf_common
 *fill*         0x20007a76        0x2 
 .text._printf_i
                0x20007a78      0x224 c:/cseapp/codelite/tools/gcc-arm/bin/../lib/gcc/arm-none-eabi/7.2.1/../../../../arm-none-eabi/lib/thumb/v7e-m/fpv4-sp/hard\libc_nano.a(lib_a-nano-vfprintf_i.o)
                0x20007a78                _printf_i
 .text._wctomb_r
                0x20007c9c       0x24 c:/cseapp/codelite/tools/gcc-arm/bin/../lib/gcc/arm-none-eabi/7.2.1/../../../../arm-none-eabi/lib/thumb/v7e-m/fpv4-sp/hard\libc_nano.a(lib_a-wctomb_r.o)
                0x20007c9c                _wctomb_r
 .text.__ascii_wctomb
                0x20007cc0       0x1a c:/cseapp/codelite/tools/gcc-arm/bin/../lib/gcc/arm-none-eabi/7.2.1/../../../../arm-none-eabi/lib/thumb/v7e-m/fpv4-sp/hard\libc_nano.a(lib_a-wctomb_r.o)
                0x20007cc0                __ascii_wctomb
 .text.memcpy   0x20007cda       0x16 c:/cseapp/codelite/tools/gcc-arm/bin/../lib/gcc/arm-none-eabi/7.2.1/../../../../arm-none-eabi/lib/thumb/v7e-m/fpv4-sp/hard\libc_nano.a(lib_a-memcpy-stub.o)
                0x20007cda                memcpy
 .text.memmove  0x20007cf0       0x32 c:/cseapp/codelite/tools/gcc-arm/bin/../lib/gcc/arm-none-eabi/7.2.1/../../../../arm-none-eabi/lib/thumb/v7e-m/fpv4-sp/hard\libc_nano.a(lib_a-memmove.o)
                0x20007cf0                memmove
 *fill*         0x20007d22        0x2 
 .text._free_r  0x20007d24       0x9c c:/cseapp/codelite/tools/gcc-arm/bin/../lib/gcc/arm-none-eabi/7.2.1/../../../../arm-none-eabi/lib/thumb/v7e-m/fpv4-sp/hard\libc_nano.a(lib_a-nano-freer.o)
                0x20007d24                _free_r
 .text._malloc_r
                0x20007dc0       0xb4 c:/cseapp/codelite/tools/gcc-arm/bin/../lib/gcc/arm-none-eabi/7.2.1/../../../../arm-none-eabi/lib/thumb/v7e-m/fpv4-sp/hard\libc_nano.a(lib_a-nano-mallocr.o)
                0x20007dc0                _malloc_r
 .text._realloc_r
                0x20007e74       0x4c c:/cseapp/codelite/tools/gcc-arm/bin/../lib/gcc/arm-none-eabi/7.2.1/../../../../arm-none-eabi/lib/thumb/v7e-m/fpv4-sp/hard\libc_nano.a(lib_a-nano-reallocr.o)
                0x20007e74                _realloc_r
 .text._sbrk_r  0x20007ec0       0x20 c:/cseapp/codelite/tools/gcc-arm/bin/../lib/gcc/arm-none-eabi/7.2.1/../../../../arm-none-eabi/lib/thumb/v7e-m/fpv4-sp/hard\libc_nano.a(lib_a-sbrkr.o)
                0x20007ec0                _sbrk_r
 .text.__malloc_lock
                0x20007ee0        0x2 c:/cseapp/codelite/tools/gcc-arm/bin/../lib/gcc/arm-none-eabi/7.2.1/../../../../arm-none-eabi/lib/thumb/v7e-m/fpv4-sp/hard\libc_nano.a(lib_a-mlock.o)
                0x20007ee0                __malloc_lock
 .text.__malloc_unlock
                0x20007ee2        0x2 c:/cseapp/codelite/tools/gcc-arm/bin/../lib/gcc/arm-none-eabi/7.2.1/../../../../arm-none-eabi/lib/thumb/v7e-m/fpv4-sp/hard\libc_nano.a(lib_a-mlock.o)
                0x20007ee2                __malloc_unlock
 .text._malloc_usable_size_r
                0x20007ee4       0x10 c:/cseapp/codelite/tools/gcc-arm/bin/../lib/gcc/arm-none-eabi/7.2.1/../../../../arm-none-eabi/lib/thumb/v7e-m/fpv4-sp/hard\libc_nano.a(lib_a-nano-msizer.o)
                0x20007ee4                _malloc_usable_size_r
 .text.cleanup_glue
                0x20007ef4       0x1a c:/cseapp/codelite/tools/gcc-arm/bin/../lib/gcc/arm-none-eabi/7.2.1/../../../../arm-none-eabi/lib/thumb/v7e-m/fpv4-sp/hard\libc_nano.a(lib_a-reent.o)
                0x20007ef4                cleanup_glue
 *fill*         0x20007f0e        0x2 
 .text._reclaim_reent
                0x20007f10       0xb8 c:/cseapp/codelite/tools/gcc-arm/bin/../lib/gcc/arm-none-eabi/7.2.1/../../../../arm-none-eabi/lib/thumb/v7e-m/fpv4-sp/hard\libc_nano.a(lib_a-reent.o)
                0x20007f10                _reclaim_reent
 *(.rodata)
 .rodata        0x20007fc8       0x4d ./Debug/application.c.o
 *fill*         0x20008015        0x3 
 .rodata        0x20008018       0x23 ./Debug/sioTinyTimber.c.o
 *fill*         0x2000803b        0x1 
 .rodata        0x2000803c       0x7d ./Debug/TinyTimber.c.o
 *fill*         0x200080b9        0x3 
 .rodata        0x200080bc       0x8a ./Debug/canTinyTimber.c.o
 *(.rodata*)
 *fill*         0x20008146        0x2 
 .rodata._global_impure_ptr
                0x20008148        0x4 c:/cseapp/codelite/tools/gcc-arm/bin/../lib/gcc/arm-none-eabi/7.2.1/../../../../arm-none-eabi/lib/thumb/v7e-m/fpv4-sp/hard\libc_nano.a(lib_a-impure.o)
                0x20008148                _global_impure_ptr
 .rodata._setlocale_r.str1.1
                0x2000814c        0x8 c:/cseapp/codelite/tools/gcc-arm/bin/../lib/gcc/arm-none-eabi/7.2.1/../../../../arm-none-eabi/lib/thumb/v7e-m/fpv4-sp/hard\libc_nano.a(lib_a-locale.o)
                                  0x9 (size before relaxing)
 .rodata.str1.1
                0x20008154        0x2 c:/cseapp/codelite/tools/gcc-arm/bin/../lib/gcc/arm-none-eabi/7.2.1/../../../../arm-none-eabi/lib/thumb/v7e-m/fpv4-sp/hard\libc_nano.a(lib_a-locale.o)
 .rodata._svfprintf_r.str1.1
                0x20008156       0x11 c:/cseapp/codelite/tools/gcc-arm/bin/../lib/gcc/arm-none-eabi/7.2.1/../../../../arm-none-eabi/lib/thumb/v7e-m/fpv4-sp/hard\libc_nano.a(lib_a-nano-svfprintf.o)
 .rodata._printf_i.str1.1
                0x20008167       0x22 c:/cseapp/codelite/tools/gcc-arm/bin/../lib/gcc/arm-none-eabi/7.2.1/../../../../arm-none-eabi/lib/thumb/v7e-m/fpv4-sp/hard\libc_nano.a(lib_a-nano-vfprintf_i.o)
 .rodata._ctype_
                0x20008189      0x101 c:/cseapp/codelite/tools/gcc-arm/bin/../lib/gcc/arm-none-eabi/7.2.1/../../../../arm-none-eabi/lib/thumb/v7e-m/fpv4-sp/hard\libc_nano.a(lib_a-ctype_.o)
                0x20008189                _ctype_
 *(.glue_7)
 .glue_7        0x2000828a        0x0 linker stubs
 *(.glue_7t)
 .glue_7t       0x2000828a        0x0 linker stubs
                0x2000828c                . = ALIGN (0x4)
 *fill*         0x2000828a        0x2 

.vfp11_veneer   0x2000828c        0x0
 .vfp11_veneer  0x2000828c        0x0 linker stubs

.v4_bx          0x2000828c        0x0
 .v4_bx         0x2000828c        0x0 linker stubs

.iplt           0x2000828c        0x0
 .iplt          0x2000828c        0x0 ./Debug/driver_src_stm32f4xx_syscfg.c.o

.rel.dyn        0x2000828c        0x0
 .rel.iplt      0x2000828c        0x0 ./Debug/driver_src_stm32f4xx_syscfg.c.o

.data           0x2000828c      0x914
                0x2000828c                . = ALIGN (0x4)
 *(.data)
 .data          0x2000828c        0x0 ./Debug/driver_src_stm32f4xx_syscfg.c.o
 .data          0x2000828c        0x0 ./Debug/driver_src_stm32f4xx_usart.c.o
 .data          0x2000828c       0x10 ./Debug/driver_src_stm32f4xx_rcc.c.o
 .data          0x2000829c        0x0 ./Debug/driver_src_stm32f4xx_dac.c.o
 .data          0x2000829c        0x0 ./Debug/driver_src_stm32f4xx_can.c.o
 .data          0x2000829c      0x68c ./Debug/application.c.o
                0x2000829c                app
                0x200082d4                player
                0x20008460                toneTask
                0x2000847c                sci0
                0x2000889c                can0
                0x20008914                sysIO0
 .data          0x20008928       0x84 ./Debug/dispatch.s.o
 .data          0x200089ac        0x0 ./Debug/sioTinyTimber.c.o
 .data          0x200089ac        0x0 ./Debug/sciTinyTimber.c.o
 .data          0x200089ac        0x0 ./Debug/player.c.o
 .data          0x200089ac       0x24 ./Debug/TinyTimber.c.o
                0x200089ac                hex
                0x200089c0                msgPool
                0x200089c4                threadPool
                0x200089c8                activeStack
                0x200089cc                current
 .data          0x200089d0        0x0 ./Debug/driver_src_stm32f4xx_exti.c.o
 .data          0x200089d0        0x0 ./Debug/canTinyTimber.c.o
 .data          0x200089d0        0x0 ./Debug/driver_src_stm32f4xx_tim.c.o
 .data          0x200089d0        0x0 ./Debug/startup.c.o
 .data          0x200089d0        0x0 ./Debug/driver_src_stm32f4xx_gpio.c.o
 .data          0x200089d0        0x0 c:/cseapp/codelite/tools/gcc-arm/bin/../lib/gcc/arm-none-eabi/7.2.1/../../../../arm-none-eabi/lib/thumb/v7e-m/fpv4-sp/hard\libc_nano.a(lib_a-atoi.o)
 .data          0x200089d0        0x0 c:/cseapp/codelite/tools/gcc-arm/bin/../lib/gcc/arm-none-eabi/7.2.1/../../../../arm-none-eabi/lib/thumb/v7e-m/fpv4-sp/hard\libc_nano.a(lib_a-snprintf.o)
 .data          0x200089d0        0x0 c:/cseapp/codelite/tools/gcc-arm/bin/../lib/gcc/arm-none-eabi/7.2.1/../../../../arm-none-eabi/lib/thumb/v7e-m/fpv4-sp/hard\libc_nano.a(lib_a-strtol.o)
 .data          0x200089d0        0x0 c:/cseapp/codelite/tools/gcc-arm/bin/../lib/gcc/arm-none-eabi/7.2.1/../../../../arm-none-eabi/lib/thumb/v7e-m/fpv4-sp/hard\libc_nano.a(lib_a-impure.o)
 .data          0x200089d0        0x0 c:/cseapp/codelite/tools/gcc-arm/bin/../lib/gcc/arm-none-eabi/7.2.1/../../../../arm-none-eabi/lib/thumb/v7e-m/fpv4-sp/hard\libc_nano.a(lib_a-locale.o)
 .data          0x200089d0        0x0 c:/cseapp/codelite/tools/gcc-arm/bin/../lib/gcc/arm-none-eabi/7.2.1/../../../../arm-none-eabi/lib/thumb/v7e-m/fpv4-sp/hard\libc_nano.a(lib_a-mbtowc_r.o)
 .data          0x200089d0        0x0 c:/cseapp/codelite/tools/gcc-arm/bin/../lib/gcc/arm-none-eabi/7.2.1/../../../../arm-none-eabi/lib/thumb/v7e-m/fpv4-sp/hard\libc_nano.a(lib_a-nano-svfprintf.o)
 .data          0x200089d0        0x0 c:/cseapp/codelite/tools/gcc-arm/bin/../lib/gcc/arm-none-eabi/7.2.1/../../../../arm-none-eabi/lib/thumb/v7e-m/fpv4-sp/hard\libc_nano.a(lib_a-nano-vfprintf_i.o)
 .data          0x200089d0        0x0 c:/cseapp/codelite/tools/gcc-arm/bin/../lib/gcc/arm-none-eabi/7.2.1/../../../../arm-none-eabi/lib/thumb/v7e-m/fpv4-sp/hard\libc_nano.a(lib_a-strcmp.o)
 .data          0x200089d0        0x0 c:/cseapp/codelite/tools/gcc-arm/bin/../lib/gcc/arm-none-eabi/7.2.1/../../../../arm-none-eabi/lib/thumb/v7e-m/fpv4-sp/hard\libc_nano.a(lib_a-wctomb_r.o)
 .data          0x200089d0        0x0 c:/cseapp/codelite/tools/gcc-arm/bin/../lib/gcc/arm-none-eabi/7.2.1/../../../../arm-none-eabi/lib/thumb/v7e-m/fpv4-sp/hard\libc_nano.a(lib_a-ctype_.o)
 .data          0x200089d0        0x0 c:/cseapp/codelite/tools/gcc-arm/bin/../lib/gcc/arm-none-eabi/7.2.1/../../../../arm-none-eabi/lib/thumb/v7e-m/fpv4-sp/hard\libc_nano.a(lib_a-memchr.o)
 .data          0x200089d0        0x0 c:/cseapp/codelite/tools/gcc-arm/bin/../lib/gcc/arm-none-eabi/7.2.1/../../../../arm-none-eabi/lib/thumb/v7e-m/fpv4-sp/hard\libc_nano.a(lib_a-memcpy-stub.o)
 .data          0x200089d0        0x0 c:/cseapp/codelite/tools/gcc-arm/bin/../lib/gcc/arm-none-eabi/7.2.1/../../../../arm-none-eabi/lib/thumb/v7e-m/fpv4-sp/hard\libc_nano.a(lib_a-memmove.o)
 .data          0x200089d0        0x0 c:/cseapp/codelite/tools/gcc-arm/bin/../lib/gcc/arm-none-eabi/7.2.1/../../../../arm-none-eabi/lib/thumb/v7e-m/fpv4-sp/hard\libc_nano.a(lib_a-nano-freer.o)
 .data          0x200089d0        0x0 c:/cseapp/codelite/tools/gcc-arm/bin/../lib/gcc/arm-none-eabi/7.2.1/../../../../arm-none-eabi/lib/thumb/v7e-m/fpv4-sp/hard\libc_nano.a(lib_a-nano-mallocr.o)
 .data          0x200089d0        0x0 c:/cseapp/codelite/tools/gcc-arm/bin/../lib/gcc/arm-none-eabi/7.2.1/../../../../arm-none-eabi/lib/thumb/v7e-m/fpv4-sp/hard\libc_nano.a(lib_a-nano-reallocr.o)
 .data          0x200089d0        0x0 c:/cseapp/codelite/tools/gcc-arm/bin/../lib/gcc/arm-none-eabi/7.2.1/../../../../arm-none-eabi/lib/thumb/v7e-m/fpv4-sp/hard\libc_nano.a(lib_a-sbrkr.o)
 .data          0x200089d0        0x0 c:/cseapp/codelite/tools/gcc-arm/bin/../lib/gcc/arm-none-eabi/7.2.1/../../../../arm-none-eabi/lib/thumb/v7e-m/fpv4-sp/hard\libc_nano.a(lib_a-mlock.o)
 .data          0x200089d0        0x0 c:/cseapp/codelite/tools/gcc-arm/bin/../lib/gcc/arm-none-eabi/7.2.1/../../../../arm-none-eabi/lib/thumb/v7e-m/fpv4-sp/hard\libc_nano.a(lib_a-nano-msizer.o)
 .data          0x200089d0        0x0 c:/cseapp/codelite/tools/gcc-arm/bin/../lib/gcc/arm-none-eabi/7.2.1/../../../../arm-none-eabi/lib/thumb/v7e-m/fpv4-sp/hard\libc_nano.a(lib_a-reent.o)
 *(.data.*)
 .data._impure_ptr
                0x200089d0        0x4 c:/cseapp/codelite/tools/gcc-arm/bin/../lib/gcc/arm-none-eabi/7.2.1/../../../../arm-none-eabi/lib/thumb/v7e-m/fpv4-sp/hard\libc_nano.a(lib_a-impure.o)
                0x200089d0                _impure_ptr
 .data.impure_data
                0x200089d4       0x60 c:/cseapp/codelite/tools/gcc-arm/bin/../lib/gcc/arm-none-eabi/7.2.1/../../../../arm-none-eabi/lib/thumb/v7e-m/fpv4-sp/hard\libc_nano.a(lib_a-impure.o)
 .data.__global_locale
                0x20008a34      0x16c c:/cseapp/codelite/tools/gcc-arm/bin/../lib/gcc/arm-none-eabi/7.2.1/../../../../arm-none-eabi/lib/thumb/v7e-m/fpv4-sp/hard\libc_nano.a(lib_a-locale.o)
                0x20008a34                __global_locale
                0x20008ba0                . = ALIGN (0x4)

.igot.plt       0x20008ba0        0x0
 .igot.plt      0x20008ba0        0x0 ./Debug/driver_src_stm32f4xx_syscfg.c.o

.bss            0x20008ba0     0x8404
                0x20008ba0                . = ALIGN (0x4)
                0x20008ba0                _sbss = .
 *(.bss)
 .bss           0x20008ba0        0x0 ./Debug/driver_src_stm32f4xx_syscfg.c.o
 .bss           0x20008ba0        0x0 ./Debug/driver_src_stm32f4xx_usart.c.o
 .bss           0x20008ba0        0x0 ./Debug/driver_src_stm32f4xx_rcc.c.o
 .bss           0x20008ba0        0x0 ./Debug/driver_src_stm32f4xx_dac.c.o
 .bss           0x20008ba0        0x0 ./Debug/driver_src_stm32f4xx_can.c.o
 .bss           0x20008ba0        0x4 ./Debug/application.c.o
                0x20008ba0                tim0
 .bss           0x20008ba4        0x0 ./Debug/dispatch.s.o
 .bss           0x20008ba4        0x0 ./Debug/sioTinyTimber.c.o
 .bss           0x20008ba4        0x0 ./Debug/sciTinyTimber.c.o
 .bss           0x20008ba4        0x0 ./Debug/player.c.o
 .bss           0x20008ba4       0x18 ./Debug/TinyTimber.c.o
                0x20008ba4                doIRQSchedule
                0x20008ba8                msgQ
                0x20008bac                timerQ
                0x20008bb0                runAsHardware
                0x20008bb4                timestamp
                0x20008bb8                overflows
 .bss           0x20008bbc        0x0 ./Debug/driver_src_stm32f4xx_exti.c.o
 .bss           0x20008bbc        0x0 ./Debug/canTinyTimber.c.o
 .bss           0x20008bbc        0x0 ./Debug/driver_src_stm32f4xx_tim.c.o
 .bss           0x20008bbc        0x0 ./Debug/startup.c.o
 .bss           0x20008bbc        0x0 ./Debug/driver_src_stm32f4xx_gpio.c.o
 .bss           0x20008bbc        0x0 c:/cseapp/codelite/tools/gcc-arm/bin/../lib/gcc/arm-none-eabi/7.2.1/../../../../arm-none-eabi/lib/thumb/v7e-m/fpv4-sp/hard\libc_nano.a(lib_a-atoi.o)
 .bss           0x20008bbc        0x0 c:/cseapp/codelite/tools/gcc-arm/bin/../lib/gcc/arm-none-eabi/7.2.1/../../../../arm-none-eabi/lib/thumb/v7e-m/fpv4-sp/hard\libc_nano.a(lib_a-snprintf.o)
 .bss           0x20008bbc        0x0 c:/cseapp/codelite/tools/gcc-arm/bin/../lib/gcc/arm-none-eabi/7.2.1/../../../../arm-none-eabi/lib/thumb/v7e-m/fpv4-sp/hard\libc_nano.a(lib_a-strtol.o)
 .bss           0x20008bbc        0x0 c:/cseapp/codelite/tools/gcc-arm/bin/../lib/gcc/arm-none-eabi/7.2.1/../../../../arm-none-eabi/lib/thumb/v7e-m/fpv4-sp/hard\libc_nano.a(lib_a-impure.o)
 .bss           0x20008bbc        0x0 c:/cseapp/codelite/tools/gcc-arm/bin/../lib/gcc/arm-none-eabi/7.2.1/../../../../arm-none-eabi/lib/thumb/v7e-m/fpv4-sp/hard\libc_nano.a(lib_a-locale.o)
 .bss           0x20008bbc        0x0 c:/cseapp/codelite/tools/gcc-arm/bin/../lib/gcc/arm-none-eabi/7.2.1/../../../../arm-none-eabi/lib/thumb/v7e-m/fpv4-sp/hard\libc_nano.a(lib_a-mbtowc_r.o)
 .bss           0x20008bbc        0x0 c:/cseapp/codelite/tools/gcc-arm/bin/../lib/gcc/arm-none-eabi/7.2.1/../../../../arm-none-eabi/lib/thumb/v7e-m/fpv4-sp/hard\libc_nano.a(lib_a-nano-svfprintf.o)
 .bss           0x20008bbc        0x0 c:/cseapp/codelite/tools/gcc-arm/bin/../lib/gcc/arm-none-eabi/7.2.1/../../../../arm-none-eabi/lib/thumb/v7e-m/fpv4-sp/hard\libc_nano.a(lib_a-nano-vfprintf_i.o)
 .bss           0x20008bbc        0x0 c:/cseapp/codelite/tools/gcc-arm/bin/../lib/gcc/arm-none-eabi/7.2.1/../../../../arm-none-eabi/lib/thumb/v7e-m/fpv4-sp/hard\libc_nano.a(lib_a-strcmp.o)
 .bss           0x20008bbc        0x0 c:/cseapp/codelite/tools/gcc-arm/bin/../lib/gcc/arm-none-eabi/7.2.1/../../../../arm-none-eabi/lib/thumb/v7e-m/fpv4-sp/hard\libc_nano.a(lib_a-wctomb_r.o)
 .bss           0x20008bbc        0x0 c:/cseapp/codelite/tools/gcc-arm/bin/../lib/gcc/arm-none-eabi/7.2.1/../../../../arm-none-eabi/lib/thumb/v7e-m/fpv4-sp/hard\libc_nano.a(lib_a-ctype_.o)
 .bss           0x20008bbc        0x0 c:/cseapp/codelite/tools/gcc-arm/bin/../lib/gcc/arm-none-eabi/7.2.1/../../../../arm-none-eabi/lib/thumb/v7e-m/fpv4-sp/hard\libc_nano.a(lib_a-memchr.o)
 .bss           0x20008bbc        0x0 c:/cseapp/codelite/tools/gcc-arm/bin/../lib/gcc/arm-none-eabi/7.2.1/../../../../arm-none-eabi/lib/thumb/v7e-m/fpv4-sp/hard\libc_nano.a(lib_a-memcpy-stub.o)
 .bss           0x20008bbc        0x0 c:/cseapp/codelite/tools/gcc-arm/bin/../lib/gcc/arm-none-eabi/7.2.1/../../../../arm-none-eabi/lib/thumb/v7e-m/fpv4-sp/hard\libc_nano.a(lib_a-memmove.o)
 .bss           0x20008bbc        0x0 c:/cseapp/codelite/tools/gcc-arm/bin/../lib/gcc/arm-none-eabi/7.2.1/../../../../arm-none-eabi/lib/thumb/v7e-m/fpv4-sp/hard\libc_nano.a(lib_a-nano-freer.o)
 .bss           0x20008bbc        0x0 c:/cseapp/codelite/tools/gcc-arm/bin/../lib/gcc/arm-none-eabi/7.2.1/../../../../arm-none-eabi/lib/thumb/v7e-m/fpv4-sp/hard\libc_nano.a(lib_a-nano-mallocr.o)
 .bss           0x20008bbc        0x0 c:/cseapp/codelite/tools/gcc-arm/bin/../lib/gcc/arm-none-eabi/7.2.1/../../../../arm-none-eabi/lib/thumb/v7e-m/fpv4-sp/hard\libc_nano.a(lib_a-nano-reallocr.o)
 .bss           0x20008bbc        0x0 c:/cseapp/codelite/tools/gcc-arm/bin/../lib/gcc/arm-none-eabi/7.2.1/../../../../arm-none-eabi/lib/thumb/v7e-m/fpv4-sp/hard\libc_nano.a(lib_a-sbrkr.o)
 .bss           0x20008bbc        0x0 c:/cseapp/codelite/tools/gcc-arm/bin/../lib/gcc/arm-none-eabi/7.2.1/../../../../arm-none-eabi/lib/thumb/v7e-m/fpv4-sp/hard\libc_nano.a(lib_a-mlock.o)
 .bss           0x20008bbc        0x0 c:/cseapp/codelite/tools/gcc-arm/bin/../lib/gcc/arm-none-eabi/7.2.1/../../../../arm-none-eabi/lib/thumb/v7e-m/fpv4-sp/hard\libc_nano.a(lib_a-nano-msizer.o)
 .bss           0x20008bbc        0x0 c:/cseapp/codelite/tools/gcc-arm/bin/../lib/gcc/arm-none-eabi/7.2.1/../../../../arm-none-eabi/lib/thumb/v7e-m/fpv4-sp/hard\libc_nano.a(lib_a-reent.o)
 *(.bss.*)
 .bss._PathLocale
                0x20008bbc        0x4 c:/cseapp/codelite/tools/gcc-arm/bin/../lib/gcc/arm-none-eabi/7.2.1/../../../../arm-none-eabi/lib/thumb/v7e-m/fpv4-sp/hard\libc_nano.a(lib_a-locale.o)
                0x20008bbc                _PathLocale
 .bss.__malloc_free_list
                0x20008bc0        0x4 c:/cseapp/codelite/tools/gcc-arm/bin/../lib/gcc/arm-none-eabi/7.2.1/../../../../arm-none-eabi/lib/thumb/v7e-m/fpv4-sp/hard\libc_nano.a(lib_a-nano-mallocr.o)
                0x20008bc0                __malloc_free_list
 .bss.__malloc_sbrk_start
                0x20008bc4        0x4 c:/cseapp/codelite/tools/gcc-arm/bin/../lib/gcc/arm-none-eabi/7.2.1/../../../../arm-none-eabi/lib/thumb/v7e-m/fpv4-sp/hard\libc_nano.a(lib_a-nano-mallocr.o)
                0x20008bc4                __malloc_sbrk_start
 *(COMMON)
 COMMON         0x20008bc8       0x80 ./Debug/application.c.o
                0x20008bc8                canBuf
 COMMON         0x20008c48     0x8358 ./Debug/TinyTimber.c.o
                0x20008c48                otable
                0x20008c54                upcoming
                0x20008c58                threads
                0x20008ca8                mtable
                0x20008cb4                thread0
                0x20008cc8                messages
                0x20008f98                __heap_end
                0x20008fa0                stacks
 COMMON         0x20010fa0        0x4 c:/cseapp/codelite/tools/gcc-arm/bin/../lib/gcc/arm-none-eabi/7.2.1/../../../../arm-none-eabi/lib/thumb/v7e-m/fpv4-sp/hard\libc_nano.a(lib_a-reent.o)
                0x20010fa0                errno
                0x20010fa4                . = ALIGN (0x4)
                0x20010fa4                _ebss = .
                0x20010fa4                PROVIDE (end, _ebss)
                [!provide]                PROVIDE (_end, _ebss)
OUTPUT(./Debug/RTS-Lab.elf elf32-littlearm)

.debug_info     0x00000000     0xacf7
 .debug_info    0x00000000      0x2a2 ./Debug/driver_src_stm32f4xx_syscfg.c.o
 .debug_info    0x000002a2      0x9d0 ./Debug/driver_src_stm32f4xx_usart.c.o
 .debug_info    0x00000c72      0xe23 ./Debug/driver_src_stm32f4xx_rcc.c.o
 .debug_info    0x00001a95      0x64f ./Debug/driver_src_stm32f4xx_dac.c.o
 .debug_info    0x000020e4      0xbaa ./Debug/driver_src_stm32f4xx_can.c.o
 .debug_info    0x00002c8e     0x1361 ./Debug/application.c.o
 .debug_info    0x00003fef      0x8ff ./Debug/sioTinyTimber.c.o
 .debug_info    0x000048ee      0x96d ./Debug/sciTinyTimber.c.o
 .debug_info    0x0000525b      0x618 ./Debug/player.c.o
 .debug_info    0x00005873     0x1745 ./Debug/TinyTimber.c.o
 .debug_info    0x00006fb8      0x354 ./Debug/driver_src_stm32f4xx_exti.c.o
 .debug_info    0x0000730c      0xd0e ./Debug/canTinyTimber.c.o
 .debug_info    0x0000801a     0x1c6f ./Debug/driver_src_stm32f4xx_tim.c.o
 .debug_info    0x00009c89      0xa47 ./Debug/startup.c.o
 .debug_info    0x0000a6d0      0x627 ./Debug/driver_src_stm32f4xx_gpio.c.o

.debug_abbrev   0x00000000     0x1f33
 .debug_abbrev  0x00000000      0x148 ./Debug/driver_src_stm32f4xx_syscfg.c.o
 .debug_abbrev  0x00000148      0x184 ./Debug/driver_src_stm32f4xx_usart.c.o
 .debug_abbrev  0x000002cc      0x1d1 ./Debug/driver_src_stm32f4xx_rcc.c.o
 .debug_abbrev  0x0000049d      0x193 ./Debug/driver_src_stm32f4xx_dac.c.o
 .debug_abbrev  0x00000630      0x208 ./Debug/driver_src_stm32f4xx_can.c.o
 .debug_abbrev  0x00000838      0x2c2 ./Debug/application.c.o
 .debug_abbrev  0x00000afa      0x226 ./Debug/sioTinyTimber.c.o
 .debug_abbrev  0x00000d20      0x252 ./Debug/sciTinyTimber.c.o
 .debug_abbrev  0x00000f72      0x183 ./Debug/player.c.o
 .debug_abbrev  0x000010f5      0x47b ./Debug/TinyTimber.c.o
 .debug_abbrev  0x00001570      0x1c0 ./Debug/driver_src_stm32f4xx_exti.c.o
 .debug_abbrev  0x00001730      0x256 ./Debug/canTinyTimber.c.o
 .debug_abbrev  0x00001986      0x19c ./Debug/driver_src_stm32f4xx_tim.c.o
 .debug_abbrev  0x00001b22      0x255 ./Debug/startup.c.o
 .debug_abbrev  0x00001d77      0x1bc ./Debug/driver_src_stm32f4xx_gpio.c.o

.debug_aranges  0x00000000      0x1e8
 .debug_aranges
                0x00000000       0x20 ./Debug/driver_src_stm32f4xx_syscfg.c.o
 .debug_aranges
                0x00000020       0x20 ./Debug/driver_src_stm32f4xx_usart.c.o
 .debug_aranges
                0x00000040       0x20 ./Debug/driver_src_stm32f4xx_rcc.c.o
 .debug_aranges
                0x00000060       0x20 ./Debug/driver_src_stm32f4xx_dac.c.o
 .debug_aranges
                0x00000080       0x20 ./Debug/driver_src_stm32f4xx_can.c.o
 .debug_aranges
                0x000000a0       0x20 ./Debug/application.c.o
 .debug_aranges
                0x000000c0       0x20 ./Debug/sioTinyTimber.c.o
 .debug_aranges
                0x000000e0       0x20 ./Debug/sciTinyTimber.c.o
 .debug_aranges
                0x00000100       0x20 ./Debug/player.c.o
 .debug_aranges
                0x00000120       0x20 ./Debug/TinyTimber.c.o
 .debug_aranges
                0x00000140       0x20 ./Debug/driver_src_stm32f4xx_exti.c.o
 .debug_aranges
                0x00000160       0x20 ./Debug/canTinyTimber.c.o
 .debug_aranges
                0x00000180       0x20 ./Debug/driver_src_stm32f4xx_tim.c.o
 .debug_aranges
                0x000001a0       0x28 ./Debug/startup.c.o
 .debug_aranges
                0x000001c8       0x20 ./Debug/driver_src_stm32f4xx_gpio.c.o

.debug_line     0x00000000     0x2f3c
 .debug_line    0x00000000      0x1c5 ./Debug/driver_src_stm32f4xx_syscfg.c.o
 .debug_line    0x000001c5      0x365 ./Debug/driver_src_stm32f4xx_usart.c.o
 .debug_line    0x0000052a      0x3ba ./Debug/driver_src_stm32f4xx_rcc.c.o
 .debug_line    0x000008e4      0x286 ./Debug/driver_src_stm32f4xx_dac.c.o
 .debug_line    0x00000b6a      0x42d ./Debug/driver_src_stm32f4xx_can.c.o
 .debug_line    0x00000f97      0x2eb ./Debug/application.c.o
 .debug_line    0x00001282      0x233 ./Debug/sioTinyTimber.c.o
 .debug_line    0x000014b5      0x1ed ./Debug/sciTinyTimber.c.o
 .debug_line    0x000016a2      0x1fd ./Debug/player.c.o
 .debug_line    0x0000189f      0x601 ./Debug/TinyTimber.c.o
 .debug_line    0x00001ea0      0x241 ./Debug/driver_src_stm32f4xx_exti.c.o
 .debug_line    0x000020e1      0x29d ./Debug/canTinyTimber.c.o
 .debug_line    0x0000237e      0x620 ./Debug/driver_src_stm32f4xx_tim.c.o
 .debug_line    0x0000299e      0x2d3 ./Debug/startup.c.o
 .debug_line    0x00002c71      0x2cb ./Debug/driver_src_stm32f4xx_gpio.c.o

.debug_str      0x00000000     0x39a4
 .debug_str     0x00000000      0x304 ./Debug/driver_src_stm32f4xx_syscfg.c.o
                                0x36c (size before relaxing)
 .debug_str     0x00000304      0x4ee ./Debug/driver_src_stm32f4xx_usart.c.o
                                0x6ed (size before relaxing)
 .debug_str     0x000007f2      0x735 ./Debug/driver_src_stm32f4xx_rcc.c.o
                                0x9f3 (size before relaxing)
 .debug_str     0x00000f27      0x2a8 ./Debug/driver_src_stm32f4xx_dac.c.o
                                0x4b1 (size before relaxing)
 .debug_str     0x000011cf      0x531 ./Debug/driver_src_stm32f4xx_can.c.o
                                0x79c (size before relaxing)
 .debug_str     0x00001700      0x5fa ./Debug/application.c.o
                                0x921 (size before relaxing)
 .debug_str     0x00001cfa      0x648 ./Debug/sioTinyTimber.c.o
                                0x8db (size before relaxing)
 .debug_str     0x00002342       0x7f ./Debug/sciTinyTimber.c.o
                                0x8d1 (size before relaxing)
 .debug_str     0x000023c1      0x10e ./Debug/player.c.o
                                0x358 (size before relaxing)
 .debug_str     0x000024cf      0x3c7 ./Debug/TinyTimber.c.o
                                0xcb1 (size before relaxing)
 .debug_str     0x00002896      0x1da ./Debug/driver_src_stm32f4xx_exti.c.o
                                0x3aa (size before relaxing)
 .debug_str     0x00002a70       0x88 ./Debug/canTinyTimber.c.o
                                0xa72 (size before relaxing)
 .debug_str     0x00002af8      0xa93 ./Debug/driver_src_stm32f4xx_tim.c.o
                                0xe2e (size before relaxing)
 .debug_str     0x0000358b      0x28b ./Debug/startup.c.o
                                0x7f4 (size before relaxing)
 .debug_str     0x00003816      0x18e ./Debug/driver_src_stm32f4xx_gpio.c.o
                                0x501 (size before relaxing)

.comment        0x00000000       0x7e
 .comment       0x00000000       0x7e ./Debug/driver_src_stm32f4xx_syscfg.c.o
                                 0x7f (size before relaxing)
 .comment       0x0000007e       0x7f ./Debug/driver_src_stm32f4xx_usart.c.o
 .comment       0x0000007e       0x7f ./Debug/driver_src_stm32f4xx_rcc.c.o
 .comment       0x0000007e       0x7f ./Debug/driver_src_stm32f4xx_dac.c.o
 .comment       0x0000007e       0x7f ./Debug/driver_src_stm32f4xx_can.c.o
 .comment       0x0000007e       0x7f ./Debug/application.c.o
 .comment       0x0000007e       0x7f ./Debug/sioTinyTimber.c.o
 .comment       0x0000007e       0x7f ./Debug/sciTinyTimber.c.o
 .comment       0x0000007e       0x7f ./Debug/player.c.o
 .comment       0x0000007e       0x7f ./Debug/TinyTimber.c.o
 .comment       0x0000007e       0x7f ./Debug/driver_src_stm32f4xx_exti.c.o
 .comment       0x0000007e       0x7f ./Debug/canTinyTimber.c.o
 .comment       0x0000007e       0x7f ./Debug/driver_src_stm32f4xx_tim.c.o
 .comment       0x0000007e       0x7f ./Debug/startup.c.o
 .comment       0x0000007e       0x7f ./Debug/driver_src_stm32f4xx_gpio.c.o

.ARM.attributes
                0x00000000       0x37
 .ARM.attributes
                0x00000000       0x39 ./Debug/driver_src_stm32f4xx_syscfg.c.o
 .ARM.attributes
                0x00000039       0x39 ./Debug/driver_src_stm32f4xx_usart.c.o
 .ARM.attributes
                0x00000072       0x39 ./Debug/driver_src_stm32f4xx_rcc.c.o
 .ARM.attributes
                0x000000ab       0x39 ./Debug/driver_src_stm32f4xx_dac.c.o
 .ARM.attributes
                0x000000e4       0x39 ./Debug/driver_src_stm32f4xx_can.c.o
 .ARM.attributes
                0x0000011d       0x39 ./Debug/application.c.o
 .ARM.attributes
                0x00000156       0x25 ./Debug/dispatch.s.o
 .ARM.attributes
                0x0000017b       0x39 ./Debug/sioTinyTimber.c.o
 .ARM.attributes
                0x000001b4       0x39 ./Debug/sciTinyTimber.c.o
 .ARM.attributes
                0x000001ed       0x39 ./Debug/player.c.o
 .ARM.attributes
                0x00000226       0x39 ./Debug/TinyTimber.c.o
 .ARM.attributes
                0x0000025f       0x39 ./Debug/driver_src_stm32f4xx_exti.c.o
 .ARM.attributes
                0x00000298       0x39 ./Debug/canTinyTimber.c.o
 .ARM.attributes
                0x000002d1       0x39 ./Debug/driver_src_stm32f4xx_tim.c.o
 .ARM.attributes
                0x0000030a       0x39 ./Debug/startup.c.o
 .ARM.attributes
                0x00000343       0x39 ./Debug/driver_src_stm32f4xx_gpio.c.o
 .ARM.attributes
                0x0000037c       0x34 c:/cseapp/codelite/tools/gcc-arm/bin/../lib/gcc/arm-none-eabi/7.2.1/../../../../arm-none-eabi/lib/thumb/v7e-m/fpv4-sp/hard\libc_nano.a(lib_a-atoi.o)
 .ARM.attributes
                0x000003b0       0x34 c:/cseapp/codelite/tools/gcc-arm/bin/../lib/gcc/arm-none-eabi/7.2.1/../../../../arm-none-eabi/lib/thumb/v7e-m/fpv4-sp/hard\libc_nano.a(lib_a-snprintf.o)
 .ARM.attributes
                0x000003e4       0x34 c:/cseapp/codelite/tools/gcc-arm/bin/../lib/gcc/arm-none-eabi/7.2.1/../../../../arm-none-eabi/lib/thumb/v7e-m/fpv4-sp/hard\libc_nano.a(lib_a-strtol.o)
 .ARM.attributes
                0x00000418       0x34 c:/cseapp/codelite/tools/gcc-arm/bin/../lib/gcc/arm-none-eabi/7.2.1/../../../../arm-none-eabi/lib/thumb/v7e-m/fpv4-sp/hard\libc_nano.a(lib_a-impure.o)
 .ARM.attributes
                0x0000044c       0x34 c:/cseapp/codelite/tools/gcc-arm/bin/../lib/gcc/arm-none-eabi/7.2.1/../../../../arm-none-eabi/lib/thumb/v7e-m/fpv4-sp/hard\libc_nano.a(lib_a-locale.o)
 .ARM.attributes
                0x00000480       0x34 c:/cseapp/codelite/tools/gcc-arm/bin/../lib/gcc/arm-none-eabi/7.2.1/../../../../arm-none-eabi/lib/thumb/v7e-m/fpv4-sp/hard\libc_nano.a(lib_a-mbtowc_r.o)
 .ARM.attributes
                0x000004b4       0x34 c:/cseapp/codelite/tools/gcc-arm/bin/../lib/gcc/arm-none-eabi/7.2.1/../../../../arm-none-eabi/lib/thumb/v7e-m/fpv4-sp/hard\libc_nano.a(lib_a-nano-svfprintf.o)
 .ARM.attributes
                0x000004e8       0x34 c:/cseapp/codelite/tools/gcc-arm/bin/../lib/gcc/arm-none-eabi/7.2.1/../../../../arm-none-eabi/lib/thumb/v7e-m/fpv4-sp/hard\libc_nano.a(lib_a-nano-vfprintf_i.o)
 .ARM.attributes
                0x0000051c       0x20 c:/cseapp/codelite/tools/gcc-arm/bin/../lib/gcc/arm-none-eabi/7.2.1/../../../../arm-none-eabi/lib/thumb/v7e-m/fpv4-sp/hard\libc_nano.a(lib_a-strcmp.o)
 .ARM.attributes
                0x0000053c       0x34 c:/cseapp/codelite/tools/gcc-arm/bin/../lib/gcc/arm-none-eabi/7.2.1/../../../../arm-none-eabi/lib/thumb/v7e-m/fpv4-sp/hard\libc_nano.a(lib_a-wctomb_r.o)
 .ARM.attributes
                0x00000570       0x34 c:/cseapp/codelite/tools/gcc-arm/bin/../lib/gcc/arm-none-eabi/7.2.1/../../../../arm-none-eabi/lib/thumb/v7e-m/fpv4-sp/hard\libc_nano.a(lib_a-ctype_.o)
 .ARM.attributes
                0x000005a4       0x20 c:/cseapp/codelite/tools/gcc-arm/bin/../lib/gcc/arm-none-eabi/7.2.1/../../../../arm-none-eabi/lib/thumb/v7e-m/fpv4-sp/hard\libc_nano.a(lib_a-memchr.o)
 .ARM.attributes
                0x000005c4       0x34 c:/cseapp/codelite/tools/gcc-arm/bin/../lib/gcc/arm-none-eabi/7.2.1/../../../../arm-none-eabi/lib/thumb/v7e-m/fpv4-sp/hard\libc_nano.a(lib_a-memcpy-stub.o)
 .ARM.attributes
                0x000005f8       0x34 c:/cseapp/codelite/tools/gcc-arm/bin/../lib/gcc/arm-none-eabi/7.2.1/../../../../arm-none-eabi/lib/thumb/v7e-m/fpv4-sp/hard\libc_nano.a(lib_a-memmove.o)
 .ARM.attributes
                0x0000062c       0x34 c:/cseapp/codelite/tools/gcc-arm/bin/../lib/gcc/arm-none-eabi/7.2.1/../../../../arm-none-eabi/lib/thumb/v7e-m/fpv4-sp/hard\libc_nano.a(lib_a-nano-freer.o)
 .ARM.attributes
                0x00000660       0x34 c:/cseapp/codelite/tools/gcc-arm/bin/../lib/gcc/arm-none-eabi/7.2.1/../../../../arm-none-eabi/lib/thumb/v7e-m/fpv4-sp/hard\libc_nano.a(lib_a-nano-mallocr.o)
 .ARM.attributes
                0x00000694       0x34 c:/cseapp/codelite/tools/gcc-arm/bin/../lib/gcc/arm-none-eabi/7.2.1/../../../../arm-none-eabi/lib/thumb/v7e-m/fpv4-sp/hard\libc_nano.a(lib_a-nano-reallocr.o)
 .ARM.attributes
                0x000006c8       0x34 c:/cseapp/codelite/tools/gcc-arm/bin/../lib/gcc/arm-none-eabi/7.2.1/../../../../arm-none-eabi/lib/thumb/v7e-m/fpv4-sp/hard\libc_nano.a(lib_a-sbrkr.o)
 .ARM.attributes
                0x000006fc       0x34 c:/cseapp/codelite/tools/gcc-arm/bin/../lib/gcc/arm-none-eabi/7.2.1/../../../../arm-none-eabi/lib/thumb/v7e-m/fpv4-sp/hard\libc_nano.a(lib_a-mlock.o)
 .ARM.attributes
                0x00000730       0x34 c:/cseapp/codelite/tools/gcc-arm/bin/../lib/gcc/arm-none-eabi/7.2.1/../../../../arm-none-eabi/lib/thumb/v7e-m/fpv4-sp/hard\libc_nano.a(lib_a-nano-msizer.o)
 .ARM.attributes
                0x00000764       0x34 c:/cseapp/codelite/tools/gcc-arm/bin/../lib/gcc/arm-none-eabi/7.2.1/../../../../arm-none-eabi/lib/thumb/v7e-m/fpv4-sp/hard\libc_nano.a(lib_a-reent.o)

.debug_frame    0x00000000     0x3964
 .debug_frame   0x00000000      0x11c ./Debug/driver_src_stm32f4xx_syscfg.c.o
 .debug_frame   0x0000011c      0x490 ./Debug/driver_src_stm32f4xx_usart.c.o
 .debug_frame   0x000005ac      0x814 ./Debug/driver_src_stm32f4xx_rcc.c.o
 .debug_frame   0x00000dc0      0x2ac ./Debug/driver_src_stm32f4xx_dac.c.o
 .debug_frame   0x0000106c      0x3f4 ./Debug/driver_src_stm32f4xx_can.c.o
 .debug_frame   0x00001460      0x10c ./Debug/application.c.o
 .debug_frame   0x0000156c      0x114 ./Debug/sioTinyTimber.c.o
 .debug_frame   0x00001680      0x11c ./Debug/sciTinyTimber.c.o
 .debug_frame   0x0000179c      0x334 ./Debug/player.c.o
 .debug_frame   0x00001ad0      0x57c ./Debug/TinyTimber.c.o
 .debug_frame   0x0000204c      0x148 ./Debug/driver_src_stm32f4xx_exti.c.o
 .debug_frame   0x00002194      0x100 ./Debug/canTinyTimber.c.o
 .debug_frame   0x00002294      0xe54 ./Debug/driver_src_stm32f4xx_tim.c.o
 .debug_frame   0x000030e8      0x14c ./Debug/startup.c.o
 .debug_frame   0x00003234      0x23c ./Debug/driver_src_stm32f4xx_gpio.c.o
 .debug_frame   0x00003470       0x30 c:/cseapp/codelite/tools/gcc-arm/bin/../lib/gcc/arm-none-eabi/7.2.1/../../../../arm-none-eabi/lib/thumb/v7e-m/fpv4-sp/hard\libc_nano.a(lib_a-atoi.o)
 .debug_frame   0x000034a0       0x7c c:/cseapp/codelite/tools/gcc-arm/bin/../lib/gcc/arm-none-eabi/7.2.1/../../../../arm-none-eabi/lib/thumb/v7e-m/fpv4-sp/hard\libc_nano.a(lib_a-snprintf.o)
 .debug_frame   0x0000351c       0x84 c:/cseapp/codelite/tools/gcc-arm/bin/../lib/gcc/arm-none-eabi/7.2.1/../../../../arm-none-eabi/lib/thumb/v7e-m/fpv4-sp/hard\libc_nano.a(lib_a-strtol.o)
 .debug_frame   0x000035a0       0x68 c:/cseapp/codelite/tools/gcc-arm/bin/../lib/gcc/arm-none-eabi/7.2.1/../../../../arm-none-eabi/lib/thumb/v7e-m/fpv4-sp/hard\libc_nano.a(lib_a-locale.o)
 .debug_frame   0x00003608       0x48 c:/cseapp/codelite/tools/gcc-arm/bin/../lib/gcc/arm-none-eabi/7.2.1/../../../../arm-none-eabi/lib/thumb/v7e-m/fpv4-sp/hard\libc_nano.a(lib_a-mbtowc_r.o)
 .debug_frame   0x00003650       0x90 c:/cseapp/codelite/tools/gcc-arm/bin/../lib/gcc/arm-none-eabi/7.2.1/../../../../arm-none-eabi/lib/thumb/v7e-m/fpv4-sp/hard\libc_nano.a(lib_a-nano-svfprintf.o)
 .debug_frame   0x000036e0       0x60 c:/cseapp/codelite/tools/gcc-arm/bin/../lib/gcc/arm-none-eabi/7.2.1/../../../../arm-none-eabi/lib/thumb/v7e-m/fpv4-sp/hard\libc_nano.a(lib_a-nano-vfprintf_i.o)
 .debug_frame   0x00003740       0x20 c:/cseapp/codelite/tools/gcc-arm/bin/../lib/gcc/arm-none-eabi/7.2.1/../../../../arm-none-eabi/lib/thumb/v7e-m/fpv4-sp/hard\libc_nano.a(lib_a-strcmp.o)
 .debug_frame   0x00003760       0x3c c:/cseapp/codelite/tools/gcc-arm/bin/../lib/gcc/arm-none-eabi/7.2.1/../../../../arm-none-eabi/lib/thumb/v7e-m/fpv4-sp/hard\libc_nano.a(lib_a-wctomb_r.o)
 .debug_frame   0x0000379c       0x28 c:/cseapp/codelite/tools/gcc-arm/bin/../lib/gcc/arm-none-eabi/7.2.1/../../../../arm-none-eabi/lib/thumb/v7e-m/fpv4-sp/hard\libc_nano.a(lib_a-memcpy-stub.o)
 .debug_frame   0x000037c4       0x28 c:/cseapp/codelite/tools/gcc-arm/bin/../lib/gcc/arm-none-eabi/7.2.1/../../../../arm-none-eabi/lib/thumb/v7e-m/fpv4-sp/hard\libc_nano.a(lib_a-memmove.o)
 .debug_frame   0x000037ec       0x38 c:/cseapp/codelite/tools/gcc-arm/bin/../lib/gcc/arm-none-eabi/7.2.1/../../../../arm-none-eabi/lib/thumb/v7e-m/fpv4-sp/hard\libc_nano.a(lib_a-nano-freer.o)
 .debug_frame   0x00003824       0x2c c:/cseapp/codelite/tools/gcc-arm/bin/../lib/gcc/arm-none-eabi/7.2.1/../../../../arm-none-eabi/lib/thumb/v7e-m/fpv4-sp/hard\libc_nano.a(lib_a-nano-mallocr.o)
 .debug_frame   0x00003850       0x3c c:/cseapp/codelite/tools/gcc-arm/bin/../lib/gcc/arm-none-eabi/7.2.1/../../../../arm-none-eabi/lib/thumb/v7e-m/fpv4-sp/hard\libc_nano.a(lib_a-nano-reallocr.o)
 .debug_frame   0x0000388c       0x2c c:/cseapp/codelite/tools/gcc-arm/bin/../lib/gcc/arm-none-eabi/7.2.1/../../../../arm-none-eabi/lib/thumb/v7e-m/fpv4-sp/hard\libc_nano.a(lib_a-sbrkr.o)
 .debug_frame   0x000038b8       0x30 c:/cseapp/codelite/tools/gcc-arm/bin/../lib/gcc/arm-none-eabi/7.2.1/../../../../arm-none-eabi/lib/thumb/v7e-m/fpv4-sp/hard\libc_nano.a(lib_a-mlock.o)
 .debug_frame   0x000038e8       0x20 c:/cseapp/codelite/tools/gcc-arm/bin/../lib/gcc/arm-none-eabi/7.2.1/../../../../arm-none-eabi/lib/thumb/v7e-m/fpv4-sp/hard\libc_nano.a(lib_a-nano-msizer.o)
 .debug_frame   0x00003908       0x5c c:/cseapp/codelite/tools/gcc-arm/bin/../lib/gcc/arm-none-eabi/7.2.1/../../../../arm-none-eabi/lib/thumb/v7e-m/fpv4-sp/hard\libc_nano.a(lib_a-reent.o)

.debug_ranges   0x00000000       0x18
 .debug_ranges  0x00000000       0x18 ./Debug/startup.c.o

Cross Reference Table

Symbol                                            File
ABORT                                             ./Debug/TinyTimber.c.o
CAN_CancelTransmit                                ./Debug/driver_src_stm32f4xx_can.c.o
CAN_ClearFlag                                     ./Debug/driver_src_stm32f4xx_can.c.o
CAN_ClearITPendingBit                             ./Debug/driver_src_stm32f4xx_can.c.o
CAN_DBGFreeze                                     ./Debug/driver_src_stm32f4xx_can.c.o
CAN_DeInit                                        ./Debug/driver_src_stm32f4xx_can.c.o
                                                  ./Debug/startup.c.o
CAN_FIFORelease                                   ./Debug/driver_src_stm32f4xx_can.c.o
CAN_FilterInit                                    ./Debug/driver_src_stm32f4xx_can.c.o
                                                  ./Debug/startup.c.o
CAN_GetFlagStatus                                 ./Debug/driver_src_stm32f4xx_can.c.o
                                                  ./Debug/canTinyTimber.c.o
CAN_GetITStatus                                   ./Debug/driver_src_stm32f4xx_can.c.o
CAN_GetLSBTransmitErrorCounter                    ./Debug/driver_src_stm32f4xx_can.c.o
CAN_GetLastErrorCode                              ./Debug/driver_src_stm32f4xx_can.c.o
CAN_GetReceiveErrorCounter                        ./Debug/driver_src_stm32f4xx_can.c.o
CAN_ITConfig                                      ./Debug/driver_src_stm32f4xx_can.c.o
                                                  ./Debug/canTinyTimber.c.o
CAN_Init                                          ./Debug/driver_src_stm32f4xx_can.c.o
                                                  ./Debug/canTinyTimber.c.o
CAN_MessagePending                                ./Debug/driver_src_stm32f4xx_can.c.o
CAN_OperatingModeRequest                          ./Debug/driver_src_stm32f4xx_can.c.o
CAN_Receive                                       ./Debug/driver_src_stm32f4xx_can.c.o
                                                  ./Debug/canTinyTimber.c.o
CAN_SlaveStartBank                                ./Debug/driver_src_stm32f4xx_can.c.o
CAN_Sleep                                         ./Debug/driver_src_stm32f4xx_can.c.o
CAN_StructInit                                    ./Debug/driver_src_stm32f4xx_can.c.o
                                                  ./Debug/canTinyTimber.c.o
CAN_TTComModeCmd                                  ./Debug/driver_src_stm32f4xx_can.c.o
CAN_Transmit                                      ./Debug/driver_src_stm32f4xx_can.c.o
                                                  ./Debug/canTinyTimber.c.o
CAN_TransmitStatus                                ./Debug/driver_src_stm32f4xx_can.c.o
CAN_WakeUp                                        ./Debug/driver_src_stm32f4xx_can.c.o
CURRENT_OFFSET                                    ./Debug/TinyTimber.c.o
DAC_ClearFlag                                     ./Debug/driver_src_stm32f4xx_dac.c.o
DAC_ClearITPendingBit                             ./Debug/driver_src_stm32f4xx_dac.c.o
DAC_Cmd                                           ./Debug/driver_src_stm32f4xx_dac.c.o
                                                  ./Debug/startup.c.o
DAC_DMACmd                                        ./Debug/driver_src_stm32f4xx_dac.c.o
DAC_DeInit                                        ./Debug/driver_src_stm32f4xx_dac.c.o
                                                  ./Debug/startup.c.o
DAC_DualSoftwareTriggerCmd                        ./Debug/driver_src_stm32f4xx_dac.c.o
DAC_GetDataOutputValue                            ./Debug/driver_src_stm32f4xx_dac.c.o
DAC_GetFlagStatus                                 ./Debug/driver_src_stm32f4xx_dac.c.o
DAC_GetITStatus                                   ./Debug/driver_src_stm32f4xx_dac.c.o
DAC_ITConfig                                      ./Debug/driver_src_stm32f4xx_dac.c.o
DAC_Init                                          ./Debug/driver_src_stm32f4xx_dac.c.o
                                                  ./Debug/startup.c.o
DAC_SetChannel1Data                               ./Debug/driver_src_stm32f4xx_dac.c.o
DAC_SetChannel2Data                               ./Debug/driver_src_stm32f4xx_dac.c.o
                                                  ./Debug/startup.c.o
DAC_SetDualChannelData                            ./Debug/driver_src_stm32f4xx_dac.c.o
DAC_SoftwareTriggerCmd                            ./Debug/driver_src_stm32f4xx_dac.c.o
DAC_StructInit                                    ./Debug/driver_src_stm32f4xx_dac.c.o
                                                  ./Debug/startup.c.o
DAC_WaveGenerationCmd                             ./Debug/driver_src_stm32f4xx_dac.c.o
DUMP                                              ./Debug/TinyTimber.c.o
                                                  ./Debug/canTinyTimber.c.o
                                                  ./Debug/sioTinyTimber.c.o
                                                  ./Debug/dispatch.s.o
DUMPC                                             ./Debug/TinyTimber.c.o
DUMPD                                             ./Debug/TinyTimber.c.o
                                                  ./Debug/dispatch.s.o
DUMPH                                             ./Debug/TinyTimber.c.o
                                                  ./Debug/dispatch.s.o
EXTI_ClearFlag                                    ./Debug/driver_src_stm32f4xx_exti.c.o
EXTI_ClearITPendingBit                            ./Debug/driver_src_stm32f4xx_exti.c.o
                                                  ./Debug/sioTinyTimber.c.o
EXTI_DeInit                                       ./Debug/driver_src_stm32f4xx_exti.c.o
                                                  ./Debug/startup.c.o
EXTI_GenerateSWInterrupt                          ./Debug/driver_src_stm32f4xx_exti.c.o
EXTI_GetFlagStatus                                ./Debug/driver_src_stm32f4xx_exti.c.o
EXTI_GetITStatus                                  ./Debug/driver_src_stm32f4xx_exti.c.o
                                                  ./Debug/sioTinyTimber.c.o
EXTI_Init                                         ./Debug/driver_src_stm32f4xx_exti.c.o
                                                  ./Debug/startup.c.o
EXTI_StructInit                                   ./Debug/driver_src_stm32f4xx_exti.c.o
                                                  ./Debug/startup.c.o
GPIO_DeInit                                       ./Debug/driver_src_stm32f4xx_gpio.c.o
                                                  ./Debug/startup.c.o
GPIO_Init                                         ./Debug/driver_src_stm32f4xx_gpio.c.o
                                                  ./Debug/startup.c.o
GPIO_PinAFConfig                                  ./Debug/driver_src_stm32f4xx_gpio.c.o
                                                  ./Debug/startup.c.o
GPIO_PinLockConfig                                ./Debug/driver_src_stm32f4xx_gpio.c.o
GPIO_ReadInputData                                ./Debug/driver_src_stm32f4xx_gpio.c.o
GPIO_ReadInputDataBit                             ./Debug/driver_src_stm32f4xx_gpio.c.o
                                                  ./Debug/sioTinyTimber.c.o
GPIO_ReadOutputData                               ./Debug/driver_src_stm32f4xx_gpio.c.o
GPIO_ReadOutputDataBit                            ./Debug/driver_src_stm32f4xx_gpio.c.o
GPIO_ResetBits                                    ./Debug/driver_src_stm32f4xx_gpio.c.o
GPIO_SetBits                                      ./Debug/driver_src_stm32f4xx_gpio.c.o
GPIO_StructInit                                   ./Debug/driver_src_stm32f4xx_gpio.c.o
                                                  ./Debug/startup.c.o
GPIO_ToggleBits                                   ./Debug/driver_src_stm32f4xx_gpio.c.o
                                                  ./Debug/sioTinyTimber.c.o
GPIO_Write                                        ./Debug/driver_src_stm32f4xx_gpio.c.o
GPIO_WriteBit                                     ./Debug/driver_src_stm32f4xx_gpio.c.o
                                                  ./Debug/startup.c.o
                                                  ./Debug/TinyTimber.c.o
                                                  ./Debug/sioTinyTimber.c.o
RCC_AHB1PeriphClockCmd                            ./Debug/driver_src_stm32f4xx_rcc.c.o
                                                  ./Debug/startup.c.o
RCC_AHB1PeriphClockLPModeCmd                      ./Debug/driver_src_stm32f4xx_rcc.c.o
RCC_AHB1PeriphResetCmd                            ./Debug/driver_src_stm32f4xx_rcc.c.o
                                                  ./Debug/driver_src_stm32f4xx_gpio.c.o
RCC_AHB2PeriphClockCmd                            ./Debug/driver_src_stm32f4xx_rcc.c.o
RCC_AHB2PeriphClockLPModeCmd                      ./Debug/driver_src_stm32f4xx_rcc.c.o
RCC_AHB2PeriphResetCmd                            ./Debug/driver_src_stm32f4xx_rcc.c.o
RCC_AHB3PeriphClockCmd                            ./Debug/driver_src_stm32f4xx_rcc.c.o
RCC_AHB3PeriphClockLPModeCmd                      ./Debug/driver_src_stm32f4xx_rcc.c.o
RCC_AHB3PeriphResetCmd                            ./Debug/driver_src_stm32f4xx_rcc.c.o
RCC_APB1PeriphClockCmd                            ./Debug/driver_src_stm32f4xx_rcc.c.o
                                                  ./Debug/startup.c.o
RCC_APB1PeriphClockLPModeCmd                      ./Debug/driver_src_stm32f4xx_rcc.c.o
                                                  ./Debug/startup.c.o
RCC_APB1PeriphResetCmd                            ./Debug/driver_src_stm32f4xx_rcc.c.o
                                                  ./Debug/driver_src_stm32f4xx_tim.c.o
                                                  ./Debug/driver_src_stm32f4xx_can.c.o
                                                  ./Debug/driver_src_stm32f4xx_dac.c.o
                                                  ./Debug/driver_src_stm32f4xx_usart.c.o
RCC_APB2PeriphClockCmd                            ./Debug/driver_src_stm32f4xx_rcc.c.o
                                                  ./Debug/startup.c.o
RCC_APB2PeriphClockLPModeCmd                      ./Debug/driver_src_stm32f4xx_rcc.c.o
RCC_APB2PeriphResetCmd                            ./Debug/driver_src_stm32f4xx_rcc.c.o
                                                  ./Debug/driver_src_stm32f4xx_tim.c.o
                                                  ./Debug/driver_src_stm32f4xx_usart.c.o
                                                  ./Debug/driver_src_stm32f4xx_syscfg.c.o
RCC_AdjustHSICalibrationValue                     ./Debug/driver_src_stm32f4xx_rcc.c.o
RCC_BackupResetCmd                                ./Debug/driver_src_stm32f4xx_rcc.c.o
RCC_ClearFlag                                     ./Debug/driver_src_stm32f4xx_rcc.c.o
RCC_ClearITPendingBit                             ./Debug/driver_src_stm32f4xx_rcc.c.o
RCC_ClockSecuritySystemCmd                        ./Debug/driver_src_stm32f4xx_rcc.c.o
RCC_DeInit                                        ./Debug/driver_src_stm32f4xx_rcc.c.o
RCC_GetClocksFreq                                 ./Debug/driver_src_stm32f4xx_rcc.c.o
                                                  ./Debug/driver_src_stm32f4xx_usart.c.o
RCC_GetFlagStatus                                 ./Debug/driver_src_stm32f4xx_rcc.c.o
RCC_GetITStatus                                   ./Debug/driver_src_stm32f4xx_rcc.c.o
RCC_GetSYSCLKSource                               ./Debug/driver_src_stm32f4xx_rcc.c.o
RCC_HCLKConfig                                    ./Debug/driver_src_stm32f4xx_rcc.c.o
RCC_HSEConfig                                     ./Debug/driver_src_stm32f4xx_rcc.c.o
RCC_HSICmd                                        ./Debug/driver_src_stm32f4xx_rcc.c.o
RCC_I2SCLKConfig                                  ./Debug/driver_src_stm32f4xx_rcc.c.o
RCC_ITConfig                                      ./Debug/driver_src_stm32f4xx_rcc.c.o
RCC_LSEConfig                                     ./Debug/driver_src_stm32f4xx_rcc.c.o
RCC_LSICmd                                        ./Debug/driver_src_stm32f4xx_rcc.c.o
RCC_LTDCCLKDivConfig                              ./Debug/driver_src_stm32f4xx_rcc.c.o
RCC_MCO1Config                                    ./Debug/driver_src_stm32f4xx_rcc.c.o
RCC_MCO2Config                                    ./Debug/driver_src_stm32f4xx_rcc.c.o
RCC_PCLK1Config                                   ./Debug/driver_src_stm32f4xx_rcc.c.o
RCC_PCLK2Config                                   ./Debug/driver_src_stm32f4xx_rcc.c.o
RCC_PLLCmd                                        ./Debug/driver_src_stm32f4xx_rcc.c.o
RCC_PLLConfig                                     ./Debug/driver_src_stm32f4xx_rcc.c.o
RCC_PLLI2SCmd                                     ./Debug/driver_src_stm32f4xx_rcc.c.o
RCC_PLLI2SConfig                                  ./Debug/driver_src_stm32f4xx_rcc.c.o
RCC_PLLSAICmd                                     ./Debug/driver_src_stm32f4xx_rcc.c.o
RCC_PLLSAIConfig                                  ./Debug/driver_src_stm32f4xx_rcc.c.o
RCC_RTCCLKCmd                                     ./Debug/driver_src_stm32f4xx_rcc.c.o
RCC_RTCCLKConfig                                  ./Debug/driver_src_stm32f4xx_rcc.c.o
RCC_SAIBlockACLKConfig                            ./Debug/driver_src_stm32f4xx_rcc.c.o
RCC_SAIBlockBCLKConfig                            ./Debug/driver_src_stm32f4xx_rcc.c.o
RCC_SAIPLLI2SClkDivConfig                         ./Debug/driver_src_stm32f4xx_rcc.c.o
RCC_SAIPLLSAIClkDivConfig                         ./Debug/driver_src_stm32f4xx_rcc.c.o
RCC_SYSCLKConfig                                  ./Debug/driver_src_stm32f4xx_rcc.c.o
RCC_TIMCLKPresConfig                              ./Debug/driver_src_stm32f4xx_rcc.c.o
RCC_WaitForHSEStartUp                             ./Debug/driver_src_stm32f4xx_rcc.c.o
SETPC                                             ./Debug/TinyTimber.c.o
SETSTACK                                          ./Debug/TinyTimber.c.o
SYSCFG_CompensationCellCmd                        ./Debug/driver_src_stm32f4xx_syscfg.c.o
SYSCFG_DeInit                                     ./Debug/driver_src_stm32f4xx_syscfg.c.o
SYSCFG_ETH_MediaInterfaceConfig                   ./Debug/driver_src_stm32f4xx_syscfg.c.o
SYSCFG_EXTILineConfig                             ./Debug/driver_src_stm32f4xx_syscfg.c.o
                                                  ./Debug/startup.c.o
SYSCFG_GetCompensationCellStatus                  ./Debug/driver_src_stm32f4xx_syscfg.c.o
SYSCFG_MemoryRemapConfig                          ./Debug/driver_src_stm32f4xx_syscfg.c.o
SYSCFG_MemorySwappingBank                         ./Debug/driver_src_stm32f4xx_syscfg.c.o
TIMER_INIT                                        ./Debug/TinyTimber.c.o
TIM_ARRPreloadConfig                              ./Debug/driver_src_stm32f4xx_tim.c.o
TIM_BDTRConfig                                    ./Debug/driver_src_stm32f4xx_tim.c.o
TIM_BDTRStructInit                                ./Debug/driver_src_stm32f4xx_tim.c.o
TIM_CCPreloadControl                              ./Debug/driver_src_stm32f4xx_tim.c.o
TIM_CCxCmd                                        ./Debug/driver_src_stm32f4xx_tim.c.o
TIM_CCxNCmd                                       ./Debug/driver_src_stm32f4xx_tim.c.o
TIM_ClearFlag                                     ./Debug/driver_src_stm32f4xx_tim.c.o
TIM_ClearITPendingBit                             ./Debug/driver_src_stm32f4xx_tim.c.o
                                                  ./Debug/TinyTimber.c.o
TIM_ClearOC1Ref                                   ./Debug/driver_src_stm32f4xx_tim.c.o
TIM_ClearOC2Ref                                   ./Debug/driver_src_stm32f4xx_tim.c.o
TIM_ClearOC3Ref                                   ./Debug/driver_src_stm32f4xx_tim.c.o
TIM_ClearOC4Ref                                   ./Debug/driver_src_stm32f4xx_tim.c.o
TIM_Cmd                                           ./Debug/driver_src_stm32f4xx_tim.c.o
                                                  ./Debug/TinyTimber.c.o
TIM_CounterModeConfig                             ./Debug/driver_src_stm32f4xx_tim.c.o
TIM_CtrlPWMOutputs                                ./Debug/driver_src_stm32f4xx_tim.c.o
TIM_DMACmd                                        ./Debug/driver_src_stm32f4xx_tim.c.o
TIM_DMAConfig                                     ./Debug/driver_src_stm32f4xx_tim.c.o
TIM_DeInit                                        ./Debug/driver_src_stm32f4xx_tim.c.o
                                                  ./Debug/TinyTimber.c.o
TIM_ETRClockMode1Config                           ./Debug/driver_src_stm32f4xx_tim.c.o
TIM_ETRClockMode2Config                           ./Debug/driver_src_stm32f4xx_tim.c.o
TIM_ETRConfig                                     ./Debug/driver_src_stm32f4xx_tim.c.o
TIM_EncoderInterfaceConfig                        ./Debug/driver_src_stm32f4xx_tim.c.o
TIM_ForcedOC1Config                               ./Debug/driver_src_stm32f4xx_tim.c.o
TIM_ForcedOC2Config                               ./Debug/driver_src_stm32f4xx_tim.c.o
TIM_ForcedOC3Config                               ./Debug/driver_src_stm32f4xx_tim.c.o
TIM_ForcedOC4Config                               ./Debug/driver_src_stm32f4xx_tim.c.o
TIM_GenerateEvent                                 ./Debug/driver_src_stm32f4xx_tim.c.o
TIM_GetCapture1                                   ./Debug/driver_src_stm32f4xx_tim.c.o
TIM_GetCapture2                                   ./Debug/driver_src_stm32f4xx_tim.c.o
TIM_GetCapture3                                   ./Debug/driver_src_stm32f4xx_tim.c.o
TIM_GetCapture4                                   ./Debug/driver_src_stm32f4xx_tim.c.o
TIM_GetCounter                                    ./Debug/driver_src_stm32f4xx_tim.c.o
                                                  ./Debug/TinyTimber.c.o
TIM_GetFlagStatus                                 ./Debug/driver_src_stm32f4xx_tim.c.o
TIM_GetITStatus                                   ./Debug/driver_src_stm32f4xx_tim.c.o
TIM_GetPrescaler                                  ./Debug/driver_src_stm32f4xx_tim.c.o
TIM_ICInit                                        ./Debug/driver_src_stm32f4xx_tim.c.o
TIM_ICStructInit                                  ./Debug/driver_src_stm32f4xx_tim.c.o
TIM_ITConfig                                      ./Debug/driver_src_stm32f4xx_tim.c.o
                                                  ./Debug/TinyTimber.c.o
TIM_ITRxExternalClockConfig                       ./Debug/driver_src_stm32f4xx_tim.c.o
TIM_InternalClockConfig                           ./Debug/driver_src_stm32f4xx_tim.c.o
TIM_OC1FastConfig                                 ./Debug/driver_src_stm32f4xx_tim.c.o
TIM_OC1Init                                       ./Debug/driver_src_stm32f4xx_tim.c.o
TIM_OC1NPolarityConfig                            ./Debug/driver_src_stm32f4xx_tim.c.o
TIM_OC1PolarityConfig                             ./Debug/driver_src_stm32f4xx_tim.c.o
TIM_OC1PreloadConfig                              ./Debug/driver_src_stm32f4xx_tim.c.o
TIM_OC2FastConfig                                 ./Debug/driver_src_stm32f4xx_tim.c.o
TIM_OC2Init                                       ./Debug/driver_src_stm32f4xx_tim.c.o
TIM_OC2NPolarityConfig                            ./Debug/driver_src_stm32f4xx_tim.c.o
TIM_OC2PolarityConfig                             ./Debug/driver_src_stm32f4xx_tim.c.o
TIM_OC2PreloadConfig                              ./Debug/driver_src_stm32f4xx_tim.c.o
TIM_OC3FastConfig                                 ./Debug/driver_src_stm32f4xx_tim.c.o
TIM_OC3Init                                       ./Debug/driver_src_stm32f4xx_tim.c.o
TIM_OC3NPolarityConfig                            ./Debug/driver_src_stm32f4xx_tim.c.o
TIM_OC3PolarityConfig                             ./Debug/driver_src_stm32f4xx_tim.c.o
TIM_OC3PreloadConfig                              ./Debug/driver_src_stm32f4xx_tim.c.o
TIM_OC4FastConfig                                 ./Debug/driver_src_stm32f4xx_tim.c.o
TIM_OC4Init                                       ./Debug/driver_src_stm32f4xx_tim.c.o
TIM_OC4PolarityConfig                             ./Debug/driver_src_stm32f4xx_tim.c.o
TIM_OC4PreloadConfig                              ./Debug/driver_src_stm32f4xx_tim.c.o
TIM_OCStructInit                                  ./Debug/driver_src_stm32f4xx_tim.c.o
TIM_PWMIConfig                                    ./Debug/driver_src_stm32f4xx_tim.c.o
TIM_PrescalerConfig                               ./Debug/driver_src_stm32f4xx_tim.c.o
TIM_RemapConfig                                   ./Debug/driver_src_stm32f4xx_tim.c.o
TIM_SelectCCDMA                                   ./Debug/driver_src_stm32f4xx_tim.c.o
TIM_SelectCOM                                     ./Debug/driver_src_stm32f4xx_tim.c.o
TIM_SelectHallSensor                              ./Debug/driver_src_stm32f4xx_tim.c.o
TIM_SelectInputTrigger                            ./Debug/driver_src_stm32f4xx_tim.c.o
TIM_SelectMasterSlaveMode                         ./Debug/driver_src_stm32f4xx_tim.c.o
TIM_SelectOCxM                                    ./Debug/driver_src_stm32f4xx_tim.c.o
TIM_SelectOnePulseMode                            ./Debug/driver_src_stm32f4xx_tim.c.o
TIM_SelectOutputTrigger                           ./Debug/driver_src_stm32f4xx_tim.c.o
TIM_SelectSlaveMode                               ./Debug/driver_src_stm32f4xx_tim.c.o
TIM_SetAutoreload                                 ./Debug/driver_src_stm32f4xx_tim.c.o
TIM_SetClockDivision                              ./Debug/driver_src_stm32f4xx_tim.c.o
TIM_SetCompare1                                   ./Debug/driver_src_stm32f4xx_tim.c.o
                                                  ./Debug/TinyTimber.c.o
TIM_SetCompare2                                   ./Debug/driver_src_stm32f4xx_tim.c.o
TIM_SetCompare3                                   ./Debug/driver_src_stm32f4xx_tim.c.o
TIM_SetCompare4                                   ./Debug/driver_src_stm32f4xx_tim.c.o
TIM_SetCounter                                    ./Debug/driver_src_stm32f4xx_tim.c.o
                                                  ./Debug/TinyTimber.c.o
TIM_SetIC1Prescaler                               ./Debug/driver_src_stm32f4xx_tim.c.o
TIM_SetIC2Prescaler                               ./Debug/driver_src_stm32f4xx_tim.c.o
TIM_SetIC3Prescaler                               ./Debug/driver_src_stm32f4xx_tim.c.o
TIM_SetIC4Prescaler                               ./Debug/driver_src_stm32f4xx_tim.c.o
TIM_TIxExternalClockConfig                        ./Debug/driver_src_stm32f4xx_tim.c.o
TIM_TimeBaseInit                                  ./Debug/driver_src_stm32f4xx_tim.c.o
                                                  ./Debug/TinyTimber.c.o
TIM_TimeBaseStructInit                            ./Debug/driver_src_stm32f4xx_tim.c.o
                                                  ./Debug/TinyTimber.c.o
TIM_UpdateDisableConfig                           ./Debug/driver_src_stm32f4xx_tim.c.o
TIM_UpdateRequestConfig                           ./Debug/driver_src_stm32f4xx_tim.c.o
T_RESET                                           ./Debug/TinyTimber.c.o
                                                  ./Debug/application.c.o
T_SAMPLE                                          ./Debug/TinyTimber.c.o
                                                  ./Debug/application.c.o
USART_ClearFlag                                   ./Debug/driver_src_stm32f4xx_usart.c.o
USART_ClearITPendingBit                           ./Debug/driver_src_stm32f4xx_usart.c.o
USART_ClockInit                                   ./Debug/driver_src_stm32f4xx_usart.c.o
USART_ClockStructInit                             ./Debug/driver_src_stm32f4xx_usart.c.o
USART_Cmd                                         ./Debug/driver_src_stm32f4xx_usart.c.o
USART_DMACmd                                      ./Debug/driver_src_stm32f4xx_usart.c.o
USART_DeInit                                      ./Debug/driver_src_stm32f4xx_usart.c.o
USART_GetFlagStatus                               ./Debug/driver_src_stm32f4xx_usart.c.o
                                                  ./Debug/TinyTimber.c.o
                                                  ./Debug/sciTinyTimber.c.o
USART_GetITStatus                                 ./Debug/driver_src_stm32f4xx_usart.c.o
USART_HalfDuplexCmd                               ./Debug/driver_src_stm32f4xx_usart.c.o