Archive member included to satisfy reference by file (symbol)

/home/hanna/Documents/gcc-arm-none-eabi-8-2018-q4-major-linux/gcc-arm-none-eabi-8-2018-q4-major/bin/../lib/gcc/arm-none-eabi/8.2.1/../../../../arm-none-eabi/lib/thumb/v7e-m+fp/hard/libc_nano.a(lib_a-atoi.o)
                              ./Debug/up_up_up_application.c.o (atoi)
/home/hanna/Documents/gcc-arm-none-eabi-8-2018-q4-major-linux/gcc-arm-none-eabi-8-2018-q4-major/bin/../lib/gcc/arm-none-eabi/8.2.1/../../../../arm-none-eabi/lib/thumb/v7e-m+fp/hard/libc_nano.a(lib_a-snprintf.o)
                              ./Debug/up_up_up_application.c.o (snprintf)
/home/hanna/Documents/gcc-arm-none-eabi-8-2018-q4-major-linux/gcc-arm-none-eabi-8-2018-q4-major/bin/../lib/gcc/arm-none-eabi/8.2.1/../../../../arm-none-eabi/lib/thumb/v7e-m+fp/hard/libc_nano.a(lib_a-sprintf.o)
                              ./Debug/up_up_up_application.c.o (sprintf)
/home/hanna/Documents/gcc-arm-none-eabi-8-2018-q4-major-linux/gcc-arm-none-eabi-8-2018-q4-major/bin/../lib/gcc/arm-none-eabi/8.2.1/../../../../arm-none-eabi/lib/thumb/v7e-m+fp/hard/libc_nano.a(lib_a-strlen.o)
                              ./Debug/up_up_up_application.c.o (strlen)
/home/hanna/Documents/gcc-arm-none-eabi-8-2018-q4-major-linux/gcc-arm-none-eabi-8-2018-q4-major/bin/../lib/gcc/arm-none-eabi/8.2.1/../../../../arm-none-eabi/lib/thumb/v7e-m+fp/hard/libc_nano.a(lib_a-strtol.o)
                              /home/hanna/Documents/gcc-arm-none-eabi-8-2018-q4-major-linux/gcc-arm-none-eabi-8-2018-q4-major/bin/../lib/gcc/arm-none-eabi/8.2.1/../../../../arm-none-eabi/lib/thumb/v7e-m+fp/hard/libc_nano.a(lib_a-atoi.o) (_strtol_r)
/home/hanna/Documents/gcc-arm-none-eabi-8-2018-q4-major-linux/gcc-arm-none-eabi-8-2018-q4-major/bin/../lib/gcc/arm-none-eabi/8.2.1/../../../../arm-none-eabi/lib/thumb/v7e-m+fp/hard/libc_nano.a(lib_a-ctype_.o)
                              /home/hanna/Documents/gcc-arm-none-eabi-8-2018-q4-major-linux/gcc-arm-none-eabi-8-2018-q4-major/bin/../lib/gcc/arm-none-eabi/8.2.1/../../../../arm-none-eabi/lib/thumb/v7e-m+fp/hard/libc_nano.a(lib_a-strtol.o) (_ctype_)
/home/hanna/Documents/gcc-arm-none-eabi-8-2018-q4-major-linux/gcc-arm-none-eabi-8-2018-q4-major/bin/../lib/gcc/arm-none-eabi/8.2.1/../../../../arm-none-eabi/lib/thumb/v7e-m+fp/hard/libc_nano.a(lib_a-impure.o)
                              /home/hanna/Documents/gcc-arm-none-eabi-8-2018-q4-major-linux/gcc-arm-none-eabi-8-2018-q4-major/bin/../lib/gcc/arm-none-eabi/8.2.1/../../../../arm-none-eabi/lib/thumb/v7e-m+fp/hard/libc_nano.a(lib_a-snprintf.o) (_impure_ptr)
/home/hanna/Documents/gcc-arm-none-eabi-8-2018-q4-major-linux/gcc-arm-none-eabi-8-2018-q4-major/bin/../lib/gcc/arm-none-eabi/8.2.1/../../../../arm-none-eabi/lib/thumb/v7e-m+fp/hard/libc_nano.a(lib_a-nano-svfprintf.o)
                              /home/hanna/Documents/gcc-arm-none-eabi-8-2018-q4-major-linux/gcc-arm-none-eabi-8-2018-q4-major/bin/../lib/gcc/arm-none-eabi/8.2.1/../../../../arm-none-eabi/lib/thumb/v7e-m+fp/hard/libc_nano.a(lib_a-snprintf.o) (_svfprintf_r)
/home/hanna/Documents/gcc-arm-none-eabi-8-2018-q4-major-linux/gcc-arm-none-eabi-8-2018-q4-major/bin/../lib/gcc/arm-none-eabi/8.2.1/../../../../arm-none-eabi/lib/thumb/v7e-m+fp/hard/libc_nano.a(lib_a-nano-vfprintf_i.o)
                              /home/hanna/Documents/gcc-arm-none-eabi-8-2018-q4-major-linux/gcc-arm-none-eabi-8-2018-q4-major/bin/../lib/gcc/arm-none-eabi/8.2.1/../../../../arm-none-eabi/lib/thumb/v7e-m+fp/hard/libc_nano.a(lib_a-nano-svfprintf.o) (_printf_i)
/home/hanna/Documents/gcc-arm-none-eabi-8-2018-q4-major-linux/gcc-arm-none-eabi-8-2018-q4-major/bin/../lib/gcc/arm-none-eabi/8.2.1/../../../../arm-none-eabi/lib/thumb/v7e-m+fp/hard/libc_nano.a(lib_a-memchr.o)
                              /home/hanna/Documents/gcc-arm-none-eabi-8-2018-q4-major-linux/gcc-arm-none-eabi-8-2018-q4-major/bin/../lib/gcc/arm-none-eabi/8.2.1/../../../../arm-none-eabi/lib/thumb/v7e-m+fp/hard/libc_nano.a(lib_a-nano-svfprintf.o) (memchr)
/home/hanna/Documents/gcc-arm-none-eabi-8-2018-q4-major-linux/gcc-arm-none-eabi-8-2018-q4-major/bin/../lib/gcc/arm-none-eabi/8.2.1/../../../../arm-none-eabi/lib/thumb/v7e-m+fp/hard/libc_nano.a(lib_a-memcpy-stub.o)
                              /home/hanna/Documents/gcc-arm-none-eabi-8-2018-q4-major-linux/gcc-arm-none-eabi-8-2018-q4-major/bin/../lib/gcc/arm-none-eabi/8.2.1/../../../../arm-none-eabi/lib/thumb/v7e-m+fp/hard/libc_nano.a(lib_a-nano-svfprintf.o) (memcpy)
/home/hanna/Documents/gcc-arm-none-eabi-8-2018-q4-major-linux/gcc-arm-none-eabi-8-2018-q4-major/bin/../lib/gcc/arm-none-eabi/8.2.1/../../../../arm-none-eabi/lib/thumb/v7e-m+fp/hard/libc_nano.a(lib_a-memmove.o)
                              /home/hanna/Documents/gcc-arm-none-eabi-8-2018-q4-major-linux/gcc-arm-none-eabi-8-2018-q4-major/bin/../lib/gcc/arm-none-eabi/8.2.1/../../../../arm-none-eabi/lib/thumb/v7e-m+fp/hard/libc_nano.a(lib_a-nano-svfprintf.o) (memmove)
[...]
Memory Configuration

Name             Origin             Length             Attributes
RAM              0x0000000020000000 0x000000000001c000 xrw
*default*        0x0000000000000000 0xffffffffffffffff

Linker script and memory map

LOAD ./Debug/driver_src_stm32f4xx_syscfg.c.o
LOAD ./Debug/driver_src_stm32f4xx_usart.c.o
LOAD ./Debug/driver_src_stm32f4xx_tim.c.o
LOAD ./Debug/driver_src_stm32f4xx_gpio.c.o
LOAD ./Debug/driver_src_stm32f4xx_dac.c.o
LOAD ./Debug/up_up_up_application.c.o
LOAD ./Debug/dispatch.s.o
LOAD ./Debug/driver_src_stm32f4xx_exti.c.o
LOAD ./Debug/sioTinyTimber.c.o
LOAD ./Debug/driver_src_stm32f4xx_can.c.o
LOAD ./Debug/TinyTimber.c.o
LOAD ./Debug/startup.c.o
LOAD ./Debug/sciTinyTimber.c.o
LOAD ./Debug/canTinyTimber.c.o
LOAD ./Debug/driver_src_stm32f4xx_rcc.c.o
LOAD /home/hanna/Documents/gcc-arm-none-eabi-8-2018-q4-major-linux/gcc-arm-none-eabi-8-2018-q4-major/bin/../lib/gcc/arm-none-eabi/8.2.1/../../../../arm-none-eabi/lib/thumb/v7e-m+fp/hard/libstdc++_nano.a
LOAD /home/hanna/Documents/gcc-arm-none-eabi-8-2018-q4-major-linux/gcc-arm-none-eabi-8-2018-q4-major/bin/../lib/gcc/arm-none-eabi/8.2.1/../../../../arm-none-eabi/lib/thumb/v7e-m+fp/hard/libm.a
START GROUP
LOAD /home/hanna/Documents/gcc-arm-none-eabi-8-2018-q4-major-linux/gcc-arm-none-eabi-8-2018-q4-major/bin/../lib/gcc/arm-none-eabi/8.2.1/thumb/v7e-m+fp/hard/libgcc.a
LOAD /home/hanna/Documents/gcc-arm-none-eabi-8-2018-q4-major-linux/gcc-arm-none-eabi-8-2018-q4-major/bin/../lib/gcc/arm-none-eabi/8.2.1/../../../../arm-none-eabi/lib/thumb/v7e-m+fp/hard/libc_nano.a
END GROUP
START GROUP
LOAD /home/hanna/Documents/gcc-arm-none-eabi-8-2018-q4-major-linux/gcc-arm-none-eabi-8-2018-q4-major/bin/../lib/gcc/arm-none-eabi/8.2.1/thumb/v7e-m+fp/hard/libgcc.a
LOAD /home/hanna/Documents/gcc-arm-none-eabi-8-2018-q4-major-linux/gcc-arm-none-eabi-8-2018-q4-major/bin/../lib/gcc/arm-none-eabi/8.2.1/../../../../arm-none-eabi/lib/thumb/v7e-m+fp/hard/libc_nano.a
END GROUP

.text           0x0000000020000000     0x9a68
                0x0000000020000000                . = ALIGN (0x4)
 *(.start_section)
 .start_section
                0x0000000020000000       0x1c ./Debug/startup.c.o
                0x0000000020000000                startup
 *(.text)
 .text          0x000000002000001c      0x154 ./Debug/driver_src_stm32f4xx_syscfg.c.o
                0x000000002000001c                SYSCFG_DeInit
                0x0000000020000038                SYSCFG_MemoryRemapConfig
                0x0000000020000058                SYSCFG_MemorySwappingBank
                0x0000000020000078                SYSCFG_EXTILineConfig
                0x00000000200000fc                SYSCFG_ETH_MediaInterfaceConfig
                0x000000002000011c                SYSCFG_CompensationCellCmd
                0x000000002000013c                SYSCFG_GetCompensationCellStatus
 .text          0x0000000020000170      0x970 ./Debug/driver_src_stm32f4xx_usart.c.o
                0x0000000020000170                USART_DeInit
                0x0000000020000288                USART_Init
                0x00000000200003fc                USART_StructInit
                0x0000000020000436                USART_ClockInit
                0x000000002000048c                USART_ClockStructInit
                0x00000000200004b8                USART_Cmd
                0x00000000200004f8                USART_SetPrescaler
                0x0000000020000532                USART_OverSampling8Cmd
                0x0000000020000576                USART_OneBitMethodCmd
                0x00000000200005b6                USART_SendData
                0x00000000200005da                USART_ReceiveData
                0x00000000200005fa                USART_SetAddress
                0x0000000020000634                USART_ReceiverWakeUpCmd
                0x0000000020000674                USART_WakeUpConfig
                0x00000000200006ac                USART_LINBreakDetectLengthConfig
                0x00000000200006e4                USART_LINCmd
                0x0000000020000724                USART_SendBreak
                0x0000000020000748                USART_HalfDuplexCmd
                0x0000000020000788                USART_SetGuardTime
                0x00000000200007c4                USART_SmartCardCmd
                0x0000000020000804                USART_SmartCardNACKCmd
                0x0000000020000844                USART_IrDAConfig
                0x000000002000087c                USART_IrDACmd
                0x00000000200008bc                USART_DMACmd
                0x0000000020000904                USART_ITConfig
                0x0000000020000994                USART_GetFlagStatus
                0x00000000200009cc                USART_ClearFlag
                0x00000000200009ee                USART_GetITStatus
                0x0000000020000aa4                USART_ClearITPendingBit
 .text          0x0000000020000ae0     0x1c18 ./Debug/driver_src_stm32f4xx_tim.c.o
                0x0000000020000ae0                TIM_DeInit
                0x0000000020000ca0                TIM_TimeBaseInit
                0x0000000020000d78                TIM_TimeBaseStructInit
                0x0000000020000dac                TIM_PrescalerConfig
                0x0000000020000dd4                TIM_CounterModeConfig
                0x0000000020000e0c                TIM_SetCounter
                0x0000000020000e28                TIM_SetAutoreload
                0x0000000020000e44                TIM_GetCounter
                0x0000000020000e5c                TIM_GetPrescaler
                0x0000000020000e76                TIM_UpdateDisableConfig
                0x0000000020000eb6                TIM_UpdateRequestConfig
                0x0000000020000ef6                TIM_ARRPreloadConfig
                0x0000000020000f36                TIM_SelectOnePulseMode
                0x0000000020000f6e                TIM_SetClockDivision
                0x0000000020000fa6                TIM_Cmd
                0x0000000020000fe6                TIM_OC1Init
                0x00000000200010dc                TIM_OC2Init
                0x00000000200011ec                TIM_OC3Init
                0x00000000200012f8                TIM_OC4Init
                0x00000000200013c8                TIM_OCStructInit
                0x000000002000140c                TIM_SelectOCxM
                0x00000000200014c0                TIM_SetCompare1
                0x00000000200014dc                TIM_SetCompare2
                0x00000000200014f8                TIM_SetCompare3
                0x0000000020001514                TIM_SetCompare4
                0x0000000020001530                TIM_ForcedOC1Config
                0x0000000020001568                TIM_ForcedOC2Config
                0x00000000200015a4                TIM_ForcedOC3Config
                0x00000000200015dc                TIM_ForcedOC4Config
                0x0000000020001618                TIM_OC1PreloadConfig
                0x0000000020001650                TIM_OC2PreloadConfig
                0x000000002000168c                TIM_OC3PreloadConfig
                0x00000000200016c4                TIM_OC4PreloadConfig
                0x0000000020001700                TIM_OC1FastConfig
                0x0000000020001738                TIM_OC2FastConfig
                0x0000000020001774                TIM_OC3FastConfig
                0x00000000200017ac                TIM_OC4FastConfig
                0x00000000200017e8                TIM_ClearOC1Ref
                0x0000000020001820                TIM_ClearOC2Ref
                0x000000002000185c                TIM_ClearOC3Ref
                0x0000000020001894                TIM_ClearOC4Ref
                0x00000000200018d0                TIM_OC1PolarityConfig
                0x0000000020001908                TIM_OC1NPolarityConfig
                0x0000000020001940                TIM_OC2PolarityConfig
                0x000000002000197c                TIM_OC2NPolarityConfig
                0x00000000200019b8                TIM_OC3PolarityConfig
                0x00000000200019f4                TIM_OC3NPolarityConfig
                0x0000000020001a30                TIM_OC4PolarityConfig
                0x0000000020001a6c                TIM_CCxCmd
                0x0000000020001ac2                TIM_CCxNCmd
                0x0000000020001b18                TIM_ICInit
                0x0000000020001bc0                TIM_ICStructInit
                0x0000000020001bf2                TIM_PWMIConfig
                0x0000000020001caa                TIM_GetCapture1
                0x0000000020001cc2                TIM_GetCapture2
                0x0000000020001cda                TIM_GetCapture3
                0x0000000020001cf2                TIM_GetCapture4
                0x0000000020001d0a                TIM_SetIC1Prescaler
                0x0000000020001d42                TIM_SetIC2Prescaler
                0x0000000020001d7e                TIM_SetIC3Prescaler
                0x0000000020001db6                TIM_SetIC4Prescaler
                0x0000000020001df2                TIM_BDTRConfig
                0x0000000020001e42                TIM_BDTRStructInit
                0x0000000020001e80                TIM_CtrlPWMOutputs
                0x0000000020001ecc                TIM_SelectCOM
                0x0000000020001f0c                TIM_CCPreloadControl
                0x0000000020001f4c                TIM_ITConfig
                0x0000000020001f94                TIM_GenerateEvent
                0x0000000020001fb2                TIM_GetFlagStatus
                0x0000000020001fea                TIM_ClearFlag
                0x000000002000200c                TIM_GetITStatus
                0x0000000020002060                TIM_ClearITPendingBit
                0x0000000020002082                TIM_DMAConfig
                0x00000000200020ac                TIM_DMACmd
                0x00000000200020f4                TIM_SelectCCDMA
                0x0000000020002134                TIM_InternalClockConfig
                0x0000000020002158                TIM_ITRxExternalClockConfig
                0x0000000020002186                TIM_TIxExternalClockConfig
                0x00000000200021e2                TIM_ETRClockMode1Config
                0x0000000020002240                TIM_ETRClockMode2Config
                0x000000002000227e                TIM_SelectInputTrigger
                0x00000000200022b6                TIM_SelectOutputTrigger
                0x00000000200022ee                TIM_SelectSlaveMode
                0x0000000020002326                TIM_SelectMasterSlaveMode
                0x000000002000235e                TIM_ETRConfig
                0x00000000200023b2                TIM_EncoderInterfaceConfig
                0x000000002000244a                TIM_SelectHallSensor
                0x000000002000248a                TIM_RemapConfig
 .text          0x00000000200026f8      0x4d4 ./Debug/driver_src_stm32f4xx_gpio.c.o
                0x00000000200026f8                GPIO_DeInit
                0x000000002000285c                GPIO_Init
                0x0000000020002978                GPIO_StructInit
                0x00000000200029ac                GPIO_PinLockConfig
                0x00000000200029f0                GPIO_ReadInputDataBit
                0x0000000020002a24                GPIO_ReadInputData
                0x0000000020002a3e                GPIO_ReadOutputDataBit
                0x0000000020002a72                GPIO_ReadOutputData
                0x0000000020002a8c                GPIO_SetBits
                0x0000000020002aaa                GPIO_ResetBits
                0x0000000020002ac8                GPIO_WriteBit
                0x0000000020002af8                GPIO_Write
                0x0000000020002b16                GPIO_ToggleBits
                0x0000000020002b3a                GPIO_PinAFConfig
 .text          0x0000000020002bcc      0x450 ./Debug/driver_src_stm32f4xx_dac.c.o
                0x0000000020002bcc                DAC_DeInit
                0x0000000020002be8                DAC_Init
                0x0000000020002c50                DAC_StructInit
                0x0000000020002c7c                DAC_Cmd
                0x0000000020002cc8                DAC_SoftwareTriggerCmd
                0x0000000020002d18                DAC_DualSoftwareTriggerCmd
                0x0000000020002d54                DAC_WaveGenerationCmd
                0x0000000020002da0                DAC_SetChannel1Data
                0x0000000020002dd8                DAC_SetChannel2Data
                0x0000000020002e10                DAC_SetDualChannelData
                0x0000000020002e68                DAC_GetDataOutputValue
                0x0000000020002e9c                DAC_DMACmd
                0x0000000020002eec                DAC_ITConfig
                0x0000000020002f38                DAC_GetFlagStatus
                0x0000000020002f74                DAC_ClearFlag
                0x0000000020002f9c                DAC_GetITStatus
                0x0000000020002ff4                DAC_ClearITPendingBit
 .text          0x000000002000301c     0x1b20 ./Debug/up_up_up_application.c.o
                0x000000002000301c                canBufferInit
                0x0000000020003048                startBlinkTask
                0x0000000020003078                runBlinkTask
                0x00000000200030b8                setHalfPeriod
                0x00000000200030d4                killBlinkTask
                0x00000000200030f8                runCANBufferTask
                0x00000000200031b4                printCANMsg
                0x0000000020003218                receiver
                0x0000000020003510                buttonPressed
                0x0000000020003740                reader
                0x000000002000377c                noteReader
                0x0000000020003e44                incClock
                0x0000000020003e90                safe_to_change
                0x0000000020003f9e                blinkFunction
                0x0000000020003fd8                startSong
                0x000000002000405c                nextNote
                0x0000000020004234                sendChangeTempo
                0x0000000020004294                muteSet
                0x00000000200042d0                reset
                0x0000000020004314                pause
                0x0000000020004348                canonSet
                0x000000002000437a                tempoChange
                0x0000000020004454                tempoSet
                0x0000000020004528                offsetChange
                0x00000000200045d4                offsetSet
                0x0000000020004600                getVolume
                0x000000002000461a                volumeSet
                0x000000002000465c                volumeInc
                0x0000000020004698                volumeDec
                0x00000000200046d4                getMute
                0x00000000200046ee                mute
                0x000000002000470e                changePeriod
                0x000000002000473c                changeTone
                0x000000002000476c                squareWave
                0x00000000200047e8                getDeadline
                0x0000000020004802                deadlineVoice
                0x0000000020004830                getLoad
                0x000000002000484a                loadInc
                0x000000002000486e                loadDec
                0x000000002000489c                deadlineLoad
                0x00000000200048ca                background
                0x0000000020004a74                startApp
                0x0000000020004ae8                main
 .text          0x0000000020004b3c       0xf4 ./Debug/dispatch.s.o
                0x0000000020004b3c                vect_SVCall
                0x0000000020004b40                vect_PendSV
 .text          0x0000000020004c30      0x210 ./Debug/driver_src_stm32f4xx_exti.c.o
                0x0000000020004c30                EXTI_DeInit
                0x0000000020004c64                EXTI_Init
                0x0000000020004d48                EXTI_StructInit
                0x0000000020004d74                EXTI_GenerateSWInterrupt
                0x0000000020004d98                EXTI_GetFlagStatus
                0x0000000020004dcc                EXTI_ClearFlag
                0x0000000020004dec                EXTI_GetITStatus
                0x0000000020004e20                EXTI_ClearITPendingBit
 .text          0x0000000020004e40      0x174 ./Debug/sioTinyTimber.c.o
                0x0000000020004ec8                sio_init
                0x0000000020004ef8                sio_read
                0x0000000020004f18                sio_write
                0x0000000020004f3a                sio_toggle
                0x0000000020004f58                sio_interrupt
 .text          0x0000000020004fb4     0x1020 ./Debug/driver_src_stm32f4xx_can.c.o
                0x0000000020004fb4                CAN_DeInit
                0x0000000020004ffc                CAN_Init
                0x000000002000519e                CAN_FilterInit
                0x0000000020005324                CAN_StructInit
                0x000000002000537a                CAN_SlaveStartBank
                0x00000000200053dc                CAN_DBGFreeze
                0x0000000020005414                CAN_TTComModeCmd
                0x00000000200054ac                CAN_Transmit
                0x000000002000564e                CAN_TransmitStatus
                0x0000000020005730                CAN_CancelTransmit
                0x0000000020005782                CAN_Receive
                0x00000000200058fe                CAN_FIFORelease
                0x0000000020005936                CAN_MessagePending
                0x0000000020005980                CAN_OperatingModeRequest
                0x0000000020005a7c                CAN_Sleep
                0x0000000020005ab6                CAN_WakeUp
                0x0000000020005b0c                CAN_GetLastErrorCode
                0x0000000020005b32                CAN_GetReceiveErrorCounter
                0x0000000020005b54                CAN_GetLSBTransmitErrorCounter
                0x0000000020005b76                CAN_ITConfig
                0x0000000020005bb2                CAN_GetFlagStatus
                0x0000000020005c80                CAN_ClearFlag
                0x0000000020005cf4                CAN_GetITStatus
                0x0000000020005ea8                CAN_ClearITPendingBit
 .text          0x0000000020005fd4      0xf48 ./Debug/TinyTimber.c.o
                0x000000002000605c                DUMP
                0x0000000020006094                DUMPH
                0x00000000200060f0                DUMPD
                0x0000000020006194                sei
                0x00000000200061b0                cli
                0x00000000200061cc                _sbrk
                0x0000000020006210                SETSTACK
                0x0000000020006278                SETPC
                0x000000002000629c                TIMER_INIT
                0x0000000020006334                DUMPC
                0x0000000020006368                vect_USART1
                0x00000000200063d0                vect_CAN1
                0x0000000020006438                vect_EXTI9_5
                0x00000000200064a0                enqueueByDeadline
                0x00000000200064f8                enqueueByBaseline
                0x0000000020006550                dequeue
                0x00000000200065a0                dequeue_pool
                0x00000000200065f0                insert
                0x0000000020006614                push
                0x0000000020006638                pop
                0x00000000200066ba                vect_TIM5
                0x000000002000674c                __svc_dispatch
                0x000000002000675c                __pendSV_dispatch
                0x00000000200068cc                async
                0x0000000020006a08                sync
                0x0000000020006b14                ABORT
                0x0000000020006bc8                T_RESET
                0x0000000020006c04                T_SAMPLE
                0x0000000020006c44                CURRENT_OFFSET
                0x0000000020006df0                install
                0x0000000020006eb8                tinytimber
 .text          0x0000000020006f1c      0x32c ./Debug/startup.c.o
 .text          0x0000000020007248      0x294 ./Debug/sciTinyTimber.c.o
                0x00000000200072d0                sci_init
                0x0000000020007376                sci_write
                0x00000000200073ca                sci_writechar
                0x0000000020007400                sci_interrupt
 .text          0x00000000200074dc      0x430 ./Debug/canTinyTimber.c.o
                0x0000000020007564                can_init
                0x0000000020007624                can_interrupt
                0x00000000200077a0                can_receive
                0x0000000020007862                can_send
 .text          0x000000002000790c      0xca8 ./Debug/driver_src_stm32f4xx_rcc.c.o
                0x000000002000790c                RCC_DeInit
                0x000000002000797c                RCC_HSEConfig
                0x00000000200079a4                RCC_WaitForHSEStartUp
                0x00000000200079f4                RCC_AdjustHSICalibrationValue
                0x0000000020007a30                RCC_HSICmd
                0x0000000020007a50                RCC_LSEConfig
                0x0000000020007a94                RCC_LSICmd
                0x0000000020007ab4                RCC_PLLConfig
                0x0000000020007af4                RCC_PLLCmd
                0x0000000020007b14                RCC_PLLI2SConfig
                0x0000000020007b40                RCC_PLLI2SCmd
                0x0000000020007b60                RCC_PLLSAIConfig
                0x0000000020007b94                RCC_PLLSAICmd
                0x0000000020007bb4                RCC_ClockSecuritySystemCmd
                0x0000000020007bd4                RCC_MCO1Config
                0x0000000020007c14                RCC_MCO2Config
                0x0000000020007c54                RCC_SYSCLKConfig
                0x0000000020007c8c                RCC_GetSYSCLKSource
                0x0000000020007cac                RCC_HCLKConfig
                0x0000000020007ce4                RCC_PCLK1Config
                0x0000000020007d1c                RCC_PCLK2Config
                0x0000000020007d58                RCC_GetClocksFreq
                0x0000000020007eac                RCC_RTCCLKConfig
                0x0000000020007f08                RCC_RTCCLKCmd
                0x0000000020007f28                RCC_BackupResetCmd
                0x0000000020007f48                RCC_I2SCLKConfig
                0x0000000020007f68                RCC_SAIPLLI2SClkDivConfig
                0x0000000020007fa8                RCC_SAIPLLSAIClkDivConfig
                0x0000000020007fe8                RCC_SAIBlockACLKConfig
                0x0000000020008024                RCC_SAIBlockBCLKConfig
                0x0000000020008060                RCC_LTDCCLKDivConfig
                0x000000002000809c                RCC_TIMCLKPresConfig
                0x00000000200080bc                RCC_AHB1PeriphClockCmd
                0x00000000200080fc                RCC_AHB2PeriphClockCmd
                0x000000002000813c                RCC_AHB3PeriphClockCmd
                0x000000002000817c                RCC_APB1PeriphClockCmd
                0x00000000200081bc                RCC_APB2PeriphClockCmd
                0x00000000200081fc                RCC_AHB1PeriphResetCmd
                0x000000002000823c                RCC_AHB2PeriphResetCmd
                0x000000002000827c                RCC_AHB3PeriphResetCmd
                0x00000000200082bc                RCC_APB1PeriphResetCmd
                0x00000000200082fc                RCC_APB2PeriphResetCmd
                0x000000002000833c                RCC_AHB1PeriphClockLPModeCmd
                0x000000002000837c                RCC_AHB2PeriphClockLPModeCmd
                0x00000000200083bc                RCC_AHB3PeriphClockLPModeCmd
                0x00000000200083fc                RCC_APB1PeriphClockLPModeCmd
                0x000000002000843c                RCC_APB2PeriphClockLPModeCmd
                0x000000002000847c                RCC_ITConfig
                0x00000000200084c8                RCC_GetFlagStatus
                0x000000002000853c                RCC_ClearFlag
                0x000000002000855c                RCC_GetITStatus
                0x0000000020008594                RCC_ClearITPendingBit
 .text          0x00000000200085b4        0x0 /home/hanna/Documents/gcc-arm-none-eabi-8-2018-q4-major-linux/gcc-arm-none-eabi-8-2018-q4-major/bin/../lib/gcc/arm-none-eabi/8.2.1/../../../../arm-none-eabi/lib/thumb/v7e-m+fp/hard/libc_nano.a(lib_a-atoi.o)
 .text          0x00000000200085b4        0x0 /home/hanna/Documents/gcc-arm-none-eabi-8-2018-q4-major-linux/gcc-arm-none-eabi-8-2018-q4-major/bin/../lib/gcc/arm-none-eabi/8.2.1/../../../../arm-none-eabi/lib/thumb/v7e-m+fp/hard/libc_nano.a(lib_a-snprintf.o)
 .text          0x00000000200085b4        0x0 /home/hanna/Documents/gcc-arm-none-eabi-8-2018-q4-major-linux/gcc-arm-none-eabi-8-2018-q4-major/bin/../lib/gcc/arm-none-eabi/8.2.1/../../../../arm-none-eabi/lib/thumb/v7e-m+fp/hard/libc_nano.a(lib_a-sprintf.o)
 .text          0x00000000200085b4       0x10 /home/hanna/Documents/gcc-arm-none-eabi-8-2018-q4-major-linux/gcc-arm-none-eabi-8-2018-q4-major/bin/../lib/gcc/arm-none-eabi/8.2.1/../../../../arm-none-eabi/lib/thumb/v7e-m+fp/hard/libc_nano.a(lib_a-strlen.o)
                0x00000000200085b4                strlen
 .text          0x00000000200085c4        0x0 /home/hanna/Documents/gcc-arm-none-eabi-8-2018-q4-major-linux/gcc-arm-none-eabi-8-2018-q4-major/bin/../lib/gcc/arm-none-eabi/8.2.1/../../../../arm-none-eabi/lib/thumb/v7e-m+fp/hard/libc_nano.a(lib_a-strtol.o)
 .text          0x00000000200085c4        0x0 /home/hanna/Documents/gcc-arm-none-eabi-8-2018-q4-major-linux/gcc-arm-none-eabi-8-2018-q4-major/bin/../lib/gcc/arm-none-eabi/8.2.1/../../../../arm-none-eabi/lib/thumb/v7e-m+fp/hard/libc_nano.a(lib_a-ctype_.o)
 .text          0x00000000200085c4        0x0 /home/hanna/Documents/gcc-arm-none-eabi-8-2018-q4-major-linux/gcc-arm-none-eabi-8-2018-q4-major/bin/../lib/gcc/arm-none-eabi/8.2.1/../../../../arm-none-eabi/lib/thumb/v7e-m+fp/hard/libc_nano.a(lib_a-impure.o)
 .text          0x00000000200085c4        0x0 /home/hanna/Documents/gcc-arm-none-eabi-8-2018-q4-major-linux/gcc-arm-none-eabi-8-2018-q4-major/bin/../lib/gcc/arm-none-eabi/8.2.1/../../../../arm-none-eabi/lib/thumb/v7e-m+fp/hard/libc_nano.a(lib_a-nano-svfprintf.o)
 .text          0x00000000200085c4        0x0 /home/hanna/Documents/gcc-arm-none-eabi-8-2018-q4-major-linux/gcc-arm-none-eabi-8-2018-q4-major/bin/../lib/gcc/arm-none-eabi/8.2.1/../../../../arm-none-eabi/lib/thumb/v7e-m+fp/hard/libc_nano.a(lib_a-nano-vfprintf_i.o)
 *fill*         0x00000000200085c4        0xc 
 .text          0x00000000200085d0       0xa0 /home/hanna/Documents/gcc-arm-none-eabi-8-2018-q4-major-linux/gcc-arm-none-eabi-8-2018-q4-major/bin/../lib/gcc/arm-none-eabi/8.2.1/../../../../arm-none-eabi/lib/thumb/v7e-m+fp/hard/libc_nano.a(lib_a-memchr.o)
                0x00000000200085d0                memchr
 .text          0x0000000020008670        0x0 /home/hanna/Documents/gcc-arm-none-eabi-8-2018-q4-major-linux/gcc-arm-none-eabi-8-2018-q4-major/bin/../lib/gcc/arm-none-eabi/8.2.1/../../../../arm-none-eabi/lib/thumb/v7e-m+fp/hard/libc_nano.a(lib_a-memcpy-stub.o)
 .text          0x0000000020008670        0x0 /home/hanna/Documents/gcc-arm-none-eabi-8-2018-q4-major-linux/gcc-arm-none-eabi-8-2018-q4-major/bin/../lib/gcc/arm-none-eabi/8.2.1/../../../../arm-none-eabi/lib/thumb/v7e-m+fp/hard/libc_nano.a(lib_a-memmove.o)
 .text          0x0000000020008670        0x0 /home/hanna/Documents/gcc-arm-none-eabi-8-2018-q4-major-linux/gcc-arm-none-eabi-8-2018-q4-major/bin/../lib/gcc/arm-none-eabi/8.2.1/../../../../arm-none-eabi/lib/thumb/v7e-m+fp/hard/libc_nano.a(lib_a-nano-freer.o)
 .text          0x0000000020008670        0x0 /home/hanna/Documents/gcc-arm-none-eabi-8-2018-q4-major-linux/gcc-arm-none-eabi-8-2018-q4-major/bin/../lib/gcc/arm-none-eabi/8.2.1/../../../../arm-none-eabi/lib/thumb/v7e-m+fp/hard/libc_nano.a(lib_a-nano-mallocr.o)
 .text          0x0000000020008670        0x0 /home/hanna/Documents/gcc-arm-none-eabi-8-2018-q4-major-linux/gcc-arm-none-eabi-8-2018-q4-major/bin/../lib/gcc/arm-none-eabi/8.2.1/../../../../arm-none-eabi/lib/thumb/v7e-m+fp/hard/libc_nano.a(lib_a-nano-reallocr.o)
 .text          0x0000000020008670        0x0 /home/hanna/Documents/gcc-arm-none-eabi-8-2018-q4-major-linux/gcc-arm-none-eabi-8-2018-q4-major/bin/../lib/gcc/arm-none-eabi/8.2.1/../../../../arm-none-eabi/lib/thumb/v7e-m+fp/hard/libc_nano.a(lib_a-sbrkr.o)
 .text          0x0000000020008670        0x0 /home/hanna/Documents/gcc-arm-none-eabi-8-2018-q4-major-linux/gcc-arm-none-eabi-8-2018-q4-major/bin/../lib/gcc/arm-none-eabi/8.2.1/../../../../arm-none-eabi/lib/thumb/v7e-m+fp/hard/libc_nano.a(lib_a-mlock.o)
 .text          0x0000000020008670        0x0 /home/hanna/Documents/gcc-arm-none-eabi-8-2018-q4-major-linux/gcc-arm-none-eabi-8-2018-q4-major/bin/../lib/gcc/arm-none-eabi/8.2.1/../../../../arm-none-eabi/lib/thumb/v7e-m+fp/hard/libc_nano.a(lib_a-nano-msizer.o)
 .text          0x0000000020008670        0x0 /home/hanna/Documents/gcc-arm-none-eabi-8-2018-q4-major-linux/gcc-arm-none-eabi-8-2018-q4-major/bin/../lib/gcc/arm-none-eabi/8.2.1/../../../../arm-none-eabi/lib/thumb/v7e-m+fp/hard/libc_nano.a(lib_a-reent.o)
 .text          0x0000000020008670        0x0 /home/hanna/Documents/gcc-arm-none-eabi-8-2018-q4-major-linux/gcc-arm-none-eabi-8-2018-q4-major/bin/../lib/gcc/arm-none-eabi/8.2.1/../../../../arm-none-eabi/lib/thumb/v7e-m+fp/hard/libc_nano.a(lib_a-lock.o)
 *(.text.*)
 .text.atoi     0x0000000020008670        0x8 /home/hanna/Documents/gcc-arm-none-eabi-8-2018-q4-major-linux/gcc-arm-none-eabi-8-2018-q4-major/bin/../lib/gcc/arm-none-eabi/8.2.1/../../../../arm-none-eabi/lib/thumb/v7e-m+fp/hard/libc_nano.a(lib_a-atoi.o)
                0x0000000020008670                atoi
 .text._atoi_r  0x0000000020008678        0x8 /home/hanna/Documents/gcc-arm-none-eabi-8-2018-q4-major-linux/gcc-arm-none-eabi-8-2018-q4-major/bin/../lib/gcc/arm-none-eabi/8.2.1/../../../../arm-none-eabi/lib/thumb/v7e-m+fp/hard/libc_nano.a(lib_a-atoi.o)
                0x0000000020008678                _atoi_r
 .text._snprintf_r
                0x0000000020008680       0x5e /home/hanna/Documents/gcc-arm-none-eabi-8-2018-q4-major-linux/gcc-arm-none-eabi-8-2018-q4-major/bin/../lib/gcc/arm-none-eabi/8.2.1/../../../../arm-none-eabi/lib/thumb/v7e-m+fp/hard/libc_nano.a(lib_a-snprintf.o)
                0x0000000020008680                _sniprintf_r
                0x0000000020008680                _snprintf_r
 *fill*         0x00000000200086de        0x2 
 .text.snprintf
                0x00000000200086e0       0x68 /home/hanna/Documents/gcc-arm-none-eabi-8-2018-q4-major-linux/gcc-arm-none-eabi-8-2018-q4-major/bin/../lib/gcc/arm-none-eabi/8.2.1/../../../../arm-none-eabi/lib/thumb/v7e-m+fp/hard/libc_nano.a(lib_a-snprintf.o)
                0x00000000200086e0                snprintf
                0x00000000200086e0                sniprintf
 .text._sprintf_r
                0x0000000020008748       0x38 /home/hanna/Documents/gcc-arm-none-eabi-8-2018-q4-major-linux/gcc-arm-none-eabi-8-2018-q4-major/bin/../lib/gcc/arm-none-eabi/8.2.1/../../../../arm-none-eabi/lib/thumb/v7e-m+fp/hard/libc_nano.a(lib_a-sprintf.o)
                0x0000000020008748                _siprintf_r
                0x0000000020008748                _sprintf_r
 .text.sprintf  0x0000000020008780       0x40 /home/hanna/Documents/gcc-arm-none-eabi-8-2018-q4-major-linux/gcc-arm-none-eabi-8-2018-q4-major/bin/../lib/gcc/arm-none-eabi/8.2.1/../../../../arm-none-eabi/lib/thumb/v7e-m+fp/hard/libc_nano.a(lib_a-sprintf.o)
                0x0000000020008780                sprintf
                0x0000000020008780                siprintf
 .text._strtol_l.isra.0
                0x00000000200087c0       0xf0 /home/hanna/Documents/gcc-arm-none-eabi-8-2018-q4-major-linux/gcc-arm-none-eabi-8-2018-q4-major/bin/../lib/gcc/arm-none-eabi/8.2.1/../../../../arm-none-eabi/lib/thumb/v7e-m+fp/hard/libc_nano.a(lib_a-strtol.o)
 .text._strtol_r
                0x00000000200088b0        0x4 /home/hanna/Documents/gcc-arm-none-eabi-8-2018-q4-major-linux/gcc-arm-none-eabi-8-2018-q4-major/bin/../lib/gcc/arm-none-eabi/8.2.1/../../../../arm-none-eabi/lib/thumb/v7e-m+fp/hard/libc_nano.a(lib_a-strtol.o)
                0x00000000200088b0                _strtol_r
 .text.strtol_l
                0x00000000200088b4       0x14 /home/hanna/Documents/gcc-arm-none-eabi-8-2018-q4-major-linux/gcc-arm-none-eabi-8-2018-q4-major/bin/../lib/gcc/arm-none-eabi/8.2.1/../../../../arm-none-eabi/lib/thumb/v7e-m+fp/hard/libc_nano.a(lib_a-strtol.o)
                0x00000000200088b4                strtol_l
 .text.strtol   0x00000000200088c8       0x14 /home/hanna/Documents/gcc-arm-none-eabi-8-2018-q4-major-linux/gcc-arm-none-eabi-8-2018-q4-major/bin/../lib/gcc/arm-none-eabi/8.2.1/../../../../arm-none-eabi/lib/thumb/v7e-m+fp/hard/libc_nano.a(lib_a-strtol.o)
                0x00000000200088c8                strtol
 .text.__ssputs_r
                0x00000000200088dc       0xb6 /home/hanna/Documents/gcc-arm-none-eabi-8-2018-q4-major-linux/gcc-arm-none-eabi-8-2018-q4-major/bin/../lib/gcc/arm-none-eabi/8.2.1/../../../../arm-none-eabi/lib/thumb/v7e-m+fp/hard/libc_nano.a(lib_a-nano-svfprintf.o)
                0x00000000200088dc                __ssputs_r
 .text.__ssprint_r
                0x0000000020008992       0xf0 /home/hanna/Documents/gcc-arm-none-eabi-8-2018-q4-major-linux/gcc-arm-none-eabi-8-2018-q4-major/bin/../lib/gcc/arm-none-eabi/8.2.1/../../../../arm-none-eabi/lib/thumb/v7e-m+fp/hard/libc_nano.a(lib_a-nano-svfprintf.o)
                0x0000000020008992                __ssprint_r
 *fill*         0x0000000020008a82        0x2 
 .text._svfprintf_r
                0x0000000020008a84      0x1f0 /home/hanna/Documents/gcc-arm-none-eabi-8-2018-q4-major-linux/gcc-arm-none-eabi-8-2018-q4-major/bin/../lib/gcc/arm-none-eabi/8.2.1/../../../../arm-none-eabi/lib/thumb/v7e-m+fp/hard/libc_nano.a(lib_a-nano-svfprintf.o)
                0x0000000020008a84                _svfprintf_r
                0x0000000020008a84                _svfiprintf_r
 .text._printf_common
                0x0000000020008c74       0xea /home/hanna/Documents/gcc-arm-none-eabi-8-2018-q4-major-linux/gcc-arm-none-eabi-8-2018-q4-major/bin/../lib/gcc/arm-none-eabi/8.2.1/../../../../arm-none-eabi/lib/thumb/v7e-m+fp/hard/libc_nano.a(lib_a-nano-vfprintf_i.o)
                0x0000000020008c74                _printf_common
 *fill*         0x0000000020008d5e        0x2 
 .text._printf_i
                0x0000000020008d60      0x228 /home/hanna/Documents/gcc-arm-none-eabi-8-2018-q4-major-linux/gcc-arm-none-eabi-8-2018-q4-major/bin/../lib/gcc/arm-none-eabi/8.2.1/../../../../arm-none-eabi/lib/thumb/v7e-m+fp/hard/libc_nano.a(lib_a-nano-vfprintf_i.o)
                0x0000000020008d60                _printf_i
 .text.memcpy   0x0000000020008f88       0x1c /home/hanna/Documents/gcc-arm-none-eabi-8-2018-q4-major-linux/gcc-arm-none-eabi-8-2018-q4-major/bin/../lib/gcc/arm-none-eabi/8.2.1/../../../../arm-none-eabi/lib/thumb/v7e-m+fp/hard/libc_nano.a(lib_a-memcpy-stub.o)
                0x0000000020008f88                memcpy
 .text.memmove  0x0000000020008fa4       0x34 /home/hanna/Documents/gcc-arm-none-eabi-8-2018-q4-major-linux/gcc-arm-none-eabi-8-2018-q4-major/bin/../lib/gcc/arm-none-eabi/8.2.1/../../../../arm-none-eabi/lib/thumb/v7e-m+fp/hard/libc_nano.a(lib_a-memmove.o)
                0x0000000020008fa4                memmove
 .text._free_r  0x0000000020008fd8       0x9c /home/hanna/Documents/gcc-arm-none-eabi-8-2018-q4-major-linux/gcc-arm-none-eabi-8-2018-q4-major/bin/../lib/gcc/arm-none-eabi/8.2.1/../../../../arm-none-eabi/lib/thumb/v7e-m+fp/hard/libc_nano.a(lib_a-nano-freer.o)
                0x0000000020008fd8                _free_r
 .text._malloc_r
                0x0000000020009074       0xb4 /home/hanna/Documents/gcc-arm-none-eabi-8-2018-q4-major-linux/gcc-arm-none-eabi-8-2018-q4-major/bin/../lib/gcc/arm-none-eabi/8.2.1/../../../../arm-none-eabi/lib/thumb/v7e-m+fp/hard/libc_nano.a(lib_a-nano-mallocr.o)
                0x0000000020009074                _malloc_r
 .text._realloc_r
                0x0000000020009128       0x4c /home/hanna/Documents/gcc-arm-none-eabi-8-2018-q4-major-linux/gcc-arm-none-eabi-8-2018-q4-major/bin/../lib/gcc/arm-none-eabi/8.2.1/../../../../arm-none-eabi/lib/thumb/v7e-m+fp/hard/libc_nano.a(lib_a-nano-reallocr.o)
                0x0000000020009128                _realloc_r
 .text._sbrk_r  0x0000000020009174       0x20 /home/hanna/Documents/gcc-arm-none-eabi-8-2018-q4-major-linux/gcc-arm-none-eabi-8-2018-q4-major/bin/../lib/gcc/arm-none-eabi/8.2.1/../../../../arm-none-eabi/lib/thumb/v7e-m+fp/hard/libc_nano.a(lib_a-sbrkr.o)
                0x0000000020009174                _sbrk_r
 .text.__malloc_lock
                0x0000000020009194        0xc /home/hanna/Documents/gcc-arm-none-eabi-8-2018-q4-major-linux/gcc-arm-none-eabi-8-2018-q4-major/bin/../lib/gcc/arm-none-eabi/8.2.1/../../../../arm-none-eabi/lib/thumb/v7e-m+fp/hard/libc_nano.a(lib_a-mlock.o)
                0x0000000020009194                __malloc_lock
 .text.__malloc_unlock
                0x00000000200091a0        0xc /home/hanna/Documents/gcc-arm-none-eabi-8-2018-q4-major-linux/gcc-arm-none-eabi-8-2018-q4-major/bin/../lib/gcc/arm-none-eabi/8.2.1/../../../../arm-none-eabi/lib/thumb/v7e-m+fp/hard/libc_nano.a(lib_a-mlock.o)
                0x00000000200091a0                __malloc_unlock
 .text._malloc_usable_size_r
                0x00000000200091ac       0x10 /home/hanna/Documents/gcc-arm-none-eabi-8-2018-q4-major-linux/gcc-arm-none-eabi-8-2018-q4-major/bin/../lib/gcc/arm-none-eabi/8.2.1/../../../../arm-none-eabi/lib/thumb/v7e-m+fp/hard/libc_nano.a(lib_a-nano-msizer.o)
                0x00000000200091ac                _malloc_usable_size_r
 .text.cleanup_glue
                0x00000000200091bc       0x1a /home/hanna/Documents/gcc-arm-none-eabi-8-2018-q4-major-linux/gcc-arm-none-eabi-8-2018-q4-major/bin/../lib/gcc/arm-none-eabi/8.2.1/../../../../arm-none-eabi/lib/thumb/v7e-m+fp/hard/libc_nano.a(lib_a-reent.o)
                0x00000000200091bc                cleanup_glue
 *fill*         0x00000000200091d6        0x2 
 .text._reclaim_reent
                0x00000000200091d8       0xb8 /home/hanna/Documents/gcc-arm-none-eabi-8-2018-q4-major-linux/gcc-arm-none-eabi-8-2018-q4-major/bin/../lib/gcc/arm-none-eabi/8.2.1/../../../../arm-none-eabi/lib/thumb/v7e-m+fp/hard/libc_nano.a(lib_a-reent.o)
                0x00000000200091d8                _reclaim_reent
 .text.__retarget_lock_init
                0x0000000020009290        0x2 /home/hanna/Documents/gcc-arm-none-eabi-8-2018-q4-major-linux/gcc-arm-none-eabi-8-2018-q4-major/bin/../lib/gcc/arm-none-eabi/8.2.1/../../../../arm-none-eabi/lib/thumb/v7e-m+fp/hard/libc_nano.a(lib_a-lock.o)
                0x0000000020009290                __retarget_lock_init
 .text.__retarget_lock_init_recursive
                0x0000000020009292        0x2 /home/hanna/Documents/gcc-arm-none-eabi-8-2018-q4-major-linux/gcc-arm-none-eabi-8-2018-q4-major/bin/../lib/gcc/arm-none-eabi/8.2.1/../../../../arm-none-eabi/lib/thumb/v7e-m+fp/hard/libc_nano.a(lib_a-lock.o)
                0x0000000020009292                __retarget_lock_init_recursive
 .text.__retarget_lock_close
                0x0000000020009294        0x2 /home/hanna/Documents/gcc-arm-none-eabi-8-2018-q4-major-linux/gcc-arm-none-eabi-8-2018-q4-major/bin/../lib/gcc/arm-none-eabi/8.2.1/../../../../arm-none-eabi/lib/thumb/v7e-m+fp/hard/libc_nano.a(lib_a-lock.o)
                0x0000000020009294                __retarget_lock_close
 .text.__retarget_lock_close_recursive
                0x0000000020009296        0x2 /home/hanna/Documents/gcc-arm-none-eabi-8-2018-q4-major-linux/gcc-arm-none-eabi-8-2018-q4-major/bin/../lib/gcc/arm-none-eabi/8.2.1/../../../../arm-none-eabi/lib/thumb/v7e-m+fp/hard/libc_nano.a(lib_a-lock.o)
                0x0000000020009296                __retarget_lock_close_recursive
 .text.__retarget_lock_acquire
                0x0000000020009298        0x2 /home/hanna/Documents/gcc-arm-none-eabi-8-2018-q4-major-linux/gcc-arm-none-eabi-8-2018-q4-major/bin/../lib/gcc/arm-none-eabi/8.2.1/../../../../arm-none-eabi/lib/thumb/v7e-m+fp/hard/libc_nano.a(lib_a-lock.o)
                0x0000000020009298                __retarget_lock_acquire
 .text.__retarget_lock_acquire_recursive
                0x000000002000929a        0x2 /home/hanna/Documents/gcc-arm-none-eabi-8-2018-q4-major-linux/gcc-arm-none-eabi-8-2018-q4-major/bin/../lib/gcc/arm-none-eabi/8.2.1/../../../../arm-none-eabi/lib/thumb/v7e-m+fp/hard/libc_nano.a(lib_a-lock.o)
                0x000000002000929a                __retarget_lock_acquire_recursive
 .text.__retarget_lock_try_acquire
                0x000000002000929c        0x4 /home/hanna/Documents/gcc-arm-none-eabi-8-2018-q4-major-linux/gcc-arm-none-eabi-8-2018-q4-major/bin/../lib/gcc/arm-none-eabi/8.2.1/../../../../arm-none-eabi/lib/thumb/v7e-m+fp/hard/libc_nano.a(lib_a-lock.o)
                0x000000002000929c                __retarget_lock_try_acquire
 .text.__retarget_lock_try_acquire_recursive
                0x00000000200092a0        0x4 /home/hanna/Documents/gcc-arm-none-eabi-8-2018-q4-major-linux/gcc-arm-none-eabi-8-2018-q4-major/bin/../lib/gcc/arm-none-eabi/8.2.1/../../../../arm-none-eabi/lib/thumb/v7e-m+fp/hard/libc_nano.a(lib_a-lock.o)
                0x00000000200092a0                __retarget_lock_try_acquire_recursive
 .text.__retarget_lock_release
                0x00000000200092a4        0x2 /home/hanna/Documents/gcc-arm-none-eabi-8-2018-q4-major-linux/gcc-arm-none-eabi-8-2018-q4-major/bin/../lib/gcc/arm-none-eabi/8.2.1/../../../../arm-none-eabi/lib/thumb/v7e-m+fp/hard/libc_nano.a(lib_a-lock.o)
                0x00000000200092a4                __retarget_lock_release
 .text.__retarget_lock_release_recursive
                0x00000000200092a6        0x2 /home/hanna/Documents/gcc-arm-none-eabi-8-2018-q4-major-linux/gcc-arm-none-eabi-8-2018-q4-major/bin/../lib/gcc/arm-none-eabi/8.2.1/../../../../arm-none-eabi/lib/thumb/v7e-m+fp/hard/libc_nano.a(lib_a-lock.o)
                0x00000000200092a6                __retarget_lock_release_recursive
 *(.rodata)
 .rodata        0x00000000200092a8      0x52d ./Debug/up_up_up_application.c.o
                0x00000000200092a8                periods
                0x000000002000930c                john
                0x000000002000938c                beats
                0x000000002000940c                safe_notes
 *fill*         0x00000000200097d5        0x3 
 .rodata        0x00000000200097d8       0x23 ./Debug/sioTinyTimber.c.o
 *fill*         0x00000000200097fb        0x1 
 .rodata        0x00000000200097fc       0x7d ./Debug/TinyTimber.c.o
 *fill*         0x0000000020009879        0x3 
 .rodata        0x000000002000987c       0xb2 ./Debug/canTinyTimber.c.o
 *(.rodata*)
 .rodata._ctype_
                0x000000002000992e      0x101 /home/hanna/Documents/gcc-arm-none-eabi-8-2018-q4-major-linux/gcc-arm-none-eabi-8-2018-q4-major/bin/../lib/gcc/arm-none-eabi/8.2.1/../../../../arm-none-eabi/lib/thumb/v7e-m+fp/hard/libc_nano.a(lib_a-ctype_.o)
                0x000000002000992e                _ctype_
 *fill*         0x0000000020009a2f        0x1 
 .rodata._global_impure_ptr
                0x0000000020009a30        0x4 /home/hanna/Documents/gcc-arm-none-eabi-8-2018-q4-major-linux/gcc-arm-none-eabi-8-2018-q4-major/bin/../lib/gcc/arm-none-eabi/8.2.1/../../../../arm-none-eabi/lib/thumb/v7e-m+fp/hard/libc_nano.a(lib_a-impure.o)
                0x0000000020009a30                _global_impure_ptr
 .rodata._svfprintf_r.str1.1
                0x0000000020009a34       0x11 /home/hanna/Documents/gcc-arm-none-eabi-8-2018-q4-major-linux/gcc-arm-none-eabi-8-2018-q4-major/bin/../lib/gcc/arm-none-eabi/8.2.1/../../../../arm-none-eabi/lib/thumb/v7e-m+fp/hard/libc_nano.a(lib_a-nano-svfprintf.o)
 .rodata._printf_i.str1.1
                0x0000000020009a45       0x22 /home/hanna/Documents/gcc-arm-none-eabi-8-2018-q4-major-linux/gcc-arm-none-eabi-8-2018-q4-major/bin/../lib/gcc/arm-none-eabi/8.2.1/../../../../arm-none-eabi/lib/thumb/v7e-m+fp/hard/libc_nano.a(lib_a-nano-vfprintf_i.o)
 *(.glue_7)
 .glue_7        0x0000000020009a67        0x0 linker stubs
 *(.glue_7t)
 .glue_7t       0x0000000020009a67        0x0 linker stubs
                0x0000000020009a68                . = ALIGN (0x4)
 *fill*         0x0000000020009a67        0x1 

.vfp11_veneer   0x0000000020009a68        0x0
 .vfp11_veneer  0x0000000020009a68        0x0 linker stubs

.v4_bx          0x0000000020009a68        0x0
 .v4_bx         0x0000000020009a68        0x0 linker stubs

.iplt           0x0000000020009a68        0x0
 .iplt          0x0000000020009a68        0x0 ./Debug/driver_src_stm32f4xx_syscfg.c.o

.rel.dyn        0x0000000020009a68        0x0
 .rel.iplt      0x0000000020009a68        0x0 ./Debug/driver_src_stm32f4xx_syscfg.c.o

.data           0x0000000020009a68      0x708
                0x0000000020009a68                . = ALIGN (0x4)
 *(.data)
 .data          0x0000000020009a68        0x0 ./Debug/driver_src_stm32f4xx_syscfg.c.o
 .data          0x0000000020009a68        0x0 ./Debug/driver_src_stm32f4xx_usart.c.o
 .data          0x0000000020009a68        0x0 ./Debug/driver_src_stm32f4xx_tim.c.o
 .data          0x0000000020009a68        0x0 ./Debug/driver_src_stm32f4xx_gpio.c.o
 .data          0x0000000020009a68        0x0 ./Debug/driver_src_stm32f4xx_dac.c.o
 .data          0x0000000020009a68      0x5ec ./Debug/up_up_up_application.c.o
                0x0000000020009a68                DAC2
                0x0000000020009a6c                text
                0x0000000020009aec                voice0
                0x0000000020009b08                controller
                0x0000000020009b74                load
                0x0000000020009b90                sci0
                0x0000000020009fb0                can0
                0x000000002000a030                sysIO0
                0x000000002000a044                blinky
 .data          0x000000002000a054       0x84 ./Debug/dispatch.s.o
 .data          0x000000002000a0d8        0x0 ./Debug/driver_src_stm32f4xx_exti.c.o
 .data          0x000000002000a0d8        0x0 ./Debug/sioTinyTimber.c.o
 .data          0x000000002000a0d8        0x0 ./Debug/driver_src_stm32f4xx_can.c.o
 .data          0x000000002000a0d8       0x24 ./Debug/TinyTimber.c.o
                0x000000002000a0d8                hex
                0x000000002000a0ec                msgPool
                0x000000002000a0f0                threadPool
                0x000000002000a0f4                activeStack
                0x000000002000a0f8                current
 .data          0x000000002000a0fc        0x0 ./Debug/startup.c.o
 .data          0x000000002000a0fc        0x0 ./Debug/sciTinyTimber.c.o
 .data          0x000000002000a0fc        0x0 ./Debug/canTinyTimber.c.o
 .data          0x000000002000a0fc       0x10 ./Debug/driver_src_stm32f4xx_rcc.c.o
 .data          0x000000002000a10c        0x0 /home/hanna/Documents/gcc-arm-none-eabi-8-2018-q4-major-linux/gcc-arm-none-eabi-8-2018-q4-major/bin/../lib/gcc/arm-none-eabi/8.2.1/../../../../arm-none-eabi/lib/thumb/v7e-m+fp/hard/libc_nano.a(lib_a-atoi.o)
 .data          0x000000002000a10c        0x0 /home/hanna/Documents/gcc-arm-none-eabi-8-2018-q4-major-linux/gcc-arm-none-eabi-8-2018-q4-major/bin/../lib/gcc/arm-none-eabi/8.2.1/../../../../arm-none-eabi/lib/thumb/v7e-m+fp/hard/libc_nano.a(lib_a-snprintf.o)
 .data          0x000000002000a10c        0x0 /home/hanna/Documents/gcc-arm-none-eabi-8-2018-q4-major-linux/gcc-arm-none-eabi-8-2018-q4-major/bin/../lib/gcc/arm-none-eabi/8.2.1/../../../../arm-none-eabi/lib/thumb/v7e-m+fp/hard/libc_nano.a(lib_a-sprintf.o)
 .data          0x000000002000a10c        0x0 /home/hanna/Documents/gcc-arm-none-eabi-8-2018-q4-major-linux/gcc-arm-none-eabi-8-2018-q4-major/bin/../lib/gcc/arm-none-eabi/8.2.1/../../../../arm-none-eabi/lib/thumb/v7e-m+fp/hard/libc_nano.a(lib_a-strlen.o)
 .data          0x000000002000a10c        0x0 /home/hanna/Documents/gcc-arm-none-eabi-8-2018-q4-major-linux/gcc-arm-none-eabi-8-2018-q4-major/bin/../lib/gcc/arm-none-eabi/8.2.1/../../../../arm-none-eabi/lib/thumb/v7e-m+fp/hard/libc_nano.a(lib_a-strtol.o)
 .data          0x000000002000a10c        0x0 /home/hanna/Documents/gcc-arm-none-eabi-8-2018-q4-major-linux/gcc-arm-none-eabi-8-2018-q4-major/bin/../lib/gcc/arm-none-eabi/8.2.1/../../../../arm-none-eabi/lib/thumb/v7e-m+fp/hard/libc_nano.a(lib_a-ctype_.o)
 .data          0x000000002000a10c        0x0 /home/hanna/Documents/gcc-arm-none-eabi-8-2018-q4-major-linux/gcc-arm-none-eabi-8-2018-q4-major/bin/../lib/gcc/arm-none-eabi/8.2.1/../../../../arm-none-eabi/lib/thumb/v7e-m+fp/hard/libc_nano.a(lib_a-impure.o)
 .data          0x000000002000a10c        0x0 /home/hanna/Documents/gcc-arm-none-eabi-8-2018-q4-major-linux/gcc-arm-none-eabi-8-2018-q4-major/bin/../lib/gcc/arm-none-eabi/8.2.1/../../../../arm-none-eabi/lib/thumb/v7e-m+fp/hard/libc_nano.a(lib_a-nano-svfprintf.o)
 .data          0x000000002000a10c        0x0 /home/hanna/Documents/gcc-arm-none-eabi-8-2018-q4-major-linux/gcc-arm-none-eabi-8-2018-q4-major/bin/../lib/gcc/arm-none-eabi/8.2.1/../../../../arm-none-eabi/lib/thumb/v7e-m+fp/hard/libc_nano.a(lib_a-nano-vfprintf_i.o)
 .data          0x000000002000a10c        0x0 /home/hanna/Documents/gcc-arm-none-eabi-8-2018-q4-major-linux/gcc-arm-none-eabi-8-2018-q4-major/bin/../lib/gcc/arm-none-eabi/8.2.1/../../../../arm-none-eabi/lib/thumb/v7e-m+fp/hard/libc_nano.a(lib_a-memchr.o)
 .data          0x000000002000a10c        0x0 /home/hanna/Documents/gcc-arm-none-eabi-8-2018-q4-major-linux/gcc-arm-none-eabi-8-2018-q4-major/bin/../lib/gcc/arm-none-eabi/8.2.1/../../../../arm-none-eabi/lib/thumb/v7e-m+fp/hard/libc_nano.a(lib_a-memcpy-stub.o)
 .data          0x000000002000a10c        0x0 /home/hanna/Documents/gcc-arm-none-eabi-8-2018-q4-major-linux/gcc-arm-none-eabi-8-2018-q4-major/bin/../lib/gcc/arm-none-eabi/8.2.1/../../../../arm-none-eabi/lib/thumb/v7e-m+fp/hard/libc_nano.a(lib_a-memmove.o)
 .data          0x000000002000a10c        0x0 /home/hanna/Documents/gcc-arm-none-eabi-8-2018-q4-major-linux/gcc-arm-none-eabi-8-2018-q4-major/bin/../lib/gcc/arm-none-eabi/8.2.1/../../../../arm-none-eabi/lib/thumb/v7e-m+fp/hard/libc_nano.a(lib_a-nano-freer.o)
 .data          0x000000002000a10c        0x0 /home/hanna/Documents/gcc-arm-none-eabi-8-2018-q4-major-linux/gcc-arm-none-eabi-8-2018-q4-major/bin/../lib/gcc/arm-none-eabi/8.2.1/../../../../arm-none-eabi/lib/thumb/v7e-m+fp/hard/libc_nano.a(lib_a-nano-mallocr.o)
 .data          0x000000002000a10c        0x0 /home/hanna/Documents/gcc-arm-none-eabi-8-2018-q4-major-linux/gcc-arm-none-eabi-8-2018-q4-major/bin/../lib/gcc/arm-none-eabi/8.2.1/../../../../arm-none-eabi/lib/thumb/v7e-m+fp/hard/libc_nano.a(lib_a-nano-reallocr.o)
 .data          0x000000002000a10c        0x0 /home/hanna/Documents/gcc-arm-none-eabi-8-2018-q4-major-linux/gcc-arm-none-eabi-8-2018-q4-major/bin/../lib/gcc/arm-none-eabi/8.2.1/../../../../arm-none-eabi/lib/thumb/v7e-m+fp/hard/libc_nano.a(lib_a-sbrkr.o)
 .data          0x000000002000a10c        0x0 /home/hanna/Documents/gcc-arm-none-eabi-8-2018-q4-major-linux/gcc-arm-none-eabi-8-2018-q4-major/bin/../lib/gcc/arm-none-eabi/8.2.1/../../../../arm-none-eabi/lib/thumb/v7e-m+fp/hard/libc_nano.a(lib_a-mlock.o)
 .data          0x000000002000a10c        0x0 /home/hanna/Documents/gcc-arm-none-eabi-8-2018-q4-major-linux/gcc-arm-none-eabi-8-2018-q4-major/bin/../lib/gcc/arm-none-eabi/8.2.1/../../../../arm-none-eabi/lib/thumb/v7e-m+fp/hard/libc_nano.a(lib_a-nano-msizer.o)
 .data          0x000000002000a10c        0x0 /home/hanna/Documents/gcc-arm-none-eabi-8-2018-q4-major-linux/gcc-arm-none-eabi-8-2018-q4-major/bin/../lib/gcc/arm-none-eabi/8.2.1/../../../../arm-none-eabi/lib/thumb/v7e-m+fp/hard/libc_nano.a(lib_a-reent.o)
 .data          0x000000002000a10c        0x0 /home/hanna/Documents/gcc-arm-none-eabi-8-2018-q4-major-linux/gcc-arm-none-eabi-8-2018-q4-major/bin/../lib/gcc/arm-none-eabi/8.2.1/../../../../arm-none-eabi/lib/thumb/v7e-m+fp/hard/libc_nano.a(lib_a-lock.o)
 *(.data.*)
 .data._impure_ptr
                0x000000002000a10c        0x4 /home/hanna/Documents/gcc-arm-none-eabi-8-2018-q4-major-linux/gcc-arm-none-eabi-8-2018-q4-major/bin/../lib/gcc/arm-none-eabi/8.2.1/../../../../arm-none-eabi/lib/thumb/v7e-m+fp/hard/libc_nano.a(lib_a-impure.o)
                0x000000002000a10c                _impure_ptr
 .data.impure_data
                0x000000002000a110       0x60 /home/hanna/Documents/gcc-arm-none-eabi-8-2018-q4-major-linux/gcc-arm-none-eabi-8-2018-q4-major/bin/../lib/gcc/arm-none-eabi/8.2.1/../../../../arm-none-eabi/lib/thumb/v7e-m+fp/hard/libc_nano.a(lib_a-impure.o)
                0x000000002000a170                . = ALIGN (0x4)

.igot.plt       0x000000002000a170        0x0
 .igot.plt      0x000000002000a170        0x0 ./Debug/driver_src_stm32f4xx_syscfg.c.o

.bss            0x000000002000a170     0x8440
                0x000000002000a170                . = ALIGN (0x4)
                0x000000002000a170                _sbss = .
 *(.bss)
 .bss           0x000000002000a170        0x0 ./Debug/driver_src_stm32f4xx_syscfg.c.o
 .bss           0x000000002000a170        0x0 ./Debug/driver_src_stm32f4xx_usart.c.o
 .bss           0x000000002000a170        0x0 ./Debug/driver_src_stm32f4xx_tim.c.o
 .bss           0x000000002000a170        0x0 ./Debug/driver_src_stm32f4xx_gpio.c.o
 .bss           0x000000002000a170        0x0 ./Debug/driver_src_stm32f4xx_dac.c.o
 .bss           0x000000002000a170        0x8 ./Debug/up_up_up_application.c.o
                0x000000002000a170                tim0
                0x000000002000a174                tim1
 .bss           0x000000002000a178        0x0 ./Debug/dispatch.s.o
 .bss           0x000000002000a178        0x0 ./Debug/driver_src_stm32f4xx_exti.c.o
 .bss           0x000000002000a178        0x0 ./Debug/sioTinyTimber.c.o
 .bss           0x000000002000a178        0x0 ./Debug/driver_src_stm32f4xx_can.c.o
 .bss           0x000000002000a178       0x18 ./Debug/TinyTimber.c.o
                0x000000002000a178                doIRQSchedule
                0x000000002000a17c                msgQ
                0x000000002000a180                timerQ
                0x000000002000a184                runAsHardware
                0x000000002000a188                timestamp
                0x000000002000a18c                overflows
 .bss           0x000000002000a190        0x0 ./Debug/startup.c.o
 .bss           0x000000002000a190        0x0 ./Debug/sciTinyTimber.c.o
 .bss           0x000000002000a190        0x0 ./Debug/canTinyTimber.c.o
 .bss           0x000000002000a190        0x0 ./Debug/driver_src_stm32f4xx_rcc.c.o
 .bss           0x000000002000a190        0x0 /home/hanna/Documents/gcc-arm-none-eabi-8-2018-q4-major-linux/gcc-arm-none-eabi-8-2018-q4-major/bin/../lib/gcc/arm-none-eabi/8.2.1/../../../../arm-none-eabi/lib/thumb/v7e-m+fp/hard/libc_nano.a(lib_a-atoi.o)
 .bss           0x000000002000a190        0x0 /home/hanna/Documents/gcc-arm-none-eabi-8-2018-q4-major-linux/gcc-arm-none-eabi-8-2018-q4-major/bin/../lib/gcc/arm-none-eabi/8.2.1/../../../../arm-none-eabi/lib/thumb/v7e-m+fp/hard/libc_nano.a(lib_a-snprintf.o)
 .bss           0x000000002000a190        0x0 /home/hanna/Documents/gcc-arm-none-eabi-8-2018-q4-major-linux/gcc-arm-none-eabi-8-2018-q4-major/bin/../lib/gcc/arm-none-eabi/8.2.1/../../../../arm-none-eabi/lib/thumb/v7e-m+fp/hard/libc_nano.a(lib_a-sprintf.o)
 .bss           0x000000002000a190        0x0 /home/hanna/Documents/gcc-arm-none-eabi-8-2018-q4-major-linux/gcc-arm-none-eabi-8-2018-q4-major/bin/../lib/gcc/arm-none-eabi/8.2.1/../../../../arm-none-eabi/lib/thumb/v7e-m+fp/hard/libc_nano.a(lib_a-strlen.o)
 .bss           0x000000002000a190        0x0 /home/hanna/Documents/gcc-arm-none-eabi-8-2018-q4-major-linux/gcc-arm-none-eabi-8-2018-q4-major/bin/../lib/gcc/arm-none-eabi/8.2.1/../../../../arm-none-eabi/lib/thumb/v7e-m+fp/hard/libc_nano.a(lib_a-strtol.o)
 .bss           0x000000002000a190        0x0 /home/hanna/Documents/gcc-arm-none-eabi-8-2018-q4-major-linux/gcc-arm-none-eabi-8-2018-q4-major/bin/../lib/gcc/arm-none-eabi/8.2.1/../../../../arm-none-eabi/lib/thumb/v7e-m+fp/hard/libc_nano.a(lib_a-ctype_.o)
 .bss           0x000000002000a190        0x0 /home/hanna/Documents/gcc-arm-none-eabi-8-2018-q4-major-linux/gcc-arm-none-eabi-8-2018-q4-major/bin/../lib/gcc/arm-none-eabi/8.2.1/../../../../arm-none-eabi/lib/thumb/v7e-m+fp/hard/libc_nano.a(lib_a-impure.o)
 .bss           0x000000002000a190        0x0 /home/hanna/Documents/gcc-arm-none-eabi-8-2018-q4-major-linux/gcc-arm-none-eabi-8-2018-q4-major/bin/../lib/gcc/arm-none-eabi/8.2.1/../../../../arm-none-eabi/lib/thumb/v7e-m+fp/hard/libc_nano.a(lib_a-nano-svfprintf.o)
 .bss           0x000000002000a190        0x0 /home/hanna/Documents/gcc-arm-none-eabi-8-2018-q4-major-linux/gcc-arm-none-eabi-8-2018-q4-major/bin/../lib/gcc/arm-none-eabi/8.2.1/../../../../arm-none-eabi/lib/thumb/v7e-m+fp/hard/libc_nano.a(lib_a-nano-vfprintf_i.o)
 .bss           0x000000002000a190        0x0 /home/hanna/Documents/gcc-arm-none-eabi-8-2018-q4-major-linux/gcc-arm-none-eabi-8-2018-q4-major/bin/../lib/gcc/arm-none-eabi/8.2.1/../../../../arm-none-eabi/lib/thumb/v7e-m+fp/hard/libc_nano.a(lib_a-memchr.o)
 .bss           0x000000002000a190        0x0 /home/hanna/Documents/gcc-arm-none-eabi-8-2018-q4-major-linux/gcc-arm-none-eabi-8-2018-q4-major/bin/../lib/gcc/arm-none-eabi/8.2.1/../../../../arm-none-eabi/lib/thumb/v7e-m+fp/hard/libc_nano.a(lib_a-memcpy-stub.o)
 .bss           0x000000002000a190        0x0 /home/hanna/Documents/gcc-arm-none-eabi-8-2018-q4-major-linux/gcc-arm-none-eabi-8-2018-q4-major/bin/../lib/gcc/arm-none-eabi/8.2.1/../../../../arm-none-eabi/lib/thumb/v7e-m+fp/hard/libc_nano.a(lib_a-memmove.o)
 .bss           0x000000002000a190        0x0 /home/hanna/Documents/gcc-arm-none-eabi-8-2018-q4-major-linux/gcc-arm-none-eabi-8-2018-q4-major/bin/../lib/gcc/arm-none-eabi/8.2.1/../../../../arm-none-eabi/lib/thumb/v7e-m+fp/hard/libc_nano.a(lib_a-nano-freer.o)
 .bss           0x000000002000a190        0x0 /home/hanna/Documents/gcc-arm-none-eabi-8-2018-q4-major-linux/gcc-arm-none-eabi-8-2018-q4-major/bin/../lib/gcc/arm-none-eabi/8.2.1/../../../../arm-none-eabi/lib/thumb/v7e-m+fp/hard/libc_nano.a(lib_a-nano-mallocr.o)
 .bss           0x000000002000a190        0x0 /home/hanna/Documents/gcc-arm-none-eabi-8-2018-q4-major-linux/gcc-arm-none-eabi-8-2018-q4-major/bin/../lib/gcc/arm-none-eabi/8.2.1/../../../../arm-none-eabi/lib/thumb/v7e-m+fp/hard/libc_nano.a(lib_a-nano-reallocr.o)
 .bss           0x000000002000a190        0x0 /home/hanna/Documents/gcc-arm-none-eabi-8-2018-q4-major-linux/gcc-arm-none-eabi-8-2018-q4-major/bin/../lib/gcc/arm-none-eabi/8.2.1/../../../../arm-none-eabi/lib/thumb/v7e-m+fp/hard/libc_nano.a(lib_a-sbrkr.o)
 .bss           0x000000002000a190        0x0 /home/hanna/Documents/gcc-arm-none-eabi-8-2018-q4-major-linux/gcc-arm-none-eabi-8-2018-q4-major/bin/../lib/gcc/arm-none-eabi/8.2.1/../../../../arm-none-eabi/lib/thumb/v7e-m+fp/hard/libc_nano.a(lib_a-mlock.o)
 .bss           0x000000002000a190        0x0 /home/hanna/Documents/gcc-arm-none-eabi-8-2018-q4-major-linux/gcc-arm-none-eabi-8-2018-q4-major/bin/../lib/gcc/arm-none-eabi/8.2.1/../../../../arm-none-eabi/lib/thumb/v7e-m+fp/hard/libc_nano.a(lib_a-nano-msizer.o)
 .bss           0x000000002000a190        0x0 /home/hanna/Documents/gcc-arm-none-eabi-8-2018-q4-major-linux/gcc-arm-none-eabi-8-2018-q4-major/bin/../lib/gcc/arm-none-eabi/8.2.1/../../../../arm-none-eabi/lib/thumb/v7e-m+fp/hard/libc_nano.a(lib_a-reent.o)
 .bss           0x000000002000a190        0x0 /home/hanna/Documents/gcc-arm-none-eabi-8-2018-q4-major-linux/gcc-arm-none-eabi-8-2018-q4-major/bin/../lib/gcc/arm-none-eabi/8.2.1/../../../../arm-none-eabi/lib/thumb/v7e-m+fp/hard/libc_nano.a(lib_a-lock.o)
 *(.bss.*)
 .bss.__malloc_free_list
                0x000000002000a190        0x4 /home/hanna/Documents/gcc-arm-none-eabi-8-2018-q4-major-linux/gcc-arm-none-eabi-8-2018-q4-major/bin/../lib/gcc/arm-none-eabi/8.2.1/../../../../arm-none-eabi/lib/thumb/v7e-m+fp/hard/libc_nano.a(lib_a-nano-mallocr.o)
                0x000000002000a190                __malloc_free_list
 .bss.__malloc_sbrk_start
                0x000000002000a194        0x4 /home/hanna/Documents/gcc-arm-none-eabi-8-2018-q4-major-linux/gcc-arm-none-eabi-8-2018-q4-major/bin/../lib/gcc/arm-none-eabi/8.2.1/../../../../arm-none-eabi/lib/thumb/v7e-m+fp/hard/libc_nano.a(lib_a-nano-mallocr.o)
                0x000000002000a194                __malloc_sbrk_start
 *(COMMON)
 COMMON         0x000000002000a198       0xac ./Debug/up_up_up_application.c.o
                0x000000002000a198                canBuf
 *fill*         0x000000002000a244        0x4 
 COMMON         0x000000002000a248     0x8358 ./Debug/TinyTimber.c.o
                0x000000002000a248                otable
                0x000000002000a254                upcoming
                0x000000002000a258                threads
                0x000000002000a2a8                mtable
                0x000000002000a2b4                thread0
                0x000000002000a2c8                messages
                0x000000002000a598                __heap_end
                0x000000002000a5a0                stacks
 COMMON         0x00000000200125a0        0x4 /home/hanna/Documents/gcc-arm-none-eabi-8-2018-q4-major-linux/gcc-arm-none-eabi-8-2018-q4-major/bin/../lib/gcc/arm-none-eabi/8.2.1/../../../../arm-none-eabi/lib/thumb/v7e-m+fp/hard/libc_nano.a(lib_a-reent.o)
                0x00000000200125a0                errno
 COMMON         0x00000000200125a4        0x9 /home/hanna/Documents/gcc-arm-none-eabi-8-2018-q4-major-linux/gcc-arm-none-eabi-8-2018-q4-major/bin/../lib/gcc/arm-none-eabi/8.2.1/../../../../arm-none-eabi/lib/thumb/v7e-m+fp/hard/libc_nano.a(lib_a-lock.o)
                0x00000000200125a4                __lock___atexit_recursive_mutex
                0x00000000200125a5                __lock___arc4random_mutex
                0x00000000200125a6                __lock___env_recursive_mutex
                0x00000000200125a7                __lock___sinit_recursive_mutex
                0x00000000200125a8                __lock___malloc_recursive_mutex
                0x00000000200125a9                __lock___at_quick_exit_mutex
                0x00000000200125aa                __lock___dd_hash_mutex
                0x00000000200125ab                __lock___tz_mutex
                0x00000000200125ac                __lock___sfp_recursive_mutex
                0x00000000200125b0                . = ALIGN (0x4)
 *fill*         0x00000000200125ad        0x3 
                0x00000000200125b0                _ebss = .
                0x00000000200125b0                PROVIDE (end = _ebss)
                [!provide]                        PROVIDE (_end = _ebss)
OUTPUT(./Debug/RTS-Lab.elf elf32-littlearm)

.debug_info     0x0000000000000000     0xbcb0
 .debug_info    0x0000000000000000      0x2c4 ./Debug/driver_src_stm32f4xx_syscfg.c.o
 .debug_info    0x00000000000002c4      0xa68 ./Debug/driver_src_stm32f4xx_usart.c.o
 .debug_info    0x0000000000000d2c     0x1e26 ./Debug/driver_src_stm32f4xx_tim.c.o
 .debug_info    0x0000000000002b52      0x67f ./Debug/driver_src_stm32f4xx_gpio.c.o
 .debug_info    0x00000000000031d1      0x6af ./Debug/driver_src_stm32f4xx_dac.c.o
 .debug_info    0x0000000000003880     0x20f9 ./Debug/up_up_up_application.c.o
 .debug_info    0x0000000000005979      0x383 ./Debug/driver_src_stm32f4xx_exti.c.o
 .debug_info    0x0000000000005cfc      0x961 ./Debug/sioTinyTimber.c.o
 .debug_info    0x000000000000665d      0xc60 ./Debug/driver_src_stm32f4xx_can.c.o
 .debug_info    0x00000000000072bd     0x1879 ./Debug/TinyTimber.c.o
 .debug_info    0x0000000000008b36      0xae8 ./Debug/startup.c.o
 .debug_info    0x000000000000961e      0x9d7 ./Debug/sciTinyTimber.c.o
 .debug_info    0x0000000000009ff5      0xdc7 ./Debug/canTinyTimber.c.o
 .debug_info    0x000000000000adbc      0xef4 ./Debug/driver_src_stm32f4xx_rcc.c.o

.debug_abbrev   0x0000000000000000     0x2114
 .debug_abbrev  0x0000000000000000      0x164 ./Debug/driver_src_stm32f4xx_syscfg.c.o
 .debug_abbrev  0x0000000000000164      0x1a8 ./Debug/driver_src_stm32f4xx_usart.c.o
 .debug_abbrev  0x000000000000030c      0x1c2 ./Debug/driver_src_stm32f4xx_tim.c.o
 .debug_abbrev  0x00000000000004ce      0x1e6 ./Debug/driver_src_stm32f4xx_gpio.c.o
 .debug_abbrev  0x00000000000006b4      0x1b9 ./Debug/driver_src_stm32f4xx_dac.c.o
 .debug_abbrev  0x000000000000086d      0x3b4 ./Debug/up_up_up_application.c.o
 .debug_abbrev  0x0000000000000c21      0x1ea ./Debug/driver_src_stm32f4xx_exti.c.o
 .debug_abbrev  0x0000000000000e0b      0x256 ./Debug/sioTinyTimber.c.o
 .debug_abbrev  0x0000000000001061      0x238 ./Debug/driver_src_stm32f4xx_can.c.o
 .debug_abbrev  0x0000000000001299      0x4e3 ./Debug/TinyTimber.c.o
 .debug_abbrev  0x000000000000177c      0x28f ./Debug/startup.c.o
 .debug_abbrev  0x0000000000001a0b      0x286 ./Debug/sciTinyTimber.c.o
 .debug_abbrev  0x0000000000001c91      0x28a ./Debug/canTinyTimber.c.o
 .debug_abbrev  0x0000000000001f1b      0x1f9 ./Debug/driver_src_stm32f4xx_rcc.c.o

.debug_aranges  0x0000000000000000      0x1c8
 .debug_aranges
                0x0000000000000000       0x20 ./Debug/driver_src_stm32f4xx_syscfg.c.o
 .debug_aranges
                0x0000000000000020       0x20 ./Debug/driver_src_stm32f4xx_usart.c.o
 .debug_aranges
                0x0000000000000040       0x20 ./Debug/driver_src_stm32f4xx_tim.c.o
 .debug_aranges
                0x0000000000000060       0x20 ./Debug/driver_src_stm32f4xx_gpio.c.o
 .debug_aranges
                0x0000000000000080       0x20 ./Debug/driver_src_stm32f4xx_dac.c.o
 .debug_aranges
                0x00000000000000a0       0x20 ./Debug/up_up_up_application.c.o
 .debug_aranges
                0x00000000000000c0       0x20 ./Debug/driver_src_stm32f4xx_exti.c.o
 .debug_aranges
                0x00000000000000e0       0x20 ./Debug/sioTinyTimber.c.o
 .debug_aranges
                0x0000000000000100       0x20 ./Debug/driver_src_stm32f4xx_can.c.o
 .debug_aranges
                0x0000000000000120       0x20 ./Debug/TinyTimber.c.o
 .debug_aranges
                0x0000000000000140       0x28 ./Debug/startup.c.o
 .debug_aranges
                0x0000000000000168       0x20 ./Debug/sciTinyTimber.c.o
 .debug_aranges
                0x0000000000000188       0x20 ./Debug/canTinyTimber.c.o
 .debug_aranges
                0x00000000000001a8       0x20 ./Debug/driver_src_stm32f4xx_rcc.c.o

.debug_line     0x0000000000000000     0x5958
 .debug_line    0x0000000000000000      0x28c ./Debug/driver_src_stm32f4xx_syscfg.c.o
 .debug_line    0x000000000000028c      0x608 ./Debug/driver_src_stm32f4xx_usart.c.o
 .debug_line    0x0000000000000894      0xc1b ./Debug/driver_src_stm32f4xx_tim.c.o
 .debug_line    0x00000000000014af      0x4a6 ./Debug/driver_src_stm32f4xx_gpio.c.o
 .debug_line    0x0000000000001955      0x44b ./Debug/driver_src_stm32f4xx_dac.c.o
 .debug_line    0x0000000000001da0      0xcf2 ./Debug/up_up_up_application.c.o
 .debug_line    0x0000000000002a92      0x375 ./Debug/driver_src_stm32f4xx_exti.c.o
 .debug_line    0x0000000000002e07      0x306 ./Debug/sioTinyTimber.c.o
 .debug_line    0x000000000000310d      0x95f ./Debug/driver_src_stm32f4xx_can.c.o
 .debug_line    0x0000000000003a6c      0xb0d ./Debug/TinyTimber.c.o
 .debug_line    0x0000000000004579      0x3fe ./Debug/startup.c.o
 .debug_line    0x0000000000004977      0x33b ./Debug/sciTinyTimber.c.o
 .debug_line    0x0000000000004cb2      0x4a8 ./Debug/canTinyTimber.c.o
 .debug_line    0x000000000000515a      0x7fe ./Debug/driver_src_stm32f4xx_rcc.c.o

.debug_str      0x0000000000000000     0x3a9c
 .debug_str     0x0000000000000000      0x300 ./Debug/driver_src_stm32f4xx_syscfg.c.o
                                        0x368 (size before relaxing)
 .debug_str     0x0000000000000300      0x4e7 ./Debug/driver_src_stm32f4xx_usart.c.o
                                        0x6e9 (size before relaxing)
 .debug_str     0x00000000000007e7      0xb8f ./Debug/driver_src_stm32f4xx_tim.c.o
                                        0xe2a (size before relaxing)
 .debug_str     0x0000000000001376      0x328 ./Debug/driver_src_stm32f4xx_gpio.c.o
                                        0x4fd (size before relaxing)
 .debug_str     0x000000000000169e      0x2a1 ./Debug/driver_src_stm32f4xx_dac.c.o
                                        0x4ad (size before relaxing)
 .debug_str     0x000000000000193f      0x8ce ./Debug/up_up_up_application.c.o
                                        0xb9c (size before relaxing)
 .debug_str     0x000000000000220d      0x1d3 ./Debug/driver_src_stm32f4xx_exti.c.o
                                        0x3a6 (size before relaxing)
 .debug_str     0x00000000000023e0      0x625 ./Debug/sioTinyTimber.c.o
                                        0x8d7 (size before relaxing)
 .debug_str     0x0000000000002a05      0x475 ./Debug/driver_src_stm32f4xx_can.c.o
                                        0x798 (size before relaxing)
 .debug_str     0x0000000000002e7a      0x2bd ./Debug/TinyTimber.c.o
                                        0xcad (size before relaxing)
 .debug_str     0x0000000000003137      0x138 ./Debug/startup.c.o
                                        0x7f0 (size before relaxing)
 .debug_str     0x000000000000326f       0x78 ./Debug/sciTinyTimber.c.o
                                        0x8cd (size before relaxing)
 .debug_str     0x00000000000032e7       0x87 ./Debug/canTinyTimber.c.o
                                        0xa74 (size before relaxing)
 .debug_str     0x000000000000336e      0x72e ./Debug/driver_src_stm32f4xx_rcc.c.o
                                        0x9ef (size before relaxing)

.comment        0x0000000000000000       0x75
 .comment       0x0000000000000000       0x75 ./Debug/driver_src_stm32f4xx_syscfg.c.o
                                         0x76 (size before relaxing)
 .comment       0x0000000000000075       0x76 ./Debug/driver_src_stm32f4xx_usart.c.o
 .comment       0x0000000000000075       0x76 ./Debug/driver_src_stm32f4xx_tim.c.o
 .comment       0x0000000000000075       0x76 ./Debug/driver_src_stm32f4xx_gpio.c.o
 .comment       0x0000000000000075       0x76 ./Debug/driver_src_stm32f4xx_dac.c.o
 .comment       0x0000000000000075       0x76 ./Debug/up_up_up_application.c.o
 .comment       0x0000000000000075       0x76 ./Debug/driver_src_stm32f4xx_exti.c.o
 .comment       0x0000000000000075       0x76 ./Debug/sioTinyTimber.c.o
 .comment       0x0000000000000075       0x76 ./Debug/driver_src_stm32f4xx_can.c.o
 .comment       0x0000000000000075       0x76 ./Debug/TinyTimber.c.o
 .comment       0x0000000000000075       0x76 ./Debug/startup.c.o
 .comment       0x0000000000000075       0x76 ./Debug/sciTinyTimber.c.o
 .comment       0x0000000000000075       0x76 ./Debug/canTinyTimber.c.o
 .comment       0x0000000000000075       0x76 ./Debug/driver_src_stm32f4xx_rcc.c.o

.ARM.attributes
                0x0000000000000000       0x32
 .ARM.attributes
                0x0000000000000000       0x34 ./Debug/driver_src_stm32f4xx_syscfg.c.o
 .ARM.attributes
                0x0000000000000034       0x34 ./Debug/driver_src_stm32f4xx_usart.c.o
 .ARM.attributes
                0x0000000000000068       0x34 ./Debug/driver_src_stm32f4xx_tim.c.o
 .ARM.attributes
                0x000000000000009c       0x34 ./Debug/driver_src_stm32f4xx_gpio.c.o
 .ARM.attributes
                0x00000000000000d0       0x34 ./Debug/driver_src_stm32f4xx_dac.c.o
 .ARM.attributes
                0x0000000000000104       0x34 ./Debug/up_up_up_application.c.o
 .ARM.attributes
                0x0000000000000138       0x25 ./Debug/dispatch.s.o
 .ARM.attributes
                0x000000000000015d       0x34 ./Debug/driver_src_stm32f4xx_exti.c.o
 .ARM.attributes
                0x0000000000000191       0x34 ./Debug/sioTinyTimber.c.o
 .ARM.attributes
                0x00000000000001c5       0x34 ./Debug/driver_src_stm32f4xx_can.c.o
 .ARM.attributes
                0x00000000000001f9       0x34 ./Debug/TinyTimber.c.o
 .ARM.attributes
                0x000000000000022d       0x34 ./Debug/startup.c.o
 .ARM.attributes
                0x0000000000000261       0x34 ./Debug/sciTinyTimber.c.o
 .ARM.attributes
                0x0000000000000295       0x34 ./Debug/canTinyTimber.c.o
 .ARM.attributes
                0x00000000000002c9       0x34 ./Debug/driver_src_stm32f4xx_rcc.c.o
 .ARM.attributes
                0x00000000000002fd       0x34 /home/hanna/Documents/gcc-arm-none-eabi-8-2018-q4-major-linux/gcc-arm-none-eabi-8-2018-q4-major/bin/../lib/gcc/arm-none-eabi/8.2.1/../../../../arm-none-eabi/lib/thumb/v7e-m+fp/hard/libc_nano.a(lib_a-atoi.o)
 .ARM.attributes
                0x0000000000000331       0x34 /home/hanna/Documents/gcc-arm-none-eabi-8-2018-q4-major-linux/gcc-arm-none-eabi-8-2018-q4-major/bin/../lib/gcc/arm-none-eabi/8.2.1/../../../../arm-none-eabi/lib/thumb/v7e-m+fp/hard/libc_nano.a(lib_a-snprintf.o)
 .ARM.attributes
                0x0000000000000365       0x34 /home/hanna/Documents/gcc-arm-none-eabi-8-2018-q4-major-linux/gcc-arm-none-eabi-8-2018-q4-major/bin/../lib/gcc/arm-none-eabi/8.2.1/../../../../arm-none-eabi/lib/thumb/v7e-m+fp/hard/libc_nano.a(lib_a-sprintf.o)
 .ARM.attributes
                0x0000000000000399       0x17 /home/hanna/Documents/gcc-arm-none-eabi-8-2018-q4-major-linux/gcc-arm-none-eabi-8-2018-q4-major/bin/../lib/gcc/arm-none-eabi/8.2.1/../../../../arm-none-eabi/lib/thumb/v7e-m+fp/hard/libc_nano.a(lib_a-strlen.o)
 .ARM.attributes
                0x00000000000003b0       0x34 /home/hanna/Documents/gcc-arm-none-eabi-8-2018-q4-major-linux/gcc-arm-none-eabi-8-2018-q4-major/bin/../lib/gcc/arm-none-eabi/8.2.1/../../../../arm-none-eabi/lib/thumb/v7e-m+fp/hard/libc_nano.a(lib_a-strtol.o)
 .ARM.attributes
                0x00000000000003e4       0x32 /home/hanna/Documents/gcc-arm-none-eabi-8-2018-q4-major-linux/gcc-arm-none-eabi-8-2018-q4-major/bin/../lib/gcc/arm-none-eabi/8.2.1/../../../../arm-none-eabi/lib/thumb/v7e-m+fp/hard/libc_nano.a(lib_a-ctype_.o)
 .ARM.attributes
                0x0000000000000416       0x32 /home/hanna/Documents/gcc-arm-none-eabi-8-2018-q4-major-linux/gcc-arm-none-eabi-8-2018-q4-major/bin/../lib/gcc/arm-none-eabi/8.2.1/../../../../arm-none-eabi/lib/thumb/v7e-m+fp/hard/libc_nano.a(lib_a-impure.o)
 .ARM.attributes
                0x0000000000000448       0x34 /home/hanna/Documents/gcc-arm-none-eabi-8-2018-q4-major-linux/gcc-arm-none-eabi-8-2018-q4-major/bin/../lib/gcc/arm-none-eabi/8.2.1/../../../../arm-none-eabi/lib/thumb/v7e-m+fp/hard/libc_nano.a(lib_a-nano-svfprintf.o)
 .ARM.attributes
                0x000000000000047c       0x34 /home/hanna/Documents/gcc-arm-none-eabi-8-2018-q4-major-linux/gcc-arm-none-eabi-8-2018-q4-major/bin/../lib/gcc/arm-none-eabi/8.2.1/../../../../arm-none-eabi/lib/thumb/v7e-m+fp/hard/libc_nano.a(lib_a-nano-vfprintf_i.o)
 .ARM.attributes
                0x00000000000004b0       0x1c /home/hanna/Documents/gcc-arm-none-eabi-8-2018-q4-major-linux/gcc-arm-none-eabi-8-2018-q4-major/bin/../lib/gcc/arm-none-eabi/8.2.1/../../../../arm-none-eabi/lib/thumb/v7e-m+fp/hard/libc_nano.a(lib_a-memchr.o)
 .ARM.attributes
                0x00000000000004cc       0x34 /home/hanna/Documents/gcc-arm-none-eabi-8-2018-q4-major-linux/gcc-arm-none-eabi-8-2018-q4-major/bin/../lib/gcc/arm-none-eabi/8.2.1/../../../../arm-none-eabi/lib/thumb/v7e-m+fp/hard/libc_nano.a(lib_a-memcpy-stub.o)
 .ARM.attributes
                0x0000000000000500       0x34 /home/hanna/Documents/gcc-arm-none-eabi-8-2018-q4-major-linux/gcc-arm-none-eabi-8-2018-q4-major/bin/../lib/gcc/arm-none-eabi/8.2.1/../../../../arm-none-eabi/lib/thumb/v7e-m+fp/hard/libc_nano.a(lib_a-memmove.o)
 .ARM.attributes
                0x0000000000000534       0x34 /home/hanna/Documents/gcc-arm-none-eabi-8-2018-q4-major-linux/gcc-arm-none-eabi-8-2018-q4-major/bin/../lib/gcc/arm-none-eabi/8.2.1/../../../../arm-none-eabi/lib/thumb/v7e-m+fp/hard/libc_nano.a(lib_a-nano-freer.o)
 .ARM.attributes
                0x0000000000000568       0x34 /home/hanna/Documents/gcc-arm-none-eabi-8-2018-q4-major-linux/gcc-arm-none-eabi-8-2018-q4-major/bin/../lib/gcc/arm-none-eabi/8.2.1/../../../../arm-none-eabi/lib/thumb/v7e-m+fp/hard/libc_nano.a(lib_a-nano-mallocr.o)
 .ARM.attributes
                0x000000000000059c       0x34 /home/hanna/Documents/gcc-arm-none-eabi-8-2018-q4-major-linux/gcc-arm-none-eabi-8-2018-q4-major/bin/../lib/gcc/arm-none-eabi/8.2.1/../../../../arm-none-eabi/lib/thumb/v7e-m+fp/hard/libc_nano.a(lib_a-nano-reallocr.o)
 .ARM.attributes
                0x00000000000005d0       0x34 /home/hanna/Documents/gcc-arm-none-eabi-8-2018-q4-major-linux/gcc-arm-none-eabi-8-2018-q4-major/bin/../lib/gcc/arm-none-eabi/8.2.1/../../../../arm-none-eabi/lib/thumb/v7e-m+fp/hard/libc_nano.a(lib_a-sbrkr.o)
 .ARM.attributes
                0x0000000000000604       0x34 /home/hanna/Documents/gcc-arm-none-eabi-8-2018-q4-major-linux/gcc-arm-none-eabi-8-2018-q4-major/bin/../lib/gcc/arm-none-eabi/8.2.1/../../../../arm-none-eabi/lib/thumb/v7e-m+fp/hard/libc_nano.a(lib_a-mlock.o)
 .ARM.attributes
                0x0000000000000638       0x34 /home/hanna/Documents/gcc-arm-none-eabi-8-2018-q4-major-linux/gcc-arm-none-eabi-8-2018-q4-major/bin/../lib/gcc/arm-none-eabi/8.2.1/../../../../arm-none-eabi/lib/thumb/v7e-m+fp/hard/libc_nano.a(lib_a-nano-msizer.o)
 .ARM.attributes
                0x000000000000066c       0x34 /home/hanna/Documents/gcc-arm-none-eabi-8-2018-q4-major-linux/gcc-arm-none-eabi-8-2018-q4-major/bin/../lib/gcc/arm-none-eabi/8.2.1/../../../../arm-none-eabi/lib/thumb/v7e-m+fp/hard/libc_nano.a(lib_a-reent.o)
 .ARM.attributes
                0x00000000000006a0       0x34 /home/hanna/Documents/gcc-arm-none-eabi-8-2018-q4-major-linux/gcc-arm-none-eabi-8-2018-q4-major/bin/../lib/gcc/arm-none-eabi/8.2.1/../../../../arm-none-eabi/lib/thumb/v7e-m+fp/hard/libc_nano.a(lib_a-lock.o)

.debug_frame    0x0000000000000000     0x3b8c
 .debug_frame   0x0000000000000000      0x11c ./Debug/driver_src_stm32f4xx_syscfg.c.o
 .debug_frame   0x000000000000011c      0x490 ./Debug/driver_src_stm32f4xx_usart.c.o
 .debug_frame   0x00000000000005ac      0xe54 ./Debug/driver_src_stm32f4xx_tim.c.o
 .debug_frame   0x0000000000001400      0x23c ./Debug/driver_src_stm32f4xx_gpio.c.o
 .debug_frame   0x000000000000163c      0x2ac ./Debug/driver_src_stm32f4xx_dac.c.o
 .debug_frame   0x00000000000018e8      0x674 ./Debug/up_up_up_application.c.o
 .debug_frame   0x0000000000001f5c      0x148 ./Debug/driver_src_stm32f4xx_exti.c.o
 .debug_frame   0x00000000000020a4      0x114 ./Debug/sioTinyTimber.c.o
 .debug_frame   0x00000000000021b8      0x3f4 ./Debug/driver_src_stm32f4xx_can.c.o
 .debug_frame   0x00000000000025ac      0x57c ./Debug/TinyTimber.c.o
 .debug_frame   0x0000000000002b28      0x14c ./Debug/startup.c.o
 .debug_frame   0x0000000000002c74      0x11c ./Debug/sciTinyTimber.c.o
 .debug_frame   0x0000000000002d90      0x100 ./Debug/canTinyTimber.c.o
 .debug_frame   0x0000000000002e90      0x814 ./Debug/driver_src_stm32f4xx_rcc.c.o
 .debug_frame   0x00000000000036a4       0x30 /home/hanna/Documents/gcc-arm-none-eabi-8-2018-q4-major-linux/gcc-arm-none-eabi-8-2018-q4-major/bin/../lib/gcc/arm-none-eabi/8.2.1/../../../../arm-none-eabi/lib/thumb/v7e-m+fp/hard/libc_nano.a(lib_a-atoi.o)
 .debug_frame   0x00000000000036d4       0x7c /home/hanna/Documents/gcc-arm-none-eabi-8-2018-q4-major-linux/gcc-arm-none-eabi-8-2018-q4-major/bin/../lib/gcc/arm-none-eabi/8.2.1/../../../../arm-none-eabi/lib/thumb/v7e-m+fp/hard/libc_nano.a(lib_a-snprintf.o)
 .debug_frame   0x0000000000003750       0x6c /home/hanna/Documents/gcc-arm-none-eabi-8-2018-q4-major-linux/gcc-arm-none-eabi-8-2018-q4-major/bin/../lib/gcc/arm-none-eabi/8.2.1/../../../../arm-none-eabi/lib/thumb/v7e-m+fp/hard/libc_nano.a(lib_a-sprintf.o)
 .debug_frame   0x00000000000037bc       0x64 /home/hanna/Documents/gcc-arm-none-eabi-8-2018-q4-major-linux/gcc-arm-none-eabi-8-2018-q4-major/bin/../lib/gcc/arm-none-eabi/8.2.1/../../../../arm-none-eabi/lib/thumb/v7e-m+fp/hard/libc_nano.a(lib_a-strtol.o)
 .debug_frame   0x0000000000003820       0x90 /home/hanna/Documents/gcc-arm-none-eabi-8-2018-q4-major-linux/gcc-arm-none-eabi-8-2018-q4-major/bin/../lib/gcc/arm-none-eabi/8.2.1/../../../../arm-none-eabi/lib/thumb/v7e-m+fp/hard/libc_nano.a(lib_a-nano-svfprintf.o)
 .debug_frame   0x00000000000038b0       0x60 /home/hanna/Documents/gcc-arm-none-eabi-8-2018-q4-major-linux/gcc-arm-none-eabi-8-2018-q4-major/bin/../lib/gcc/arm-none-eabi/8.2.1/../../../../arm-none-eabi/lib/thumb/v7e-m+fp/hard/libc_nano.a(lib_a-nano-vfprintf_i.o)
 .debug_frame   0x0000000000003910       0x28 /home/hanna/Documents/gcc-arm-none-eabi-8-2018-q4-major-linux/gcc-arm-none-eabi-8-2018-q4-major/bin/../lib/gcc/arm-none-eabi/8.2.1/../../../../arm-none-eabi/lib/thumb/v7e-m+fp/hard/libc_nano.a(lib_a-memcpy-stub.o)
 .debug_frame   0x0000000000003938       0x28 /home/hanna/Documents/gcc-arm-none-eabi-8-2018-q4-major-linux/gcc-arm-none-eabi-8-2018-q4-major/bin/../lib/gcc/arm-none-eabi/8.2.1/../../../../arm-none-eabi/lib/thumb/v7e-m+fp/hard/libc_nano.a(lib_a-memmove.o)
 .debug_frame   0x0000000000003960       0x38 /home/hanna/Documents/gcc-arm-none-eabi-8-2018-q4-major-linux/gcc-arm-none-eabi-8-2018-q4-major/bin/../lib/gcc/arm-none-eabi/8.2.1/../../../../arm-none-eabi/lib/thumb/v7e-m+fp/hard/libc_nano.a(lib_a-nano-freer.o)
 .debug_frame   0x0000000000003998       0x30 /home/hanna/Documents/gcc-arm-none-eabi-8-2018-q4-major-linux/gcc-arm-none-eabi-8-2018-q4-major/bin/../lib/gcc/arm-none-eabi/8.2.1/../../../../arm-none-eabi/lib/thumb/v7e-m+fp/hard/libc_nano.a(lib_a-nano-mallocr.o)
 .debug_frame   0x00000000000039c8       0x3c /home/hanna/Documents/gcc-arm-none-eabi-8-2018-q4-major-linux/gcc-arm-none-eabi-8-2018-q4-major/bin/../lib/gcc/arm-none-eabi/8.2.1/../../../../arm-none-eabi/lib/thumb/v7e-m+fp/hard/libc_nano.a(lib_a-nano-reallocr.o)
 .debug_frame   0x0000000000003a04       0x2c /home/hanna/Documents/gcc-arm-none-eabi-8-2018-q4-major-linux/gcc-arm-none-eabi-8-2018-q4-major/bin/../lib/gcc/arm-none-eabi/8.2.1/../../../../arm-none-eabi/lib/thumb/v7e-m+fp/hard/libc_nano.a(lib_a-sbrkr.o)
 .debug_frame   0x0000000000003a30       0x30 /home/hanna/Documents/gcc-arm-none-eabi-8-2018-q4-major-linux/gcc-arm-none-eabi-8-2018-q4-major/bin/../lib/gcc/arm-none-eabi/8.2.1/../../../../arm-none-eabi/lib/thumb/v7e-m+fp/hard/libc_nano.a(lib_a-mlock.o)
 .debug_frame   0x0000000000003a60       0x20 /home/hanna/Documents/gcc-arm-none-eabi-8-2018-q4-major-linux/gcc-arm-none-eabi-8-2018-q4-major/bin/../lib/gcc/arm-none-eabi/8.2.1/../../../../arm-none-eabi/lib/thumb/v7e-m+fp/hard/libc_nano.a(lib_a-nano-msizer.o)
 .debug_frame   0x0000000000003a80       0x5c /home/hanna/Documents/gcc-arm-none-eabi-8-2018-q4-major-linux/gcc-arm-none-eabi-8-2018-q4-major/bin/../lib/gcc/arm-none-eabi/8.2.1/../../../../arm-none-eabi/lib/thumb/v7e-m+fp/hard/libc_nano.a(lib_a-reent.o)
 .debug_frame   0x0000000000003adc       0xb0 /home/hanna/Documents/gcc-arm-none-eabi-8-2018-q4-major-linux/gcc-arm-none-eabi-8-2018-q4-major/bin/../lib/gcc/arm-none-eabi/8.2.1/../../../../arm-none-eabi/lib/thumb/v7e-m+fp/hard/libc_nano.a(lib_a-lock.o)

.debug_ranges   0x0000000000000000       0x18
 .debug_ranges  0x0000000000000000       0x18 ./Debug/startup.c.o

Cross Reference Table

Symbol                                            File
ABORT                                             ./Debug/TinyTimber.c.o
CAN_CancelTransmit                                ./Debug/driver_src_stm32f4xx_can.c.o
CAN_ClearFlag                                     ./Debug/driver_src_stm32f4xx_can.c.o
CAN_ClearITPendingBit                             ./Debug/driver_src_stm32f4xx_can.c.o
CAN_DBGFreeze                                     ./Debug/driver_src_stm32f4xx_can.c.o
CAN_DeInit                                        ./Debug/driver_src_stm32f4xx_can.c.o
                                                  ./Debug/startup.c.o
CAN_FIFORelease                                   ./Debug/driver_src_stm32f4xx_can.c.o
CAN_FilterInit                                    ./Debug/driver_src_stm32f4xx_can.c.o
                                                  ./Debug/startup.c.o
CAN_GetFlagStatus                                 ./Debug/driver_src_stm32f4xx_can.c.o
                                                  ./Debug/canTinyTimber.c.o
CAN_GetITStatus                                   ./Debug/driver_src_stm32f4xx_can.c.o
CAN_GetLSBTransmitErrorCounter                    ./Debug/driver_src_stm32f4xx_can.c.o
CAN_GetLastErrorCode                              ./Debug/driver_src_stm32f4xx_can.c.o
CAN_GetReceiveErrorCounter                        ./Debug/driver_src_stm32f4xx_can.c.o
CAN_ITConfig                                      ./Debug/driver_src_stm32f4xx_can.c.o
                                                  ./Debug/canTinyTimber.c.o
CAN_Init                                          ./Debug/driver_src_stm32f4xx_can.c.o
                                                  ./Debug/canTinyTimber.c.o
CAN_MessagePending                                ./Debug/driver_src_stm32f4xx_can.c.o
CAN_OperatingModeRequest                          ./Debug/driver_src_stm32f4xx_can.c.o
CAN_Receive                                       ./Debug/driver_src_stm32f4xx_can.c.o
                                                  ./Debug/canTinyTimber.c.o
CAN_SlaveStartBank                                ./Debug/driver_src_stm32f4xx_can.c.o
CAN_Sleep                                         ./Debug/driver_src_stm32f4xx_can.c.o
CAN_StructInit                                    ./Debug/driver_src_stm32f4xx_can.c.o
                                                  ./Debug/canTinyTimber.c.o
CAN_TTComModeCmd                                  ./Debug/driver_src_stm32f4xx_can.c.o
CAN_Transmit                                      ./Debug/driver_src_stm32f4xx_can.c.o
                                                  ./Debug/canTinyTimber.c.o
CAN_TransmitStatus                                ./Debug/driver_src_stm32f4xx_can.c.o
CAN_WakeUp                                        ./Debug/driver_src_stm32f4xx_can.c.o
CURRENT_OFFSET                                    ./Debug/TinyTimber.c.o
                                                  ./Debug/up_up_up_application.c.o
DAC2                                              ./Debug/up_up_up_application.c.o
DAC_ClearFlag                                     ./Debug/driver_src_stm32f4xx_dac.c.o
DAC_ClearITPendingBit                             ./Debug/driver_src_stm32f4xx_dac.c.o
DAC_Cmd                                           ./Debug/driver_src_stm32f4xx_dac.c.o
                                                  ./Debug/startup.c.o
DAC_DMACmd                                        ./Debug/driver_src_stm32f4xx_dac.c.o
DAC_DeInit                                        ./Debug/driver_src_stm32f4xx_dac.c.o
                                                  ./Debug/startup.c.o
DAC_DualSoftwareTriggerCmd                        ./Debug/driver_src_stm32f4xx_dac.c.o
DAC_GetDataOutputValue                            ./Debug/driver_src_stm32f4xx_dac.c.o
DAC_GetFlagStatus                                 ./Debug/driver_src_stm32f4xx_dac.c.o
DAC_GetITStatus                                   ./Debug/driver_src_stm32f4xx_dac.c.o
DAC_ITConfig                                      ./Debug/driver_src_stm32f4xx_dac.c.o
DAC_Init                                          ./Debug/driver_src_stm32f4xx_dac.c.o
                                                  ./Debug/startup.c.o
DAC_SetChannel1Data                               ./Debug/driver_src_stm32f4xx_dac.c.o
DAC_SetChannel2Data                               ./Debug/driver_src_stm32f4xx_dac.c.o
                                                  ./Debug/startup.c.o
DAC_SetDualChannelData                            ./Debug/driver_src_stm32f4xx_dac.c.o
DAC_SoftwareTriggerCmd                            ./Debug/driver_src_stm32f4xx_dac.c.o
DAC_StructInit                                    ./Debug/driver_src_stm32f4xx_dac.c.o
                                                  ./Debug/startup.c.o
DAC_WaveGenerationCmd                             ./Debug/driver_src_stm32f4xx_dac.c.o
DUMP                                              ./Debug/TinyTimber.c.o
                                                  ./Debug/canTinyTimber.c.o
                                                  ./Debug/sioTinyTimber.c.o
                                                  ./Debug/dispatch.s.o
DUMPC                                             ./Debug/TinyTimber.c.o
DUMPD                                             ./Debug/TinyTimber.c.o
                                                  ./Debug/dispatch.s.o
DUMPH                                             ./Debug/TinyTimber.c.o
                                                  ./Debug/dispatch.s.o
EXTI_ClearFlag                                    ./Debug/driver_src_stm32f4xx_exti.c.o
EXTI_ClearITPendingBit                            ./Debug/driver_src_stm32f4xx_exti.c.o
                                                  ./Debug/sioTinyTimber.c.o
EXTI_DeInit                                       ./Debug/driver_src_stm32f4xx_exti.c.o
                                                  ./Debug/startup.c.o
EXTI_GenerateSWInterrupt                          ./Debug/driver_src_stm32f4xx_exti.c.o
EXTI_GetFlagStatus                                ./Debug/driver_src_stm32f4xx_exti.c.o
EXTI_GetITStatus                                  ./Debug/driver_src_stm32f4xx_exti.c.o
                                                  ./Debug/sioTinyTimber.c.o
EXTI_Init                                         ./Debug/driver_src_stm32f4xx_exti.c.o
                                                  ./Debug/startup.c.o
EXTI_StructInit                                   ./Debug/driver_src_stm32f4xx_exti.c.o
                                                  ./Debug/startup.c.o
GPIO_DeInit                                       ./Debug/driver_src_stm32f4xx_gpio.c.o
                                                  ./Debug/startup.c.o
GPIO_Init                                         ./Debug/driver_src_stm32f4xx_gpio.c.o
                                                  ./Debug/startup.c.o
GPIO_PinAFConfig                                  ./Debug/driver_src_stm32f4xx_gpio.c.o
                                                  ./Debug/startup.c.o
GPIO_PinLockConfig                                ./Debug/driver_src_stm32f4xx_gpio.c.o
GPIO_ReadInputData                                ./Debug/driver_src_stm32f4xx_gpio.c.o
GPIO_ReadInputDataBit                             ./Debug/driver_src_stm32f4xx_gpio.c.o
                                                  ./Debug/sioTinyTimber.c.o
GPIO_ReadOutputData                               ./Debug/driver_src_stm32f4xx_gpio.c.o
GPIO_ReadOutputDataBit                            ./Debug/driver_src_stm32f4xx_gpio.c.o
GPIO_ResetBits                                    ./Debug/driver_src_stm32f4xx_gpio.c.o
GPIO_SetBits                                      ./Debug/driver_src_stm32f4xx_gpio.c.o
GPIO_StructInit                                   ./Debug/driver_src_stm32f4xx_gpio.c.o
                                                  ./Debug/startup.c.o
GPIO_ToggleBits                                   ./Debug/driver_src_stm32f4xx_gpio.c.o
                                                  ./Debug/sioTinyTimber.c.o
GPIO_Write                                        ./Debug/driver_src_stm32f4xx_gpio.c.o
GPIO_WriteBit                                     ./Debug/driver_src_stm32f4xx_gpio.c.o
                                                  ./Debug/startup.c.o
                                                  ./Debug/TinyTimber.c.o
                                                  ./Debug/sioTinyTimber.c.o
RCC_AHB1PeriphClockCmd                            ./Debug/driver_src_stm32f4xx_rcc.c.o
                                                  ./Debug/startup.c.o
RCC_AHB1PeriphClockLPModeCmd                      ./Debug/driver_src_stm32f4xx_rcc.c.o
RCC_AHB1PeriphResetCmd                            ./Debug/driver_src_stm32f4xx_rcc.c.o
                                                  ./Debug/driver_src_stm32f4xx_gpio.c.o
RCC_AHB2PeriphClockCmd                            ./Debug/driver_src_stm32f4xx_rcc.c.o
RCC_AHB2PeriphClockLPModeCmd                      ./Debug/driver_src_stm32f4xx_rcc.c.o
RCC_AHB2PeriphResetCmd                            ./Debug/driver_src_stm32f4xx_rcc.c.o
RCC_AHB3PeriphClockCmd                            ./Debug/driver_src_stm32f4xx_rcc.c.o
RCC_AHB3PeriphClockLPModeCmd                      ./Debug/driver_src_stm32f4xx_rcc.c.o
RCC_AHB3PeriphResetCmd                            ./Debug/driver_src_stm32f4xx_rcc.c.o
RCC_APB1PeriphClockCmd                            ./Debug/driver_src_stm32f4xx_rcc.c.o
                                                  ./Debug/startup.c.o
RCC_APB1PeriphClockLPModeCmd                      ./Debug/driver_src_stm32f4xx_rcc.c.o
                                                  ./Debug/startup.c.o
RCC_APB1PeriphResetCmd                            ./Debug/driver_src_stm32f4xx_rcc.c.o
                                                  ./Debug/driver_src_stm32f4xx_can.c.o
                                                  ./Debug/driver_src_stm32f4xx_dac.c.o
                                                  ./Debug/driver_src_stm32f4xx_tim.c.o
                                                  ./Debug/driver_src_stm32f4xx_usart.c.o
RCC_APB2PeriphClockCmd                            ./Debug/driver_src_stm32f4xx_rcc.c.o
                                                  ./Debug/startup.c.o
RCC_APB2PeriphClockLPModeCmd                      ./Debug/driver_src_stm32f4xx_rcc.c.o